===========================================
LM Evaluation Harness - Nemotron Model
===========================================
Checkpoint:  /tmpdir/m24047brmn/nemo_1b/output/nemotron1b-1layer-test/2026-01-11_19-11-56/checkpoints/model_name=0--val_loss=0.00-step=3627-consumed_samples=464384.0-last
Tokenizer:   /work/m24047/m24047brmn/tokenizers/minitron-4b
Tasks:       arc_easy
Num Layers:  24
Batch Size:  1
Limit:       'None (full dataset)'
Num Fewshot: 'Task default'
Output:      benchmark_results/results_arc_easy_20260128_025719.json
===========================================
Traceback (most recent call last):
  File "/work/m24047/m24047brmn/nemo/OpenLLM-BPI-Training/training/train/test/run_benchmarks.py", line 8, in <module>
    import torch
  File "/usr/local/lib/python3.12/dist-packages/torch/__init__.py", line 2034, in <module>
    from torch._tensor_str import set_printoptions
  File "/usr/local/lib/python3.12/dist-packages/torch/_tensor_str.py", line 12, in <module>
    @dataclasses.dataclass
     ^^^^^^^^^^^^^^^^^^^^^
  File "/usr/local/lib/python3.12/dist-packages/dataclasses.py", line 958, in dataclass
    return wrap(_cls)
           ^^^^^^^^^^
  File "/usr/local/lib/python3.12/dist-packages/dataclasses.py", line 950, in wrap
    return _process_class(cls, init, repr, eq, order, unsafe_hash, frozen)
           ^^^^^^^^^^^^^^^^^^^^^^^^^^^^^^^^^^^^^^^^^^^^^^^^^^^^^^^^^^^^^^^
  File "/usr/local/lib/python3.12/dist-packages/dataclasses.py", line 800, in _process_class
    cls_fields = [_get_field(cls, name, type)
                  ^^^^^^^^^^^^^^^^^^^^^^^^^^^
  File "/usr/local/lib/python3.12/dist-packages/dataclasses.py", line 659, in _get_field
    if (_is_classvar(a_type, typing)
        ^^^^^^^^^^^^^^^^^^^^^^^^^^^^
  File "/usr/local/lib/python3.12/dist-packages/dataclasses.py", line 550, in _is_classvar
    return type(a_type) is typing._ClassVar
                           ^^^^^^^^^^^^^^^^
AttributeError: module 'typing' has no attribute '_ClassVar'. Did you mean: 'ClassVar'?
===========================================
Benchmark finished with status 1
===========================================
