===========================================
LM Evaluation Harness - Nemotron Model
===========================================
Checkpoint:  /tmpdir/m24047brmn/nemo_1b/output/nemotron1b-1layer-test/2026-01-11_19-11-56/checkpoints/model_name=0--val_loss=0.00-step=3627-consumed_samples=464384.0-last
Tokenizer:   /work/m24047/m24047brmn/tokenizers/minitron-4b
Tasks:       arc_easy
Num Layers:  24
Batch Size:  1
Limit:       'None (full dataset)'
Num Fewshot: 'Task default'
Output:      benchmark_results/results_arc_easy_20260128_025928.json
===========================================
INFO:numexpr.utils:Note: detected 80 virtual cores but NumExpr set to maximum of 64, check "NUMEXPR_MAX_THREADS" environment variable.
INFO:numexpr.utils:Note: NumExpr detected 80 cores but "NUMEXPR_MAX_THREADS" not set, so enforcing safe limit of 16.
INFO:numexpr.utils:NumExpr defaulting to 16 threads.
INFO:datasets:PyTorch version 2.9.0a0+50eac811a6.nv25.9 available.
/opt/venv/lib/python3.12/site-packages/lm_eval/filters/extraction.py:152: SyntaxWarning: invalid escape sequence '\s'
  """
/usr/local/lib/python3.12/dist-packages/torch/__init__.py:1605: UserWarning: Please use the new API settings to control TF32 behavior, such as torch.backends.cudnn.conv.fp32_precision = 'tf32' or torch.backends.cuda.matmul.fp32_precision = 'ieee'. Old settings, e.g, torch.backends.cuda.matmul.allow_tf32 = True, torch.backends.cudnn.allow_tf32 = True, allowTF32CuDNN() and allowTF32CuBLAS() will be deprecated after Pytorch 2.9. Please see https://pytorch.org/docs/main/notes/cuda.html#tensorfloat-32-tf32-on-ampere-and-later-devices (Triggered internally at /opt/pytorch/pytorch/aten/src/ATen/Context.cpp:80.)
  _C._set_float32_matmul_precision(precision)
INFO:__main__:Tasks to evaluate: ['arc_easy']
ERROR:__main__:lm-evaluation-harness not installed. Install with: pip install lm-eval
INFO:megatron.core.msc_utils:The multistorageclient package is available.
INFO:megatron.core.distributed.fsdp.src.megatron_fsdp.megatron_fsdp:Detected Megatron Core, using Megatron-FSDP with Megatron.
INFO:megatron.core.distributed.fsdp.src.megatron_fsdp.param_and_grad_buffer:Detected Megatron Core, using Megatron-FSDP with Megatron.
===========================================
Benchmark finished with status 1
===========================================
