===========================================
LM Evaluation Harness - Nemotron Model
===========================================
Checkpoint:  /tmpdir/m24047brmn/nemo_1b/output/nemotron1b-1layer-test/2026-01-11_19-11-56/checkpoints/model_name=0--val_loss=0.00-step=3627-consumed_samples=464384.0-last
Tokenizer:   /work/m24047/m24047brmn/tokenizers/minitron-4b
Tasks:       arc_easy
Num Layers:  24
Batch Size:  1
Limit:       'None (full dataset)'
Num Fewshot: 'Task default'
Output:      benchmark_results/results_arc_easy_20260128_025203.json
===========================================
INFO:__main__:Tasks to evaluate: ['arc_easy']
INFO:numexpr.utils:Note: detected 80 virtual cores but NumExpr set to maximum of 64, check "NUMEXPR_MAX_THREADS" environment variable.
INFO:numexpr.utils:Note: NumExpr detected 80 cores but "NUMEXPR_MAX_THREADS" not set, so enforcing safe limit of 16.
INFO:numexpr.utils:NumExpr defaulting to 16 threads.
INFO:datasets:PyTorch version 2.7.0a0+7c8ec84dab.nv25.3 available.
INFO:datasets:Polars version 1.21.0 available.
INFO:__main__:Initializing NemotronLM wrapper...
INFO:faiss.loader:Loading faiss.
INFO:faiss.loader:Successfully loaded faiss.
[NeMo W 2026-01-28 02:52:34 nemo_logging:405] /usr/local/lib/python3.12/dist-packages/pydub/utils.py:170: RuntimeWarning: Couldn't find ffmpeg or avconv - defaulting to ffmpeg, but may not work
      warn("Couldn't find ffmpeg or avconv - defaulting to ffmpeg, but may not work", RuntimeWarning)
    
INFO:load_model:No tokenizer in checkpoint, using default: /work/m24047/m24047brmn/tokenizers/minitron-4b
[NeMo I 2026-01-28 02:52:40 nemo_logging:393] Getting HuggingFace AutoTokenizer with pretrained_model_name: /work/m24047/m24047brmn/tokenizers/minitron-4b, vocab_file: None, merges_files: None, special_tokens_dict: {}, and use_fast: True
INFO:load_model:Model config: 24 layers, hidden_size=2048
INFO:load_model:Initialized parallel state with backend nccl
INFO:load_model:Creating Nemotron model...
INFO:load_model:Configuring model (setting up internal module)...
[NeMo I 2026-01-28 02:52:42 nemo_logging:393] Padded vocab_size: 256000, original vocab_size: 256000, dummy tokens: 0.
INFO:load_model:Loading model weights from /tmpdir/m24047brmn/nemo_1b/output/nemotron1b-1layer-test/2026-01-11_19-11-56/checkpoints/model_name=0--val_loss=0.00-step=3627-consumed_samples=464384.0-last...
INFO:load_model:Using StrictHandling from megatron.core.dist_checkpointing.validation
INFO:load_model:Added 'module.' prefix to sharded state dict
ERROR:load_model:Megatron dist_checkpointing load failed: Can't get attribute 'MCoreMetadata' on <module 'megatron.core.dist_checkpointing.strategies.torch' from '/opt/megatron-lm/megatron/core/dist_checkpointing/strategies/torch.py'>
Traceback (most recent call last):
  File "/work/m24047/m24047brmn/nemo/OpenLLM-BPI-Training/training/train/test/load_model.py", line 205, in load_model
    loaded_state = load(
                   ^^^^^
  File "/opt/megatron-lm/megatron/core/dist_checkpointing/serialization.py", line 121, in load
    ckpt_sharded_metadata = load_sharded_metadata(
                            ^^^^^^^^^^^^^^^^^^^^^^
  File "/opt/megatron-lm/megatron/core/dist_checkpointing/serialization.py", line 238, in load_sharded_metadata
    sharded_metadata = sharded_strategy.load_sharded_metadata(Path(checkpoint_dir))
                       ^^^^^^^^^^^^^^^^^^^^^^^^^^^^^^^^^^^^^^^^^^^^^^^^^^^^^^^^^^^^
  File "/opt/megatron-lm/megatron/core/dist_checkpointing/strategies/torch.py", line 959, in load_sharded_metadata
    metadata = fs_reader.read_metadata()
               ^^^^^^^^^^^^^^^^^^^^^^^^^
  File "/usr/local/lib/python3.12/dist-packages/torch/distributed/checkpoint/filesystem.py", line 804, in read_metadata
    metadata = pickle.load(metadata_file)
               ^^^^^^^^^^^^^^^^^^^^^^^^^^
AttributeError: Can't get attribute 'MCoreMetadata' on <module 'megatron.core.dist_checkpointing.strategies.torch' from '/opt/megatron-lm/megatron/core/dist_checkpointing/strategies/torch.py'>
WARNING:load_model:Using random initialization - checkpoint loading failed
INFO:load_model:Model ready for inference
INFO:__main__:Tokenizer setup: vocab_size=256000, eot_token_id=3, prefix_token_id=2
INFO:__main__:NemotronLM wrapper initialized successfully
INFO:__main__:Added task: arc_easy -> arc_easy
INFO:__main__:  Description: ARC Easy - Science questions from standardized tests
INFO:__main__:
Running evaluation on tasks: ['arc_easy']
INFO:lm_eval.evaluator:Setting random seed to 0 | Setting numpy seed to 1234 | Setting torch manual seed to 1234 | Setting fewshot manual seed to 1234
ERROR:__main__:Evaluation failed: The value of `model` passed to simple_evaluate() was of type <class '__main__.NemotronLM'>, but is required to be a subclass of lm_eval.api.model.LM . This may be because you are passing an initialized Hugging Face PreTrainedModel without having wrapped it in `lm_eval.models.huggingface.HFLM(pretrained=my_model)` first.
Traceback (most recent call last):
  File "/work/m24047/m24047brmn/nemo/OpenLLM-BPI-Training/training/train/test/run_benchmarks.py", line 510, in run_evaluation
    results = lm_eval.simple_evaluate(
              ^^^^^^^^^^^^^^^^^^^^^^^^
  File "/tmpdir/m24047brmn/envs/nemo/lib/python3.12/site-packages/lm_eval/utils.py", line 498, in _wrapper
    return fn(*args, **kwargs)
           ^^^^^^^^^^^^^^^^^^^
  File "/tmpdir/m24047brmn/envs/nemo/lib/python3.12/site-packages/lm_eval/evaluator.py", line 264, in simple_evaluate
    raise TypeError(
TypeError: The value of `model` passed to simple_evaluate() was of type <class '__main__.NemotronLM'>, but is required to be a subclass of lm_eval.api.model.LM . This may be because you are passing an initialized Hugging Face PreTrainedModel without having wrapped it in `lm_eval.models.huggingface.HFLM(pretrained=my_model)` first.
INFO:load_model:Destroyed Megatron model parallel state
INFO:load_model:Destroyed process group
===========================================
Benchmark finished with status 1
===========================================
