==========================================
Generating Text: Baby Luciole SSA Triton v4
Checkpoint:    /tmpdir/m24047brmn/nemo_1b/output/baby_luciole-ssa-triton-v4/checkpoints/baby_luciole-ssa-triton-v4-step=0019999-last
Tokenizer:     /work/m24047/m24047brmn/tokenizers/luciole_50k
Context:       <|startoftext|> Continue each prompt clearly and concisely.
Max new toks:  128
Temperature:   0.7
Top-k:         50
Top-p:         0.9
Seed:          1234
Compiled BDA:  0
Contig QKV:    1
Greedy:        0
Output JSON:   /tmpdir/m24047brmn/nemo_1b/output/generation_triton_v4_77226.json
Prompt 1:      The water cycle begins when the sun heats the surface of the ocean. As the water warms,
Prompt 2:      Photosynthesis is the process by which plants convert sunlight into energy. During this process,
Prompt 3:      The French Revolution started in 1789 when the people of France
Prompt 4:      There are eight planets in our solar system. The closest planet to the sun is Mercury, and
Prompt 5:      Addition and subtraction are two basic operations in mathematics. For example, if you have 5 apples and
==========================================
INFO:numexpr.utils:Note: detected 80 virtual cores but NumExpr set to maximum of 64, check "NUMEXPR_MAX_THREADS" environment variable.
INFO:numexpr.utils:Note: NumExpr detected 80 cores but "NUMEXPR_MAX_THREADS" not set, so enforcing safe limit of 16.
INFO:numexpr.utils:NumExpr defaulting to 16 threads.
INFO:faiss.loader:Loading faiss.
INFO:faiss.loader:Successfully loaded faiss.
[NeMo W 2026-02-14 00:50:07 nemo_logging:405] /usr/local/lib/python3.12/dist-packages/pydub/utils.py:170: RuntimeWarning: Couldn't find ffmpeg or avconv - defaulting to ffmpeg, but may not work
      warn("Couldn't find ffmpeg or avconv - defaulting to ffmpeg, but may not work", RuntimeWarning)
    
INFO:datasets:PyTorch version 2.7.0a0+7c8ec84dab.nv25.3 available.
INFO:datasets:Polars version 1.21.0 available.
INFO:__main__:No tokenizer in checkpoint, using: /work/m24047/m24047brmn/tokenizers/luciole_50k
[NeMo I 2026-02-14 00:50:12 nemo_logging:393] Getting HuggingFace AutoTokenizer with pretrained_model_name: /work/m24047/m24047brmn/tokenizers/luciole_50k, vocab_file: None, merges_files: None, special_tokens_dict: {}, and use_fast: True
INFO:__main__:Triton-v4 SSA config enabled (compiled_bda=False, force_contiguous_qkv=True)
INFO:__main__:Initialized parallel state with backend nccl
INFO:__main__:Creating NemotronModel...
INFO:__main__:Configuring model...
[NeMo I 2026-02-14 00:50:14 nemo_logging:393] Use preset vocab_size: 50256, original vocab_size: 50256, dummy tokens: 0.
INFO:__main__:Loading model weights from /tmpdir/m24047brmn/nemo_1b/output/baby_luciole-ssa-triton-v4/checkpoints/baby_luciole-ssa-triton-v4-step=0019999-last...
INFO:__main__:Added 'module.' prefix to sharded state dict
INFO:__main__:Model weights loaded successfully
INFO:__main__:Model ready for generation
INFO:__main__:Generating for prompt 1/5
INFO:__main__:Generating for prompt 2/5
INFO:__main__:Generating for prompt 3/5
INFO:__main__:Generating for prompt 4/5
INFO:__main__:Generating for prompt 5/5

================================================================================
BABY LUCIOLE SSA TRITON-V4 GENERATION RESULTS
================================================================================

[Prompt 1]
--------------------------------------------------------------------------------
<|startoftext|> Continue each prompt clearly and concisely.
The water cycle begins when the sun heats the surface of the ocean. As the water warms,

[Generation 1]
--------------------------------------------------------------------------------
it rises. This process is called the heat cycle.
The water cycle begins when the sun heats the surface of the ocean. The water cycle ends when the sun warms the surface of the ocean. This water cycle is called the heat cycle.
|This page uses Creative Commons Licensed content from Wikipedia (view authors).|

[Prompt 2]
--------------------------------------------------------------------------------
<|startoftext|> Continue each prompt clearly and concisely.
Photosynthesis is the process by which plants convert sunlight into energy. During this process,

[Generation 2]
--------------------------------------------------------------------------------
plants convert carbon dioxide (CO2) into carbohydrates (sugar), which are then used to produce energy. The process of photosynthesis is also called the carbon cycle.
A process of photosynthesis is what occurs when plants convert sunlight into energy. During photosynthesis, the plants convert carbon dioxide (CO2) into carbohydrates (sugar) that are then used to produce energy. The process of photosynthesis is also called the carbon cycle.
Photosynthesis is the process by which plants convert sunlight into energy. During this process, plants convert carbon dioxide (CO2) into oxygen (O2) and water (H2O). The process of photosynthesis is also

[Prompt 3]
--------------------------------------------------------------------------------
<|startoftext|> Continue each prompt clearly and concisely.
The French Revolution started in 1789 when the people of France

[Generation 3]
--------------------------------------------------------------------------------
began a revolt against their king. They began to rebel against the king. The French Revolution started in 1793 when the French army invaded and took over the country. The French Revolution was a result of the French Revolution. The French Revolution was a revolution against the monarchy. The French Revolution was a revolution against the monarchy. The French Revolution was a revolution against the monarchy. The French Revolution was a revolution against the monarchy. The French Revolution was a revolution against the monarchy. The French Revolution was a revolution against the monarchy. The French Revolution was a revolution against the monarchy. The French Revolution was a revolution against the monarchy. The

[Prompt 4]
--------------------------------------------------------------------------------
<|startoftext|> Continue each prompt clearly and concisely.
There are eight planets in our solar system. The closest planet to the sun is Mercury, and

[Generation 4]
--------------------------------------------------------------------------------
is the only one that is visible from Earth. It is the closest planet to the sun in the sky.
The following information was taken from the IAU's website:
The IAU is the world's largest organization of astronomers, with headquarters in Washington, D.C., and provides services to the world.
The IAU is the world's largest scientific organization with headquarters in Washington, D.C.

[Prompt 5]
--------------------------------------------------------------------------------
<|startoftext|> Continue each prompt clearly and concisely.
Addition and subtraction are two basic operations in mathematics. For example, if you have 5 apples and

[Generation 5]
--------------------------------------------------------------------------------
5 oranges, you can use addition and subtraction to add 5 apples to the end of the number.
In addition and subtraction are two basic operations in math. For example, if you have 10 oranges and 5 oranges, you can use addition and subtraction to add 5 oranges to the end of the number.
Addition and subtraction are two basic operations in mathematics. For example, if you have 10 oranges and 5 oranges, you can use addition and subtraction to add 5 oranges to the end of the number.
Addition and subtraction are two basic operations in mathematics. For example, if

================================================================================
INFO:__main__:Saved generations JSON to /tmpdir/m24047brmn/nemo_1b/output/generation_triton_v4_77226.json
INFO:__main__:Destroyed Megatron model parallel state
INFO:__main__:Destroyed process group
==========================================
Generation finished with status 0
==========================================
