============================================================
FORWARD COMPARISON
============================================================
out_orig shape: torch.Size([1, 3, 64, 32])
lse_orig shape: torch.Size([1, 3, 64])
out max diff: 0.000000
lse max diff: 0.000000

============================================================
BACKWARD COMPARISON (identical inputs)
============================================================
dQ max diff: 0.0
dK max diff: 0.0
dV max diff: 0.0

dn_orig = -14.406704
dn_opt  = -14.406704
dn diff = 0.000000

db_orig = -7.015691
db_opt  = -7.015691
db diff = 0.000000

============================================================
NON-CAUSAL test
============================================================
NON-CAUSAL dn_orig = 2.954092
NON-CAUSAL dn_opt  = 2.954092
NON-CAUSAL dn diff = 0.000000

NON-CAUSAL db_orig = 1.898789
NON-CAUSAL db_opt  = 1.898789
NON-CAUSAL db diff = 0.000000
