==========================================
SSA Triton Kernel Benchmark
==========================================
============================================================
SSA Triton Kernel Benchmark
============================================================
Config: B=8, Hq=24, Hkv=8, N=1024, D=32
GQA ratio: 3
Warmup: 10, Iterations: 50
============================================================

[1] Correctness Check
----------------------------------------
  all_match: ✓
  fwd_out: ✓
  fwd_lse: ✓
  bwd_dq: ✓
  bwd_dk: ✓
  bwd_dv: ✓
  bwd_dn: ✓
  bwd_db: ✓

✓ All outputs match within tolerance.

[2] Performance Benchmark
----------------------------------------
  Original kernel:  41.58 ms/iter
  Optimized kernel: 22.87 ms/iter

  Speedup: 1.82x
  ✓ Optimized kernel is 81.8% faster

============================================================
==========================================
Benchmark complete
==========================================
