==========================================
SSA Triton vs Original Parity Check
Arch:        baby_luciole
Layers:      1,12
Seq/Bs:      1024/2
Dtype:       bf16
Seed:        1234
Opt kernel:  0
Force QK layer scaling: <recipe-default>
MASTER_ADDR: 10.158.1.107
MASTER_PORT: 36786
Script:      /work/m24047/m24047brmn/nemo/OpenLLM-BPI-Training/training/train/test/check_ssa_triton_vs_original.py
==========================================

[1/2] Current Triton scaling behavior
INFO:load_model:Initialized parallel state with backend nccl
INFO:numexpr.utils:Note: detected 80 virtual cores but NumExpr set to maximum of 64, check "NUMEXPR_MAX_THREADS" environment variable.
INFO:numexpr.utils:Note: NumExpr detected 80 cores but "NUMEXPR_MAX_THREADS" not set, so enforcing safe limit of 16.
INFO:numexpr.utils:NumExpr defaulting to 16 threads.
INFO:faiss.loader:Loading faiss.
INFO:faiss.loader:Successfully loaded faiss.
[NeMo W 2026-02-11 10:33:38 nemo_logging:405] /usr/local/lib/python3.12/dist-packages/pydub/utils.py:170: RuntimeWarning: Couldn't find ffmpeg or avconv - defaulting to ffmpeg, but may not work
      warn("Couldn't find ffmpeg or avconv - defaulting to ffmpeg, but may not work", RuntimeWarning)
    
INFO:datasets:PyTorch version 2.7.0a0+7c8ec84dab.nv25.3 available.
INFO:datasets:Polars version 1.21.0 available.
INFO:load_model:Destroyed Megatron model parallel state
INFO:load_model:Destroyed process group
=== Run Setup ===
arch: baby_luciole
layers: [1, 12]
batch_size: 2
seq_length: 1024
dtype: bf16
num_attention_heads: 24
num_query_groups: 8
head_dim: 32
apply_query_key_layer_scaling: False
compensate_triton_scaling: False
ssa_use_optimized_kernel: False

=== Layer 1 ===
scale_effective: original=0.1767766953, triton=0.1767766953
forward: max_abs=2.343750e-02, mean_abs=2.231598e-04, cosine=0.99999142
backward dQ/dK/dV max_abs: 8.055940e-08, 1.192093e-07, 1.192093e-07
backward dn: orig=4.455566e-03, triton=4.384504e-03, abs_diff=7.106271e-05, rel_diff=1.594920e-02

=== Layer 12 ===
scale_effective: original=0.1767766953, triton=0.1767766953
forward: max_abs=1.562500e-02, mean_abs=2.231598e-04, cosine=0.99999130
backward dQ/dK/dV max_abs: 1.015142e-07, 1.015142e-07, 1.192093e-07
backward dn: orig=4.455566e-03, triton=4.408317e-03, abs_diff=4.724972e-05, rel_diff=1.060465e-02

=== Compact Summary ===
layer=1 scale_o=1.76776695e-01 scale_t=1.76776695e-01 fwd_max=2.344e-02 dq_max=8.056e-08 dn_rel=1.595e-02
layer=12 scale_o=1.76776695e-01 scale_t=1.76776695e-01 fwd_max=1.562e-02 dq_max=1.015e-07 dn_rel=1.060e-02

[2/2] Triton with compensated scaling (emulates baseline effective scale)
INFO:load_model:Initialized parallel state with backend nccl
INFO:numexpr.utils:Note: detected 80 virtual cores but NumExpr set to maximum of 64, check "NUMEXPR_MAX_THREADS" environment variable.
INFO:numexpr.utils:Note: NumExpr detected 80 cores but "NUMEXPR_MAX_THREADS" not set, so enforcing safe limit of 16.
INFO:numexpr.utils:NumExpr defaulting to 16 threads.
INFO:faiss.loader:Loading faiss.
INFO:faiss.loader:Successfully loaded faiss.
[NeMo W 2026-02-11 10:34:26 nemo_logging:405] /usr/local/lib/python3.12/dist-packages/pydub/utils.py:170: RuntimeWarning: Couldn't find ffmpeg or avconv - defaulting to ffmpeg, but may not work
      warn("Couldn't find ffmpeg or avconv - defaulting to ffmpeg, but may not work", RuntimeWarning)
    
INFO:datasets:PyTorch version 2.7.0a0+7c8ec84dab.nv25.3 available.
INFO:datasets:Polars version 1.21.0 available.
INFO:load_model:Destroyed Megatron model parallel state
INFO:load_model:Destroyed process group
=== Run Setup ===
arch: baby_luciole
layers: [1, 12]
batch_size: 2
seq_length: 1024
dtype: bf16
num_attention_heads: 24
num_query_groups: 8
head_dim: 32
apply_query_key_layer_scaling: False
compensate_triton_scaling: True
ssa_use_optimized_kernel: False

=== Layer 1 ===
scale_effective: original=0.1767766953, triton=0.1767766953
forward: max_abs=2.343750e-02, mean_abs=2.231598e-04, cosine=0.99999142
backward dQ/dK/dV max_abs: 8.055940e-08, 1.192093e-07, 1.192093e-07
backward dn: orig=4.455566e-03, triton=4.384504e-03, abs_diff=7.106271e-05, rel_diff=1.594920e-02

=== Layer 12 ===
scale_effective: original=0.1767766953, triton=0.1767766953
forward: max_abs=1.562500e-02, mean_abs=2.231598e-04, cosine=0.99999130
backward dQ/dK/dV max_abs: 1.015142e-07, 1.015142e-07, 1.192093e-07
backward dn: orig=4.455566e-03, triton=4.408317e-03, abs_diff=4.724972e-05, rel_diff=1.060465e-02

=== Compact Summary ===
layer=1 scale_o=1.76776695e-01 scale_t=1.76776695e-01 fwd_max=2.344e-02 dq_max=8.056e-08 dn_rel=1.595e-02
layer=12 scale_o=1.76776695e-01 scale_t=1.76776695e-01 fwd_max=1.562e-02 dq_max=1.015e-07 dn_rel=1.060e-02
==========================================
SSA Triton parity checks finished.
==========================================
