==========================================
SSA Recipe Flag Check
Arch:        baby_luciole
Layers:      1,2,6,12
Script:      /work/m24047/m24047brmn/nemo/OpenLLM-BPI-Training/training/train/test/check_ssa_recipe_flags.py
==========================================
INFO:numexpr.utils:Note: detected 80 virtual cores but NumExpr set to maximum of 64, check "NUMEXPR_MAX_THREADS" environment variable.
INFO:numexpr.utils:Note: NumExpr detected 80 cores but "NUMEXPR_MAX_THREADS" not set, so enforcing safe limit of 16.
INFO:numexpr.utils:NumExpr defaulting to 16 threads.
INFO:faiss.loader:Loading faiss.
INFO:faiss.loader:Successfully loaded faiss.
[NeMo W 2026-02-11 08:27:53 nemo_logging:405] /usr/local/lib/python3.12/dist-packages/pydub/utils.py:170: RuntimeWarning: Couldn't find ffmpeg or avconv - defaulting to ffmpeg, but may not work
      warn("Couldn't find ffmpeg or avconv - defaulting to ffmpeg, but may not work", RuntimeWarning)
    
INFO:datasets:PyTorch version 2.7.0a0+7c8ec84dab.nv25.3 available.
INFO:datasets:Polars version 1.21.0 available.
=== Recipe Flags ===
arch: baby_luciole
num_attention_heads: 24
num_query_groups: 8
hidden_size: 768
kv_channels (raw): None
resolved_head_dim: 32
apply_query_key_layer_scaling: False
attention_softmax_in_fp32: False
attention_dropout: 0.0
masked_softmax_fusion: True

=== Implied Scale Math ===
base_scale (1/sqrt(d)): 0.1767766953
Assuming current code:
- Original SSA effective pre-SSA multiplier: (base/layer) * layer = base
- Triton SSA effective pre-SSA multiplier:    (base/layer)

layer | original_effective | triton_effective | triton/original
----- | ------------------ | ---------------- | ---------------
    1 |       0.1767766953 |     0.1767766953 |    1.0000000000
    2 |       0.1767766953 |     0.1767766953 |    1.0000000000
    6 |       0.1767766953 |     0.1767766953 |    1.0000000000
   12 |       0.1767766953 |     0.1767766953 |    1.0000000000
==========================================
SSA Recipe Flag Check finished.
==========================================
