==========================================
Starting SSA Triton Training
Datamix:     /tmpdir/m24047brmn/nemo_1b/data_fwe_50k/datamix_fineweb_edu_50k.json
Output:      /tmpdir/m24047brmn/nemo_1b/output
Name:        baby_luciole-ssa-triton
Nodes:       6
Duration:    00:24:00:00
SSA n:       1.5
SSA b:       0.8
==========================================
W0210 11:55:45.807000 1279154 torch/distributed/run.py:763] 
W0210 11:55:45.807000 1279154 torch/distributed/run.py:763] *****************************************
W0210 11:55:45.807000 1279154 torch/distributed/run.py:763] Setting OMP_NUM_THREADS environment variable for each process to be 1 in default, to avoid your system being overloaded, please further tune the variable for optimal performance in your application as needed. 
W0210 11:55:45.807000 1279154 torch/distributed/run.py:763] *****************************************
W0210 11:55:45.892000 2349847 torch/distributed/run.py:763] 
W0210 11:55:45.892000 2349847 torch/distributed/run.py:763] *****************************************
W0210 11:55:45.892000 2349847 torch/distributed/run.py:763] Setting OMP_NUM_THREADS environment variable for each process to be 1 in default, to avoid your system being overloaded, please further tune the variable for optimal performance in your application as needed. 
W0210 11:55:45.892000 2349847 torch/distributed/run.py:763] *****************************************
W0210 11:55:45.939000 970655 torch/distributed/run.py:763] 
W0210 11:55:45.939000 970655 torch/distributed/run.py:763] *****************************************
W0210 11:55:45.939000 970655 torch/distributed/run.py:763] Setting OMP_NUM_THREADS environment variable for each process to be 1 in default, to avoid your system being overloaded, please further tune the variable for optimal performance in your application as needed. 
W0210 11:55:45.939000 970655 torch/distributed/run.py:763] *****************************************
W0210 11:55:45.950000 93288 torch/distributed/run.py:763] 
W0210 11:55:45.950000 93288 torch/distributed/run.py:763] *****************************************
W0210 11:55:45.950000 93288 torch/distributed/run.py:763] Setting OMP_NUM_THREADS environment variable for each process to be 1 in default, to avoid your system being overloaded, please further tune the variable for optimal performance in your application as needed. 
W0210 11:55:45.950000 93288 torch/distributed/run.py:763] *****************************************
W0210 11:55:45.961000 3144148 torch/distributed/run.py:763] 
W0210 11:55:45.961000 3144148 torch/distributed/run.py:763] *****************************************
W0210 11:55:45.961000 3144148 torch/distributed/run.py:763] Setting OMP_NUM_THREADS environment variable for each process to be 1 in default, to avoid your system being overloaded, please further tune the variable for optimal performance in your application as needed. 
W0210 11:55:45.961000 3144148 torch/distributed/run.py:763] *****************************************
W0210 11:55:46.009000 3259897 torch/distributed/run.py:763] 
W0210 11:55:46.009000 3259897 torch/distributed/run.py:763] *****************************************
W0210 11:55:46.009000 3259897 torch/distributed/run.py:763] Setting OMP_NUM_THREADS environment variable for each process to be 1 in default, to avoid your system being overloaded, please further tune the variable for optimal performance in your application as needed. 
W0210 11:55:46.009000 3259897 torch/distributed/run.py:763] *****************************************
[rank: 7] Seed set to 1234
[rank: 6] Seed set to 1234
[rank: 0] Seed set to 1234
[rank: 1] Seed set to 1234
[rank: 9] Seed set to 1234
[rank: 8] Seed set to 1234
[rank: 11] Seed set to 1234
[rank: 5] Seed set to 1234
[rank: 10] Seed set to 1234
[rank: 4] Seed set to 1234
[rank: 2] Seed set to 1234
[rank: 3] Seed set to 1234
INFO:faiss.loader:Loading faiss.
INFO:faiss.loader:Loading faiss.
INFO:faiss.loader:Loading faiss.
INFO:faiss.loader:Loading faiss.
INFO:faiss.loader:Successfully loaded faiss.
INFO:faiss.loader:Successfully loaded faiss.
INFO:faiss.loader:Successfully loaded faiss.
INFO:faiss.loader:Successfully loaded faiss.
INFO:faiss.loader:Loading faiss.
INFO:faiss.loader:Loading faiss.
INFO:faiss.loader:Successfully loaded faiss.
INFO:faiss.loader:Loading faiss.
INFO:faiss.loader:Loading faiss.
INFO:faiss.loader:Successfully loaded faiss.
INFO:faiss.loader:Loading faiss.
INFO:faiss.loader:Loading faiss.
INFO:faiss.loader:Successfully loaded faiss.
INFO:faiss.loader:Successfully loaded faiss.
INFO:faiss.loader:Successfully loaded faiss.
INFO:faiss.loader:Successfully loaded faiss.
INFO:faiss.loader:Loading faiss.
INFO:faiss.loader:Loading faiss.
INFO:faiss.loader:Successfully loaded faiss.
INFO:faiss.loader:Successfully loaded faiss.
[NeMo W 2026-02-10 11:56:20 nemo_logging:405] /usr/local/lib/python3.12/dist-packages/pydub/utils.py:170: RuntimeWarning: Couldn't find ffmpeg or avconv - defaulting to ffmpeg, but may not work
      warn("Couldn't find ffmpeg or avconv - defaulting to ffmpeg, but may not work", RuntimeWarning)
    
INFO:datasets:PyTorch version 2.7.0a0+7c8ec84dab.nv25.3 available.
INFO:datasets:PyTorch version 2.7.0a0+7c8ec84dab.nv25.3 available.
INFO:datasets:Polars version 1.21.0 available.
INFO:datasets:Polars version 1.21.0 available.
INFO:datasets:PyTorch version 2.7.0a0+7c8ec84dab.nv25.3 available.
INFO:datasets:Polars version 1.21.0 available.
INFO:datasets:PyTorch version 2.7.0a0+7c8ec84dab.nv25.3 available.
INFO:datasets:Polars version 1.21.0 available.
INFO:datasets:PyTorch version 2.7.0a0+7c8ec84dab.nv25.3 available.
INFO:datasets:Polars version 1.21.0 available.
INFO:datasets:PyTorch version 2.7.0a0+7c8ec84dab.nv25.3 available.
INFO:datasets:Polars version 1.21.0 available.
INFO:datasets:PyTorch version 2.7.0a0+7c8ec84dab.nv25.3 available.
INFO:datasets:Polars version 1.21.0 available.
INFO:datasets:PyTorch version 2.7.0a0+7c8ec84dab.nv25.3 available.
INFO:datasets:Polars version 1.21.0 available.
INFO:datasets:PyTorch version 2.7.0a0+7c8ec84dab.nv25.3 available.
INFO:datasets:Polars version 1.21.0 available.
INFO:datasets:PyTorch version 2.7.0a0+7c8ec84dab.nv25.3 available.
INFO:datasets:Polars version 1.21.0 available.
INFO:datasets:PyTorch version 2.7.0a0+7c8ec84dab.nv25.3 available.
INFO:datasets:Polars version 1.21.0 available.
INFO:datasets:PyTorch version 2.7.0a0+7c8ec84dab.nv25.3 available.
INFO:datasets:Polars version 1.21.0 available.
INFO:utils:{'tokenizer': '/work/m24047/m24047brmn/tokenizers/luciole_50k', 'data_path': '/tmpdir/m24047brmn/nemo_1b/data_fwe_50k', 'total_tokens': 10000000000, 'train': [{'name': 'fineweb_edu_text_document', 'weight': 1.0}]}
INFO:utils:{'tokenizer': '/work/m24047/m24047brmn/tokenizers/luciole_50k', 'data_path': '/tmpdir/m24047brmn/nemo_1b/data_fwe_50k', 'total_tokens': 10000000000, 'train': [{'name': 'fineweb_edu_text_document', 'weight': 1.0}]}
INFO:utils:Find tokenizer: /work/m24047/m24047brmn/tokenizers/luciole_50k
INFO:__main__:Global batch size: 768
INFO:__main__:Sequence length: 1024
INFO:__main__:Tokens per batch: 786432
INFO:__main__:Total tokens in datamix: 10000000000
INFO:__main__:Using provided global_max_steps: 40000
INFO:__main__:Patched megatron.core.optimizer (accepted params: {'config', 'use_gloo_process_groups', 'no_weight_decay_cond', 'scale_lr_cond', 'model_chunks', 'lr_mult'})
INFO:utils:Find tokenizer: /work/m24047/m24047brmn/tokenizers/luciole_50k
INFO:__main__:Global batch size: 768
INFO:__main__:Sequence length: 1024
INFO:__main__:Tokens per batch: 786432
INFO:__main__:Total tokens in datamix: 10000000000
INFO:__main__:Using provided global_max_steps: 40000
INFO:__main__:Patched megatron.core.optimizer (accepted params: {'scale_lr_cond', 'no_weight_decay_cond', 'lr_mult', 'config', 'use_gloo_process_groups', 'model_chunks'})
INFO:utils:{'tokenizer': '/work/m24047/m24047brmn/tokenizers/luciole_50k', 'data_path': '/tmpdir/m24047brmn/nemo_1b/data_fwe_50k', 'total_tokens': 10000000000, 'train': [{'name': 'fineweb_edu_text_document', 'weight': 1.0}]}
INFO:utils:{'tokenizer': '/work/m24047/m24047brmn/tokenizers/luciole_50k', 'data_path': '/tmpdir/m24047brmn/nemo_1b/data_fwe_50k', 'total_tokens': 10000000000, 'train': [{'name': 'fineweb_edu_text_document', 'weight': 1.0}]}
INFO:utils:Find tokenizer: /work/m24047/m24047brmn/tokenizers/luciole_50k
INFO:__main__:Global batch size: 768
INFO:__main__:Sequence length: 1024
INFO:__main__:Tokens per batch: 786432
INFO:__main__:Total tokens in datamix: 10000000000
INFO:__main__:Using provided global_max_steps: 40000
INFO:__main__:Patched megatron.core.optimizer (accepted params: {'no_weight_decay_cond', 'scale_lr_cond', 'config', 'model_chunks', 'use_gloo_process_groups', 'lr_mult'})
INFO:utils:Find tokenizer: /work/m24047/m24047brmn/tokenizers/luciole_50k
INFO:__main__:Global batch size: 768
INFO:__main__:Sequence length: 1024
INFO:__main__:Tokens per batch: 786432
INFO:__main__:Total tokens in datamix: 10000000000
INFO:__main__:Using provided global_max_steps: 40000
INFO:__main__:Patched megatron.core.optimizer (accepted params: {'config', 'model_chunks', 'no_weight_decay_cond', 'use_gloo_process_groups', 'lr_mult', 'scale_lr_cond'})
[NeMo I 2026-02-10 11:56:28 nemo_logging:393] Getting HuggingFace AutoTokenizer with pretrained_model_name: /work/m24047/m24047brmn/tokenizers/luciole_50k, vocab_file: None, merges_files: None, special_tokens_dict: {}, and use_fast: True
INFO:utils:{'tokenizer': '/work/m24047/m24047brmn/tokenizers/luciole_50k', 'data_path': '/tmpdir/m24047brmn/nemo_1b/data_fwe_50k', 'total_tokens': 10000000000, 'train': [{'name': 'fineweb_edu_text_document', 'weight': 1.0}]}
INFO:utils:{'tokenizer': '/work/m24047/m24047brmn/tokenizers/luciole_50k', 'data_path': '/tmpdir/m24047brmn/nemo_1b/data_fwe_50k', 'total_tokens': 10000000000, 'train': [{'name': 'fineweb_edu_text_document', 'weight': 1.0}]}
INFO:utils:Find tokenizer: /work/m24047/m24047brmn/tokenizers/luciole_50k
INFO:__main__:Global batch size: 768
INFO:__main__:Sequence length: 1024
INFO:__main__:Tokens per batch: 786432
INFO:__main__:Total tokens in datamix: 10000000000
INFO:__main__:Using provided global_max_steps: 40000
INFO:__main__:Patched megatron.core.optimizer (accepted params: {'use_gloo_process_groups', 'lr_mult', 'scale_lr_cond', 'config', 'no_weight_decay_cond', 'model_chunks'})
INFO:utils:Find tokenizer: /work/m24047/m24047brmn/tokenizers/luciole_50k
INFO:__main__:Global batch size: 768
INFO:__main__:Sequence length: 1024
INFO:__main__:Tokens per batch: 786432
INFO:__main__:Total tokens in datamix: 10000000000
INFO:__main__:Using provided global_max_steps: 40000
INFO:__main__:Patched megatron.core.optimizer (accepted params: {'no_weight_decay_cond', 'scale_lr_cond', 'config', 'lr_mult', 'use_gloo_process_groups', 'model_chunks'})
INFO:utils:{'tokenizer': '/work/m24047/m24047brmn/tokenizers/luciole_50k', 'data_path': '/tmpdir/m24047brmn/nemo_1b/data_fwe_50k', 'total_tokens': 10000000000, 'train': [{'name': 'fineweb_edu_text_document', 'weight': 1.0}]}
INFO:utils:{'tokenizer': '/work/m24047/m24047brmn/tokenizers/luciole_50k', 'data_path': '/tmpdir/m24047brmn/nemo_1b/data_fwe_50k', 'total_tokens': 10000000000, 'train': [{'name': 'fineweb_edu_text_document', 'weight': 1.0}]}
INFO:utils:Find tokenizer: /work/m24047/m24047brmn/tokenizers/luciole_50k
INFO:__main__:Global batch size: 768
INFO:__main__:Sequence length: 1024
INFO:__main__:Tokens per batch: 786432
INFO:__main__:Total tokens in datamix: 10000000000
INFO:__main__:Using provided global_max_steps: 40000
INFO:__main__:Patched megatron.core.optimizer (accepted params: {'model_chunks', 'scale_lr_cond', 'no_weight_decay_cond', 'config', 'lr_mult', 'use_gloo_process_groups'})
INFO:utils:Find tokenizer: /work/m24047/m24047brmn/tokenizers/luciole_50k
INFO:__main__:Global batch size: 768
INFO:__main__:Sequence length: 1024
INFO:__main__:Tokens per batch: 786432
INFO:__main__:Total tokens in datamix: 10000000000
INFO:__main__:Using provided global_max_steps: 40000
INFO:__main__:Patched megatron.core.optimizer (accepted params: {'config', 'use_gloo_process_groups', 'scale_lr_cond', 'no_weight_decay_cond', 'lr_mult', 'model_chunks'})
INFO:utils:{'tokenizer': '/work/m24047/m24047brmn/tokenizers/luciole_50k', 'data_path': '/tmpdir/m24047brmn/nemo_1b/data_fwe_50k', 'total_tokens': 10000000000, 'train': [{'name': 'fineweb_edu_text_document', 'weight': 1.0}]}
INFO:utils:{'tokenizer': '/work/m24047/m24047brmn/tokenizers/luciole_50k', 'data_path': '/tmpdir/m24047brmn/nemo_1b/data_fwe_50k', 'total_tokens': 10000000000, 'train': [{'name': 'fineweb_edu_text_document', 'weight': 1.0}]}
INFO:utils:Find tokenizer: /work/m24047/m24047brmn/tokenizers/luciole_50k
INFO:__main__:Global batch size: 768
INFO:__main__:Sequence length: 1024
INFO:__main__:Tokens per batch: 786432
INFO:__main__:Total tokens in datamix: 10000000000
INFO:__main__:Using provided global_max_steps: 40000
INFO:__main__:Patched megatron.core.optimizer (accepted params: {'scale_lr_cond', 'config', 'model_chunks', 'no_weight_decay_cond', 'use_gloo_process_groups', 'lr_mult'})
INFO:utils:Find tokenizer: /work/m24047/m24047brmn/tokenizers/luciole_50k
INFO:__main__:Global batch size: 768
INFO:__main__:Sequence length: 1024
INFO:__main__:Tokens per batch: 786432
INFO:__main__:Total tokens in datamix: 10000000000
INFO:__main__:Using provided global_max_steps: 40000
INFO:__main__:Patched megatron.core.optimizer (accepted params: {'no_weight_decay_cond', 'model_chunks', 'lr_mult', 'config', 'use_gloo_process_groups', 'scale_lr_cond'})
INFO:utils:{'tokenizer': '/work/m24047/m24047brmn/tokenizers/luciole_50k', 'data_path': '/tmpdir/m24047brmn/nemo_1b/data_fwe_50k', 'total_tokens': 10000000000, 'train': [{'name': 'fineweb_edu_text_document', 'weight': 1.0}]}
INFO:utils:{'tokenizer': '/work/m24047/m24047brmn/tokenizers/luciole_50k', 'data_path': '/tmpdir/m24047brmn/nemo_1b/data_fwe_50k', 'total_tokens': 10000000000, 'train': [{'name': 'fineweb_edu_text_document', 'weight': 1.0}]}
INFO:utils:Find tokenizer: /work/m24047/m24047brmn/tokenizers/luciole_50k
INFO:__main__:Global batch size: 768
INFO:__main__:Sequence length: 1024
INFO:__main__:Tokens per batch: 786432
INFO:__main__:Total tokens in datamix: 10000000000
INFO:__main__:Using provided global_max_steps: 40000
INFO:__main__:Patched megatron.core.optimizer (accepted params: {'scale_lr_cond', 'model_chunks', 'no_weight_decay_cond', 'lr_mult', 'use_gloo_process_groups', 'config'})
INFO:utils:Find tokenizer: /work/m24047/m24047brmn/tokenizers/luciole_50k
INFO:__main__:Global batch size: 768
INFO:__main__:Sequence length: 1024
INFO:__main__:Tokens per batch: 786432
INFO:__main__:Total tokens in datamix: 10000000000
INFO:__main__:Using provided global_max_steps: 40000
INFO:__main__:Patched megatron.core.optimizer (accepted params: {'no_weight_decay_cond', 'config', 'scale_lr_cond', 'model_chunks', 'use_gloo_process_groups', 'lr_mult'})
INFO:__main__:SSA Triton: Using fused Triton SSA FlashAttention (n=1.50, b=0.80)
INFO:__main__:SSA Triton: Using fused Triton SSA FlashAttention (n=1.50, b=0.80)
INFO:__main__:SSA Triton: Using fused Triton SSA FlashAttention (n=1.50, b=0.80)
INFO:__main__:Detected checkpoint at step 7999
INFO:__main__:trainer.max_steps = 7999 + 16000 = 23999
INFO:__main__:Detected checkpoint at step 7999
INFO:__main__:trainer.max_steps = 7999 + 16000 = 23999
INFO:__main__:LR scheduler max_steps = 40000, warmup_steps = 500
INFO:__main__:LR scheduler max_steps = 40000, warmup_steps = 500
INFO:__main__:SSA Triton: Using fused Triton SSA FlashAttention (n=1.50, b=0.80)
INFO:__main__:Detected checkpoint at step 7999
INFO:__main__:trainer.max_steps = 7999 + 16000 = 23999
INFO:__main__:Detected checkpoint at step 7999
INFO:__main__:trainer.max_steps = 7999 + 16000 = 23999
INFO:__main__:LR scheduler max_steps = 40000, warmup_steps = 500
INFO:__main__:LR scheduler max_steps = 40000, warmup_steps = 500
INFO:__main__:SSA Triton: Using fused Triton SSA FlashAttention (n=1.50, b=0.80)
INFO:__main__:SSA Triton: Using fused Triton SSA FlashAttention (n=1.50, b=0.80)
INFO:__main__:Detected checkpoint at step 7999
INFO:__main__:trainer.max_steps = 7999 + 16000 = 23999
INFO:__main__:Detected checkpoint at step 7999
INFO:__main__:trainer.max_steps = 7999 + 16000 = 23999
INFO:__main__:LR scheduler max_steps = 40000, warmup_steps = 500
INFO:__main__:LR scheduler max_steps = 40000, warmup_steps = 500
INFO:utils:Config saved to /tmpdir/m24047brmn/nemo_1b/output/job_76660/config_baby_luciole-ssa-triton.json
INFO:__main__:Warming up Triton kernels (Hq=24, Hkv=8, D=32)...
INFO:utils:Config saved to /tmpdir/m24047brmn/nemo_1b/output/job_76660/config_baby_luciole-ssa-triton.json
INFO:__main__:Warming up Triton kernels (Hq=24, Hkv=8, D=32)...
INFO:utils:Config saved to /tmpdir/m24047brmn/nemo_1b/output/job_76660/config_baby_luciole-ssa-triton.json
INFO:__main__:Warming up Triton kernels (Hq=24, Hkv=8, D=32)...
INFO:__main__:SSA Triton: Using fused Triton SSA FlashAttention (n=1.50, b=0.80)
INFO:utils:Config saved to /tmpdir/m24047brmn/nemo_1b/output/job_76660/config_baby_luciole-ssa-triton.json
INFO:__main__:Warming up Triton kernels (Hq=24, Hkv=8, D=32)...
INFO:__main__:SSA Triton: Using fused Triton SSA FlashAttention (n=1.50, b=0.80)
INFO:__main__:Detected checkpoint at step 7999
INFO:__main__:trainer.max_steps = 7999 + 16000 = 23999
INFO:__main__:Detected checkpoint at step 7999
INFO:__main__:trainer.max_steps = 7999 + 16000 = 23999
INFO:__main__:LR scheduler max_steps = 40000, warmup_steps = 500
INFO:__main__:LR scheduler max_steps = 40000, warmup_steps = 500
INFO:__main__:SSA Triton: Using fused Triton SSA FlashAttention (n=1.50, b=0.80)
INFO:__main__:SSA Triton: Using fused Triton SSA FlashAttention (n=1.50, b=0.80)
INFO:__main__:Detected checkpoint at step 7999
INFO:__main__:trainer.max_steps = 7999 + 16000 = 23999
INFO:__main__:Detected checkpoint at step 7999
INFO:__main__:trainer.max_steps = 7999 + 16000 = 23999
INFO:__main__:LR scheduler max_steps = 40000, warmup_steps = 500
INFO:__main__:LR scheduler max_steps = 40000, warmup_steps = 500
INFO:utils:Config saved to /tmpdir/m24047brmn/nemo_1b/output/job_76660/config_baby_luciole-ssa-triton.json
INFO:__main__:Warming up Triton kernels (Hq=24, Hkv=8, D=32)...
INFO:utils:Config saved to /tmpdir/m24047brmn/nemo_1b/output/job_76660/config_baby_luciole-ssa-triton.json
INFO:__main__:Warming up Triton kernels (Hq=24, Hkv=8, D=32)...
INFO:utils:Config saved to /tmpdir/m24047brmn/nemo_1b/output/job_76660/config_baby_luciole-ssa-triton.json
INFO:__main__:Warming up Triton kernels (Hq=24, Hkv=8, D=32)...
INFO:utils:Config saved to /tmpdir/m24047brmn/nemo_1b/output/job_76660/config_baby_luciole-ssa-triton.json
INFO:__main__:Warming up Triton kernels (Hq=24, Hkv=8, D=32)...
INFO:utils:Config saved to /tmpdir/m24047brmn/nemo_1b/output/job_76660/config_baby_luciole-ssa-triton.json
INFO:__main__:Warming up Triton kernels (Hq=24, Hkv=8, D=32)...
INFO:utils:Config saved to /tmpdir/m24047brmn/nemo_1b/output/job_76660/config_baby_luciole-ssa-triton.json
INFO:__main__:Warming up Triton kernels (Hq=24, Hkv=8, D=32)...
INFO:__main__:SSA Triton: Using fused Triton SSA FlashAttention (n=1.50, b=0.80)
INFO:__main__:SSA Triton: Using fused Triton SSA FlashAttention (n=1.50, b=0.80)
INFO:__main__:Detected checkpoint at step 7999
INFO:__main__:trainer.max_steps = 7999 + 16000 = 23999
INFO:__main__:Detected checkpoint at step 7999
INFO:__main__:trainer.max_steps = 7999 + 16000 = 23999
INFO:__main__:LR scheduler max_steps = 40000, warmup_steps = 500
INFO:__main__:LR scheduler max_steps = 40000, warmup_steps = 500
INFO:utils:Config saved to /tmpdir/m24047brmn/nemo_1b/output/job_76660/config_baby_luciole-ssa-triton.json
INFO:__main__:Warming up Triton kernels (Hq=24, Hkv=8, D=32)...
INFO:utils:Config saved to /tmpdir/m24047brmn/nemo_1b/output/job_76660/config_baby_luciole-ssa-triton.json
INFO:__main__:Warming up Triton kernels (Hq=24, Hkv=8, D=32)...
INFO:__main__:Triton kernel warmup complete.
INFO:__main__:Triton kernel warmup complete.
INFO:__main__:Triton kernel warmup complete.
INFO:__main__:Triton kernel warmup complete.
INFO: GPU available: True (cuda), used: True
INFO:lightning.pytorch.utilities.rank_zero:GPU available: True (cuda), used: True
INFO: TPU available: False, using: 0 TPU cores
INFO:lightning.pytorch.utilities.rank_zero:TPU available: False, using: 0 TPU cores
INFO: HPU available: False, using: 0 HPUs
INFO:lightning.pytorch.utilities.rank_zero:HPU available: False, using: 0 HPUs
[NeMo W 2026-02-10 11:56:35 nemo_logging:405] No version folders would be created under the log folder as 'resume_if_exists' is enabled.
[NeMo I 2026-02-10 11:56:35 nemo_logging:393] Experiments will be logged at /tmpdir/m24047brmn/nemo_1b/output/baby_luciole-ssa-triton
[NeMo W 2026-02-10 11:56:35 nemo_logging:405] "update_logger_directory" is True. Overwriting tensorboard logger "save_dir" to /tmpdir/m24047brmn/nemo_1b/output/tb_logs
[NeMo W 2026-02-10 11:56:35 nemo_logging:405] The Trainer already contains a ModelCheckpoint callback. This will be overwritten.
[NeMo I 2026-02-10 11:56:35 nemo_logging:393] Fixing mis-match between ddp-config & mcore-optimizer config
[NeMo I 2026-02-10 11:56:35 nemo_logging:393] Rank 0 has data parallel group : [0, 1, 2, 3, 4, 5, 6, 7, 8, 9, 10, 11]
[NeMo I 2026-02-10 11:56:35 nemo_logging:393] Rank 0 has combined group of data parallel and context parallel : [0, 1, 2, 3, 4, 5, 6, 7, 8, 9, 10, 11]
[NeMo I 2026-02-10 11:56:35 nemo_logging:393] All data parallel group ranks with context parallel combined: [[0, 1, 2, 3, 4, 5, 6, 7, 8, 9, 10, 11]]
[NeMo I 2026-02-10 11:56:35 nemo_logging:393] Ranks 0 has data parallel rank: 0
[NeMo I 2026-02-10 11:56:35 nemo_logging:393] Rank 0 has context parallel group: [0]
[NeMo I 2026-02-10 11:56:35 nemo_logging:393] All context parallel group ranks: [[0], [1], [2], [3], [4], [5], [6], [7], [8], [9], [10], [11]]
[NeMo I 2026-02-10 11:56:35 nemo_logging:393] Ranks 0 has context parallel rank: 0
[NeMo I 2026-02-10 11:56:35 nemo_logging:393] Rank 0 has model parallel group: [0]
[NeMo I 2026-02-10 11:56:35 nemo_logging:393] All model parallel group ranks: [[0], [1], [2], [3], [4], [5], [6], [7], [8], [9], [10], [11]]
[NeMo I 2026-02-10 11:56:35 nemo_logging:393] Rank 0 has tensor model parallel group: [0]
[NeMo I 2026-02-10 11:56:35 nemo_logging:393] All tensor model parallel group ranks: [[0], [1], [2], [3], [4], [5], [6], [7], [8], [9], [10], [11]]
[NeMo I 2026-02-10 11:56:35 nemo_logging:393] Rank 0 has tensor model parallel rank: 0
[NeMo I 2026-02-10 11:56:35 nemo_logging:393] Rank 0 has pipeline model parallel group: [0]
[NeMo I 2026-02-10 11:56:35 nemo_logging:393] Rank 0 has embedding group: [0]
[NeMo I 2026-02-10 11:56:35 nemo_logging:393] All pipeline model parallel group ranks: [[0], [1], [2], [3], [4], [5], [6], [7], [8], [9], [10], [11]]
[NeMo I 2026-02-10 11:56:35 nemo_logging:393] Rank 0 has pipeline model parallel rank 0
[NeMo I 2026-02-10 11:56:35 nemo_logging:393] All embedding group ranks: [[0], [1], [2], [3], [4], [5], [6], [7], [8], [9], [10], [11]]
[NeMo I 2026-02-10 11:56:35 nemo_logging:393] Rank 0 has embedding rank: 0
INFO:__main__:Triton kernel warmup complete.
INFO:__main__:Triton kernel warmup complete.
INFO:nemo.lightning.pytorch.strategies.megatron_strategy:Initializing distributed: GLOBAL_RANK: 0, MEMBER: 1/12
INFO: ----------------------------------------------------------------------------------------------------
distributed_backend=nccl
All distributed processes registered. Starting with 12 processes
----------------------------------------------------------------------------------------------------

INFO:lightning.pytorch.utilities.rank_zero:----------------------------------------------------------------------------------------------------
distributed_backend=nccl
All distributed processes registered. Starting with 12 processes
----------------------------------------------------------------------------------------------------

INFO:__main__:Triton kernel warmup complete.
INFO:__main__:Triton kernel warmup complete.
INFO:nemo.lightning.pytorch.strategies.megatron_strategy:Initializing distributed: GLOBAL_RANK: 6, MEMBER: 7/12
INFO:__main__:Triton kernel warmup complete.
INFO:__main__:Triton kernel warmup complete.
INFO:nemo.lightning.pytorch.strategies.megatron_strategy:Initializing distributed: GLOBAL_RANK: 8, MEMBER: 9/12
INFO:nemo.lightning.pytorch.strategies.megatron_strategy:Initializing distributed: GLOBAL_RANK: 1, MEMBER: 2/12
INFO:nemo.lightning.pytorch.strategies.megatron_strategy:Initializing distributed: GLOBAL_RANK: 4, MEMBER: 5/12
INFO:nemo.lightning.pytorch.strategies.megatron_strategy:Initializing distributed: GLOBAL_RANK: 7, MEMBER: 8/12
INFO:nemo.lightning.pytorch.strategies.megatron_strategy:Initializing distributed: GLOBAL_RANK: 10, MEMBER: 11/12
INFO:nemo.lightning.pytorch.strategies.megatron_strategy:Initializing distributed: GLOBAL_RANK: 9, MEMBER: 10/12
INFO:nemo.lightning.pytorch.strategies.megatron_strategy:Initializing distributed: GLOBAL_RANK: 5, MEMBER: 6/12
INFO:nemo.lightning.pytorch.strategies.megatron_strategy:Initializing distributed: GLOBAL_RANK: 11, MEMBER: 12/12
INFO:__main__:Triton kernel warmup complete.
INFO:__main__:Triton kernel warmup complete.
INFO:nemo.lightning.pytorch.strategies.megatron_strategy:Initializing distributed: GLOBAL_RANK: 2, MEMBER: 3/12
INFO:nemo.lightning.pytorch.strategies.megatron_strategy:Initializing distributed: GLOBAL_RANK: 3, MEMBER: 4/12
srun: Job step aborted: Waiting up to 32 seconds for job step to finish.
slurmstepd: error: *** STEP 76660.0 ON turpancomp0 CANCELLED AT 2026-02-10T11:56:39 ***
slurmstepd: error: *** JOB 76660 ON turpancomp0 CANCELLED AT 2026-02-10T11:56:39 ***
W0210 11:56:39.429000 970655 torch/distributed/elastic/agent/server/api.py:719] Received 15 death signal, shutting down workers
W0210 11:56:39.429000 93288 torch/distributed/elastic/agent/server/api.py:719] Received 15 death signal, shutting down workers
W0210 11:56:39.428000 2349847 torch/distributed/elastic/agent/server/api.py:719] Received 15 death signal, shutting down workers
W0210 11:56:39.430000 970655 torch/distributed/elastic/multiprocessing/api.py:898] Sending process 970741 closing signal SIGTERM
W0210 11:56:39.430000 93288 torch/distributed/elastic/multiprocessing/api.py:898] Sending process 93375 closing signal SIGTERM
W0210 11:56:39.429000 2349847 torch/distributed/elastic/multiprocessing/api.py:898] Sending process 2349932 closing signal SIGTERM
W0210 11:56:39.430000 970655 torch/distributed/elastic/multiprocessing/api.py:898] Sending process 970742 closing signal SIGTERM
W0210 11:56:39.430000 93288 torch/distributed/elastic/multiprocessing/api.py:898] Sending process 93376 closing signal SIGTERM
W0210 11:56:39.430000 2349847 torch/distributed/elastic/multiprocessing/api.py:898] Sending process 2349933 closing signal SIGTERM
