===========================================
Starting SSA FlexAttention Training
Datamix:     /tmpdir/m24047brmn/nemo_1b/data_fwe_50k/datamix_fineweb_edu_50k.json
Output:      /tmpdir/m24047brmn/nemo_1b/output
Nodes:       6
Duration:    00:24:00:00
SSA n:       1.5
SSA b:       0.8
SSA fixed:   0
Learnable b: 0
Backend:     FLASH
Compile:     1
===========================================
W0211 18:09:49.763000 2836339 torch/distributed/run.py:763] 
W0211 18:09:49.763000 2836339 torch/distributed/run.py:763] *****************************************
W0211 18:09:49.763000 2836339 torch/distributed/run.py:763] Setting OMP_NUM_THREADS environment variable for each process to be 1 in default, to avoid your system being overloaded, please further tune the variable for optimal performance in your application as needed. 
W0211 18:09:49.763000 2836339 torch/distributed/run.py:763] *****************************************
W0211 18:09:49.763000 2360310 torch/distributed/run.py:763] 
W0211 18:09:49.763000 2360310 torch/distributed/run.py:763] *****************************************
W0211 18:09:49.763000 2360310 torch/distributed/run.py:763] Setting OMP_NUM_THREADS environment variable for each process to be 1 in default, to avoid your system being overloaded, please further tune the variable for optimal performance in your application as needed. 
W0211 18:09:49.763000 2360310 torch/distributed/run.py:763] *****************************************
W0211 18:09:49.764000 963401 torch/distributed/run.py:763] 
W0211 18:09:49.764000 963401 torch/distributed/run.py:763] *****************************************
W0211 18:09:49.764000 963401 torch/distributed/run.py:763] Setting OMP_NUM_THREADS environment variable for each process to be 1 in default, to avoid your system being overloaded, please further tune the variable for optimal performance in your application as needed. 
W0211 18:09:49.764000 963401 torch/distributed/run.py:763] *****************************************
W0211 18:09:49.764000 1089998 torch/distributed/run.py:763] 
W0211 18:09:49.764000 1089998 torch/distributed/run.py:763] *****************************************
W0211 18:09:49.764000 1089998 torch/distributed/run.py:763] Setting OMP_NUM_THREADS environment variable for each process to be 1 in default, to avoid your system being overloaded, please further tune the variable for optimal performance in your application as needed. 
W0211 18:09:49.764000 1089998 torch/distributed/run.py:763] *****************************************
W0211 18:09:49.765000 3382313 torch/distributed/run.py:763] 
W0211 18:09:49.765000 3382313 torch/distributed/run.py:763] *****************************************
W0211 18:09:49.765000 3382313 torch/distributed/run.py:763] Setting OMP_NUM_THREADS environment variable for each process to be 1 in default, to avoid your system being overloaded, please further tune the variable for optimal performance in your application as needed. 
W0211 18:09:49.765000 3382313 torch/distributed/run.py:763] *****************************************
W0211 18:09:49.765000 1827842 torch/distributed/run.py:763] 
W0211 18:09:49.765000 1827842 torch/distributed/run.py:763] *****************************************
W0211 18:09:49.765000 1827842 torch/distributed/run.py:763] Setting OMP_NUM_THREADS environment variable for each process to be 1 in default, to avoid your system being overloaded, please further tune the variable for optimal performance in your application as needed. 
W0211 18:09:49.765000 1827842 torch/distributed/run.py:763] *****************************************
[rank: 11] Seed set to 1234
[rank: 8] Seed set to 1234
[rank: 3] Seed set to 1234
[rank: 10] Seed set to 1234
[rank: 4] Seed set to 1234
[rank: 9] Seed set to 1234
[rank: 2] Seed set to 1234
[rank: 5] Seed set to 1234
[rank: 7] Seed set to 1234
[rank: 6] Seed set to 1234
[rank: 1] Seed set to 1234
[rank: 0] Seed set to 1234
INFO:faiss.loader:Loading faiss.
INFO:faiss.loader:Loading faiss.
INFO:faiss.loader:Loading faiss.
INFO:faiss.loader:Loading faiss.
INFO:faiss.loader:Loading faiss.
INFO:faiss.loader:Loading faiss.
INFO:faiss.loader:Loading faiss.
INFO:faiss.loader:Loading faiss.
INFO:faiss.loader:Loading faiss.
INFO:faiss.loader:Loading faiss.
INFO:faiss.loader:Successfully loaded faiss.
INFO:faiss.loader:Successfully loaded faiss.
INFO:faiss.loader:Successfully loaded faiss.
INFO:faiss.loader:Successfully loaded faiss.
INFO:faiss.loader:Loading faiss.
INFO:faiss.loader:Loading faiss.
INFO:faiss.loader:Successfully loaded faiss.
INFO:faiss.loader:Successfully loaded faiss.
INFO:faiss.loader:Successfully loaded faiss.
INFO:faiss.loader:Successfully loaded faiss.
INFO:faiss.loader:Successfully loaded faiss.
INFO:faiss.loader:Successfully loaded faiss.
INFO:faiss.loader:Successfully loaded faiss.
INFO:faiss.loader:Successfully loaded faiss.
[NeMo W 2026-02-11 18:10:25 nemo_logging:405] /usr/local/lib/python3.12/dist-packages/pydub/utils.py:170: RuntimeWarning: Couldn't find ffmpeg or avconv - defaulting to ffmpeg, but may not work
      warn("Couldn't find ffmpeg or avconv - defaulting to ffmpeg, but may not work", RuntimeWarning)
    
INFO:datasets:PyTorch version 2.7.0a0+7c8ec84dab.nv25.3 available.
INFO:datasets:Polars version 1.21.0 available.
INFO:datasets:PyTorch version 2.7.0a0+7c8ec84dab.nv25.3 available.
INFO:datasets:Polars version 1.21.0 available.
INFO:datasets:PyTorch version 2.7.0a0+7c8ec84dab.nv25.3 available.
INFO:datasets:PyTorch version 2.7.0a0+7c8ec84dab.nv25.3 available.
INFO:datasets:PyTorch version 2.7.0a0+7c8ec84dab.nv25.3 available.
INFO:datasets:Polars version 1.21.0 available.
INFO:datasets:Polars version 1.21.0 available.
INFO:datasets:Polars version 1.21.0 available.
INFO:datasets:PyTorch version 2.7.0a0+7c8ec84dab.nv25.3 available.
INFO:datasets:Polars version 1.21.0 available.
INFO:datasets:PyTorch version 2.7.0a0+7c8ec84dab.nv25.3 available.
INFO:datasets:Polars version 1.21.0 available.
INFO:datasets:PyTorch version 2.7.0a0+7c8ec84dab.nv25.3 available.
INFO:datasets:Polars version 1.21.0 available.
INFO:datasets:PyTorch version 2.7.0a0+7c8ec84dab.nv25.3 available.
INFO:datasets:Polars version 1.21.0 available.
INFO:datasets:PyTorch version 2.7.0a0+7c8ec84dab.nv25.3 available.
INFO:datasets:Polars version 1.21.0 available.
INFO:datasets:PyTorch version 2.7.0a0+7c8ec84dab.nv25.3 available.
INFO:datasets:Polars version 1.21.0 available.
INFO:datasets:PyTorch version 2.7.0a0+7c8ec84dab.nv25.3 available.
INFO:datasets:Polars version 1.21.0 available.
INFO:utils:{'tokenizer': '/work/m24047/m24047brmn/tokenizers/luciole_50k', 'data_path': '/tmpdir/m24047brmn/nemo_1b/data_fwe_50k', 'total_tokens': 10000000000, 'train': [{'name': 'fineweb_edu_text_document', 'weight': 1.0}]}
INFO:utils:{'tokenizer': '/work/m24047/m24047brmn/tokenizers/luciole_50k', 'data_path': '/tmpdir/m24047brmn/nemo_1b/data_fwe_50k', 'total_tokens': 10000000000, 'train': [{'name': 'fineweb_edu_text_document', 'weight': 1.0}]}
INFO:utils:{'tokenizer': '/work/m24047/m24047brmn/tokenizers/luciole_50k', 'data_path': '/tmpdir/m24047brmn/nemo_1b/data_fwe_50k', 'total_tokens': 10000000000, 'train': [{'name': 'fineweb_edu_text_document', 'weight': 1.0}]}
INFO:utils:{'tokenizer': '/work/m24047/m24047brmn/tokenizers/luciole_50k', 'data_path': '/tmpdir/m24047brmn/nemo_1b/data_fwe_50k', 'total_tokens': 10000000000, 'train': [{'name': 'fineweb_edu_text_document', 'weight': 1.0}]}
INFO:utils:Find tokenizer: /work/m24047/m24047brmn/tokenizers/luciole_50k
INFO:utils:Find tokenizer: /work/m24047/m24047brmn/tokenizers/luciole_50k
INFO:__main__:Global batch size: 768
INFO:__main__:Global batch size: 768
INFO:__main__:Sequence length: 1024
INFO:__main__:Tokens per batch: 786432
INFO:__main__:Sequence length: 1024
INFO:__main__:Tokens per batch: 786432
INFO:__main__:Total tokens in datamix: 10000000000
INFO:__main__:Using provided global_max_steps: 60000
INFO:__main__:Total tokens in datamix: 10000000000
INFO:__main__:Using provided global_max_steps: 60000
INFO:utils:{'tokenizer': '/work/m24047/m24047brmn/tokenizers/luciole_50k', 'data_path': '/tmpdir/m24047brmn/nemo_1b/data_fwe_50k', 'total_tokens': 10000000000, 'train': [{'name': 'fineweb_edu_text_document', 'weight': 1.0}]}
INFO:__main__:Patched megatron.core.optimizer (accepted params: {'model_chunks', 'use_gloo_process_groups', 'no_weight_decay_cond', 'lr_mult', 'scale_lr_cond', 'config'})
INFO:__main__:Patched megatron.core.optimizer (accepted params: {'use_gloo_process_groups', 'model_chunks', 'no_weight_decay_cond', 'scale_lr_cond', 'lr_mult', 'config'})
INFO:utils:{'tokenizer': '/work/m24047/m24047brmn/tokenizers/luciole_50k', 'data_path': '/tmpdir/m24047brmn/nemo_1b/data_fwe_50k', 'total_tokens': 10000000000, 'train': [{'name': 'fineweb_edu_text_document', 'weight': 1.0}]}
INFO:utils:Find tokenizer: /work/m24047/m24047brmn/tokenizers/luciole_50k
INFO:utils:Find tokenizer: /work/m24047/m24047brmn/tokenizers/luciole_50k
INFO:utils:Find tokenizer: /work/m24047/m24047brmn/tokenizers/luciole_50k
INFO:__main__:Global batch size: 768
INFO:__main__:Sequence length: 1024
INFO:__main__:Tokens per batch: 786432
INFO:__main__:Total tokens in datamix: 10000000000
INFO:__main__:Using provided global_max_steps: 60000
INFO:__main__:Global batch size: 768
INFO:__main__:Global batch size: 768
INFO:__main__:Sequence length: 1024
INFO:__main__:Sequence length: 1024
INFO:__main__:Tokens per batch: 786432
INFO:__main__:Tokens per batch: 786432
INFO:__main__:Total tokens in datamix: 10000000000
INFO:__main__:Total tokens in datamix: 10000000000
INFO:__main__:Using provided global_max_steps: 60000
INFO:__main__:Using provided global_max_steps: 60000
INFO:__main__:Patched megatron.core.optimizer (accepted params: {'no_weight_decay_cond', 'config', 'model_chunks', 'lr_mult', 'use_gloo_process_groups', 'scale_lr_cond'})
INFO:__main__:Patched megatron.core.optimizer (accepted params: {'no_weight_decay_cond', 'use_gloo_process_groups', 'lr_mult', 'scale_lr_cond', 'config', 'model_chunks'})
INFO:__main__:Patched megatron.core.optimizer (accepted params: {'scale_lr_cond', 'config', 'model_chunks', 'lr_mult', 'use_gloo_process_groups', 'no_weight_decay_cond'})
INFO:utils:Find tokenizer: /work/m24047/m24047brmn/tokenizers/luciole_50k
INFO:__main__:Global batch size: 768
INFO:__main__:Sequence length: 1024
INFO:__main__:Tokens per batch: 786432
INFO:__main__:Total tokens in datamix: 10000000000
INFO:__main__:Using provided global_max_steps: 60000
INFO:__main__:Patched megatron.core.optimizer (accepted params: {'scale_lr_cond', 'model_chunks', 'no_weight_decay_cond', 'config', 'use_gloo_process_groups', 'lr_mult'})
INFO:utils:{'tokenizer': '/work/m24047/m24047brmn/tokenizers/luciole_50k', 'data_path': '/tmpdir/m24047brmn/nemo_1b/data_fwe_50k', 'total_tokens': 10000000000, 'train': [{'name': 'fineweb_edu_text_document', 'weight': 1.0}]}
INFO:utils:{'tokenizer': '/work/m24047/m24047brmn/tokenizers/luciole_50k', 'data_path': '/tmpdir/m24047brmn/nemo_1b/data_fwe_50k', 'total_tokens': 10000000000, 'train': [{'name': 'fineweb_edu_text_document', 'weight': 1.0}]}
INFO:utils:Find tokenizer: /work/m24047/m24047brmn/tokenizers/luciole_50k
INFO:__main__:Global batch size: 768
INFO:__main__:Sequence length: 1024
INFO:__main__:Tokens per batch: 786432
INFO:__main__:Total tokens in datamix: 10000000000
INFO:__main__:Using provided global_max_steps: 60000
INFO:utils:{'tokenizer': '/work/m24047/m24047brmn/tokenizers/luciole_50k', 'data_path': '/tmpdir/m24047brmn/nemo_1b/data_fwe_50k', 'total_tokens': 10000000000, 'train': [{'name': 'fineweb_edu_text_document', 'weight': 1.0}]}
INFO:utils:{'tokenizer': '/work/m24047/m24047brmn/tokenizers/luciole_50k', 'data_path': '/tmpdir/m24047brmn/nemo_1b/data_fwe_50k', 'total_tokens': 10000000000, 'train': [{'name': 'fineweb_edu_text_document', 'weight': 1.0}]}
INFO:utils:Find tokenizer: /work/m24047/m24047brmn/tokenizers/luciole_50k
INFO:__main__:Patched megatron.core.optimizer (accepted params: {'use_gloo_process_groups', 'no_weight_decay_cond', 'scale_lr_cond', 'lr_mult', 'model_chunks', 'config'})
INFO:__main__:Global batch size: 768
INFO:__main__:Sequence length: 1024
INFO:__main__:Tokens per batch: 786432
INFO:__main__:Total tokens in datamix: 10000000000
INFO:utils:Find tokenizer: /work/m24047/m24047brmn/tokenizers/luciole_50k
INFO:__main__:Using provided global_max_steps: 60000
INFO:__main__:Global batch size: 768
INFO:__main__:Sequence length: 1024
INFO:__main__:Tokens per batch: 786432
INFO:__main__:Total tokens in datamix: 10000000000
INFO:__main__:Using provided global_max_steps: 60000
INFO:__main__:Patched megatron.core.optimizer (accepted params: {'lr_mult', 'model_chunks', 'config', 'use_gloo_process_groups', 'scale_lr_cond', 'no_weight_decay_cond'})
[NeMo I 2026-02-11 18:10:33 nemo_logging:393] Getting HuggingFace AutoTokenizer with pretrained_model_name: /work/m24047/m24047brmn/tokenizers/luciole_50k, vocab_file: None, merges_files: None, special_tokens_dict: {}, and use_fast: True
INFO:__main__:Patched megatron.core.optimizer (accepted params: {'scale_lr_cond', 'config', 'model_chunks', 'use_gloo_process_groups', 'lr_mult', 'no_weight_decay_cond'})
INFO:utils:Find tokenizer: /work/m24047/m24047brmn/tokenizers/luciole_50k
INFO:__main__:Global batch size: 768
INFO:__main__:Sequence length: 1024
INFO:__main__:Tokens per batch: 786432
INFO:__main__:Total tokens in datamix: 10000000000
INFO:__main__:Using provided global_max_steps: 60000
INFO:__main__:Patched megatron.core.optimizer (accepted params: {'model_chunks', 'scale_lr_cond', 'no_weight_decay_cond', 'use_gloo_process_groups', 'lr_mult', 'config'})
INFO:utils:{'tokenizer': '/work/m24047/m24047brmn/tokenizers/luciole_50k', 'data_path': '/tmpdir/m24047brmn/nemo_1b/data_fwe_50k', 'total_tokens': 10000000000, 'train': [{'name': 'fineweb_edu_text_document', 'weight': 1.0}]}
INFO:utils:{'tokenizer': '/work/m24047/m24047brmn/tokenizers/luciole_50k', 'data_path': '/tmpdir/m24047brmn/nemo_1b/data_fwe_50k', 'total_tokens': 10000000000, 'train': [{'name': 'fineweb_edu_text_document', 'weight': 1.0}]}
INFO:utils:Find tokenizer: /work/m24047/m24047brmn/tokenizers/luciole_50k
INFO:__main__:Global batch size: 768
INFO:__main__:Sequence length: 1024
INFO:__main__:Tokens per batch: 786432
INFO:__main__:Total tokens in datamix: 10000000000
INFO:__main__:Using provided global_max_steps: 60000
INFO:__main__:Patched megatron.core.optimizer (accepted params: {'use_gloo_process_groups', 'lr_mult', 'scale_lr_cond', 'config', 'model_chunks', 'no_weight_decay_cond'})
INFO:utils:Find tokenizer: /work/m24047/m24047brmn/tokenizers/luciole_50k
INFO:__main__:Global batch size: 768
INFO:__main__:Sequence length: 1024
INFO:__main__:Tokens per batch: 786432
INFO:__main__:Total tokens in datamix: 10000000000
INFO:__main__:Using provided global_max_steps: 60000
INFO:__main__:Patched megatron.core.optimizer (accepted params: {'model_chunks', 'no_weight_decay_cond', 'scale_lr_cond', 'use_gloo_process_groups', 'config', 'lr_mult'})
INFO:__main__:SSA FlexAttention: n=1.500, b=0.800, learnable_n=True, learnable_b=False, compile=True, bda_compile=True, backend=FLASH, fp32_score_mod=False
INFO:__main__:SSA FlexAttention: n=1.500, b=0.800, learnable_n=True, learnable_b=False, compile=True, bda_compile=True, backend=FLASH, fp32_score_mod=False
INFO:__main__:SSA FlexAttention: n=1.500, b=0.800, learnable_n=True, learnable_b=False, compile=True, bda_compile=True, backend=FLASH, fp32_score_mod=False
INFO:__main__:SSA FlexAttention: n=1.500, b=0.800, learnable_n=True, learnable_b=False, compile=True, bda_compile=True, backend=FLASH, fp32_score_mod=False
INFO:__main__:Detected checkpoint at step 8
INFO:__main__:trainer.max_steps = 8 + 20 = 28
INFO:__main__:Detected checkpoint at step 8
INFO:__main__:trainer.max_steps = 8 + 20 = 28
INFO:__main__:LR scheduler max_steps = 60000, warmup_steps = 500
INFO:__main__:LR scheduler max_steps = 60000, warmup_steps = 500
INFO:__main__:SSA FlexAttention: n=1.500, b=0.800, learnable_n=True, learnable_b=False, compile=True, bda_compile=True, backend=FLASH, fp32_score_mod=False
INFO:__main__:SSA FlexAttention: n=1.500, b=0.800, learnable_n=True, learnable_b=False, compile=True, bda_compile=True, backend=FLASH, fp32_score_mod=False
INFO:__main__:Detected checkpoint at step 8
INFO:__main__:trainer.max_steps = 8 + 20 = 28
INFO:__main__:Detected checkpoint at step 8
INFO:__main__:trainer.max_steps = 8 + 20 = 28
INFO:__main__:SSA FlexAttention: n=1.500, b=0.800, learnable_n=True, learnable_b=False, compile=True, bda_compile=True, backend=FLASH, fp32_score_mod=False
INFO:__main__:SSA FlexAttention: n=1.500, b=0.800, learnable_n=True, learnable_b=False, compile=True, bda_compile=True, backend=FLASH, fp32_score_mod=False
INFO:__main__:LR scheduler max_steps = 60000, warmup_steps = 500
INFO:__main__:Detected checkpoint at step 8
INFO:__main__:trainer.max_steps = 8 + 20 = 28
INFO:__main__:Detected checkpoint at step 8
INFO:__main__:trainer.max_steps = 8 + 20 = 28
INFO:__main__:SSA FlexAttention: n=1.500, b=0.800, learnable_n=True, learnable_b=False, compile=True, bda_compile=True, backend=FLASH, fp32_score_mod=False
INFO:__main__:LR scheduler max_steps = 60000, warmup_steps = 500
INFO:__main__:LR scheduler max_steps = 60000, warmup_steps = 500
INFO:__main__:LR scheduler max_steps = 60000, warmup_steps = 500
INFO:__main__:SSA FlexAttention: n=1.500, b=0.800, learnable_n=True, learnable_b=False, compile=True, bda_compile=True, backend=FLASH, fp32_score_mod=False
INFO:__main__:Detected checkpoint at step 8
INFO:__main__:trainer.max_steps = 8 + 20 = 28
INFO:__main__:Detected checkpoint at step 8
INFO:__main__:trainer.max_steps = 8 + 20 = 28
INFO:__main__:LR scheduler max_steps = 60000, warmup_steps = 500
INFO:__main__:LR scheduler max_steps = 60000, warmup_steps = 500
INFO:__main__:SSA FlexAttention: n=1.500, b=0.800, learnable_n=True, learnable_b=False, compile=True, bda_compile=True, backend=FLASH, fp32_score_mod=False
INFO:__main__:Detected checkpoint at step 8
INFO:__main__:trainer.max_steps = 8 + 20 = 28
INFO:__main__:Detected checkpoint at step 8
INFO:__main__:trainer.max_steps = 8 + 20 = 28
INFO:__main__:SSA FlexAttention: n=1.500, b=0.800, learnable_n=True, learnable_b=False, compile=True, bda_compile=True, backend=FLASH, fp32_score_mod=False
INFO:__main__:Detected checkpoint at step 8
INFO:__main__:trainer.max_steps = 8 + 20 = 28
INFO:__main__:LR scheduler max_steps = 60000, warmup_steps = 500
INFO:__main__:Detected checkpoint at step 8
INFO:__main__:trainer.max_steps = 8 + 20 = 28
INFO:__main__:LR scheduler max_steps = 60000, warmup_steps = 500
INFO:__main__:LR scheduler max_steps = 60000, warmup_steps = 500
INFO:__main__:LR scheduler max_steps = 60000, warmup_steps = 500
INFO:utils:Config saved to /tmpdir/m24047brmn/nemo_1b/output/job_76878/config_baby_luciole-ssa-flex-test.json
INFO:utils:Config saved to /tmpdir/m24047brmn/nemo_1b/output/job_76878/config_baby_luciole-ssa-flex-test.json
INFO:utils:Config saved to /tmpdir/m24047brmn/nemo_1b/output/job_76878/config_baby_luciole-ssa-flex-test.json
INFO:utils:Config saved to /tmpdir/m24047brmn/nemo_1b/output/job_76878/config_baby_luciole-ssa-flex-test.json
INFO:utils:Config saved to /tmpdir/m24047brmn/nemo_1b/output/job_76878/config_baby_luciole-ssa-flex-test.json
INFO:utils:Config saved to /tmpdir/m24047brmn/nemo_1b/output/job_76878/config_baby_luciole-ssa-flex-test.json
INFO:utils:Config saved to /tmpdir/m24047brmn/nemo_1b/output/job_76878/config_baby_luciole-ssa-flex-test.json
INFO:utils:Config saved to /tmpdir/m24047brmn/nemo_1b/output/job_76878/config_baby_luciole-ssa-flex-test.json
INFO:utils:Config saved to /tmpdir/m24047brmn/nemo_1b/output/job_76878/config_baby_luciole-ssa-flex-test.json
INFO:utils:Config saved to /tmpdir/m24047brmn/nemo_1b/output/job_76878/config_baby_luciole-ssa-flex-test.json
INFO:utils:Config saved to /tmpdir/m24047brmn/nemo_1b/output/job_76878/config_baby_luciole-ssa-flex-test.json
INFO:utils:Config saved to /tmpdir/m24047brmn/nemo_1b/output/job_76878/config_baby_luciole-ssa-flex-test.json
INFO: GPU available: True (cuda), used: True
INFO:lightning.pytorch.utilities.rank_zero:GPU available: True (cuda), used: True
INFO: TPU available: False, using: 0 TPU cores
INFO:lightning.pytorch.utilities.rank_zero:TPU available: False, using: 0 TPU cores
INFO: HPU available: False, using: 0 HPUs
INFO:lightning.pytorch.utilities.rank_zero:HPU available: False, using: 0 HPUs
[NeMo W 2026-02-11 18:10:37 nemo_logging:405] No version folders would be created under the log folder as 'resume_if_exists' is enabled.
[NeMo I 2026-02-11 18:10:37 nemo_logging:393] Experiments will be logged at /tmpdir/m24047brmn/nemo_1b/output/baby_luciole-ssa-flex-test
[NeMo W 2026-02-11 18:10:37 nemo_logging:405] "update_logger_directory" is True. Overwriting tensorboard logger "save_dir" to /tmpdir/m24047brmn/nemo_1b/output/tb_logs
[NeMo W 2026-02-11 18:10:37 nemo_logging:405] The Trainer already contains a ModelCheckpoint callback. This will be overwritten.
[NeMo I 2026-02-11 18:10:37 nemo_logging:393] Fixing mis-match between ddp-config & mcore-optimizer config
[NeMo I 2026-02-11 18:10:37 nemo_logging:393] Rank 0 has data parallel group : [0, 1, 2, 3, 4, 5, 6, 7, 8, 9, 10, 11]
[NeMo I 2026-02-11 18:10:37 nemo_logging:393] Rank 0 has combined group of data parallel and context parallel : [0, 1, 2, 3, 4, 5, 6, 7, 8, 9, 10, 11]
[NeMo I 2026-02-11 18:10:37 nemo_logging:393] All data parallel group ranks with context parallel combined: [[0, 1, 2, 3, 4, 5, 6, 7, 8, 9, 10, 11]]
[NeMo I 2026-02-11 18:10:37 nemo_logging:393] Ranks 0 has data parallel rank: 0
[NeMo I 2026-02-11 18:10:37 nemo_logging:393] Rank 0 has context parallel group: [0]
[NeMo I 2026-02-11 18:10:37 nemo_logging:393] All context parallel group ranks: [[0], [1], [2], [3], [4], [5], [6], [7], [8], [9], [10], [11]]
[NeMo I 2026-02-11 18:10:37 nemo_logging:393] Ranks 0 has context parallel rank: 0
[NeMo I 2026-02-11 18:10:37 nemo_logging:393] Rank 0 has model parallel group: [0]
[NeMo I 2026-02-11 18:10:37 nemo_logging:393] All model parallel group ranks: [[0], [1], [2], [3], [4], [5], [6], [7], [8], [9], [10], [11]]
[NeMo I 2026-02-11 18:10:37 nemo_logging:393] Rank 0 has tensor model parallel group: [0]
[NeMo I 2026-02-11 18:10:37 nemo_logging:393] All tensor model parallel group ranks: [[0], [1], [2], [3], [4], [5], [6], [7], [8], [9], [10], [11]]
[NeMo I 2026-02-11 18:10:37 nemo_logging:393] Rank 0 has tensor model parallel rank: 0
[NeMo I 2026-02-11 18:10:37 nemo_logging:393] Rank 0 has pipeline model parallel group: [0]
[NeMo I 2026-02-11 18:10:37 nemo_logging:393] Rank 0 has embedding group: [0]
[NeMo I 2026-02-11 18:10:37 nemo_logging:393] All pipeline model parallel group ranks: [[0], [1], [2], [3], [4], [5], [6], [7], [8], [9], [10], [11]]
[NeMo I 2026-02-11 18:10:37 nemo_logging:393] Rank 0 has pipeline model parallel rank 0
[NeMo I 2026-02-11 18:10:37 nemo_logging:393] All embedding group ranks: [[0], [1], [2], [3], [4], [5], [6], [7], [8], [9], [10], [11]]
[NeMo I 2026-02-11 18:10:37 nemo_logging:393] Rank 0 has embedding rank: 0
INFO:nemo.lightning.pytorch.strategies.megatron_strategy:Initializing distributed: GLOBAL_RANK: 10, MEMBER: 11/12
INFO:nemo.lightning.pytorch.strategies.megatron_strategy:Initializing distributed: GLOBAL_RANK: 6, MEMBER: 7/12
INFO:nemo.lightning.pytorch.strategies.megatron_strategy:Initializing distributed: GLOBAL_RANK: 8, MEMBER: 9/12
INFO:nemo.lightning.pytorch.strategies.megatron_strategy:Initializing distributed: GLOBAL_RANK: 2, MEMBER: 3/12
INFO:nemo.lightning.pytorch.strategies.megatron_strategy:Initializing distributed: GLOBAL_RANK: 4, MEMBER: 5/12
INFO:nemo.lightning.pytorch.strategies.megatron_strategy:Initializing distributed: GLOBAL_RANK: 0, MEMBER: 1/12
INFO: ----------------------------------------------------------------------------------------------------
distributed_backend=nccl
All distributed processes registered. Starting with 12 processes
----------------------------------------------------------------------------------------------------

INFO:lightning.pytorch.utilities.rank_zero:----------------------------------------------------------------------------------------------------
distributed_backend=nccl
All distributed processes registered. Starting with 12 processes
----------------------------------------------------------------------------------------------------

INFO:nemo.lightning.pytorch.strategies.megatron_strategy:Initializing distributed: GLOBAL_RANK: 3, MEMBER: 4/12
INFO:nemo.lightning.pytorch.strategies.megatron_strategy:Initializing distributed: GLOBAL_RANK: 11, MEMBER: 12/12
INFO:nemo.lightning.pytorch.strategies.megatron_strategy:Initializing distributed: GLOBAL_RANK: 9, MEMBER: 10/12
INFO:nemo.lightning.pytorch.strategies.megatron_strategy:Initializing distributed: GLOBAL_RANK: 7, MEMBER: 8/12
INFO:nemo.lightning.pytorch.strategies.megatron_strategy:Initializing distributed: GLOBAL_RANK: 5, MEMBER: 6/12
INFO:nemo.lightning.pytorch.strategies.megatron_strategy:Initializing distributed: GLOBAL_RANK: 1, MEMBER: 2/12
[NeMo I 2026-02-11 18:10:42 utils:532] Let split_matrix = [(0, 1.0), None, None]
[NeMo I 2026-02-11 18:10:42 utils:532] Building GPTDataset splits with sizes=[21504, 0, 24576] and config=GPTDatasetConfig(random_seed=1234, sequence_length=1024, blend=[['/tmpdir/m24047brmn/nemo_1b/data_fwe_50k/fineweb_edu_text_document'], None], blend_per_split=None, split='1,0,0', split_matrix=[(0, 1.0), None, None], num_dataset_builder_threads=1, path_to_cache='/tmpdir/m24047brmn/nemo_1b/output/index_mapping', mmap_bin_files=True, mock=False, tokenizer=<nemo.collections.common.tokenizers.huggingface.auto_tokenizer.AutoTokenizer object at 0x40012b611b80>, reset_position_ids=False, reset_attention_mask=False, eod_mask_loss=False, create_attention_mask=False, drop_last_partial_validation_sequence=True, add_extra_token_to_sequence=True, s3_cache_path=None)
[NeMo I 2026-02-11 18:10:42 utils:532] Load the _IndexReader from /tmpdir/m24047brmn/nemo_1b/data_fwe_50k/fineweb_edu_text_document.idx
[NeMo I 2026-02-11 18:10:42 utils:532] 	Extract the sequence lengths
[NeMo I 2026-02-11 18:10:42 utils:532] 	Extract the sequence pointers
[NeMo I 2026-02-11 18:10:42 utils:532] 	Extract the document indices
[NeMo I 2026-02-11 18:10:42 utils:532] > total number of sequences: 9564453
[NeMo I 2026-02-11 18:10:42 utils:532] > total number of documents: 9564453
[NeMo I 2026-02-11 18:10:42 utils:532] Build and save the GPTDataset train indices
[NeMo I 2026-02-11 18:10:49 utils:532] > total number of samples: 9765624
[NeMo I 2026-02-11 18:10:49 utils:532] > total number of epochs: 1
[NeMo I 2026-02-11 18:10:49 nemo_logging:393] Use preset vocab_size: 50256, original vocab_size: 50256, dummy tokens: 0.
WARNING:root:Disabling torch.compile for SSAFlexAttention call path because learnable score_mod captures can crash FlexAttention backward lowering in this PyTorch build.
WARNING:root:Disabling torch.compile for SSAFlexAttention call path because learnable score_mod captures can crash FlexAttention backward lowering in this PyTorch build.
WARNING:root:Disabling torch.compile for SSAFlexAttention call path because learnable score_mod captures can crash FlexAttention backward lowering in this PyTorch build.
WARNING:root:Disabling torch.compile for SSAFlexAttention call path because learnable score_mod captures can crash FlexAttention backward lowering in this PyTorch build.
WARNING:root:Disabling torch.compile for SSAFlexAttention call path because learnable score_mod captures can crash FlexAttention backward lowering in this PyTorch build.
WARNING:root:Disabling torch.compile for SSAFlexAttention call path because learnable score_mod captures can crash FlexAttention backward lowering in this PyTorch build.
WARNING:root:Disabling torch.compile for SSAFlexAttention call path because learnable score_mod captures can crash FlexAttention backward lowering in this PyTorch build.
WARNING:root:Disabling torch.compile for SSAFlexAttention call path because learnable score_mod captures can crash FlexAttention backward lowering in this PyTorch build.
WARNING:root:Disabling torch.compile for SSAFlexAttention call path because learnable score_mod captures can crash FlexAttention backward lowering in this PyTorch build.
WARNING:root:Disabling torch.compile for SSAFlexAttention call path because learnable score_mod captures can crash FlexAttention backward lowering in this PyTorch build.
WARNING:root:Disabling torch.compile for SSAFlexAttention call path because learnable score_mod captures can crash FlexAttention backward lowering in this PyTorch build.
WARNING:root:Disabling torch.compile for SSAFlexAttention call path because learnable score_mod captures can crash FlexAttention backward lowering in this PyTorch build.
WARNING:root:Disabling torch.compile for SSAFlexAttention call path because learnable score_mod captures can crash FlexAttention backward lowering in this PyTorch build.
WARNING:root:Disabling torch.compile for SSAFlexAttention call path because learnable score_mod captures can crash FlexAttention backward lowering in this PyTorch build.
WARNING:root:Disabling torch.compile for SSAFlexAttention call path because learnable score_mod captures can crash FlexAttention backward lowering in this PyTorch build.
WARNING:root:Disabling torch.compile for SSAFlexAttention call path because learnable score_mod captures can crash FlexAttention backward lowering in this PyTorch build.
WARNING:root:Disabling torch.compile for SSAFlexAttention call path because learnable score_mod captures can crash FlexAttention backward lowering in this PyTorch build.
WARNING:root:Disabling torch.compile for SSAFlexAttention call path because learnable score_mod captures can crash FlexAttention backward lowering in this PyTorch build.
WARNING:root:Disabling torch.compile for SSAFlexAttention call path because learnable score_mod captures can crash FlexAttention backward lowering in this PyTorch build.
WARNING:root:Disabling torch.compile for SSAFlexAttention call path because learnable score_mod captures can crash FlexAttention backward lowering in this PyTorch build.
WARNING:root:Disabling torch.compile for SSAFlexAttention call path because learnable score_mod captures can crash FlexAttention backward lowering in this PyTorch build.
WARNING:root:Disabling torch.compile for SSAFlexAttention call path because learnable score_mod captures can crash FlexAttention backward lowering in this PyTorch build.
WARNING:root:Disabling torch.compile for SSAFlexAttention call path because learnable score_mod captures can crash FlexAttention backward lowering in this PyTorch build.
WARNING:root:Disabling torch.compile for SSAFlexAttention call path because learnable score_mod captures can crash FlexAttention backward lowering in this PyTorch build.
WARNING:root:Disabling torch.compile for SSAFlexAttention call path because learnable score_mod captures can crash FlexAttention backward lowering in this PyTorch build.
WARNING:root:Disabling torch.compile for SSAFlexAttention call path because learnable score_mod captures can crash FlexAttention backward lowering in this PyTorch build.
WARNING:root:Disabling torch.compile for SSAFlexAttention call path because learnable score_mod captures can crash FlexAttention backward lowering in this PyTorch build.
WARNING:root:Disabling torch.compile for SSAFlexAttention call path because learnable score_mod captures can crash FlexAttention backward lowering in this PyTorch build.
WARNING:root:Disabling torch.compile for SSAFlexAttention call path because learnable score_mod captures can crash FlexAttention backward lowering in this PyTorch build.
WARNING:root:Disabling torch.compile for SSAFlexAttention call path because learnable score_mod captures can crash FlexAttention backward lowering in this PyTorch build.
WARNING:root:Disabling torch.compile for SSAFlexAttention call path because learnable score_mod captures can crash FlexAttention backward lowering in this PyTorch build.
WARNING:root:Disabling torch.compile for SSAFlexAttention call path because learnable score_mod captures can crash FlexAttention backward lowering in this PyTorch build.
WARNING:root:Disabling torch.compile for SSAFlexAttention call path because learnable score_mod captures can crash FlexAttention backward lowering in this PyTorch build.
WARNING:root:Disabling torch.compile for SSAFlexAttention call path because learnable score_mod captures can crash FlexAttention backward lowering in this PyTorch build.
WARNING:root:Disabling torch.compile for SSAFlexAttention call path because learnable score_mod captures can crash FlexAttention backward lowering in this PyTorch build.
WARNING:root:Disabling torch.compile for SSAFlexAttention call path because learnable score_mod captures can crash FlexAttention backward lowering in this PyTorch build.
WARNING:root:Disabling torch.compile for SSAFlexAttention call path because learnable score_mod captures can crash FlexAttention backward lowering in this PyTorch build.
WARNING:root:Disabling torch.compile for SSAFlexAttention call path because learnable score_mod captures can crash FlexAttention backward lowering in this PyTorch build.
WARNING:root:Disabling torch.compile for SSAFlexAttention call path because learnable score_mod captures can crash FlexAttention backward lowering in this PyTorch build.
WARNING:root:Disabling torch.compile for SSAFlexAttention call path because learnable score_mod captures can crash FlexAttention backward lowering in this PyTorch build.
WARNING:root:Disabling torch.compile for SSAFlexAttention call path because learnable score_mod captures can crash FlexAttention backward lowering in this PyTorch build.
WARNING:root:Disabling torch.compile for SSAFlexAttention call path because learnable score_mod captures can crash FlexAttention backward lowering in this PyTorch build.
WARNING:root:Disabling torch.compile for SSAFlexAttention call path because learnable score_mod captures can crash FlexAttention backward lowering in this PyTorch build.
WARNING:root:Disabling torch.compile for SSAFlexAttention call path because learnable score_mod captures can crash FlexAttention backward lowering in this PyTorch build.
WARNING:root:Disabling torch.compile for SSAFlexAttention call path because learnable score_mod captures can crash FlexAttention backward lowering in this PyTorch build.
WARNING:root:Disabling torch.compile for SSAFlexAttention call path because learnable score_mod captures can crash FlexAttention backward lowering in this PyTorch build.
WARNING:root:Disabling torch.compile for SSAFlexAttention call path because learnable score_mod captures can crash FlexAttention backward lowering in this PyTorch build.
WARNING:root:Disabling torch.compile for SSAFlexAttention call path because learnable score_mod captures can crash FlexAttention backward lowering in this PyTorch build.
WARNING:root:Disabling torch.compile for SSAFlexAttention call path because learnable score_mod captures can crash FlexAttention backward lowering in this PyTorch build.
WARNING:root:Disabling torch.compile for SSAFlexAttention call path because learnable score_mod captures can crash FlexAttention backward lowering in this PyTorch build.
WARNING:root:Disabling torch.compile for SSAFlexAttention call path because learnable score_mod captures can crash FlexAttention backward lowering in this PyTorch build.
WARNING:root:Disabling torch.compile for SSAFlexAttention call path because learnable score_mod captures can crash FlexAttention backward lowering in this PyTorch build.
WARNING:root:Disabling torch.compile for SSAFlexAttention call path because learnable score_mod captures can crash FlexAttention backward lowering in this PyTorch build.
WARNING:root:Disabling torch.compile for SSAFlexAttention call path because learnable score_mod captures can crash FlexAttention backward lowering in this PyTorch build.
WARNING:root:Disabling torch.compile for SSAFlexAttention call path because learnable score_mod captures can crash FlexAttention backward lowering in this PyTorch build.
WARNING:root:Disabling torch.compile for SSAFlexAttention call path because learnable score_mod captures can crash FlexAttention backward lowering in this PyTorch build.
WARNING:root:Disabling torch.compile for SSAFlexAttention call path because learnable score_mod captures can crash FlexAttention backward lowering in this PyTorch build.
WARNING:root:Disabling torch.compile for SSAFlexAttention call path because learnable score_mod captures can crash FlexAttention backward lowering in this PyTorch build.
WARNING:root:Disabling torch.compile for SSAFlexAttention call path because learnable score_mod captures can crash FlexAttention backward lowering in this PyTorch build.
WARNING:root:Disabling torch.compile for SSAFlexAttention call path because learnable score_mod captures can crash FlexAttention backward lowering in this PyTorch build.
WARNING:root:Disabling torch.compile for SSAFlexAttention call path because learnable score_mod captures can crash FlexAttention backward lowering in this PyTorch build.
WARNING:root:Disabling torch.compile for SSAFlexAttention call path because learnable score_mod captures can crash FlexAttention backward lowering in this PyTorch build.
WARNING:root:Disabling torch.compile for SSAFlexAttention call path because learnable score_mod captures can crash FlexAttention backward lowering in this PyTorch build.
WARNING:root:Disabling torch.compile for SSAFlexAttention call path because learnable score_mod captures can crash FlexAttention backward lowering in this PyTorch build.
WARNING:root:Disabling torch.compile for SSAFlexAttention call path because learnable score_mod captures can crash FlexAttention backward lowering in this PyTorch build.
WARNING:root:Disabling torch.compile for SSAFlexAttention call path because learnable score_mod captures can crash FlexAttention backward lowering in this PyTorch build.
WARNING:root:Disabling torch.compile for SSAFlexAttention call path because learnable score_mod captures can crash FlexAttention backward lowering in this PyTorch build.
WARNING:root:Disabling torch.compile for SSAFlexAttention call path because learnable score_mod captures can crash FlexAttention backward lowering in this PyTorch build.
WARNING:root:Disabling torch.compile for SSAFlexAttention call path because learnable score_mod captures can crash FlexAttention backward lowering in this PyTorch build.
WARNING:root:Disabling torch.compile for SSAFlexAttention call path because learnable score_mod captures can crash FlexAttention backward lowering in this PyTorch build.
WARNING:root:Disabling torch.compile for SSAFlexAttention call path because learnable score_mod captures can crash FlexAttention backward lowering in this PyTorch build.
WARNING:root:Disabling torch.compile for SSAFlexAttention call path because learnable score_mod captures can crash FlexAttention backward lowering in this PyTorch build.
WARNING:root:Disabling torch.compile for SSAFlexAttention call path because learnable score_mod captures can crash FlexAttention backward lowering in this PyTorch build.
WARNING:root:Disabling torch.compile for SSAFlexAttention call path because learnable score_mod captures can crash FlexAttention backward lowering in this PyTorch build.
WARNING:root:Disabling torch.compile for SSAFlexAttention call path because learnable score_mod captures can crash FlexAttention backward lowering in this PyTorch build.
WARNING:root:Disabling torch.compile for SSAFlexAttention call path because learnable score_mod captures can crash FlexAttention backward lowering in this PyTorch build.
WARNING:root:Disabling torch.compile for SSAFlexAttention call path because learnable score_mod captures can crash FlexAttention backward lowering in this PyTorch build.
WARNING:root:Disabling torch.compile for SSAFlexAttention call path because learnable score_mod captures can crash FlexAttention backward lowering in this PyTorch build.
INFO: LOCAL_RANK: 1 - CUDA_VISIBLE_DEVICES: [0,1]
INFO:lightning.pytorch.accelerators.cuda:LOCAL_RANK: 1 - CUDA_VISIBLE_DEVICES: [0,1]
WARNING:root:Disabling torch.compile for SSAFlexAttention call path because learnable score_mod captures can crash FlexAttention backward lowering in this PyTorch build.
WARNING:root:Disabling torch.compile for SSAFlexAttention call path because learnable score_mod captures can crash FlexAttention backward lowering in this PyTorch build.
WARNING:root:Disabling torch.compile for SSAFlexAttention call path because learnable score_mod captures can crash FlexAttention backward lowering in this PyTorch build.
INFO: LOCAL_RANK: 0 - CUDA_VISIBLE_DEVICES: [0,1]
INFO:lightning.pytorch.accelerators.cuda:LOCAL_RANK: 0 - CUDA_VISIBLE_DEVICES: [0,1]
WARNING:root:Disabling torch.compile for SSAFlexAttention call path because learnable score_mod captures can crash FlexAttention backward lowering in this PyTorch build.
WARNING:root:Disabling torch.compile for SSAFlexAttention call path because learnable score_mod captures can crash FlexAttention backward lowering in this PyTorch build.
WARNING:root:Disabling torch.compile for SSAFlexAttention call path because learnable score_mod captures can crash FlexAttention backward lowering in this PyTorch build.
WARNING:root:Disabling torch.compile for SSAFlexAttention call path because learnable score_mod captures can crash FlexAttention backward lowering in this PyTorch build.
WARNING:root:Disabling torch.compile for SSAFlexAttention call path because learnable score_mod captures can crash FlexAttention backward lowering in this PyTorch build.
WARNING:root:Disabling torch.compile for SSAFlexAttention call path because learnable score_mod captures can crash FlexAttention backward lowering in this PyTorch build.
WARNING:root:Disabling torch.compile for SSAFlexAttention call path because learnable score_mod captures can crash FlexAttention backward lowering in this PyTorch build.
WARNING:root:Disabling torch.compile for SSAFlexAttention call path because learnable score_mod captures can crash FlexAttention backward lowering in this PyTorch build.
WARNING:root:Disabling torch.compile for SSAFlexAttention call path because learnable score_mod captures can crash FlexAttention backward lowering in this PyTorch build.
WARNING:root:Disabling torch.compile for SSAFlexAttention call path because learnable score_mod captures can crash FlexAttention backward lowering in this PyTorch build.
WARNING:root:Disabling torch.compile for SSAFlexAttention call path because learnable score_mod captures can crash FlexAttention backward lowering in this PyTorch build.
WARNING:root:Disabling torch.compile for SSAFlexAttention call path because learnable score_mod captures can crash FlexAttention backward lowering in this PyTorch build.
WARNING:root:Disabling torch.compile for SSAFlexAttention call path because learnable score_mod captures can crash FlexAttention backward lowering in this PyTorch build.
WARNING:root:Disabling torch.compile for SSAFlexAttention call path because learnable score_mod captures can crash FlexAttention backward lowering in this PyTorch build.
WARNING:root:Disabling torch.compile for SSAFlexAttention call path because learnable score_mod captures can crash FlexAttention backward lowering in this PyTorch build.
WARNING:root:Disabling torch.compile for SSAFlexAttention call path because learnable score_mod captures can crash FlexAttention backward lowering in this PyTorch build.
WARNING:root:Disabling torch.compile for SSAFlexAttention call path because learnable score_mod captures can crash FlexAttention backward lowering in this PyTorch build.
WARNING:root:Disabling torch.compile for SSAFlexAttention call path because learnable score_mod captures can crash FlexAttention backward lowering in this PyTorch build.
WARNING:root:Disabling torch.compile for SSAFlexAttention call path because learnable score_mod captures can crash FlexAttention backward lowering in this PyTorch build.
WARNING:root:Disabling torch.compile for SSAFlexAttention call path because learnable score_mod captures can crash FlexAttention backward lowering in this PyTorch build.
WARNING:root:Disabling torch.compile for SSAFlexAttention call path because learnable score_mod captures can crash FlexAttention backward lowering in this PyTorch build.
WARNING:root:Disabling torch.compile for SSAFlexAttention call path because learnable score_mod captures can crash FlexAttention backward lowering in this PyTorch build.
WARNING:root:Disabling torch.compile for SSAFlexAttention call path because learnable score_mod captures can crash FlexAttention backward lowering in this PyTorch build.
WARNING:root:Disabling torch.compile for SSAFlexAttention call path because learnable score_mod captures can crash FlexAttention backward lowering in this PyTorch build.
WARNING:root:Disabling torch.compile for SSAFlexAttention call path because learnable score_mod captures can crash FlexAttention backward lowering in this PyTorch build.
WARNING:root:Disabling torch.compile for SSAFlexAttention call path because learnable score_mod captures can crash FlexAttention backward lowering in this PyTorch build.
WARNING:root:Disabling torch.compile for SSAFlexAttention call path because learnable score_mod captures can crash FlexAttention backward lowering in this PyTorch build.
WARNING:root:Disabling torch.compile for SSAFlexAttention call path because learnable score_mod captures can crash FlexAttention backward lowering in this PyTorch build.
WARNING:root:Disabling torch.compile for SSAFlexAttention call path because learnable score_mod captures can crash FlexAttention backward lowering in this PyTorch build.
WARNING:root:Disabling torch.compile for SSAFlexAttention call path because learnable score_mod captures can crash FlexAttention backward lowering in this PyTorch build.
WARNING:root:Disabling torch.compile for SSAFlexAttention call path because learnable score_mod captures can crash FlexAttention backward lowering in this PyTorch build.
WARNING:root:Disabling torch.compile for SSAFlexAttention call path because learnable score_mod captures can crash FlexAttention backward lowering in this PyTorch build.
WARNING:root:Disabling torch.compile for SSAFlexAttention call path because learnable score_mod captures can crash FlexAttention backward lowering in this PyTorch build.
WARNING:root:Disabling torch.compile for SSAFlexAttention call path because learnable score_mod captures can crash FlexAttention backward lowering in this PyTorch build.
WARNING:root:Disabling torch.compile for SSAFlexAttention call path because learnable score_mod captures can crash FlexAttention backward lowering in this PyTorch build.
WARNING:root:Disabling torch.compile for SSAFlexAttention call path because learnable score_mod captures can crash FlexAttention backward lowering in this PyTorch build.
WARNING:root:Disabling torch.compile for SSAFlexAttention call path because learnable score_mod captures can crash FlexAttention backward lowering in this PyTorch build.
WARNING:root:Disabling torch.compile for SSAFlexAttention call path because learnable score_mod captures can crash FlexAttention backward lowering in this PyTorch build.
WARNING:root:Disabling torch.compile for SSAFlexAttention call path because learnable score_mod captures can crash FlexAttention backward lowering in this PyTorch build.
INFO: LOCAL_RANK: 0 - CUDA_VISIBLE_DEVICES: [0,1]
INFO:lightning.pytorch.accelerators.cuda:LOCAL_RANK: 0 - CUDA_VISIBLE_DEVICES: [0,1]
WARNING:root:Disabling torch.compile for SSAFlexAttention call path because learnable score_mod captures can crash FlexAttention backward lowering in this PyTorch build.
WARNING:root:Disabling torch.compile for SSAFlexAttention call path because learnable score_mod captures can crash FlexAttention backward lowering in this PyTorch build.
WARNING:root:Disabling torch.compile for SSAFlexAttention call path because learnable score_mod captures can crash FlexAttention backward lowering in this PyTorch build.
WARNING:root:Disabling torch.compile for SSAFlexAttention call path because learnable score_mod captures can crash FlexAttention backward lowering in this PyTorch build.
WARNING:root:Disabling torch.compile for SSAFlexAttention call path because learnable score_mod captures can crash FlexAttention backward lowering in this PyTorch build.
WARNING:root:Disabling torch.compile for SSAFlexAttention call path because learnable score_mod captures can crash FlexAttention backward lowering in this PyTorch build.
WARNING:root:Disabling torch.compile for SSAFlexAttention call path because learnable score_mod captures can crash FlexAttention backward lowering in this PyTorch build.
WARNING:root:Disabling torch.compile for SSAFlexAttention call path because learnable score_mod captures can crash FlexAttention backward lowering in this PyTorch build.
WARNING:root:Disabling torch.compile for SSAFlexAttention call path because learnable score_mod captures can crash FlexAttention backward lowering in this PyTorch build.
WARNING:root:Disabling torch.compile for SSAFlexAttention call path because learnable score_mod captures can crash FlexAttention backward lowering in this PyTorch build.
WARNING:root:Disabling torch.compile for SSAFlexAttention call path because learnable score_mod captures can crash FlexAttention backward lowering in this PyTorch build.
INFO: LOCAL_RANK: 1 - CUDA_VISIBLE_DEVICES: [0,1]
INFO:lightning.pytorch.accelerators.cuda:LOCAL_RANK: 1 - CUDA_VISIBLE_DEVICES: [0,1]
WARNING:root:Disabling torch.compile for SSAFlexAttention call path because learnable score_mod captures can crash FlexAttention backward lowering in this PyTorch build.
WARNING:root:Disabling torch.compile for SSAFlexAttention call path because learnable score_mod captures can crash FlexAttention backward lowering in this PyTorch build.
WARNING:root:Disabling torch.compile for SSAFlexAttention call path because learnable score_mod captures can crash FlexAttention backward lowering in this PyTorch build.
WARNING:root:Disabling torch.compile for SSAFlexAttention call path because learnable score_mod captures can crash FlexAttention backward lowering in this PyTorch build.
WARNING:root:Disabling torch.compile for SSAFlexAttention call path because learnable score_mod captures can crash FlexAttention backward lowering in this PyTorch build.
INFO: LOCAL_RANK: 0 - CUDA_VISIBLE_DEVICES: [0,1]
INFO:lightning.pytorch.accelerators.cuda:LOCAL_RANK: 0 - CUDA_VISIBLE_DEVICES: [0,1]
WARNING:root:Disabling torch.compile for SSAFlexAttention call path because learnable score_mod captures can crash FlexAttention backward lowering in this PyTorch build.
WARNING:root:Disabling torch.compile for SSAFlexAttention call path because learnable score_mod captures can crash FlexAttention backward lowering in this PyTorch build.
WARNING:root:Disabling torch.compile for SSAFlexAttention call path because learnable score_mod captures can crash FlexAttention backward lowering in this PyTorch build.
WARNING:root:Disabling torch.compile for SSAFlexAttention call path because learnable score_mod captures can crash FlexAttention backward lowering in this PyTorch build.
WARNING:root:Disabling torch.compile for SSAFlexAttention call path because learnable score_mod captures can crash FlexAttention backward lowering in this PyTorch build.
WARNING:root:Disabling torch.compile for SSAFlexAttention call path because learnable score_mod captures can crash FlexAttention backward lowering in this PyTorch build.
INFO: LOCAL_RANK: 1 - CUDA_VISIBLE_DEVICES: [0,1]
INFO:lightning.pytorch.accelerators.cuda:LOCAL_RANK: 1 - CUDA_VISIBLE_DEVICES: [0,1]
WARNING:root:Disabling torch.compile for SSAFlexAttention call path because learnable score_mod captures can crash FlexAttention backward lowering in this PyTorch build.
INFO: LOCAL_RANK: 1 - CUDA_VISIBLE_DEVICES: [0,1]
INFO:lightning.pytorch.accelerators.cuda:LOCAL_RANK: 1 - CUDA_VISIBLE_DEVICES: [0,1]
WARNING:root:Disabling torch.compile for SSAFlexAttention call path because learnable score_mod captures can crash FlexAttention backward lowering in this PyTorch build.
INFO: LOCAL_RANK: 0 - CUDA_VISIBLE_DEVICES: [0,1]
INFO:lightning.pytorch.accelerators.cuda:LOCAL_RANK: 0 - CUDA_VISIBLE_DEVICES: [0,1]
INFO: LOCAL_RANK: 1 - CUDA_VISIBLE_DEVICES: [0,1]
INFO:lightning.pytorch.accelerators.cuda:LOCAL_RANK: 1 - CUDA_VISIBLE_DEVICES: [0,1]
INFO: LOCAL_RANK: 0 - CUDA_VISIBLE_DEVICES: [0,1]
INFO:lightning.pytorch.accelerators.cuda:LOCAL_RANK: 0 - CUDA_VISIBLE_DEVICES: [0,1]
INFO: LOCAL_RANK: 0 - CUDA_VISIBLE_DEVICES: [0,1]
INFO:lightning.pytorch.accelerators.cuda:LOCAL_RANK: 0 - CUDA_VISIBLE_DEVICES: [0,1]
INFO: LOCAL_RANK: 1 - CUDA_VISIBLE_DEVICES: [0,1]
INFO:lightning.pytorch.accelerators.cuda:LOCAL_RANK: 1 - CUDA_VISIBLE_DEVICES: [0,1]
[NeMo I 2026-02-11 18:10:50 nemo_logging:393] Copying Trainer's 'max_steps' (28) to LR scheduler's 'max_steps'.
[NeMo I 2026-02-11 18:10:50 num_microbatches_calculator:228] setting number of microbatches to constant 8
[NeMo I 2026-02-11 18:10:50 nemo_logging:393]  > number of parameters on (tensor, pipeline) model parallel rank (0 ,0): 114132768
[NeMo I 2026-02-11 18:10:50 utils:532] Setting up DistributedDataParallel with config DistributedDataParallelConfig(grad_reduce_in_fp32=True, overlap_grad_reduce=True, overlap_param_gather=True, align_param_gather=False, use_distributed_optimizer=True, num_distributed_optimizer_instances=1, check_for_nan_in_grad=True, check_for_large_grads=False, bucket_size=40000000, pad_buckets_for_high_nccl_busbw=False, average_in_collective=True, fp8_param_gather=False, use_custom_fsdp=False, data_parallel_sharding_strategy='no_shard', gradient_reduce_div_fusion=True, suggested_communication_unit_size=None, preserve_fp32_weights=True, keep_fp8_transpose_cache_when_using_custom_fsdp=False)
[NeMo I 2026-02-11 18:10:50 utils:553] Number of buckets for gradient all-reduce / reduce-scatter: 2
    Params for bucket 1 (40128144 elements, 40128384 padded size):
    	module.decoder.layers.10.self_attention.linear_qkv.weight
    	module.decoder.layers.10.input_layernorm.bias
    	module.decoder.layers.9.input_layernorm.weight
    	module.decoder.layers.7.self_attention.linear_qkv.weight
    	module.decoder.layers.7.input_layernorm.bias
    	module.decoder.layers.6.self_attention.core_attention.ssa_n_raw
    	module.decoder.layers.11.mlp.linear_fc1.weight
    	module.decoder.layers.11.input_layernorm.weight
    	module.decoder.layers.9.self_attention.linear_qkv.weight
    	module.decoder.layers.8.mlp.linear_fc1.weight
    	module.decoder.layers.8.input_layernorm.weight
    	module.decoder.layers.6.self_attention.linear_qkv.weight
    	module.decoder.layers.6.input_layernorm.bias
    	module.decoder.layers.11.self_attention.linear_proj.weight
    	module.decoder.layers.10.mlp.linear_fc1.weight
    	module.decoder.layers.10.input_layernorm.weight
    	module.decoder.layers.9.pre_mlp_layernorm.bias
    	module.decoder.layers.8.self_attention.linear_proj.weight
    	module.decoder.layers.7.mlp.linear_fc1.weight
    	module.decoder.layers.7.input_layernorm.weight
    	module.decoder.final_layernorm.bias
    	module.decoder.layers.11.mlp.linear_fc2.weight
    	module.decoder.layers.11.pre_mlp_layernorm.bias
    	module.decoder.layers.10.self_attention.linear_proj.weight
    	module.decoder.layers.9.mlp.linear_fc1.weight
    	module.decoder.layers.8.mlp.linear_fc2.weight
    	module.decoder.layers.8.pre_mlp_layernorm.bias
    	module.decoder.layers.7.self_attention.linear_proj.weight
    	module.decoder.layers.6.mlp.linear_fc1.weight
    	module.decoder.layers.6.input_layernorm.weight
    	module.decoder.layers.11.pre_mlp_layernorm.weight
    	module.decoder.layers.10.mlp.linear_fc2.weight
    	module.decoder.layers.10.pre_mlp_layernorm.bias
    	module.decoder.layers.8.pre_mlp_layernorm.weight
    	module.decoder.layers.7.mlp.linear_fc2.weight
    	module.decoder.layers.7.pre_mlp_layernorm.bias
    	module.decoder.layers.6.self_attention.linear_proj.weight
    	module.decoder.final_layernorm.weight
    	module.decoder.layers.10.pre_mlp_layernorm.weight
    	module.decoder.layers.9.mlp.linear_fc2.weight
    	module.decoder.layers.9.self_attention.core_attention.ssa_n_raw
    	module.decoder.layers.7.pre_mlp_layernorm.weight
    	module.decoder.layers.6.mlp.linear_fc2.weight
    	module.decoder.layers.6.pre_mlp_layernorm.bias
    	module.decoder.layers.11.self_attention.core_attention.ssa_n_raw
    	module.decoder.layers.9.pre_mlp_layernorm.weight
    	module.decoder.layers.9.input_layernorm.bias
    	module.decoder.layers.8.self_attention.core_attention.ssa_n_raw
    	module.decoder.layers.6.pre_mlp_layernorm.weight
    	module.decoder.layers.5.mlp.linear_fc2.weight
    	module.decoder.layers.10.self_attention.core_attention.ssa_n_raw
    	module.decoder.layers.11.self_attention.linear_qkv.weight
    	module.decoder.layers.11.input_layernorm.bias
    	module.decoder.layers.9.self_attention.linear_proj.weight
    	module.decoder.layers.8.self_attention.linear_qkv.weight
    	module.decoder.layers.8.input_layernorm.bias
    	module.decoder.layers.7.self_attention.core_attention.ssa_n_raw
    Params for bucket 2 (74004624 elements, 74004864 padded size):
    	module.decoder.layers.4.pre_mlp_layernorm.weight
    	module.decoder.layers.3.mlp.linear_fc2.weight
    	module.decoder.layers.3.pre_mlp_layernorm.bias
    	module.decoder.layers.2.self_attention.linear_proj.weight
    	module.decoder.layers.1.mlp.linear_fc1.weight
    	module.decoder.layers.1.input_layernorm.weight
    	module.decoder.layers.5.self_attention.core_attention.ssa_n_raw
    	module.decoder.layers.3.pre_mlp_layernorm.weight
    	module.decoder.layers.2.mlp.linear_fc2.weight
    	module.decoder.layers.2.pre_mlp_layernorm.bias
    	module.decoder.layers.1.self_attention.linear_proj.weight
    	module.decoder.layers.0.mlp.linear_fc1.weight
    	module.decoder.layers.5.self_attention.linear_qkv.weight
    	module.decoder.layers.5.input_layernorm.bias
    	module.decoder.layers.4.self_attention.core_attention.ssa_n_raw
    	module.decoder.layers.2.pre_mlp_layernorm.weight
    	module.decoder.layers.1.mlp.linear_fc2.weight
    	module.decoder.layers.1.pre_mlp_layernorm.bias
    	module.decoder.layers.0.self_attention.linear_proj.weight
    	module.decoder.layers.0.input_layernorm.bias
    	module.decoder.layers.4.self_attention.linear_qkv.weight
    	module.decoder.layers.4.input_layernorm.bias
    	module.decoder.layers.3.self_attention.core_attention.ssa_n_raw
    	module.decoder.layers.1.pre_mlp_layernorm.weight
    	module.decoder.layers.0.mlp.linear_fc2.weight
    	module.decoder.layers.5.mlp.linear_fc1.weight
    	module.decoder.layers.5.input_layernorm.weight
    	module.decoder.layers.3.self_attention.linear_qkv.weight
    	module.decoder.layers.3.input_layernorm.bias
    	module.decoder.layers.2.self_attention.core_attention.ssa_n_raw
    	module.decoder.layers.0.pre_mlp_layernorm.bias
    	module.decoder.layers.0.pre_mlp_layernorm.weight
    	module.decoder.layers.5.self_attention.linear_proj.weight
    	module.decoder.layers.4.mlp.linear_fc1.weight
    	module.decoder.layers.4.input_layernorm.weight
    	module.decoder.layers.2.self_attention.linear_qkv.weight
    	module.decoder.layers.2.input_layernorm.bias
    	module.decoder.layers.1.self_attention.core_attention.ssa_n_raw
    	module.decoder.layers.0.input_layernorm.weight
    	module.decoder.layers.5.pre_mlp_layernorm.bias
    	module.decoder.layers.4.self_attention.linear_proj.weight
    	module.decoder.layers.3.mlp.linear_fc1.weight
    	module.decoder.layers.3.input_layernorm.weight
    	module.decoder.layers.1.self_attention.linear_qkv.weight
    	module.decoder.layers.1.input_layernorm.bias
    	module.decoder.layers.5.pre_mlp_layernorm.weight
    	module.decoder.layers.4.mlp.linear_fc2.weight
    	module.decoder.layers.4.pre_mlp_layernorm.bias
    	module.decoder.layers.3.self_attention.linear_proj.weight
    	module.decoder.layers.2.mlp.linear_fc1.weight
    	module.decoder.layers.2.input_layernorm.weight
    	module.decoder.layers.0.self_attention.linear_qkv.weight
    	module.decoder.layers.0.self_attention.core_attention.ssa_n_raw
    	module.embedding.word_embeddings.weight
[NeMo I 2026-02-11 18:10:50 utils:532] Setting up optimizer with config OptimizerConfig(optimizer='adam', lr=0.0003, min_lr=None, decoupled_lr=None, decoupled_min_lr=None, weight_decay=0.1, fp16=False, bf16=True, params_dtype=torch.bfloat16, use_precision_aware_optimizer=False, main_grads_dtype=torch.float32, main_params_dtype=torch.float32, exp_avg_dtype=torch.float32, exp_avg_sq_dtype=torch.float32, loss_scale=None, initial_loss_scale=4294967296, min_loss_scale=1.0, loss_scale_window=1000, hysteresis=2, adam_beta1=0.9, adam_beta2=0.95, adam_eps=1e-05, sgd_momentum=0.9, use_distributed_optimizer=True, overlap_param_gather_with_optimizer_step=False, optimizer_cpu_offload=False, optimizer_offload_fraction=0.0, use_torch_optimizer_for_cpu_offload=False, overlap_cpu_optimizer_d2h_h2d=False, pin_cpu_grads=True, pin_cpu_params=True, clip_grad=1.0, log_num_zeros_in_grad=False, barrier_with_L1_time=False, timers=None, config_logger_dir='')
INFO: 
  | Name   | Type | Params | Mode 
----------------------------------------
0 | module | DDP  | 114 M  | train
----------------------------------------
114 M     Trainable params
0         Non-trainable params
114 M     Total params
456.531   Total estimated model params size (MB)
203       Modules in train mode
0         Modules in eval mode
INFO:lightning.pytorch.callbacks.model_summary:
  | Name   | Type | Params | Mode 
----------------------------------------
0 | module | DDP  | 114 M  | train
----------------------------------------
114 M     Trainable params
0         Non-trainable params
114 M     Total params
456.531   Total estimated model params size (MB)
203       Modules in train mode
0         Modules in eval mode
INFO: Restoring states from the checkpoint path at /tmpdir/m24047brmn/nemo_1b/output/baby_luciole-ssa-flex-test/checkpoints/baby_luciole-ssa-flex-test-step=0000008-last/weights
INFO:lightning.pytorch.utilities.rank_zero:Restoring states from the checkpoint path at /tmpdir/m24047brmn/nemo_1b/output/baby_luciole-ssa-flex-test/checkpoints/baby_luciole-ssa-flex-test-step=0000008-last/weights
[NeMo I 2026-02-11 18:10:50 nemo_logging:393] Using <megatron.core.dist_checkpointing.strategies.fully_parallel.FullyParallelLoadStrategyWrapper object at 0x400245bfec30> dist-ckpt load strategy.
[NeMo I 2026-02-11 18:10:56 nemo_logging:393] Global Checkpoint Load : Rank : 0 : Start time : 1770829850.159s : Time spent in load_checkpoint: 6.421s
INFO: *** Loaded DataModule state dict successfully. IGNORE PTL's warning below about the dataloader not being resumable. This is warning is expected because we are handling dataloader resumption manually in NeMo. ***
INFO:lightning.pytorch.utilities.rank_zero:*** Loaded DataModule state dict successfully. IGNORE PTL's warning below about the dataloader not being resumable. This is warning is expected because we are handling dataloader resumption manually in NeMo. ***
[NeMo I 2026-02-11 18:10:56 distrib_optimizer:784] Loading distributed optimizer sharded state of type fully_sharded_model_space
INFO: Restored all states from the checkpoint at /tmpdir/m24047brmn/nemo_1b/output/baby_luciole-ssa-flex-test/checkpoints/baby_luciole-ssa-flex-test-step=0000008-last/weights
INFO:lightning.pytorch.utilities.rank_zero:Restored all states from the checkpoint at /tmpdir/m24047brmn/nemo_1b/output/baby_luciole-ssa-flex-test/checkpoints/baby_luciole-ssa-flex-test-step=0000008-last/weights
INFO:root:Instantiating MegatronPretrainingSampler with total_samples: 9765624 and consumed_samples: 6912
INFO:root:Instantiating MegatronPretrainingSampler with total_samples: 9765624 and consumed_samples: 6912
INFO:root:Instantiating MegatronPretrainingSampler with total_samples: 9765624 and consumed_samples: 6912
INFO:root:Instantiating MegatronPretrainingSampler with total_samples: 9765624 and consumed_samples: 6912
INFO:root:Instantiating MegatronPretrainingSampler with total_samples: 9765624 and consumed_samples: 6912
INFO:root:Instantiating MegatronPretrainingSampler with total_samples: 9765624 and consumed_samples: 6912
INFO:root:Instantiating MegatronPretrainingSampler with total_samples: 9765624 and consumed_samples: 6912
INFO:root:Instantiating MegatronPretrainingSampler with total_samples: 9765624 and consumed_samples: 6912
INFO:root:Instantiating MegatronPretrainingSampler with total_samples: 9765624 and consumed_samples: 6912
INFO:root:Instantiating MegatronPretrainingSampler with total_samples: 9765624 and consumed_samples: 6912
INFO:root:Instantiating MegatronPretrainingSampler with total_samples: 9765624 and consumed_samples: 6912
INFO:root:Instantiating MegatronPretrainingSampler with total_samples: 9765624 and consumed_samples: 6912
[NeMo W 2026-02-11 18:11:02 nemo_logging:405] /usr/local/lib/python3.12/dist-packages/lightning/pytorch/loops/training_epoch_loop.py:161: You're resuming from a checkpoint that ended before the epoch ended and your dataloader is not resumable. This can cause unreliable results if further training is done. Consider using an end-of-epoch checkpoint or make your dataloader resumable by implementing the `state_dict` / `load_state_dict` interface.
    
[NeMo W 2026-02-11 18:14:00 rerun_state_machine:1264] Implicit initialization of Rerun State Machine!
[NeMo W 2026-02-11 18:14:00 rerun_state_machine:239] RerunStateMachine initialized in mode RerunMode.DISABLED
Training epoch 0, iteration 9/27 | lr: 5.988e-06 | consumed_samples: 7680 | global_batch_size: 768 | global_step: 9 | reduced_train_loss: 10.29
Training epoch 0, iteration 10/27 | lr: 6.587e-06 | consumed_samples: 8448 | global_batch_size: 768 | global_step: 10 | reduced_train_loss: 10.24
Training epoch 0, iteration 11/27 | lr: 7.186e-06 | consumed_samples: 9216 | global_batch_size: 768 | global_step: 11 | reduced_train_loss: 10.19
Training epoch 0, iteration 12/27 | lr: 7.784e-06 | consumed_samples: 9984 | global_batch_size: 768 | global_step: 12 | reduced_train_loss: 10.14
Training epoch 0, iteration 13/27 | lr: 8.383e-06 | consumed_samples: 10752 | global_batch_size: 768 | global_step: 13 | reduced_train_loss: 10.1
Training epoch 0, iteration 14/27 | lr: 8.982e-06 | consumed_samples: 11520 | global_batch_size: 768 | global_step: 14 | reduced_train_loss: 10.07
Training epoch 0, iteration 15/27 | lr: 9.581e-06 | consumed_samples: 12288 | global_batch_size: 768 | global_step: 15 | reduced_train_loss: 10.04
Training epoch 0, iteration 16/27 | lr: 1.018e-05 | consumed_samples: 13056 | global_batch_size: 768 | global_step: 16 | reduced_train_loss: 10.01
Training epoch 0, iteration 17/27 | lr: 1.078e-05 | consumed_samples: 13824 | global_batch_size: 768 | global_step: 17 | reduced_train_loss: 9.993
Training epoch 0, iteration 18/27 | lr: 1.138e-05 | consumed_samples: 14592 | global_batch_size: 768 | global_step: 18 | reduced_train_loss: 9.98
Training epoch 0, iteration 19/27 | lr: 1.198e-05 | consumed_samples: 15360 | global_batch_size: 768 | global_step: 19 | reduced_train_loss: 9.959
Training epoch 0, iteration 20/27 | lr: 1.257e-05 | consumed_samples: 16128 | global_batch_size: 768 | global_step: 20 | reduced_train_loss: 9.948
Training epoch 0, iteration 21/27 | lr: 1.317e-05 | consumed_samples: 16896 | global_batch_size: 768 | global_step: 21 | reduced_train_loss: 9.937
Training epoch 0, iteration 22/27 | lr: 1.377e-05 | consumed_samples: 17664 | global_batch_size: 768 | global_step: 22 | reduced_train_loss: 9.922
Training epoch 0, iteration 23/27 | lr: 1.437e-05 | consumed_samples: 18432 | global_batch_size: 768 | global_step: 23 | reduced_train_loss: 9.907
Training epoch 0, iteration 24/27 | lr: 1.497e-05 | consumed_samples: 19200 | global_batch_size: 768 | global_step: 24 | reduced_train_loss: 9.888
Training epoch 0, iteration 25/27 | lr: 1.557e-05 | consumed_samples: 19968 | global_batch_size: 768 | global_step: 25 | reduced_train_loss: 9.865
Training epoch 0, iteration 26/27 | lr: 1.617e-05 | consumed_samples: 20736 | global_batch_size: 768 | global_step: 26 | reduced_train_loss: 9.847
Training epoch 0, iteration 27/27 | lr: 1.677e-05 | consumed_samples: 21504 | global_batch_size: 768 | global_step: 27 | reduced_train_loss: 9.818
INFO: Epoch 0, global step 27: 'step' reached 27.00000 (best 27.00000), saving model to '/tmpdir/m24047brmn/nemo_1b/output/baby_luciole-ssa-flex-test/checkpoints/baby_luciole-ssa-flex-test-step=0000027.ckpt' as top 3
INFO:lightning.pytorch.utilities.rank_zero:Epoch 0, global step 27: 'step' reached 27.00000 (best 27.00000), saving model to '/tmpdir/m24047brmn/nemo_1b/output/baby_luciole-ssa-flex-test/checkpoints/baby_luciole-ssa-flex-test-step=0000027.ckpt' as top 3
[NeMo I 2026-02-11 18:57:58 nemo_logging:393] Using FullyParallelSaveStrategyWrapper(torch_dist, 1) dist-ckpt save strategy.
[NeMo W 2026-02-11 18:57:59 validation:389] There is difference in the common state dict in different ranks. The differences are {6: ([], [], [(('optimizer', 0, 'optimizer', 'param_groups', 1, 'step'), <class 'int'>, <class 'int'>)])}
[NeMo I 2026-02-11 18:58:17 nemo_logging:393] Global Checkpoint Save : Rank: 0 : Iteration: 25 : Start time: 1770832678.802s : Save duration: 18.921s
[NeMo I 2026-02-11 18:58:18 nemo_logging:393] Scheduled async checkpoint save for /tmpdir/m24047brmn/nemo_1b/output/baby_luciole-ssa-flex-test/checkpoints/baby_luciole-ssa-flex-test-step=0000027.ckpt
[NeMo W 2026-02-11 18:58:19 validation:389] There is difference in the common state dict in different ranks. The differences are {6: ([], [], [(('optimizer', 0, 'optimizer', 'param_groups', 1, 'step'), <class 'int'>, <class 'int'>)])}
[NeMo I 2026-02-11 18:58:19 nemo_logging:393] Global Checkpoint Save : Rank: 0 : Iteration: 25 : Start time: 1770832698.951s : Save duration: 0.612s
[NeMo I 2026-02-11 18:58:19 nemo_logging:393] Scheduled async checkpoint save for /tmpdir/m24047brmn/nemo_1b/output/baby_luciole-ssa-flex-test/checkpoints/baby_luciole-ssa-flex-test-step=0000027-last.ckpt
[NeMo I 2026-02-11 18:58:20 nemo_logging:393] Successfully saved checkpoint from iteration      25 to /tmpdir/m24047brmn/nemo_1b/output/baby_luciole-ssa-flex-test/checkpoints/baby_luciole-ssa-flex-test-step=0000027.ckpt
[NeMo I 2026-02-11 18:58:20 nemo_logging:393] Async checkpoint save for step 28 (/tmpdir/m24047brmn/nemo_1b/output/baby_luciole-ssa-flex-test/checkpoints/baby_luciole-ssa-flex-test-step=0000027.ckpt) finalized successfully.
[NeMo I 2026-02-11 18:58:20 nemo_logging:393] Async finalization time took 0.505 s
[NeMo I 2026-02-11 18:58:20 nemo_logging:393] Async finalization time took 0.012 s
INFO: `Trainer.fit` stopped: `max_steps=28` reached.
INFO:lightning.pytorch.utilities.rank_zero:`Trainer.fit` stopped: `max_steps=28` reached.
[NeMo I 2026-02-11 18:58:20 nemo_logging:393] Pending async checkpoint saves. Finalizing them synchronously now
[NeMo I 2026-02-11 18:58:20 nemo_logging:393] Successfully saved checkpoint from iteration      25 to /tmpdir/m24047brmn/nemo_1b/output/baby_luciole-ssa-flex-test/checkpoints/baby_luciole-ssa-flex-test-step=0000027-last.ckpt
[NeMo I 2026-02-11 18:58:20 nemo_logging:393] Async checkpoint save for step 28 (/tmpdir/m24047brmn/nemo_1b/output/baby_luciole-ssa-flex-test/checkpoints/baby_luciole-ssa-flex-test-step=0000027-last.ckpt) finalized successfully.
[NeMo I 2026-02-11 18:58:21 nemo_logging:393] Async finalization time took 0.871 s
INFO:__main__:Finished SSA FlexAttention training run.
INFO:__main__:Finished SSA FlexAttention training run.
INFO:__main__:Finished SSA FlexAttention training run.
INFO:__main__:Finished SSA FlexAttention training run.
INFO:__main__:Finished SSA FlexAttention training run.
INFO:__main__:Finished SSA FlexAttention training run.
INFO:__main__:Finished SSA FlexAttention training run.
INFO:__main__:Finished SSA FlexAttention training run.
INFO:__main__:Finished SSA FlexAttention training run.
INFO:__main__:Finished SSA FlexAttention training run.
INFO:__main__:Finished SSA FlexAttention training run.
INFO:__main__:Finished SSA FlexAttention training run.
===========================================
SSA FlexAttention Training finished with status 0
===========================================
