===========================================
Starting SSA FlexAttention Training
Datamix:     /tmpdir/m24047brmn/nemo_1b/data_fwe_50k/datamix_fineweb_edu_50k.json
Output:      /tmpdir/m24047brmn/nemo_1b/output
Nodes:       6
Duration:    00:24:00:00
SSA n:       1.5
SSA b:       0.8
SSA fixed:   0
Learnable b: 0
Backend:     FLASH
Compile:     1
===========================================
W0211 14:18:18.709000 2827971 torch/distributed/run.py:763] 
W0211 14:18:18.709000 2827971 torch/distributed/run.py:763] *****************************************
W0211 14:18:18.709000 2827971 torch/distributed/run.py:763] Setting OMP_NUM_THREADS environment variable for each process to be 1 in default, to avoid your system being overloaded, please further tune the variable for optimal performance in your application as needed. 
W0211 14:18:18.709000 2827971 torch/distributed/run.py:763] *****************************************
W0211 14:18:18.824000 2351921 torch/distributed/run.py:763] 
W0211 14:18:18.824000 2351921 torch/distributed/run.py:763] *****************************************
W0211 14:18:18.824000 2351921 torch/distributed/run.py:763] Setting OMP_NUM_THREADS environment variable for each process to be 1 in default, to avoid your system being overloaded, please further tune the variable for optimal performance in your application as needed. 
W0211 14:18:18.824000 2351921 torch/distributed/run.py:763] *****************************************
W0211 14:18:18.873000 2389131 torch/distributed/run.py:763] 
W0211 14:18:18.873000 2389131 torch/distributed/run.py:763] *****************************************
W0211 14:18:18.873000 2389131 torch/distributed/run.py:763] Setting OMP_NUM_THREADS environment variable for each process to be 1 in default, to avoid your system being overloaded, please further tune the variable for optimal performance in your application as needed. 
W0211 14:18:18.873000 2389131 torch/distributed/run.py:763] *****************************************
W0211 14:18:18.914000 1009990 torch/distributed/run.py:763] 
W0211 14:18:18.914000 1009990 torch/distributed/run.py:763] *****************************************
W0211 14:18:18.914000 1009990 torch/distributed/run.py:763] Setting OMP_NUM_THREADS environment variable for each process to be 1 in default, to avoid your system being overloaded, please further tune the variable for optimal performance in your application as needed. 
W0211 14:18:18.914000 1009990 torch/distributed/run.py:763] *****************************************
W0211 14:18:18.918000 3299204 torch/distributed/run.py:763] 
W0211 14:18:18.918000 3299204 torch/distributed/run.py:763] *****************************************
W0211 14:18:18.918000 3299204 torch/distributed/run.py:763] Setting OMP_NUM_THREADS environment variable for each process to be 1 in default, to avoid your system being overloaded, please further tune the variable for optimal performance in your application as needed. 
W0211 14:18:18.918000 3299204 torch/distributed/run.py:763] *****************************************
W0211 14:18:18.991000 3183569 torch/distributed/run.py:763] 
W0211 14:18:18.991000 3183569 torch/distributed/run.py:763] *****************************************
W0211 14:18:18.991000 3183569 torch/distributed/run.py:763] Setting OMP_NUM_THREADS environment variable for each process to be 1 in default, to avoid your system being overloaded, please further tune the variable for optimal performance in your application as needed. 
W0211 14:18:18.991000 3183569 torch/distributed/run.py:763] *****************************************
[rank: 10] Seed set to 1234
[rank: 11] Seed set to 1234
[rank: 2] Seed set to 1234
[rank: 3] Seed set to 1234
[rank: 5] Seed set to 1234
[rank: 4] Seed set to 1234
[rank: 6] Seed set to 1234
[rank: 7] Seed set to 1234
[rank: 0] Seed set to 1234
[rank: 1] Seed set to 1234
[rank: 9] Seed set to 1234
[rank: 8] Seed set to 1234
INFO:faiss.loader:Loading faiss.
INFO:faiss.loader:Loading faiss.
INFO:faiss.loader:Successfully loaded faiss.
INFO:faiss.loader:Loading faiss.
INFO:faiss.loader:Loading faiss.
INFO:faiss.loader:Successfully loaded faiss.
INFO:faiss.loader:Loading faiss.
INFO:faiss.loader:Loading faiss.
INFO:faiss.loader:Successfully loaded faiss.
INFO:faiss.loader:Loading faiss.
INFO:faiss.loader:Loading faiss.
INFO:faiss.loader:Successfully loaded faiss.
INFO:faiss.loader:Loading faiss.
INFO:faiss.loader:Loading faiss.
INFO:faiss.loader:Successfully loaded faiss.
INFO:faiss.loader:Successfully loaded faiss.
INFO:faiss.loader:Successfully loaded faiss.
INFO:faiss.loader:Successfully loaded faiss.
INFO:faiss.loader:Loading faiss.
INFO:faiss.loader:Loading faiss.
INFO:faiss.loader:Successfully loaded faiss.
INFO:faiss.loader:Successfully loaded faiss.
INFO:faiss.loader:Successfully loaded faiss.
INFO:faiss.loader:Successfully loaded faiss.
[NeMo W 2026-02-11 14:18:54 nemo_logging:405] /usr/local/lib/python3.12/dist-packages/pydub/utils.py:170: RuntimeWarning: Couldn't find ffmpeg or avconv - defaulting to ffmpeg, but may not work
      warn("Couldn't find ffmpeg or avconv - defaulting to ffmpeg, but may not work", RuntimeWarning)
    
INFO:datasets:PyTorch version 2.7.0a0+7c8ec84dab.nv25.3 available.
INFO:datasets:Polars version 1.21.0 available.
INFO:datasets:PyTorch version 2.7.0a0+7c8ec84dab.nv25.3 available.
INFO:datasets:Polars version 1.21.0 available.
INFO:datasets:PyTorch version 2.7.0a0+7c8ec84dab.nv25.3 available.
INFO:datasets:Polars version 1.21.0 available.
INFO:datasets:PyTorch version 2.7.0a0+7c8ec84dab.nv25.3 available.
INFO:datasets:Polars version 1.21.0 available.
INFO:datasets:PyTorch version 2.7.0a0+7c8ec84dab.nv25.3 available.
INFO:datasets:Polars version 1.21.0 available.
INFO:datasets:PyTorch version 2.7.0a0+7c8ec84dab.nv25.3 available.
INFO:datasets:Polars version 1.21.0 available.
INFO:datasets:PyTorch version 2.7.0a0+7c8ec84dab.nv25.3 available.
INFO:datasets:Polars version 1.21.0 available.
INFO:datasets:PyTorch version 2.7.0a0+7c8ec84dab.nv25.3 available.
INFO:datasets:Polars version 1.21.0 available.
INFO:datasets:PyTorch version 2.7.0a0+7c8ec84dab.nv25.3 available.
INFO:datasets:Polars version 1.21.0 available.
INFO:datasets:PyTorch version 2.7.0a0+7c8ec84dab.nv25.3 available.
INFO:datasets:Polars version 1.21.0 available.
INFO:datasets:PyTorch version 2.7.0a0+7c8ec84dab.nv25.3 available.
INFO:datasets:Polars version 1.21.0 available.
INFO:datasets:PyTorch version 2.7.0a0+7c8ec84dab.nv25.3 available.
INFO:datasets:Polars version 1.21.0 available.
INFO:utils:{'tokenizer': '/work/m24047/m24047brmn/tokenizers/luciole_50k', 'data_path': '/tmpdir/m24047brmn/nemo_1b/data_fwe_50k', 'total_tokens': 10000000000, 'train': [{'name': 'fineweb_edu_text_document', 'weight': 1.0}]}
INFO:utils:{'tokenizer': '/work/m24047/m24047brmn/tokenizers/luciole_50k', 'data_path': '/tmpdir/m24047brmn/nemo_1b/data_fwe_50k', 'total_tokens': 10000000000, 'train': [{'name': 'fineweb_edu_text_document', 'weight': 1.0}]}
INFO:utils:Find tokenizer: /work/m24047/m24047brmn/tokenizers/luciole_50k
INFO:__main__:Global batch size: 768
INFO:__main__:Sequence length: 1024
INFO:__main__:Tokens per batch: 786432
INFO:__main__:Total tokens in datamix: 10000000000
INFO:__main__:Using provided global_max_steps: 60000
INFO:__main__:Patched megatron.core.optimizer (accepted params: {'no_weight_decay_cond', 'model_chunks', 'lr_mult', 'use_gloo_process_groups', 'scale_lr_cond', 'config'})
INFO:utils:Find tokenizer: /work/m24047/m24047brmn/tokenizers/luciole_50k
INFO:__main__:Global batch size: 768
INFO:__main__:Sequence length: 1024
INFO:__main__:Tokens per batch: 786432
INFO:__main__:Total tokens in datamix: 10000000000
INFO:__main__:Using provided global_max_steps: 60000
INFO:__main__:Patched megatron.core.optimizer (accepted params: {'use_gloo_process_groups', 'model_chunks', 'config', 'no_weight_decay_cond', 'scale_lr_cond', 'lr_mult'})
INFO:utils:{'tokenizer': '/work/m24047/m24047brmn/tokenizers/luciole_50k', 'data_path': '/tmpdir/m24047brmn/nemo_1b/data_fwe_50k', 'total_tokens': 10000000000, 'train': [{'name': 'fineweb_edu_text_document', 'weight': 1.0}]}
INFO:utils:{'tokenizer': '/work/m24047/m24047brmn/tokenizers/luciole_50k', 'data_path': '/tmpdir/m24047brmn/nemo_1b/data_fwe_50k', 'total_tokens': 10000000000, 'train': [{'name': 'fineweb_edu_text_document', 'weight': 1.0}]}
INFO:utils:Find tokenizer: /work/m24047/m24047brmn/tokenizers/luciole_50k
INFO:__main__:Global batch size: 768
INFO:__main__:Sequence length: 1024
INFO:__main__:Tokens per batch: 786432
INFO:__main__:Total tokens in datamix: 10000000000
INFO:__main__:Using provided global_max_steps: 60000
INFO:__main__:Patched megatron.core.optimizer (accepted params: {'model_chunks', 'use_gloo_process_groups', 'no_weight_decay_cond', 'scale_lr_cond', 'lr_mult', 'config'})
INFO:utils:Find tokenizer: /work/m24047/m24047brmn/tokenizers/luciole_50k
INFO:__main__:Global batch size: 768
INFO:__main__:Sequence length: 1024
INFO:__main__:Tokens per batch: 786432
INFO:__main__:Total tokens in datamix: 10000000000
INFO:__main__:Using provided global_max_steps: 60000
INFO:__main__:Patched megatron.core.optimizer (accepted params: {'model_chunks', 'no_weight_decay_cond', 'use_gloo_process_groups', 'scale_lr_cond', 'config', 'lr_mult'})
INFO:utils:{'tokenizer': '/work/m24047/m24047brmn/tokenizers/luciole_50k', 'data_path': '/tmpdir/m24047brmn/nemo_1b/data_fwe_50k', 'total_tokens': 10000000000, 'train': [{'name': 'fineweb_edu_text_document', 'weight': 1.0}]}
INFO:utils:{'tokenizer': '/work/m24047/m24047brmn/tokenizers/luciole_50k', 'data_path': '/tmpdir/m24047brmn/nemo_1b/data_fwe_50k', 'total_tokens': 10000000000, 'train': [{'name': 'fineweb_edu_text_document', 'weight': 1.0}]}
INFO:utils:Find tokenizer: /work/m24047/m24047brmn/tokenizers/luciole_50k
INFO:__main__:Global batch size: 768
INFO:__main__:Sequence length: 1024
INFO:__main__:Tokens per batch: 786432
INFO:__main__:Total tokens in datamix: 10000000000
INFO:__main__:Using provided global_max_steps: 60000
INFO:__main__:Patched megatron.core.optimizer (accepted params: {'use_gloo_process_groups', 'model_chunks', 'no_weight_decay_cond', 'lr_mult', 'config', 'scale_lr_cond'})
INFO:utils:Find tokenizer: /work/m24047/m24047brmn/tokenizers/luciole_50k
INFO:__main__:Global batch size: 768
INFO:__main__:Sequence length: 1024
INFO:__main__:Tokens per batch: 786432
INFO:__main__:Total tokens in datamix: 10000000000
INFO:__main__:Using provided global_max_steps: 60000
INFO:__main__:Patched megatron.core.optimizer (accepted params: {'model_chunks', 'no_weight_decay_cond', 'lr_mult', 'config', 'use_gloo_process_groups', 'scale_lr_cond'})
INFO:utils:{'tokenizer': '/work/m24047/m24047brmn/tokenizers/luciole_50k', 'data_path': '/tmpdir/m24047brmn/nemo_1b/data_fwe_50k', 'total_tokens': 10000000000, 'train': [{'name': 'fineweb_edu_text_document', 'weight': 1.0}]}
INFO:utils:{'tokenizer': '/work/m24047/m24047brmn/tokenizers/luciole_50k', 'data_path': '/tmpdir/m24047brmn/nemo_1b/data_fwe_50k', 'total_tokens': 10000000000, 'train': [{'name': 'fineweb_edu_text_document', 'weight': 1.0}]}
INFO:utils:Find tokenizer: /work/m24047/m24047brmn/tokenizers/luciole_50k
INFO:__main__:Global batch size: 768
INFO:__main__:Sequence length: 1024
INFO:__main__:Tokens per batch: 786432
INFO:__main__:Total tokens in datamix: 10000000000
INFO:__main__:Using provided global_max_steps: 60000
INFO:__main__:Patched megatron.core.optimizer (accepted params: {'model_chunks', 'no_weight_decay_cond', 'config', 'lr_mult', 'use_gloo_process_groups', 'scale_lr_cond'})
INFO:utils:Find tokenizer: /work/m24047/m24047brmn/tokenizers/luciole_50k
INFO:__main__:Global batch size: 768
INFO:__main__:Sequence length: 1024
INFO:__main__:Tokens per batch: 786432
INFO:__main__:Total tokens in datamix: 10000000000
INFO:__main__:Using provided global_max_steps: 60000
INFO:__main__:Patched megatron.core.optimizer (accepted params: {'config', 'no_weight_decay_cond', 'scale_lr_cond', 'use_gloo_process_groups', 'model_chunks', 'lr_mult'})
INFO:utils:{'tokenizer': '/work/m24047/m24047brmn/tokenizers/luciole_50k', 'data_path': '/tmpdir/m24047brmn/nemo_1b/data_fwe_50k', 'total_tokens': 10000000000, 'train': [{'name': 'fineweb_edu_text_document', 'weight': 1.0}]}
INFO:utils:{'tokenizer': '/work/m24047/m24047brmn/tokenizers/luciole_50k', 'data_path': '/tmpdir/m24047brmn/nemo_1b/data_fwe_50k', 'total_tokens': 10000000000, 'train': [{'name': 'fineweb_edu_text_document', 'weight': 1.0}]}
INFO:utils:Find tokenizer: /work/m24047/m24047brmn/tokenizers/luciole_50k
INFO:__main__:Global batch size: 768
INFO:__main__:Sequence length: 1024
INFO:__main__:Tokens per batch: 786432
INFO:__main__:Total tokens in datamix: 10000000000
INFO:__main__:Using provided global_max_steps: 60000
INFO:__main__:Patched megatron.core.optimizer (accepted params: {'config', 'use_gloo_process_groups', 'model_chunks', 'no_weight_decay_cond', 'lr_mult', 'scale_lr_cond'})
INFO:utils:Find tokenizer: /work/m24047/m24047brmn/tokenizers/luciole_50k
INFO:__main__:Global batch size: 768
INFO:__main__:Sequence length: 1024
INFO:__main__:Tokens per batch: 786432
INFO:__main__:Total tokens in datamix: 10000000000
INFO:__main__:Using provided global_max_steps: 60000
INFO:__main__:Patched megatron.core.optimizer (accepted params: {'lr_mult', 'model_chunks', 'scale_lr_cond', 'no_weight_decay_cond', 'config', 'use_gloo_process_groups'})
INFO:utils:{'tokenizer': '/work/m24047/m24047brmn/tokenizers/luciole_50k', 'data_path': '/tmpdir/m24047brmn/nemo_1b/data_fwe_50k', 'total_tokens': 10000000000, 'train': [{'name': 'fineweb_edu_text_document', 'weight': 1.0}]}
INFO:utils:{'tokenizer': '/work/m24047/m24047brmn/tokenizers/luciole_50k', 'data_path': '/tmpdir/m24047brmn/nemo_1b/data_fwe_50k', 'total_tokens': 10000000000, 'train': [{'name': 'fineweb_edu_text_document', 'weight': 1.0}]}
INFO:utils:Find tokenizer: /work/m24047/m24047brmn/tokenizers/luciole_50k
INFO:__main__:Global batch size: 768
INFO:__main__:Sequence length: 1024
INFO:__main__:Tokens per batch: 786432
INFO:__main__:Total tokens in datamix: 10000000000
INFO:__main__:Using provided global_max_steps: 60000
INFO:__main__:Patched megatron.core.optimizer (accepted params: {'model_chunks', 'config', 'no_weight_decay_cond', 'scale_lr_cond', 'use_gloo_process_groups', 'lr_mult'})
[NeMo I 2026-02-11 14:19:02 nemo_logging:393] Getting HuggingFace AutoTokenizer with pretrained_model_name: /work/m24047/m24047brmn/tokenizers/luciole_50k, vocab_file: None, merges_files: None, special_tokens_dict: {}, and use_fast: True
INFO:utils:Find tokenizer: /work/m24047/m24047brmn/tokenizers/luciole_50k
INFO:__main__:Global batch size: 768
INFO:__main__:Sequence length: 1024
INFO:__main__:Tokens per batch: 786432
INFO:__main__:Total tokens in datamix: 10000000000
INFO:__main__:Using provided global_max_steps: 60000
INFO:__main__:Patched megatron.core.optimizer (accepted params: {'use_gloo_process_groups', 'model_chunks', 'scale_lr_cond', 'lr_mult', 'config', 'no_weight_decay_cond'})
INFO:__main__:SSA FlexAttention: n=1.500, b=0.800, learnable_n=True, learnable_b=False, compile=True, bda_compile=True, backend=FLASH, fp32_score_mod=False
INFO:__main__:SSA FlexAttention: n=1.500, b=0.800, learnable_n=True, learnable_b=False, compile=True, bda_compile=True, backend=FLASH, fp32_score_mod=False
INFO:__main__:Training from scratch, trainer.max_steps = 5
INFO:__main__:Training from scratch, trainer.max_steps = 5
INFO:__main__:LR scheduler max_steps = 60000, warmup_steps = 500
INFO:__main__:LR scheduler max_steps = 60000, warmup_steps = 500
INFO:__main__:SSA FlexAttention: n=1.500, b=0.800, learnable_n=True, learnable_b=False, compile=True, bda_compile=True, backend=FLASH, fp32_score_mod=False
INFO:__main__:SSA FlexAttention: n=1.500, b=0.800, learnable_n=True, learnable_b=False, compile=True, bda_compile=True, backend=FLASH, fp32_score_mod=False
INFO:__main__:SSA FlexAttention: n=1.500, b=0.800, learnable_n=True, learnable_b=False, compile=True, bda_compile=True, backend=FLASH, fp32_score_mod=False
INFO:__main__:Training from scratch, trainer.max_steps = 5
INFO:__main__:Training from scratch, trainer.max_steps = 5
INFO:__main__:LR scheduler max_steps = 60000, warmup_steps = 500
INFO:__main__:LR scheduler max_steps = 60000, warmup_steps = 500
INFO:__main__:SSA FlexAttention: n=1.500, b=0.800, learnable_n=True, learnable_b=False, compile=True, bda_compile=True, backend=FLASH, fp32_score_mod=False
INFO:__main__:Training from scratch, trainer.max_steps = 5
INFO:__main__:Training from scratch, trainer.max_steps = 5
INFO:__main__:LR scheduler max_steps = 60000, warmup_steps = 500
INFO:__main__:LR scheduler max_steps = 60000, warmup_steps = 500
INFO:utils:Config saved to /tmpdir/m24047brmn/nemo_1b/output/job_76808/config_baby_luciole-ssa-flex-test.json
INFO:utils:Config saved to /tmpdir/m24047brmn/nemo_1b/output/job_76808/config_baby_luciole-ssa-flex-test.json
INFO:__main__:SSA FlexAttention: n=1.500, b=0.800, learnable_n=True, learnable_b=False, compile=True, bda_compile=True, backend=FLASH, fp32_score_mod=False
INFO:__main__:SSA FlexAttention: n=1.500, b=0.800, learnable_n=True, learnable_b=False, compile=True, bda_compile=True, backend=FLASH, fp32_score_mod=False
INFO:__main__:SSA FlexAttention: n=1.500, b=0.800, learnable_n=True, learnable_b=False, compile=True, bda_compile=True, backend=FLASH, fp32_score_mod=False
INFO:__main__:Training from scratch, trainer.max_steps = 5
INFO:__main__:Training from scratch, trainer.max_steps = 5
INFO:__main__:LR scheduler max_steps = 60000, warmup_steps = 500
INFO:__main__:SSA FlexAttention: n=1.500, b=0.800, learnable_n=True, learnable_b=False, compile=True, bda_compile=True, backend=FLASH, fp32_score_mod=False
INFO:__main__:LR scheduler max_steps = 60000, warmup_steps = 500
INFO:__main__:Training from scratch, trainer.max_steps = 5
INFO:__main__:Training from scratch, trainer.max_steps = 5
INFO:__main__:LR scheduler max_steps = 60000, warmup_steps = 500
INFO:__main__:LR scheduler max_steps = 60000, warmup_steps = 500
INFO:__main__:SSA FlexAttention: n=1.500, b=0.800, learnable_n=True, learnable_b=False, compile=True, bda_compile=True, backend=FLASH, fp32_score_mod=False
INFO:__main__:SSA FlexAttention: n=1.500, b=0.800, learnable_n=True, learnable_b=False, compile=True, bda_compile=True, backend=FLASH, fp32_score_mod=False
INFO:__main__:Training from scratch, trainer.max_steps = 5
INFO:__main__:Training from scratch, trainer.max_steps = 5
INFO:__main__:LR scheduler max_steps = 60000, warmup_steps = 500
INFO:__main__:LR scheduler max_steps = 60000, warmup_steps = 500
INFO:utils:Config saved to /tmpdir/m24047brmn/nemo_1b/output/job_76808/config_baby_luciole-ssa-flex-test.json
INFO:utils:Config saved to /tmpdir/m24047brmn/nemo_1b/output/job_76808/config_baby_luciole-ssa-flex-test.json
INFO:utils:Config saved to /tmpdir/m24047brmn/nemo_1b/output/job_76808/config_baby_luciole-ssa-flex-test.json
INFO:utils:Config saved to /tmpdir/m24047brmn/nemo_1b/output/job_76808/config_baby_luciole-ssa-flex-test.json
INFO:nemo.lightning.pytorch.strategies.megatron_strategy:Initializing distributed: GLOBAL_RANK: 2, MEMBER: 3/12
INFO:utils:Config saved to /tmpdir/m24047brmn/nemo_1b/output/job_76808/config_baby_luciole-ssa-flex-test.json
INFO:utils:Config saved to /tmpdir/m24047brmn/nemo_1b/output/job_76808/config_baby_luciole-ssa-flex-test.json
INFO:utils:Config saved to /tmpdir/m24047brmn/nemo_1b/output/job_76808/config_baby_luciole-ssa-flex-test.json
INFO:utils:Config saved to /tmpdir/m24047brmn/nemo_1b/output/job_76808/config_baby_luciole-ssa-flex-test.json
INFO:utils:Config saved to /tmpdir/m24047brmn/nemo_1b/output/job_76808/config_baby_luciole-ssa-flex-test.json
INFO:utils:Config saved to /tmpdir/m24047brmn/nemo_1b/output/job_76808/config_baby_luciole-ssa-flex-test.json
INFO:nemo.lightning.pytorch.strategies.megatron_strategy:Initializing distributed: GLOBAL_RANK: 4, MEMBER: 5/12
INFO:nemo.lightning.pytorch.strategies.megatron_strategy:Initializing distributed: GLOBAL_RANK: 10, MEMBER: 11/12
INFO:nemo.lightning.pytorch.strategies.megatron_strategy:Initializing distributed: GLOBAL_RANK: 3, MEMBER: 4/12
INFO:nemo.lightning.pytorch.strategies.megatron_strategy:Initializing distributed: GLOBAL_RANK: 6, MEMBER: 7/12
INFO:nemo.lightning.pytorch.strategies.megatron_strategy:Initializing distributed: GLOBAL_RANK: 8, MEMBER: 9/12
INFO: GPU available: True (cuda), used: True
INFO:lightning.pytorch.utilities.rank_zero:GPU available: True (cuda), used: True
INFO: TPU available: False, using: 0 TPU cores
INFO:lightning.pytorch.utilities.rank_zero:TPU available: False, using: 0 TPU cores
INFO: HPU available: False, using: 0 HPUs
INFO:lightning.pytorch.utilities.rank_zero:HPU available: False, using: 0 HPUs
[NeMo W 2026-02-11 14:19:06 nemo_logging:405] No version folders would be created under the log folder as 'resume_if_exists' is enabled.
[NeMo I 2026-02-11 14:19:06 nemo_logging:393] Experiments will be logged at /tmpdir/m24047brmn/nemo_1b/output/baby_luciole-ssa-flex-test
[NeMo W 2026-02-11 14:19:06 nemo_logging:405] "update_logger_directory" is True. Overwriting tensorboard logger "save_dir" to /tmpdir/m24047brmn/nemo_1b/output/tb_logs
[NeMo W 2026-02-11 14:19:06 nemo_logging:405] The Trainer already contains a ModelCheckpoint callback. This will be overwritten.
[NeMo W 2026-02-11 14:19:06 nemo_logging:405] There were no checkpoints found in checkpoint_dir or no checkpoint folder at checkpoint_dir :/tmpdir/m24047brmn/nemo_1b/output/baby_luciole-ssa-flex-test/checkpoints. Training from scratch.
[NeMo I 2026-02-11 14:19:06 nemo_logging:393] Fixing mis-match between ddp-config & mcore-optimizer config
[NeMo I 2026-02-11 14:19:06 nemo_logging:393] Rank 0 has data parallel group : [0, 1, 2, 3, 4, 5, 6, 7, 8, 9, 10, 11]
[NeMo I 2026-02-11 14:19:06 nemo_logging:393] Rank 0 has combined group of data parallel and context parallel : [0, 1, 2, 3, 4, 5, 6, 7, 8, 9, 10, 11]
[NeMo I 2026-02-11 14:19:06 nemo_logging:393] All data parallel group ranks with context parallel combined: [[0, 1, 2, 3, 4, 5, 6, 7, 8, 9, 10, 11]]
[NeMo I 2026-02-11 14:19:06 nemo_logging:393] Ranks 0 has data parallel rank: 0
[NeMo I 2026-02-11 14:19:06 nemo_logging:393] Rank 0 has context parallel group: [0]
[NeMo I 2026-02-11 14:19:06 nemo_logging:393] All context parallel group ranks: [[0], [1], [2], [3], [4], [5], [6], [7], [8], [9], [10], [11]]
[NeMo I 2026-02-11 14:19:06 nemo_logging:393] Ranks 0 has context parallel rank: 0
[NeMo I 2026-02-11 14:19:06 nemo_logging:393] Rank 0 has model parallel group: [0]
[NeMo I 2026-02-11 14:19:06 nemo_logging:393] All model parallel group ranks: [[0], [1], [2], [3], [4], [5], [6], [7], [8], [9], [10], [11]]
[NeMo I 2026-02-11 14:19:06 nemo_logging:393] Rank 0 has tensor model parallel group: [0]
[NeMo I 2026-02-11 14:19:06 nemo_logging:393] All tensor model parallel group ranks: [[0], [1], [2], [3], [4], [5], [6], [7], [8], [9], [10], [11]]
[NeMo I 2026-02-11 14:19:06 nemo_logging:393] Rank 0 has tensor model parallel rank: 0
[NeMo I 2026-02-11 14:19:06 nemo_logging:393] Rank 0 has pipeline model parallel group: [0]
[NeMo I 2026-02-11 14:19:06 nemo_logging:393] Rank 0 has embedding group: [0]
[NeMo I 2026-02-11 14:19:06 nemo_logging:393] All pipeline model parallel group ranks: [[0], [1], [2], [3], [4], [5], [6], [7], [8], [9], [10], [11]]
[NeMo I 2026-02-11 14:19:06 nemo_logging:393] Rank 0 has pipeline model parallel rank 0
[NeMo I 2026-02-11 14:19:06 nemo_logging:393] All embedding group ranks: [[0], [1], [2], [3], [4], [5], [6], [7], [8], [9], [10], [11]]
[NeMo I 2026-02-11 14:19:06 nemo_logging:393] Rank 0 has embedding rank: 0
INFO:nemo.lightning.pytorch.strategies.megatron_strategy:Initializing distributed: GLOBAL_RANK: 0, MEMBER: 1/12
INFO: ----------------------------------------------------------------------------------------------------
distributed_backend=nccl
All distributed processes registered. Starting with 12 processes
----------------------------------------------------------------------------------------------------

INFO:lightning.pytorch.utilities.rank_zero:----------------------------------------------------------------------------------------------------
distributed_backend=nccl
All distributed processes registered. Starting with 12 processes
----------------------------------------------------------------------------------------------------

INFO:nemo.lightning.pytorch.strategies.megatron_strategy:Initializing distributed: GLOBAL_RANK: 5, MEMBER: 6/12
INFO:nemo.lightning.pytorch.strategies.megatron_strategy:Initializing distributed: GLOBAL_RANK: 11, MEMBER: 12/12
INFO:nemo.lightning.pytorch.strategies.megatron_strategy:Initializing distributed: GLOBAL_RANK: 7, MEMBER: 8/12
INFO:nemo.lightning.pytorch.strategies.megatron_strategy:Initializing distributed: GLOBAL_RANK: 9, MEMBER: 10/12
INFO:nemo.lightning.pytorch.strategies.megatron_strategy:Initializing distributed: GLOBAL_RANK: 1, MEMBER: 2/12
[NeMo I 2026-02-11 14:19:10 utils:532] Let split_matrix = [(0, 1.0), None, None]
[NeMo I 2026-02-11 14:19:10 utils:532] Building GPTDataset splits with sizes=[3840, 0, 24576] and config=GPTDatasetConfig(random_seed=1234, sequence_length=1024, blend=[['/tmpdir/m24047brmn/nemo_1b/data_fwe_50k/fineweb_edu_text_document'], None], blend_per_split=None, split='1,0,0', split_matrix=[(0, 1.0), None, None], num_dataset_builder_threads=1, path_to_cache='/tmpdir/m24047brmn/nemo_1b/output/index_mapping', mmap_bin_files=True, mock=False, tokenizer=<nemo.collections.common.tokenizers.huggingface.auto_tokenizer.AutoTokenizer object at 0x400129f68530>, reset_position_ids=False, reset_attention_mask=False, eod_mask_loss=False, create_attention_mask=False, drop_last_partial_validation_sequence=True, add_extra_token_to_sequence=True, s3_cache_path=None)
[NeMo I 2026-02-11 14:19:10 utils:532] Load the _IndexReader from /tmpdir/m24047brmn/nemo_1b/data_fwe_50k/fineweb_edu_text_document.idx
[NeMo I 2026-02-11 14:19:10 utils:532] 	Extract the sequence lengths
[NeMo I 2026-02-11 14:19:10 utils:532] 	Extract the sequence pointers
[NeMo I 2026-02-11 14:19:10 utils:532] 	Extract the document indices
[NeMo I 2026-02-11 14:19:10 utils:532] > total number of sequences: 9564453
[NeMo I 2026-02-11 14:19:10 utils:532] > total number of documents: 9564453
[NeMo I 2026-02-11 14:19:10 utils:532] Load the GPTDataset train indices
[NeMo I 2026-02-11 14:19:10 utils:532] 	Load the document index from 6e30519c22a747dc0e4d3c154a1334b7-GPTDataset-train-document_index.npy
[NeMo I 2026-02-11 14:19:10 utils:532] 	Load the sample index from 6e30519c22a747dc0e4d3c154a1334b7-GPTDataset-train-sample_index.npy
[NeMo I 2026-02-11 14:19:10 utils:532] 	Load the shuffle index from 6e30519c22a747dc0e4d3c154a1334b7-GPTDataset-train-shuffle_index.npy
[NeMo I 2026-02-11 14:19:11 utils:532] > total number of samples: 9765624
[NeMo I 2026-02-11 14:19:11 nemo_logging:393] Use preset vocab_size: 50256, original vocab_size: 50256, dummy tokens: 0.
WARNING:root:Disabling torch.compile for SSAFlexAttention call path because learnable score_mod captures can crash FlexAttention backward lowering in this PyTorch build.
WARNING:root:Disabling torch.compile for SSAFlexAttention call path because learnable score_mod captures can crash FlexAttention backward lowering in this PyTorch build.
WARNING:root:Disabling torch.compile for SSAFlexAttention call path because learnable score_mod captures can crash FlexAttention backward lowering in this PyTorch build.
WARNING:root:Disabling torch.compile for SSAFlexAttention call path because learnable score_mod captures can crash FlexAttention backward lowering in this PyTorch build.
WARNING:root:Disabling torch.compile for SSAFlexAttention call path because learnable score_mod captures can crash FlexAttention backward lowering in this PyTorch build.
WARNING:root:Disabling torch.compile for SSAFlexAttention call path because learnable score_mod captures can crash FlexAttention backward lowering in this PyTorch build.
WARNING:root:Disabling torch.compile for SSAFlexAttention call path because learnable score_mod captures can crash FlexAttention backward lowering in this PyTorch build.
WARNING:root:Disabling torch.compile for SSAFlexAttention call path because learnable score_mod captures can crash FlexAttention backward lowering in this PyTorch build.
WARNING:root:Disabling torch.compile for SSAFlexAttention call path because learnable score_mod captures can crash FlexAttention backward lowering in this PyTorch build.
WARNING:root:Disabling torch.compile for SSAFlexAttention call path because learnable score_mod captures can crash FlexAttention backward lowering in this PyTorch build.
WARNING:root:Disabling torch.compile for SSAFlexAttention call path because learnable score_mod captures can crash FlexAttention backward lowering in this PyTorch build.
WARNING:root:Disabling torch.compile for SSAFlexAttention call path because learnable score_mod captures can crash FlexAttention backward lowering in this PyTorch build.
WARNING:root:Disabling torch.compile for SSAFlexAttention call path because learnable score_mod captures can crash FlexAttention backward lowering in this PyTorch build.
WARNING:root:Disabling torch.compile for SSAFlexAttention call path because learnable score_mod captures can crash FlexAttention backward lowering in this PyTorch build.
WARNING:root:Disabling torch.compile for SSAFlexAttention call path because learnable score_mod captures can crash FlexAttention backward lowering in this PyTorch build.
WARNING:root:Disabling torch.compile for SSAFlexAttention call path because learnable score_mod captures can crash FlexAttention backward lowering in this PyTorch build.
WARNING:root:Disabling torch.compile for SSAFlexAttention call path because learnable score_mod captures can crash FlexAttention backward lowering in this PyTorch build.
WARNING:root:Disabling torch.compile for SSAFlexAttention call path because learnable score_mod captures can crash FlexAttention backward lowering in this PyTorch build.
WARNING:root:Disabling torch.compile for SSAFlexAttention call path because learnable score_mod captures can crash FlexAttention backward lowering in this PyTorch build.
WARNING:root:Disabling torch.compile for SSAFlexAttention call path because learnable score_mod captures can crash FlexAttention backward lowering in this PyTorch build.
WARNING:root:Disabling torch.compile for SSAFlexAttention call path because learnable score_mod captures can crash FlexAttention backward lowering in this PyTorch build.
WARNING:root:Disabling torch.compile for SSAFlexAttention call path because learnable score_mod captures can crash FlexAttention backward lowering in this PyTorch build.
WARNING:root:Disabling torch.compile for SSAFlexAttention call path because learnable score_mod captures can crash FlexAttention backward lowering in this PyTorch build.
WARNING:root:Disabling torch.compile for SSAFlexAttention call path because learnable score_mod captures can crash FlexAttention backward lowering in this PyTorch build.
WARNING:root:Disabling torch.compile for SSAFlexAttention call path because learnable score_mod captures can crash FlexAttention backward lowering in this PyTorch build.
WARNING:root:Disabling torch.compile for SSAFlexAttention call path because learnable score_mod captures can crash FlexAttention backward lowering in this PyTorch build.
WARNING:root:Disabling torch.compile for SSAFlexAttention call path because learnable score_mod captures can crash FlexAttention backward lowering in this PyTorch build.
WARNING:root:Disabling torch.compile for SSAFlexAttention call path because learnable score_mod captures can crash FlexAttention backward lowering in this PyTorch build.
WARNING:root:Disabling torch.compile for SSAFlexAttention call path because learnable score_mod captures can crash FlexAttention backward lowering in this PyTorch build.
WARNING:root:Disabling torch.compile for SSAFlexAttention call path because learnable score_mod captures can crash FlexAttention backward lowering in this PyTorch build.
WARNING:root:Disabling torch.compile for SSAFlexAttention call path because learnable score_mod captures can crash FlexAttention backward lowering in this PyTorch build.
WARNING:root:Disabling torch.compile for SSAFlexAttention call path because learnable score_mod captures can crash FlexAttention backward lowering in this PyTorch build.
WARNING:root:Disabling torch.compile for SSAFlexAttention call path because learnable score_mod captures can crash FlexAttention backward lowering in this PyTorch build.
WARNING:root:Disabling torch.compile for SSAFlexAttention call path because learnable score_mod captures can crash FlexAttention backward lowering in this PyTorch build.
WARNING:root:Disabling torch.compile for SSAFlexAttention call path because learnable score_mod captures can crash FlexAttention backward lowering in this PyTorch build.
WARNING:root:Disabling torch.compile for SSAFlexAttention call path because learnable score_mod captures can crash FlexAttention backward lowering in this PyTorch build.
WARNING:root:Disabling torch.compile for SSAFlexAttention call path because learnable score_mod captures can crash FlexAttention backward lowering in this PyTorch build.
WARNING:root:Disabling torch.compile for SSAFlexAttention call path because learnable score_mod captures can crash FlexAttention backward lowering in this PyTorch build.
WARNING:root:Disabling torch.compile for SSAFlexAttention call path because learnable score_mod captures can crash FlexAttention backward lowering in this PyTorch build.
WARNING:root:Disabling torch.compile for SSAFlexAttention call path because learnable score_mod captures can crash FlexAttention backward lowering in this PyTorch build.
WARNING:root:Disabling torch.compile for SSAFlexAttention call path because learnable score_mod captures can crash FlexAttention backward lowering in this PyTorch build.
WARNING:root:Disabling torch.compile for SSAFlexAttention call path because learnable score_mod captures can crash FlexAttention backward lowering in this PyTorch build.
WARNING:root:Disabling torch.compile for SSAFlexAttention call path because learnable score_mod captures can crash FlexAttention backward lowering in this PyTorch build.
WARNING:root:Disabling torch.compile for SSAFlexAttention call path because learnable score_mod captures can crash FlexAttention backward lowering in this PyTorch build.
WARNING:root:Disabling torch.compile for SSAFlexAttention call path because learnable score_mod captures can crash FlexAttention backward lowering in this PyTorch build.
WARNING:root:Disabling torch.compile for SSAFlexAttention call path because learnable score_mod captures can crash FlexAttention backward lowering in this PyTorch build.
INFO: LOCAL_RANK: 0 - CUDA_VISIBLE_DEVICES: [0,1]
INFO:lightning.pytorch.accelerators.cuda:LOCAL_RANK: 0 - CUDA_VISIBLE_DEVICES: [0,1]
WARNING:root:Disabling torch.compile for SSAFlexAttention call path because learnable score_mod captures can crash FlexAttention backward lowering in this PyTorch build.
WARNING:root:Disabling torch.compile for SSAFlexAttention call path because learnable score_mod captures can crash FlexAttention backward lowering in this PyTorch build.
WARNING:root:Disabling torch.compile for SSAFlexAttention call path because learnable score_mod captures can crash FlexAttention backward lowering in this PyTorch build.
WARNING:root:Disabling torch.compile for SSAFlexAttention call path because learnable score_mod captures can crash FlexAttention backward lowering in this PyTorch build.
WARNING:root:Disabling torch.compile for SSAFlexAttention call path because learnable score_mod captures can crash FlexAttention backward lowering in this PyTorch build.
WARNING:root:Disabling torch.compile for SSAFlexAttention call path because learnable score_mod captures can crash FlexAttention backward lowering in this PyTorch build.
WARNING:root:Disabling torch.compile for SSAFlexAttention call path because learnable score_mod captures can crash FlexAttention backward lowering in this PyTorch build.
WARNING:root:Disabling torch.compile for SSAFlexAttention call path because learnable score_mod captures can crash FlexAttention backward lowering in this PyTorch build.
WARNING:root:Disabling torch.compile for SSAFlexAttention call path because learnable score_mod captures can crash FlexAttention backward lowering in this PyTorch build.
WARNING:root:Disabling torch.compile for SSAFlexAttention call path because learnable score_mod captures can crash FlexAttention backward lowering in this PyTorch build.
WARNING:root:Disabling torch.compile for SSAFlexAttention call path because learnable score_mod captures can crash FlexAttention backward lowering in this PyTorch build.
WARNING:root:Disabling torch.compile for SSAFlexAttention call path because learnable score_mod captures can crash FlexAttention backward lowering in this PyTorch build.
WARNING:root:Disabling torch.compile for SSAFlexAttention call path because learnable score_mod captures can crash FlexAttention backward lowering in this PyTorch build.
WARNING:root:Disabling torch.compile for SSAFlexAttention call path because learnable score_mod captures can crash FlexAttention backward lowering in this PyTorch build.
WARNING:root:Disabling torch.compile for SSAFlexAttention call path because learnable score_mod captures can crash FlexAttention backward lowering in this PyTorch build.
WARNING:root:Disabling torch.compile for SSAFlexAttention call path because learnable score_mod captures can crash FlexAttention backward lowering in this PyTorch build.
WARNING:root:Disabling torch.compile for SSAFlexAttention call path because learnable score_mod captures can crash FlexAttention backward lowering in this PyTorch build.
WARNING:root:Disabling torch.compile for SSAFlexAttention call path because learnable score_mod captures can crash FlexAttention backward lowering in this PyTorch build.
WARNING:root:Disabling torch.compile for SSAFlexAttention call path because learnable score_mod captures can crash FlexAttention backward lowering in this PyTorch build.
WARNING:root:Disabling torch.compile for SSAFlexAttention call path because learnable score_mod captures can crash FlexAttention backward lowering in this PyTorch build.
WARNING:root:Disabling torch.compile for SSAFlexAttention call path because learnable score_mod captures can crash FlexAttention backward lowering in this PyTorch build.
WARNING:root:Disabling torch.compile for SSAFlexAttention call path because learnable score_mod captures can crash FlexAttention backward lowering in this PyTorch build.
WARNING:root:Disabling torch.compile for SSAFlexAttention call path because learnable score_mod captures can crash FlexAttention backward lowering in this PyTorch build.
WARNING:root:Disabling torch.compile for SSAFlexAttention call path because learnable score_mod captures can crash FlexAttention backward lowering in this PyTorch build.
WARNING:root:Disabling torch.compile for SSAFlexAttention call path because learnable score_mod captures can crash FlexAttention backward lowering in this PyTorch build.
WARNING:root:Disabling torch.compile for SSAFlexAttention call path because learnable score_mod captures can crash FlexAttention backward lowering in this PyTorch build.
WARNING:root:Disabling torch.compile for SSAFlexAttention call path because learnable score_mod captures can crash FlexAttention backward lowering in this PyTorch build.
WARNING:root:Disabling torch.compile for SSAFlexAttention call path because learnable score_mod captures can crash FlexAttention backward lowering in this PyTorch build.
WARNING:root:Disabling torch.compile for SSAFlexAttention call path because learnable score_mod captures can crash FlexAttention backward lowering in this PyTorch build.
WARNING:root:Disabling torch.compile for SSAFlexAttention call path because learnable score_mod captures can crash FlexAttention backward lowering in this PyTorch build.
WARNING:root:Disabling torch.compile for SSAFlexAttention call path because learnable score_mod captures can crash FlexAttention backward lowering in this PyTorch build.
WARNING:root:Disabling torch.compile for SSAFlexAttention call path because learnable score_mod captures can crash FlexAttention backward lowering in this PyTorch build.
WARNING:root:Disabling torch.compile for SSAFlexAttention call path because learnable score_mod captures can crash FlexAttention backward lowering in this PyTorch build.
WARNING:root:Disabling torch.compile for SSAFlexAttention call path because learnable score_mod captures can crash FlexAttention backward lowering in this PyTorch build.
WARNING:root:Disabling torch.compile for SSAFlexAttention call path because learnable score_mod captures can crash FlexAttention backward lowering in this PyTorch build.
WARNING:root:Disabling torch.compile for SSAFlexAttention call path because learnable score_mod captures can crash FlexAttention backward lowering in this PyTorch build.
WARNING:root:Disabling torch.compile for SSAFlexAttention call path because learnable score_mod captures can crash FlexAttention backward lowering in this PyTorch build.
WARNING:root:Disabling torch.compile for SSAFlexAttention call path because learnable score_mod captures can crash FlexAttention backward lowering in this PyTorch build.
WARNING:root:Disabling torch.compile for SSAFlexAttention call path because learnable score_mod captures can crash FlexAttention backward lowering in this PyTorch build.
WARNING:root:Disabling torch.compile for SSAFlexAttention call path because learnable score_mod captures can crash FlexAttention backward lowering in this PyTorch build.
WARNING:root:Disabling torch.compile for SSAFlexAttention call path because learnable score_mod captures can crash FlexAttention backward lowering in this PyTorch build.
WARNING:root:Disabling torch.compile for SSAFlexAttention call path because learnable score_mod captures can crash FlexAttention backward lowering in this PyTorch build.
WARNING:root:Disabling torch.compile for SSAFlexAttention call path because learnable score_mod captures can crash FlexAttention backward lowering in this PyTorch build.
WARNING:root:Disabling torch.compile for SSAFlexAttention call path because learnable score_mod captures can crash FlexAttention backward lowering in this PyTorch build.
WARNING:root:Disabling torch.compile for SSAFlexAttention call path because learnable score_mod captures can crash FlexAttention backward lowering in this PyTorch build.
WARNING:root:Disabling torch.compile for SSAFlexAttention call path because learnable score_mod captures can crash FlexAttention backward lowering in this PyTorch build.
WARNING:root:Disabling torch.compile for SSAFlexAttention call path because learnable score_mod captures can crash FlexAttention backward lowering in this PyTorch build.
WARNING:root:Disabling torch.compile for SSAFlexAttention call path because learnable score_mod captures can crash FlexAttention backward lowering in this PyTorch build.
WARNING:root:Disabling torch.compile for SSAFlexAttention call path because learnable score_mod captures can crash FlexAttention backward lowering in this PyTorch build.
WARNING:root:Disabling torch.compile for SSAFlexAttention call path because learnable score_mod captures can crash FlexAttention backward lowering in this PyTorch build.
WARNING:root:Disabling torch.compile for SSAFlexAttention call path because learnable score_mod captures can crash FlexAttention backward lowering in this PyTorch build.
WARNING:root:Disabling torch.compile for SSAFlexAttention call path because learnable score_mod captures can crash FlexAttention backward lowering in this PyTorch build.
WARNING:root:Disabling torch.compile for SSAFlexAttention call path because learnable score_mod captures can crash FlexAttention backward lowering in this PyTorch build.
WARNING:root:Disabling torch.compile for SSAFlexAttention call path because learnable score_mod captures can crash FlexAttention backward lowering in this PyTorch build.
WARNING:root:Disabling torch.compile for SSAFlexAttention call path because learnable score_mod captures can crash FlexAttention backward lowering in this PyTorch build.
WARNING:root:Disabling torch.compile for SSAFlexAttention call path because learnable score_mod captures can crash FlexAttention backward lowering in this PyTorch build.
WARNING:root:Disabling torch.compile for SSAFlexAttention call path because learnable score_mod captures can crash FlexAttention backward lowering in this PyTorch build.
WARNING:root:Disabling torch.compile for SSAFlexAttention call path because learnable score_mod captures can crash FlexAttention backward lowering in this PyTorch build.
WARNING:root:Disabling torch.compile for SSAFlexAttention call path because learnable score_mod captures can crash FlexAttention backward lowering in this PyTorch build.
WARNING:root:Disabling torch.compile for SSAFlexAttention call path because learnable score_mod captures can crash FlexAttention backward lowering in this PyTorch build.
WARNING:root:Disabling torch.compile for SSAFlexAttention call path because learnable score_mod captures can crash FlexAttention backward lowering in this PyTorch build.
WARNING:root:Disabling torch.compile for SSAFlexAttention call path because learnable score_mod captures can crash FlexAttention backward lowering in this PyTorch build.
WARNING:root:Disabling torch.compile for SSAFlexAttention call path because learnable score_mod captures can crash FlexAttention backward lowering in this PyTorch build.
WARNING:root:Disabling torch.compile for SSAFlexAttention call path because learnable score_mod captures can crash FlexAttention backward lowering in this PyTorch build.
WARNING:root:Disabling torch.compile for SSAFlexAttention call path because learnable score_mod captures can crash FlexAttention backward lowering in this PyTorch build.
WARNING:root:Disabling torch.compile for SSAFlexAttention call path because learnable score_mod captures can crash FlexAttention backward lowering in this PyTorch build.
WARNING:root:Disabling torch.compile for SSAFlexAttention call path because learnable score_mod captures can crash FlexAttention backward lowering in this PyTorch build.
WARNING:root:Disabling torch.compile for SSAFlexAttention call path because learnable score_mod captures can crash FlexAttention backward lowering in this PyTorch build.
WARNING:root:Disabling torch.compile for SSAFlexAttention call path because learnable score_mod captures can crash FlexAttention backward lowering in this PyTorch build.
WARNING:root:Disabling torch.compile for SSAFlexAttention call path because learnable score_mod captures can crash FlexAttention backward lowering in this PyTorch build.
WARNING:root:Disabling torch.compile for SSAFlexAttention call path because learnable score_mod captures can crash FlexAttention backward lowering in this PyTorch build.
WARNING:root:Disabling torch.compile for SSAFlexAttention call path because learnable score_mod captures can crash FlexAttention backward lowering in this PyTorch build.
WARNING:root:Disabling torch.compile for SSAFlexAttention call path because learnable score_mod captures can crash FlexAttention backward lowering in this PyTorch build.
WARNING:root:Disabling torch.compile for SSAFlexAttention call path because learnable score_mod captures can crash FlexAttention backward lowering in this PyTorch build.
WARNING:root:Disabling torch.compile for SSAFlexAttention call path because learnable score_mod captures can crash FlexAttention backward lowering in this PyTorch build.
WARNING:root:Disabling torch.compile for SSAFlexAttention call path because learnable score_mod captures can crash FlexAttention backward lowering in this PyTorch build.
WARNING:root:Disabling torch.compile for SSAFlexAttention call path because learnable score_mod captures can crash FlexAttention backward lowering in this PyTorch build.
WARNING:root:Disabling torch.compile for SSAFlexAttention call path because learnable score_mod captures can crash FlexAttention backward lowering in this PyTorch build.
WARNING:root:Disabling torch.compile for SSAFlexAttention call path because learnable score_mod captures can crash FlexAttention backward lowering in this PyTorch build.
INFO: LOCAL_RANK: 1 - CUDA_VISIBLE_DEVICES: [0,1]
INFO:lightning.pytorch.accelerators.cuda:LOCAL_RANK: 1 - CUDA_VISIBLE_DEVICES: [0,1]
WARNING:root:Disabling torch.compile for SSAFlexAttention call path because learnable score_mod captures can crash FlexAttention backward lowering in this PyTorch build.
WARNING:root:Disabling torch.compile for SSAFlexAttention call path because learnable score_mod captures can crash FlexAttention backward lowering in this PyTorch build.
WARNING:root:Disabling torch.compile for SSAFlexAttention call path because learnable score_mod captures can crash FlexAttention backward lowering in this PyTorch build.
[NeMo I 2026-02-11 14:19:11 nemo_logging:393] Copying Trainer's 'max_steps' (5) to LR scheduler's 'max_steps'.
INFO: LOCAL_RANK: 0 - CUDA_VISIBLE_DEVICES: [0,1]
[NeMo I 2026-02-11 14:19:11 num_microbatches_calculator:228] setting number of microbatches to constant 8
INFO:lightning.pytorch.accelerators.cuda:LOCAL_RANK: 0 - CUDA_VISIBLE_DEVICES: [0,1]
WARNING:root:Disabling torch.compile for SSAFlexAttention call path because learnable score_mod captures can crash FlexAttention backward lowering in this PyTorch build.
INFO: LOCAL_RANK: 0 - CUDA_VISIBLE_DEVICES: [0,1]
INFO:lightning.pytorch.accelerators.cuda:LOCAL_RANK: 0 - CUDA_VISIBLE_DEVICES: [0,1]
WARNING:root:Disabling torch.compile for SSAFlexAttention call path because learnable score_mod captures can crash FlexAttention backward lowering in this PyTorch build.
WARNING:root:Disabling torch.compile for SSAFlexAttention call path because learnable score_mod captures can crash FlexAttention backward lowering in this PyTorch build.
WARNING:root:Disabling torch.compile for SSAFlexAttention call path because learnable score_mod captures can crash FlexAttention backward lowering in this PyTorch build.
WARNING:root:Disabling torch.compile for SSAFlexAttention call path because learnable score_mod captures can crash FlexAttention backward lowering in this PyTorch build.
WARNING:root:Disabling torch.compile for SSAFlexAttention call path because learnable score_mod captures can crash FlexAttention backward lowering in this PyTorch build.
WARNING:root:Disabling torch.compile for SSAFlexAttention call path because learnable score_mod captures can crash FlexAttention backward lowering in this PyTorch build.
INFO: LOCAL_RANK: 1 - CUDA_VISIBLE_DEVICES: [0,1]
INFO:lightning.pytorch.accelerators.cuda:LOCAL_RANK: 1 - CUDA_VISIBLE_DEVICES: [0,1]
WARNING:root:Disabling torch.compile for SSAFlexAttention call path because learnable score_mod captures can crash FlexAttention backward lowering in this PyTorch build.
WARNING:root:Disabling torch.compile for SSAFlexAttention call path because learnable score_mod captures can crash FlexAttention backward lowering in this PyTorch build.
INFO: LOCAL_RANK: 1 - CUDA_VISIBLE_DEVICES: [0,1]
INFO:lightning.pytorch.accelerators.cuda:LOCAL_RANK: 1 - CUDA_VISIBLE_DEVICES: [0,1]
INFO: LOCAL_RANK: 0 - CUDA_VISIBLE_DEVICES: [0,1]
INFO:lightning.pytorch.accelerators.cuda:LOCAL_RANK: 0 - CUDA_VISIBLE_DEVICES: [0,1]
INFO: LOCAL_RANK: 1 - CUDA_VISIBLE_DEVICES: [0,1]
INFO:lightning.pytorch.accelerators.cuda:LOCAL_RANK: 1 - CUDA_VISIBLE_DEVICES: [0,1]
INFO: LOCAL_RANK: 1 - CUDA_VISIBLE_DEVICES: [0,1]
INFO:lightning.pytorch.accelerators.cuda:LOCAL_RANK: 1 - CUDA_VISIBLE_DEVICES: [0,1]
WARNING:root:Disabling torch.compile for SSAFlexAttention call path because learnable score_mod captures can crash FlexAttention backward lowering in this PyTorch build.
WARNING:root:Disabling torch.compile for SSAFlexAttention call path because learnable score_mod captures can crash FlexAttention backward lowering in this PyTorch build.
WARNING:root:Disabling torch.compile for SSAFlexAttention call path because learnable score_mod captures can crash FlexAttention backward lowering in this PyTorch build.
INFO: LOCAL_RANK: 1 - CUDA_VISIBLE_DEVICES: [0,1]
INFO:lightning.pytorch.accelerators.cuda:LOCAL_RANK: 1 - CUDA_VISIBLE_DEVICES: [0,1]
[NeMo I 2026-02-11 14:19:11 nemo_logging:393]  > number of parameters on (tensor, pipeline) model parallel rank (0 ,0): 114132768
WARNING:root:Disabling torch.compile for SSAFlexAttention call path because learnable score_mod captures can crash FlexAttention backward lowering in this PyTorch build.
WARNING:root:Disabling torch.compile for SSAFlexAttention call path because learnable score_mod captures can crash FlexAttention backward lowering in this PyTorch build.
WARNING:root:Disabling torch.compile for SSAFlexAttention call path because learnable score_mod captures can crash FlexAttention backward lowering in this PyTorch build.
WARNING:root:Disabling torch.compile for SSAFlexAttention call path because learnable score_mod captures can crash FlexAttention backward lowering in this PyTorch build.
INFO: LOCAL_RANK: 0 - CUDA_VISIBLE_DEVICES: [0,1]
INFO:lightning.pytorch.accelerators.cuda:LOCAL_RANK: 0 - CUDA_VISIBLE_DEVICES: [0,1]
INFO: LOCAL_RANK: 0 - CUDA_VISIBLE_DEVICES: [0,1]
INFO:lightning.pytorch.accelerators.cuda:LOCAL_RANK: 0 - CUDA_VISIBLE_DEVICES: [0,1]
[NeMo I 2026-02-11 14:19:11 utils:532] Setting up DistributedDataParallel with config DistributedDataParallelConfig(grad_reduce_in_fp32=True, overlap_grad_reduce=True, overlap_param_gather=True, align_param_gather=False, use_distributed_optimizer=True, num_distributed_optimizer_instances=1, check_for_nan_in_grad=True, check_for_large_grads=False, bucket_size=40000000, pad_buckets_for_high_nccl_busbw=False, average_in_collective=True, fp8_param_gather=False, use_custom_fsdp=False, data_parallel_sharding_strategy='no_shard', gradient_reduce_div_fusion=True, suggested_communication_unit_size=None, preserve_fp32_weights=True, keep_fp8_transpose_cache_when_using_custom_fsdp=False)
[NeMo I 2026-02-11 14:19:11 utils:553] Number of buckets for gradient all-reduce / reduce-scatter: 2
    Params for bucket 1 (40128144 elements, 40128384 padded size):
    	module.decoder.layers.11.mlp.linear_fc2.weight
    	module.decoder.layers.11.pre_mlp_layernorm.bias
    	module.decoder.layers.10.self_attention.linear_proj.weight
    	module.decoder.layers.9.mlp.linear_fc1.weight
    	module.decoder.layers.9.input_layernorm.weight
    	module.decoder.layers.7.self_attention.linear_qkv.weight
    	module.decoder.layers.6.mlp.linear_fc1.weight
    	module.decoder.final_layernorm.weight
    	module.decoder.layers.11.pre_mlp_layernorm.weight
    	module.decoder.layers.10.mlp.linear_fc2.weight
    	module.decoder.layers.10.pre_mlp_layernorm.bias
    	module.decoder.layers.9.self_attention.linear_proj.weight
    	module.decoder.layers.8.mlp.linear_fc1.weight
    	module.decoder.layers.8.input_layernorm.weight
    	module.decoder.layers.7.pre_mlp_layernorm.bias
    	module.decoder.layers.6.self_attention.linear_proj.weight
    	module.decoder.layers.5.mlp.linear_fc2.weight
    	module.decoder.layers.10.pre_mlp_layernorm.weight
    	module.decoder.layers.9.mlp.linear_fc2.weight
    	module.decoder.layers.9.pre_mlp_layernorm.bias
    	module.decoder.layers.8.self_attention.linear_proj.weight
    	module.decoder.layers.7.mlp.linear_fc1.weight
    	module.decoder.layers.6.mlp.linear_fc2.weight
    	module.decoder.layers.6.self_attention.core_attention.ssa_n_raw
    	module.decoder.layers.11.self_attention.core_attention.ssa_n_raw
    	module.decoder.layers.9.pre_mlp_layernorm.weight
    	module.decoder.layers.8.mlp.linear_fc2.weight
    	module.decoder.layers.8.pre_mlp_layernorm.bias
    	module.decoder.layers.6.pre_mlp_layernorm.bias
    	module.decoder.layers.11.self_attention.linear_qkv.weight
    	module.decoder.layers.11.input_layernorm.bias
    	module.decoder.layers.10.self_attention.core_attention.ssa_n_raw
    	module.decoder.layers.8.pre_mlp_layernorm.weight
    	module.decoder.layers.7.mlp.linear_fc2.weight
    	module.decoder.layers.7.self_attention.core_attention.ssa_n_raw
    	module.decoder.layers.10.self_attention.linear_qkv.weight
    	module.decoder.layers.10.input_layernorm.bias
    	module.decoder.layers.9.self_attention.core_attention.ssa_n_raw
    	module.decoder.layers.7.pre_mlp_layernorm.weight
    	module.decoder.layers.7.input_layernorm.bias
    	module.decoder.layers.6.input_layernorm.bias
    	module.decoder.layers.6.input_layernorm.weight
    	module.decoder.layers.11.mlp.linear_fc1.weight
    	module.decoder.layers.11.input_layernorm.weight
    	module.decoder.layers.9.self_attention.linear_qkv.weight
    	module.decoder.layers.9.input_layernorm.bias
    	module.decoder.layers.8.self_attention.core_attention.ssa_n_raw
    	module.decoder.layers.7.self_attention.linear_proj.weight
    	module.decoder.layers.6.pre_mlp_layernorm.weight
    	module.decoder.final_layernorm.bias
    	module.decoder.layers.11.self_attention.linear_proj.weight
    	module.decoder.layers.10.mlp.linear_fc1.weight
    	module.decoder.layers.10.input_layernorm.weight
    	module.decoder.layers.8.self_attention.linear_qkv.weight
    	module.decoder.layers.8.input_layernorm.bias
    	module.decoder.layers.7.input_layernorm.weight
    	module.decoder.layers.6.self_attention.linear_qkv.weight
    Params for bucket 2 (74004624 elements, 74004864 padded size):
    	module.decoder.layers.4.mlp.linear_fc2.weight
    	module.decoder.layers.4.input_layernorm.bias
    	module.decoder.layers.3.self_attention.linear_qkv.weight
    	module.decoder.layers.1.self_attention.linear_proj.weight
    	module.decoder.layers.0.mlp.linear_fc1.weight
    	module.decoder.layers.0.input_layernorm.bias
    	module.embedding.word_embeddings.weight
    	module.decoder.layers.5.input_layernorm.weight
    	module.decoder.layers.4.self_attention.core_attention.ssa_n_raw
    	module.decoder.layers.3.self_attention.linear_proj.weight
    	module.decoder.layers.2.pre_mlp_layernorm.weight
    	module.decoder.layers.1.mlp.linear_fc2.weight
    	module.decoder.layers.1.mlp.linear_fc1.weight
    	module.decoder.layers.0.pre_mlp_layernorm.bias
    	module.decoder.layers.5.pre_mlp_layernorm.bias
    	module.decoder.layers.3.mlp.linear_fc2.weight
    	module.decoder.layers.3.input_layernorm.bias
    	module.decoder.layers.2.self_attention.core_attention.ssa_n_raw
    	module.decoder.layers.1.self_attention.linear_qkv.weight
    	module.decoder.layers.0.pre_mlp_layernorm.weight
    	module.decoder.layers.0.self_attention.linear_qkv.weight
    	module.decoder.layers.5.self_attention.linear_proj.weight
    	module.decoder.layers.4.mlp.linear_fc1.weight
    	module.decoder.layers.4.input_layernorm.weight
    	module.decoder.layers.3.self_attention.core_attention.ssa_n_raw
    	module.decoder.layers.1.pre_mlp_layernorm.weight
    	module.decoder.layers.1.input_layernorm.bias
    	module.decoder.layers.0.self_attention.core_attention.ssa_n_raw
    	module.decoder.layers.5.mlp.linear_fc1.weight
    	module.decoder.layers.5.self_attention.linear_qkv.weight
    	module.decoder.layers.4.pre_mlp_layernorm.bias
    	module.decoder.layers.2.mlp.linear_fc2.weight
    	module.decoder.layers.2.input_layernorm.weight
    	module.decoder.layers.1.self_attention.core_attention.ssa_n_raw
    	module.decoder.layers.4.self_attention.linear_proj.weight
    	module.decoder.layers.3.mlp.linear_fc1.weight
    	module.decoder.layers.3.input_layernorm.weight
    	module.decoder.layers.2.pre_mlp_layernorm.bias
    	module.decoder.layers.0.mlp.linear_fc2.weight
    	module.decoder.layers.0.input_layernorm.weight
    	module.decoder.layers.5.pre_mlp_layernorm.weight
    	module.decoder.layers.5.input_layernorm.bias
    	module.decoder.layers.4.self_attention.linear_qkv.weight
    	module.decoder.layers.3.pre_mlp_layernorm.bias
    	module.decoder.layers.2.self_attention.linear_proj.weight
    	module.decoder.layers.1.pre_mlp_layernorm.bias
    	module.decoder.layers.1.input_layernorm.weight
    	module.decoder.layers.5.self_attention.core_attention.ssa_n_raw
    	module.decoder.layers.4.pre_mlp_layernorm.weight
    	module.decoder.layers.3.pre_mlp_layernorm.weight
    	module.decoder.layers.2.mlp.linear_fc1.weight
    	module.decoder.layers.2.self_attention.linear_qkv.weight
    	module.decoder.layers.2.input_layernorm.bias
    	module.decoder.layers.0.self_attention.linear_proj.weight
[NeMo I 2026-02-11 14:19:11 utils:532] Setting up optimizer with config OptimizerConfig(optimizer='adam', lr=0.0003, min_lr=None, decoupled_lr=None, decoupled_min_lr=None, weight_decay=0.1, fp16=False, bf16=True, params_dtype=torch.bfloat16, use_precision_aware_optimizer=False, main_grads_dtype=torch.float32, main_params_dtype=torch.float32, exp_avg_dtype=torch.float32, exp_avg_sq_dtype=torch.float32, loss_scale=None, initial_loss_scale=4294967296, min_loss_scale=1.0, loss_scale_window=1000, hysteresis=2, adam_beta1=0.9, adam_beta2=0.95, adam_eps=1e-05, sgd_momentum=0.9, use_distributed_optimizer=True, overlap_param_gather_with_optimizer_step=False, optimizer_cpu_offload=False, optimizer_offload_fraction=0.0, use_torch_optimizer_for_cpu_offload=False, overlap_cpu_optimizer_d2h_h2d=False, pin_cpu_grads=True, pin_cpu_params=True, clip_grad=1.0, log_num_zeros_in_grad=False, barrier_with_L1_time=False, timers=None, config_logger_dir='')
INFO: 
  | Name   | Type | Params | Mode 
----------------------------------------
0 | module | DDP  | 114 M  | train
----------------------------------------
114 M     Trainable params
0         Non-trainable params
114 M     Total params
456.531   Total estimated model params size (MB)
203       Modules in train mode
0         Modules in eval mode
INFO:lightning.pytorch.callbacks.model_summary:
  | Name   | Type | Params | Mode 
----------------------------------------
0 | module | DDP  | 114 M  | train
----------------------------------------
114 M     Trainable params
0         Non-trainable params
114 M     Total params
456.531   Total estimated model params size (MB)
203       Modules in train mode
0         Modules in eval mode
INFO:root:Instantiating MegatronPretrainingSampler with total_samples: 9765624 and consumed_samples: 0
INFO:root:Instantiating MegatronPretrainingSampler with total_samples: 9765624 and consumed_samples: 0
INFO:root:Instantiating MegatronPretrainingSampler with total_samples: 9765624 and consumed_samples: 0
INFO:root:Instantiating MegatronPretrainingSampler with total_samples: 9765624 and consumed_samples: 0
INFO:root:Instantiating MegatronPretrainingSampler with total_samples: 9765624 and consumed_samples: 0
INFO:root:Instantiating MegatronPretrainingSampler with total_samples: 9765624 and consumed_samples: 0
INFO:root:Instantiating MegatronPretrainingSampler with total_samples: 9765624 and consumed_samples: 0
INFO:root:Instantiating MegatronPretrainingSampler with total_samples: 9765624 and consumed_samples: 0
INFO:root:Instantiating MegatronPretrainingSampler with total_samples: 9765624 and consumed_samples: 0
INFO:root:Instantiating MegatronPretrainingSampler with total_samples: 9765624 and consumed_samples: 0
INFO:root:Instantiating MegatronPretrainingSampler with total_samples: 9765624 and consumed_samples: 0
INFO:root:Instantiating MegatronPretrainingSampler with total_samples: 9765624 and consumed_samples: 0
[NeMo W 2026-02-11 14:22:11 rerun_state_machine:1264] Implicit initialization of Rerun State Machine!
[NeMo W 2026-02-11 14:22:11 rerun_state_machine:239] RerunStateMachine initialized in mode RerunMode.DISABLED
Training epoch 0, iteration 0/4 | lr: 5.988e-07 | global_batch_size: 768 | global_step: 0 | reduced_train_loss: 10.89
Training epoch 0, iteration 1/4 | lr: 1.198e-06 | global_batch_size: 768 | global_step: 1 | reduced_train_loss: 10.89 | consumed_samples: 1536
Training epoch 0, iteration 2/4 | lr: 1.796e-06 | global_batch_size: 768 | global_step: 2 | reduced_train_loss: 10.88 | consumed_samples: 2304
Training epoch 0, iteration 3/4 | lr: 2.395e-06 | global_batch_size: 768 | global_step: 3 | reduced_train_loss: 10.84 | consumed_samples: 3072
Training epoch 0, iteration 4/4 | lr: 2.994e-06 | global_batch_size: 768 | global_step: 4 | reduced_train_loss: 10.73 | consumed_samples: 3840
INFO: Epoch 0, global step 4: 'step' reached 4.00000 (best 4.00000), saving model to '/tmpdir/m24047brmn/nemo_1b/output/baby_luciole-ssa-flex-test/checkpoints/baby_luciole-ssa-flex-test-step=0000004.ckpt' as top 1
INFO:lightning.pytorch.utilities.rank_zero:Epoch 0, global step 4: 'step' reached 4.00000 (best 4.00000), saving model to '/tmpdir/m24047brmn/nemo_1b/output/baby_luciole-ssa-flex-test/checkpoints/baby_luciole-ssa-flex-test-step=0000004.ckpt' as top 1
[NeMo I 2026-02-11 14:31:40 nemo_logging:393] Using FullyParallelSaveStrategyWrapper(torch_dist, 1) dist-ckpt save strategy.
[NeMo W 2026-02-11 14:31:42 validation:389] There is difference in the common state dict in different ranks. The differences are {6: ([('optimizer', 0, 'optimizer', 'param_groups', 1, 'step')], [], [])}
[NeMo I 2026-02-11 14:32:00 nemo_logging:393] Global Checkpoint Save : Rank: 0 : Iteration: 4 : Start time: 1770816700.519s : Save duration: 19.608s
[NeMo I 2026-02-11 14:32:00 nemo_logging:393] Scheduled async checkpoint save for /tmpdir/m24047brmn/nemo_1b/output/baby_luciole-ssa-flex-test/checkpoints/baby_luciole-ssa-flex-test-step=0000004.ckpt
[NeMo W 2026-02-11 14:32:01 validation:389] There is difference in the common state dict in different ranks. The differences are {6: ([('optimizer', 0, 'optimizer', 'param_groups', 1, 'step')], [], [])}
[NeMo I 2026-02-11 14:32:01 nemo_logging:393] Global Checkpoint Save : Rank: 0 : Iteration: 4 : Start time: 1770816720.955s : Save duration: 0.630s
[NeMo I 2026-02-11 14:32:01 nemo_logging:393] Scheduled async checkpoint save for /tmpdir/m24047brmn/nemo_1b/output/baby_luciole-ssa-flex-test/checkpoints/baby_luciole-ssa-flex-test-step=0000004-last.ckpt
[NeMo I 2026-02-11 14:32:02 nemo_logging:393] Successfully saved checkpoint from iteration       4 to /tmpdir/m24047brmn/nemo_1b/output/baby_luciole-ssa-flex-test/checkpoints/baby_luciole-ssa-flex-test-step=0000004.ckpt
[NeMo I 2026-02-11 14:32:02 nemo_logging:393] Async checkpoint save for step 5 (/tmpdir/m24047brmn/nemo_1b/output/baby_luciole-ssa-flex-test/checkpoints/baby_luciole-ssa-flex-test-step=0000004.ckpt) finalized successfully.
[NeMo I 2026-02-11 14:32:02 nemo_logging:393] Successfully saved checkpoint from iteration       4 to /tmpdir/m24047brmn/nemo_1b/output/baby_luciole-ssa-flex-test/checkpoints/baby_luciole-ssa-flex-test-step=0000004-last.ckpt
[NeMo I 2026-02-11 14:32:02 nemo_logging:393] Async checkpoint save for step 5 (/tmpdir/m24047brmn/nemo_1b/output/baby_luciole-ssa-flex-test/checkpoints/baby_luciole-ssa-flex-test-step=0000004-last.ckpt) finalized successfully.
[NeMo I 2026-02-11 14:32:02 nemo_logging:393] Async finalization time took 0.798 s
INFO:__main__:Finished SSA FlexAttention training run.
INFO: `Trainer.fit` stopped: `max_steps=5` reached.
INFO:lightning.pytorch.utilities.rank_zero:`Trainer.fit` stopped: `max_steps=5` reached.
INFO:__main__:Finished SSA FlexAttention training run.
INFO:__main__:Finished SSA FlexAttention training run.
INFO:__main__:Finished SSA FlexAttention training run.
INFO:__main__:Finished SSA FlexAttention training run.
INFO:__main__:Finished SSA FlexAttention training run.
INFO:__main__:Finished SSA FlexAttention training run.
INFO:__main__:Finished SSA FlexAttention training run.
INFO:__main__:Finished SSA FlexAttention training run.
INFO:__main__:Finished SSA FlexAttention training run.
INFO:__main__:Finished SSA FlexAttention training run.
INFO:__main__:Finished SSA FlexAttention training run.
[W211 14:32:14.599437837 TCPStore.cpp:115] [c10d] recvVector failed on SocketImpl(fd=4, addr=[turpancomp4]:53156, remote=[turpancomp2]:36809): failed to recv, got 0 bytes
Exception raised from recvBytes at /opt/pytorch/pytorch/torch/csrc/distributed/c10d/Utils.hpp:671 (most recent call first):
frame #0: c10::Error::Error(c10::SourceLocation, std::__cxx11::basic_string<char, std::char_traits<char>, std::allocator<char> >) + 0xd4 (0x400084d93cc4 in /usr/local/lib/python3.12/dist-packages/torch/lib/libc10.so)
frame #1: <unknown function> + 0x5a291f0 (0x40003aaa91f0 in /usr/local/lib/python3.12/dist-packages/torch/lib/libtorch_cpu.so)
frame #2: <unknown function> + 0x5a2ae44 (0x40003aaaae44 in /usr/local/lib/python3.12/dist-packages/torch/lib/libtorch_cpu.so)
frame #3: <unknown function> + 0x5a2b878 (0x40003aaab878 in /usr/local/lib/python3.12/dist-packages/torch/lib/libtorch_cpu.so)
frame #4: <unknown function> + 0x5a2d0b4 (0x40003aaad0b4 in /usr/local/lib/python3.12/dist-packages/torch/lib/libtorch_cpu.so)
frame #5: c10d::TCPStore::compareSet(std::__cxx11::basic_string<char, std::char_traits<char>, std::allocator<char> > const&, std::vector<unsigned char, std::allocator<unsigned char> > const&, std::vector<unsigned char, std::allocator<unsigned char> > const&) + 0x1bc (0x40003aaae41c in /usr/local/lib/python3.12/dist-packages/torch/lib/libtorch_cpu.so)
frame #6: <unknown function> + 0xf50c90 (0x400034f40c90 in /usr/local/lib/python3.12/dist-packages/torch/lib/libtorch_python.so)
frame #7: <unknown function> + 0x594060 (0x400034584060 in /usr/local/lib/python3.12/dist-packages/torch/lib/libtorch_python.so)
frame #8: /usr/bin/python() [0x5036b4]
frame #9: _PyObject_MakeTpCall + 0x78 (0x4c2c98 in /usr/bin/python)
frame #10: /usr/bin/python() [0x4c6f6c]
frame #11: _PyEval_EvalFrameDefault + 0x3cf4 (0x567308 in /usr/bin/python)
frame #12: _PyObject_Call_Prepend + 0xc4 (0x4c4774 in /usr/bin/python)
frame #13: /usr/bin/python() [0x528ba0]
frame #14: PyObject_Call + 0x6c (0x4c517c in /usr/bin/python)
frame #15: _PyEval_EvalFrameDefault + 0x3cf4 (0x567308 in /usr/bin/python)
frame #16: PyEval_EvalCode + 0x130 (0x562204 in /usr/bin/python)
frame #17: /usr/bin/python() [0x59c3c4]
frame #18: /usr/bin/python() [0x680e94]
frame #19: _PyRun_SimpleFileObject + 0x194 (0x680a68 in /usr/bin/python)
frame #20: _PyRun_AnyFileObject + 0x54 (0x680834 in /usr/bin/python)
frame #21: Py_RunMain + 0x2dc (0x68b83c in /usr/bin/python)
frame #22: Py_BytesMain + 0x28 (0x68b3f8 in /usr/bin/python)
frame #23: <unknown function> + 0x284c4 (0x4000333084c4 in /lib/aarch64-linux-gnu/libc.so.6)
frame #24: __libc_start_main + 0x98 (0x400033308598 in /lib/aarch64-linux-gnu/libc.so.6)
frame #25: _start + 0x30 (0x5f6df0 in /usr/bin/python)

[W211 14:32:14.261861640 TCPStore.cpp:115] [c10d] recvVector failed on SocketImpl(fd=4, addr=[turpancomp6]:53898, remote=[turpancomp2]:36809): failed to recv, got 0 bytes
Exception raised from recvBytes at /opt/pytorch/pytorch/torch/csrc/distributed/c10d/Utils.hpp:671 (most recent call first):
frame #0: c10::Error::Error(c10::SourceLocation, std::__cxx11::basic_string<char, std::char_traits<char>, std::allocator<char> >) + 0xd4 (0x40006e893cc4 in /usr/local/lib/python3.12/dist-packages/torch/lib/libc10.so)
frame #1: <unknown function> + 0x5a291f0 (0x4000245a91f0 in /usr/local/lib/python3.12/dist-packages/torch/lib/libtorch_cpu.so)
frame #2: <unknown function> + 0x5a2ae44 (0x4000245aae44 in /usr/local/lib/python3.12/dist-packages/torch/lib/libtorch_cpu.so)
frame #3: <unknown function> + 0x5a2b878 (0x4000245ab878 in /usr/local/lib/python3.12/dist-packages/torch/lib/libtorch_cpu.so)
frame #4: <unknown function> + 0x5a2d0b4 (0x4000245ad0b4 in /usr/local/lib/python3.12/dist-packages/torch/lib/libtorch_cpu.so)
frame #5: c10d::TCPStore::compareSet(std::__cxx11::basic_string<char, std::char_traits<char>, std::allocator<char> > const&, std::vector<unsigned char, std::allocator<unsigned char> > const&, std::vector<unsigned char, std::allocator<unsigned char> > const&) + 0x1bc (0x4000245ae41c in /usr/local/lib/python3.12/dist-packages/torch/lib/libtorch_cpu.so)
frame #6: <unknown function> + 0xf50c90 (0x40001ea40c90 in /usr/local/lib/python3.12/dist-packages/torch/lib/libtorch_python.so)
frame #7: <unknown function> + 0x594060 (0x40001e084060 in /usr/local/lib/python3.12/dist-packages/torch/lib/libtorch_python.so)
frame #8: /usr/bin/python() [0x5036b4]
frame #9: _PyObject_MakeTpCall + 0x78 (0x4c2c98 in /usr/bin/python)
frame #10: /usr/bin/python() [0x4c6f6c]
frame #11: _PyEval_EvalFrameDefault + 0x3cf4 (0x567308 in /usr/bin/python)
frame #12: /usr/bin/python() [0x4c6e34]
frame #13: /usr/bin/python() [0x6e5290]
frame #14: /usr/bin/python() [0x686e70]
frame #15: <unknown function> + 0x8595c (0x40001ce6595c in /lib/aarch64-linux-gnu/libc.so.6)
frame #16: <unknown function> + 0xeb7dc (0x40001cecb7dc in /lib/aarch64-linux-gnu/libc.so.6)

W0211 14:32:14.098000 1009990 torch/distributed/elastic/rendezvous/dynamic_rendezvous.py:1284] The node 'turpancomp4.calmip.local_1009990_0' has failed to shutdown the rendezvous '76808' due to an error of type RendezvousConnectionError.
W0211 14:32:14.098000 2827971 torch/distributed/elastic/rendezvous/dynamic_rendezvous.py:1333] The node 'turpancomp6.calmip.local_2827971_0' has failed to send a keep-alive heartbeat to the rendezvous '76808' due to an error of type RendezvousConnectionError.
[W211 14:32:14.605576999 TCPStore.cpp:106] [c10d] sendBytes failed on SocketImpl(fd=4, addr=[turpancomp4]:53156, remote=[turpancomp2]:36809): Broken pipe
Exception raised from sendBytes at /opt/pytorch/pytorch/torch/csrc/distributed/c10d/Utils.hpp:646 (most recent call first):
frame #0: c10::Error::Error(c10::SourceLocation, std::__cxx11::basic_string<char, std::char_traits<char>, std::allocator<char> >) + 0xd4 (0x400084d93cc4 in /usr/local/lib/python3.12/dist-packages/torch/lib/libc10.so)
frame #1: <unknown function> + 0x5a291f0 (0x40003aaa91f0 in /usr/local/lib/python3.12/dist-packages/torch/lib/libtorch_cpu.so)
frame #2: <unknown function> + 0x5a2b0fc (0x40003aaab0fc in /usr/local/lib/python3.12/dist-packages/torch/lib/libtorch_cpu.so)
frame #3: <unknown function> + 0x5a2d704 (0x40003aaad704 in /usr/local/lib/python3.12/dist-packages/torch/lib/libtorch_cpu.so)
frame #4: c10d::TCPStore::compareSet(std::__cxx11::basic_string<char, std::char_traits<char>, std::allocator<char> > const&, std::vector<unsigned char, std::allocator<unsigned char> > const&, std::vector<unsigned char, std::allocator<unsigned char> > const&) + 0x1ac (0x40003aaae40c in /usr/local/lib/python3.12/dist-packages/torch/lib/libtorch_cpu.so)
frame #5: <unknown function> + 0xf50c90 (0x400034f40c90 in /usr/local/lib/python3.12/dist-packages/torch/lib/libtorch_python.so)
frame #6: <unknown function> + 0x594060 (0x400034584060 in /usr/local/lib/python3.12/dist-packages/torch/lib/libtorch_python.so)
frame #7: /usr/bin/python() [0x5036b4]
frame #8: _PyObject_MakeTpCall + 0x78 (0x4c2c98 in /usr/bin/python)
frame #9: /usr/bin/python() [0x4c6f6c]
frame #10: _PyEval_EvalFrameDefault + 0x3cf4 (0x567308 in /usr/bin/python)
frame #11: _PyObject_Call_Prepend + 0xc4 (0x4c4774 in /usr/bin/python)
frame #12: /usr/bin/python() [0x528ba0]
frame #13: PyObject_Call + 0x6c (0x4c517c in /usr/bin/python)
frame #14: _PyEval_EvalFrameDefault + 0x3cf4 (0x567308 in /usr/bin/python)
frame #15: PyEval_EvalCode + 0x130 (0x562204 in /usr/bin/python)
frame #16: /usr/bin/python() [0x59c3c4]
frame #17: /usr/bin/python() [0x680e94]
frame #18: _PyRun_SimpleFileObject + 0x194 (0x680a68 in /usr/bin/python)
frame #19: _PyRun_AnyFileObject + 0x54 (0x680834 in /usr/bin/python)
frame #20: Py_RunMain + 0x2dc (0x68b83c in /usr/bin/python)
frame #21: Py_BytesMain + 0x28 (0x68b3f8 in /usr/bin/python)
frame #22: <unknown function> + 0x284c4 (0x4000333084c4 in /lib/aarch64-linux-gnu/libc.so.6)
frame #23: __libc_start_main + 0x98 (0x400033308598 in /lib/aarch64-linux-gnu/libc.so.6)
frame #24: _start + 0x30 (0x5f6df0 in /usr/bin/python)

[W211 14:32:14.266881204 TCPStore.cpp:106] [c10d] sendBytes failed on SocketImpl(fd=4, addr=[turpancomp6]:53898, remote=[turpancomp2]:36809): Broken pipe
Exception raised from sendBytes at /opt/pytorch/pytorch/torch/csrc/distributed/c10d/Utils.hpp:646 (most recent call first):
frame #0: c10::Error::Error(c10::SourceLocation, std::__cxx11::basic_string<char, std::char_traits<char>, std::allocator<char> >) + 0xd4 (0x40006e893cc4 in /usr/local/lib/python3.12/dist-packages/torch/lib/libc10.so)
frame #1: <unknown function> + 0x5a291f0 (0x4000245a91f0 in /usr/local/lib/python3.12/dist-packages/torch/lib/libtorch_cpu.so)
frame #2: <unknown function> + 0x5a2b0fc (0x4000245ab0fc in /usr/local/lib/python3.12/dist-packages/torch/lib/libtorch_cpu.so)
frame #3: <unknown function> + 0x5a2d704 (0x4000245ad704 in /usr/local/lib/python3.12/dist-packages/torch/lib/libtorch_cpu.so)
frame #4: c10d::TCPStore::compareSet(std::__cxx11::basic_string<char, std::char_traits<char>, std::allocator<char> > const&, std::vector<unsigned char, std::allocator<unsigned char> > const&, std::vector<unsigned char, std::allocator<unsigned char> > const&) + 0x1ac (0x4000245ae40c in /usr/local/lib/python3.12/dist-packages/torch/lib/libtorch_cpu.so)
frame #5: <unknown function> + 0xf50c90 (0x40001ea40c90 in /usr/local/lib/python3.12/dist-packages/torch/lib/libtorch_python.so)
frame #6: <unknown function> + 0x594060 (0x40001e084060 in /usr/local/lib/python3.12/dist-packages/torch/lib/libtorch_python.so)
frame #7: /usr/bin/python() [0x5036b4]
frame #8: _PyObject_MakeTpCall + 0x78 (0x4c2c98 in /usr/bin/python)
frame #9: /usr/bin/python() [0x4c6f6c]
frame #10: _PyEval_EvalFrameDefault + 0x3cf4 (0x567308 in /usr/bin/python)
frame #11: _PyObject_Call_Prepend + 0xc4 (0x4c4774 in /usr/bin/python)
frame #12: /usr/bin/python() [0x528ba0]
frame #13: PyObject_Call + 0x6c (0x4c517c in /usr/bin/python)
frame #14: _PyEval_EvalFrameDefault + 0x3cf4 (0x567308 in /usr/bin/python)
frame #15: PyEval_EvalCode + 0x130 (0x562204 in /usr/bin/python)
frame #16: /usr/bin/python() [0x59c3c4]
frame #17: /usr/bin/python() [0x680e94]
frame #18: _PyRun_SimpleFileObject + 0x194 (0x680a68 in /usr/bin/python)
frame #19: _PyRun_AnyFileObject + 0x54 (0x680834 in /usr/bin/python)
frame #20: Py_RunMain + 0x2dc (0x68b83c in /usr/bin/python)
frame #21: Py_BytesMain + 0x28 (0x68b3f8 in /usr/bin/python)
frame #22: <unknown function> + 0x284c4 (0x40001ce084c4 in /lib/aarch64-linux-gnu/libc.so.6)
frame #23: __libc_start_main + 0x98 (0x40001ce08598 in /lib/aarch64-linux-gnu/libc.so.6)
frame #24: _start + 0x30 (0x5f6df0 in /usr/bin/python)

W0211 14:32:14.102000 1009990 torch/distributed/elastic/rendezvous/dynamic_rendezvous.py:1284] The node 'turpancomp4.calmip.local_1009990_0' has failed to shutdown the rendezvous '76808' due to an error of type RendezvousConnectionError.
W0211 14:32:14.102000 2827971 torch/distributed/elastic/rendezvous/dynamic_rendezvous.py:1284] The node 'turpancomp6.calmip.local_2827971_0' has failed to shutdown the rendezvous '76808' due to an error of type RendezvousConnectionError.
[W211 14:32:14.271079521 TCPStore.cpp:106] [c10d] sendBytes failed on SocketImpl(fd=4, addr=[turpancomp6]:53898, remote=[turpancomp2]:36809): Broken pipe
Exception raised from sendBytes at /opt/pytorch/pytorch/torch/csrc/distributed/c10d/Utils.hpp:646 (most recent call first):
frame #0: c10::Error::Error(c10::SourceLocation, std::__cxx11::basic_string<char, std::char_traits<char>, std::allocator<char> >) + 0xd4 (0x40006e893cc4 in /usr/local/lib/python3.12/dist-packages/torch/lib/libc10.so)
frame #1: <unknown function> + 0x5a291f0 (0x4000245a91f0 in /usr/local/lib/python3.12/dist-packages/torch/lib/libtorch_cpu.so)
frame #2: <unknown function> + 0x5a2b0fc (0x4000245ab0fc in /usr/local/lib/python3.12/dist-packages/torch/lib/libtorch_cpu.so)
frame #3: <unknown function> + 0x5a2d704 (0x4000245ad704 in /usr/local/lib/python3.12/dist-packages/torch/lib/libtorch_cpu.so)
frame #4: c10d::TCPStore::compareSet(std::__cxx11::basic_string<char, std::char_traits<char>, std::allocator<char> > const&, std::vector<unsigned char, std::allocator<unsigned char> > const&, std::vector<unsigned char, std::allocator<unsigned char> > const&) + 0x1ac (0x4000245ae40c in /usr/local/lib/python3.12/dist-packages/torch/lib/libtorch_cpu.so)
frame #5: <unknown function> + 0xf50c90 (0x40001ea40c90 in /usr/local/lib/python3.12/dist-packages/torch/lib/libtorch_python.so)
frame #6: <unknown function> + 0x594060 (0x40001e084060 in /usr/local/lib/python3.12/dist-packages/torch/lib/libtorch_python.so)
frame #7: /usr/bin/python() [0x5036b4]
frame #8: _PyObject_MakeTpCall + 0x78 (0x4c2c98 in /usr/bin/python)
frame #9: /usr/bin/python() [0x4c6f6c]
frame #10: _PyEval_EvalFrameDefault + 0x3cf4 (0x567308 in /usr/bin/python)
frame #11: _PyObject_Call_Prepend + 0xc4 (0x4c4774 in /usr/bin/python)
frame #12: /usr/bin/python() [0x528ba0]
frame #13: PyObject_Call + 0x6c (0x4c517c in /usr/bin/python)
frame #14: _PyEval_EvalFrameDefault + 0x3cf4 (0x567308 in /usr/bin/python)
frame #15: PyEval_EvalCode + 0x130 (0x562204 in /usr/bin/python)
frame #16: /usr/bin/python() [0x59c3c4]
frame #17: /usr/bin/python() [0x680e94]
frame #18: _PyRun_SimpleFileObject + 0x194 (0x680a68 in /usr/bin/python)
frame #19: _PyRun_AnyFileObject + 0x54 (0x680834 in /usr/bin/python)
frame #20: Py_RunMain + 0x2dc (0x68b83c in /usr/bin/python)
frame #21: Py_BytesMain + 0x28 (0x68b3f8 in /usr/bin/python)
frame #22: <unknown function> + 0x284c4 (0x40001ce084c4 in /lib/aarch64-linux-gnu/libc.so.6)
frame #23: __libc_start_main + 0x98 (0x40001ce08598 in /lib/aarch64-linux-gnu/libc.so.6)
frame #24: _start + 0x30 (0x5f6df0 in /usr/bin/python)

W0211 14:32:14.106000 2827971 torch/distributed/elastic/rendezvous/dynamic_rendezvous.py:1284] The node 'turpancomp6.calmip.local_2827971_0' has failed to shutdown the rendezvous '76808' due to an error of type RendezvousConnectionError.
===========================================
SSA FlexAttention Training finished with status 0
===========================================
