==========================================
Starting Nemotron training
Datamix:     /tmpdir/m24047brmn/nemo_1b/data/nemo1b_mock_datamix.json
Output:      /tmpdir/m24047brmn/nemo_1b/output
Nodes:       5
Duration:    00:24:00:00
==========================================
W0202 10:00:58.850000 520026 torch/distributed/run.py:763] 
W0202 10:00:58.850000 520026 torch/distributed/run.py:763] *****************************************
W0202 10:00:58.850000 520026 torch/distributed/run.py:763] Setting OMP_NUM_THREADS environment variable for each process to be 1 in default, to avoid your system being overloaded, please further tune the variable for optimal performance in your application as needed. 
W0202 10:00:58.850000 520026 torch/distributed/run.py:763] *****************************************
W0202 10:00:59.006000 189653 torch/distributed/run.py:763] 
W0202 10:00:59.006000 189653 torch/distributed/run.py:763] *****************************************
W0202 10:00:59.006000 189653 torch/distributed/run.py:763] Setting OMP_NUM_THREADS environment variable for each process to be 1 in default, to avoid your system being overloaded, please further tune the variable for optimal performance in your application as needed. 
W0202 10:00:59.006000 189653 torch/distributed/run.py:763] *****************************************
W0202 10:00:59.014000 2356929 torch/distributed/run.py:763] 
W0202 10:00:59.014000 2356929 torch/distributed/run.py:763] *****************************************
W0202 10:00:59.014000 2356929 torch/distributed/run.py:763] Setting OMP_NUM_THREADS environment variable for each process to be 1 in default, to avoid your system being overloaded, please further tune the variable for optimal performance in your application as needed. 
W0202 10:00:59.014000 2356929 torch/distributed/run.py:763] *****************************************
W0202 10:00:59.035000 2738851 torch/distributed/run.py:763] 
W0202 10:00:59.035000 2738851 torch/distributed/run.py:763] *****************************************
W0202 10:00:59.035000 2738851 torch/distributed/run.py:763] Setting OMP_NUM_THREADS environment variable for each process to be 1 in default, to avoid your system being overloaded, please further tune the variable for optimal performance in your application as needed. 
W0202 10:00:59.035000 2738851 torch/distributed/run.py:763] *****************************************
W0202 10:00:59.068000 3148058 torch/distributed/run.py:763] 
W0202 10:00:59.068000 3148058 torch/distributed/run.py:763] *****************************************
W0202 10:00:59.068000 3148058 torch/distributed/run.py:763] Setting OMP_NUM_THREADS environment variable for each process to be 1 in default, to avoid your system being overloaded, please further tune the variable for optimal performance in your application as needed. 
W0202 10:00:59.068000 3148058 torch/distributed/run.py:763] *****************************************
[rank: 1] Seed set to 1234
[rank: 0] Seed set to 1234
[rank: 2] Seed set to 1234
[rank: 3] Seed set to 1234
[rank: 5] Seed set to 1234
[rank: 4] Seed set to 1234
[rank: 9] Seed set to 1234
[rank: 8] Seed set to 1234
[rank: 7] Seed set to 1234
[rank: 6] Seed set to 1234
INFO:faiss.loader:Loading faiss.
INFO:faiss.loader:Loading faiss.
INFO:faiss.loader:Loading faiss.
INFO:faiss.loader:Loading faiss.
INFO:faiss.loader:Loading faiss.
INFO:faiss.loader:Loading faiss.
INFO:faiss.loader:Successfully loaded faiss.
INFO:faiss.loader:Successfully loaded faiss.
INFO:faiss.loader:Successfully loaded faiss.
INFO:faiss.loader:Successfully loaded faiss.
INFO:faiss.loader:Successfully loaded faiss.
INFO:faiss.loader:Successfully loaded faiss.
INFO:faiss.loader:Loading faiss.
INFO:faiss.loader:Loading faiss.
INFO:faiss.loader:Successfully loaded faiss.
INFO:faiss.loader:Successfully loaded faiss.
INFO:faiss.loader:Loading faiss.
INFO:faiss.loader:Loading faiss.
INFO:faiss.loader:Successfully loaded faiss.
INFO:faiss.loader:Successfully loaded faiss.
[NeMo W 2026-02-02 10:01:33 nemo_logging:405] /usr/local/lib/python3.12/dist-packages/pydub/utils.py:170: RuntimeWarning: Couldn't find ffmpeg or avconv - defaulting to ffmpeg, but may not work
      warn("Couldn't find ffmpeg or avconv - defaulting to ffmpeg, but may not work", RuntimeWarning)
    
INFO:datasets:PyTorch version 2.7.0a0+7c8ec84dab.nv25.3 available.
INFO:datasets:Polars version 1.21.0 available.
INFO:datasets:PyTorch version 2.7.0a0+7c8ec84dab.nv25.3 available.
INFO:datasets:Polars version 1.21.0 available.
INFO:datasets:PyTorch version 2.7.0a0+7c8ec84dab.nv25.3 available.
INFO:datasets:Polars version 1.21.0 available.
INFO:datasets:PyTorch version 2.7.0a0+7c8ec84dab.nv25.3 available.
INFO:datasets:Polars version 1.21.0 available.
INFO:datasets:PyTorch version 2.7.0a0+7c8ec84dab.nv25.3 available.
INFO:datasets:PyTorch version 2.7.0a0+7c8ec84dab.nv25.3 available.
INFO:datasets:Polars version 1.21.0 available.
INFO:datasets:Polars version 1.21.0 available.
INFO:datasets:PyTorch version 2.7.0a0+7c8ec84dab.nv25.3 available.
INFO:datasets:Polars version 1.21.0 available.
INFO:datasets:PyTorch version 2.7.0a0+7c8ec84dab.nv25.3 available.
INFO:datasets:Polars version 1.21.0 available.
INFO:datasets:PyTorch version 2.7.0a0+7c8ec84dab.nv25.3 available.
INFO:datasets:Polars version 1.21.0 available.
INFO:datasets:PyTorch version 2.7.0a0+7c8ec84dab.nv25.3 available.
INFO:datasets:Polars version 1.21.0 available.
INFO:utils:{'data_path': '/tmpdir/m24047brmn/nemo_1b/data', 'train': [{'name': 'train_text_document', 'weight': 1.0}], 'total_tokens': 1000000}
INFO:utils:{'data_path': '/tmpdir/m24047brmn/nemo_1b/data', 'train': [{'name': 'train_text_document', 'weight': 1.0}], 'total_tokens': 1000000}
INFO:utils:Find tokenizer: /work/m24047/m24047brmn/tokenizers/minitron-4b
INFO:__main__:Global batch size: 1280
INFO:__main__:Sequence length: 1024
INFO:__main__:Tokens per batch: 1310720
INFO:__main__:Total tokens in datamix: 1000000
INFO:__main__:Using provided global_max_steps: 100
INFO:__main__:Patched megatron.core.optimizer (accepted params: {'lr_mult', 'scale_lr_cond', 'model_chunks', 'config', 'use_gloo_process_groups', 'no_weight_decay_cond'})
INFO:utils:Find tokenizer: /work/m24047/m24047brmn/tokenizers/minitron-4b
INFO:__main__:Global batch size: 1280
INFO:__main__:Sequence length: 1024
INFO:__main__:Tokens per batch: 1310720
INFO:__main__:Total tokens in datamix: 1000000
INFO:__main__:Using provided global_max_steps: 100
INFO:__main__:Patched megatron.core.optimizer (accepted params: {'model_chunks', 'lr_mult', 'config', 'scale_lr_cond', 'no_weight_decay_cond', 'use_gloo_process_groups'})
INFO:utils:{'data_path': '/tmpdir/m24047brmn/nemo_1b/data', 'train': [{'name': 'train_text_document', 'weight': 1.0}], 'total_tokens': 1000000}
INFO:utils:{'data_path': '/tmpdir/m24047brmn/nemo_1b/data', 'train': [{'name': 'train_text_document', 'weight': 1.0}], 'total_tokens': 1000000}
INFO:utils:Find tokenizer: /work/m24047/m24047brmn/tokenizers/minitron-4b
INFO:__main__:Global batch size: 1280
INFO:__main__:Sequence length: 1024
INFO:__main__:Tokens per batch: 1310720
INFO:__main__:Total tokens in datamix: 1000000
INFO:__main__:Using provided global_max_steps: 100
INFO:__main__:Patched megatron.core.optimizer (accepted params: {'model_chunks', 'no_weight_decay_cond', 'use_gloo_process_groups', 'lr_mult', 'scale_lr_cond', 'config'})
[NeMo I 2026-02-02 10:01:41 nemo_logging:393] Getting HuggingFace AutoTokenizer with pretrained_model_name: /work/m24047/m24047brmn/tokenizers/minitron-4b, vocab_file: None, merges_files: None, special_tokens_dict: {}, and use_fast: True
INFO:utils:Find tokenizer: /work/m24047/m24047brmn/tokenizers/minitron-4b
INFO:__main__:Global batch size: 1280
INFO:__main__:Sequence length: 1024
INFO:__main__:Tokens per batch: 1310720
INFO:__main__:Total tokens in datamix: 1000000
INFO:__main__:Using provided global_max_steps: 100
INFO:__main__:Patched megatron.core.optimizer (accepted params: {'scale_lr_cond', 'model_chunks', 'lr_mult', 'config', 'use_gloo_process_groups', 'no_weight_decay_cond'})
INFO:utils:{'data_path': '/tmpdir/m24047brmn/nemo_1b/data', 'train': [{'name': 'train_text_document', 'weight': 1.0}], 'total_tokens': 1000000}
INFO:utils:{'data_path': '/tmpdir/m24047brmn/nemo_1b/data', 'train': [{'name': 'train_text_document', 'weight': 1.0}], 'total_tokens': 1000000}
INFO:utils:Find tokenizer: /work/m24047/m24047brmn/tokenizers/minitron-4b
INFO:__main__:Global batch size: 1280
INFO:__main__:Sequence length: 1024
INFO:__main__:Tokens per batch: 1310720
INFO:__main__:Total tokens in datamix: 1000000
INFO:__main__:Using provided global_max_steps: 100
INFO:__main__:Patched megatron.core.optimizer (accepted params: {'lr_mult', 'scale_lr_cond', 'model_chunks', 'config', 'use_gloo_process_groups', 'no_weight_decay_cond'})
INFO:utils:Find tokenizer: /work/m24047/m24047brmn/tokenizers/minitron-4b
INFO:__main__:Global batch size: 1280
INFO:__main__:Sequence length: 1024
INFO:__main__:Tokens per batch: 1310720
INFO:__main__:Total tokens in datamix: 1000000
INFO:__main__:Using provided global_max_steps: 100
INFO:__main__:Patched megatron.core.optimizer (accepted params: {'use_gloo_process_groups', 'lr_mult', 'model_chunks', 'no_weight_decay_cond', 'scale_lr_cond', 'config'})
INFO:utils:{'data_path': '/tmpdir/m24047brmn/nemo_1b/data', 'train': [{'name': 'train_text_document', 'weight': 1.0}], 'total_tokens': 1000000}
INFO:utils:{'data_path': '/tmpdir/m24047brmn/nemo_1b/data', 'train': [{'name': 'train_text_document', 'weight': 1.0}], 'total_tokens': 1000000}
INFO:utils:Find tokenizer: /work/m24047/m24047brmn/tokenizers/minitron-4b
INFO:__main__:Global batch size: 1280
INFO:__main__:Sequence length: 1024
INFO:__main__:Tokens per batch: 1310720
INFO:__main__:Total tokens in datamix: 1000000
INFO:__main__:Using provided global_max_steps: 100
INFO:__main__:Patched megatron.core.optimizer (accepted params: {'scale_lr_cond', 'model_chunks', 'no_weight_decay_cond', 'config', 'lr_mult', 'use_gloo_process_groups'})
INFO:utils:Find tokenizer: /work/m24047/m24047brmn/tokenizers/minitron-4b
INFO:__main__:Global batch size: 1280
INFO:__main__:Sequence length: 1024
INFO:__main__:Tokens per batch: 1310720
INFO:__main__:Total tokens in datamix: 1000000
INFO:__main__:Using provided global_max_steps: 100
INFO:__main__:Patched megatron.core.optimizer (accepted params: {'lr_mult', 'config', 'use_gloo_process_groups', 'scale_lr_cond', 'model_chunks', 'no_weight_decay_cond'})
INFO:utils:{'data_path': '/tmpdir/m24047brmn/nemo_1b/data', 'train': [{'name': 'train_text_document', 'weight': 1.0}], 'total_tokens': 1000000}
INFO:utils:{'data_path': '/tmpdir/m24047brmn/nemo_1b/data', 'train': [{'name': 'train_text_document', 'weight': 1.0}], 'total_tokens': 1000000}
INFO:utils:Find tokenizer: /work/m24047/m24047brmn/tokenizers/minitron-4b
INFO:__main__:Global batch size: 1280
INFO:__main__:Sequence length: 1024
INFO:__main__:Tokens per batch: 1310720
INFO:__main__:Total tokens in datamix: 1000000
INFO:__main__:Using provided global_max_steps: 100
INFO:__main__:Patched megatron.core.optimizer (accepted params: {'lr_mult', 'use_gloo_process_groups', 'scale_lr_cond', 'no_weight_decay_cond', 'model_chunks', 'config'})
INFO:utils:Find tokenizer: /work/m24047/m24047brmn/tokenizers/minitron-4b
INFO:__main__:Global batch size: 1280
INFO:__main__:Sequence length: 1024
INFO:__main__:Tokens per batch: 1310720
INFO:__main__:Total tokens in datamix: 1000000
INFO:__main__:Using provided global_max_steps: 100
INFO:__main__:Patched megatron.core.optimizer (accepted params: {'scale_lr_cond', 'lr_mult', 'config', 'no_weight_decay_cond', 'model_chunks', 'use_gloo_process_groups'})
INFO:__main__:Detected checkpoint at step 47
INFO:__main__:trainer.max_steps = 47 + 10 = 57
INFO:__main__:Detected checkpoint at step 47
INFO:__main__:trainer.max_steps = 47 + 10 = 57
INFO:__main__:LR scheduler max_steps = 100
INFO:__main__:LR scheduler max_steps = 100
INFO:__main__:Detected checkpoint at step 47
INFO:__main__:trainer.max_steps = 47 + 10 = 57
INFO:__main__:Detected checkpoint at step 47
INFO:__main__:trainer.max_steps = 47 + 10 = 57
INFO:__main__:LR scheduler max_steps = 100
INFO:__main__:LR scheduler max_steps = 100
INFO:__main__:Detected checkpoint at step 47
INFO:__main__:trainer.max_steps = 47 + 10 = 57
INFO:__main__:Detected checkpoint at step 47
INFO:__main__:trainer.max_steps = 47 + 10 = 57
INFO:__main__:LR scheduler max_steps = 100
INFO:__main__:LR scheduler max_steps = 100
INFO:utils:Config saved to /tmpdir/m24047brmn/nemo_1b/output/job_75863/config_nemotron1b-1layer-test.json
INFO:utils:Config saved to /tmpdir/m24047brmn/nemo_1b/output/job_75863/config_nemotron1b-1layer-test.json
INFO:utils:Config saved to /tmpdir/m24047brmn/nemo_1b/output/job_75863/config_nemotron1b-1layer-test.json
INFO:utils:Config saved to /tmpdir/m24047brmn/nemo_1b/output/job_75863/config_nemotron1b-1layer-test.json
INFO:utils:Config saved to /tmpdir/m24047brmn/nemo_1b/output/job_75863/config_nemotron1b-1layer-test.json
INFO:utils:Config saved to /tmpdir/m24047brmn/nemo_1b/output/job_75863/config_nemotron1b-1layer-test.json
INFO:__main__:Detected checkpoint at step 47
INFO:__main__:trainer.max_steps = 47 + 10 = 57
INFO:__main__:Detected checkpoint at step 47
INFO:__main__:trainer.max_steps = 47 + 10 = 57
INFO:__main__:LR scheduler max_steps = 100
INFO:__main__:LR scheduler max_steps = 100
INFO: GPU available: True (cuda), used: True
INFO:lightning.pytorch.utilities.rank_zero:GPU available: True (cuda), used: True
INFO: TPU available: False, using: 0 TPU cores
INFO:lightning.pytorch.utilities.rank_zero:TPU available: False, using: 0 TPU cores
INFO: HPU available: False, using: 0 HPUs
INFO:lightning.pytorch.utilities.rank_zero:HPU available: False, using: 0 HPUs
[NeMo W 2026-02-02 10:01:44 nemo_logging:405] No version folders would be created under the log folder as 'resume_if_exists' is enabled.
[NeMo I 2026-02-02 10:01:44 nemo_logging:393] Experiments will be logged at /tmpdir/m24047brmn/nemo_1b/output/nemotron1b-1layer-test
[NeMo W 2026-02-02 10:01:44 nemo_logging:405] "update_logger_directory" is True. Overwriting tensorboard logger "save_dir" to /tmpdir/m24047brmn/nemo_1b/output/tb_logs
[NeMo W 2026-02-02 10:01:44 nemo_logging:405] The Trainer already contains a ModelCheckpoint callback. This will be overwritten.
[NeMo W 2026-02-02 10:01:44 nemo_logging:405] Multiple checkpoints [PosixPath('/tmpdir/m24047brmn/nemo_1b/output/nemotron1b-1layer-test/checkpoints/nemotron1b-1layer-test-step=0000038-last'), PosixPath('/tmpdir/m24047brmn/nemo_1b/output/nemotron1b-1layer-test/checkpoints/nemotron1b-1layer-test-step=0000047-last')] matches *last.ckpt. Selecting one with the latest modified time.
[NeMo I 2026-02-02 10:01:44 nemo_logging:393] Fixing mis-match between ddp-config & mcore-optimizer config
[NeMo I 2026-02-02 10:01:44 nemo_logging:393] Rank 0 has data parallel group : [0, 1, 2, 3, 4, 5, 6, 7, 8, 9]
[NeMo I 2026-02-02 10:01:44 nemo_logging:393] Rank 0 has combined group of data parallel and context parallel : [0, 1, 2, 3, 4, 5, 6, 7, 8, 9]
[NeMo I 2026-02-02 10:01:44 nemo_logging:393] All data parallel group ranks with context parallel combined: [[0, 1, 2, 3, 4, 5, 6, 7, 8, 9]]
[NeMo I 2026-02-02 10:01:44 nemo_logging:393] Ranks 0 has data parallel rank: 0
[NeMo I 2026-02-02 10:01:44 nemo_logging:393] Rank 0 has context parallel group: [0]
[NeMo I 2026-02-02 10:01:44 nemo_logging:393] All context parallel group ranks: [[0], [1], [2], [3], [4], [5], [6], [7], [8], [9]]
[NeMo I 2026-02-02 10:01:44 nemo_logging:393] Ranks 0 has context parallel rank: 0
[NeMo I 2026-02-02 10:01:44 nemo_logging:393] Rank 0 has model parallel group: [0]
[NeMo I 2026-02-02 10:01:44 nemo_logging:393] All model parallel group ranks: [[0], [1], [2], [3], [4], [5], [6], [7], [8], [9]]
[NeMo I 2026-02-02 10:01:44 nemo_logging:393] Rank 0 has tensor model parallel group: [0]
[NeMo I 2026-02-02 10:01:44 nemo_logging:393] All tensor model parallel group ranks: [[0], [1], [2], [3], [4], [5], [6], [7], [8], [9]]
[NeMo I 2026-02-02 10:01:44 nemo_logging:393] Rank 0 has tensor model parallel rank: 0
[NeMo I 2026-02-02 10:01:44 nemo_logging:393] Rank 0 has pipeline model parallel group: [0]
[NeMo I 2026-02-02 10:01:44 nemo_logging:393] Rank 0 has embedding group: [0]
[NeMo I 2026-02-02 10:01:44 nemo_logging:393] All pipeline model parallel group ranks: [[0], [1], [2], [3], [4], [5], [6], [7], [8], [9]]
[NeMo I 2026-02-02 10:01:44 nemo_logging:393] Rank 0 has pipeline model parallel rank 0
[NeMo I 2026-02-02 10:01:44 nemo_logging:393] All embedding group ranks: [[0], [1], [2], [3], [4], [5], [6], [7], [8], [9]]
[NeMo I 2026-02-02 10:01:44 nemo_logging:393] Rank 0 has embedding rank: 0
INFO:nemo.lightning.pytorch.strategies.megatron_strategy:Initializing distributed: GLOBAL_RANK: 0, MEMBER: 1/10
INFO: ----------------------------------------------------------------------------------------------------
distributed_backend=nccl
All distributed processes registered. Starting with 10 processes
----------------------------------------------------------------------------------------------------

INFO:lightning.pytorch.utilities.rank_zero:----------------------------------------------------------------------------------------------------
distributed_backend=nccl
All distributed processes registered. Starting with 10 processes
----------------------------------------------------------------------------------------------------

INFO:nemo.lightning.pytorch.strategies.megatron_strategy:Initializing distributed: GLOBAL_RANK: 2, MEMBER: 3/10
INFO:nemo.lightning.pytorch.strategies.megatron_strategy:Initializing distributed: GLOBAL_RANK: 4, MEMBER: 5/10
INFO:utils:Config saved to /tmpdir/m24047brmn/nemo_1b/output/job_75863/config_nemotron1b-1layer-test.json
INFO:utils:Config saved to /tmpdir/m24047brmn/nemo_1b/output/job_75863/config_nemotron1b-1layer-test.json
INFO:nemo.lightning.pytorch.strategies.megatron_strategy:Initializing distributed: GLOBAL_RANK: 1, MEMBER: 2/10
INFO:nemo.lightning.pytorch.strategies.megatron_strategy:Initializing distributed: GLOBAL_RANK: 3, MEMBER: 4/10
INFO:nemo.lightning.pytorch.strategies.megatron_strategy:Initializing distributed: GLOBAL_RANK: 5, MEMBER: 6/10
INFO:nemo.lightning.pytorch.strategies.megatron_strategy:Initializing distributed: GLOBAL_RANK: 8, MEMBER: 9/10
INFO:nemo.lightning.pytorch.strategies.megatron_strategy:Initializing distributed: GLOBAL_RANK: 9, MEMBER: 10/10
INFO:__main__:Detected checkpoint at step 47
INFO:__main__:trainer.max_steps = 47 + 10 = 57
INFO:__main__:Detected checkpoint at step 47
INFO:__main__:trainer.max_steps = 47 + 10 = 57
INFO:__main__:LR scheduler max_steps = 100
INFO:__main__:LR scheduler max_steps = 100
INFO:utils:Config saved to /tmpdir/m24047brmn/nemo_1b/output/job_75863/config_nemotron1b-1layer-test.json
INFO:utils:Config saved to /tmpdir/m24047brmn/nemo_1b/output/job_75863/config_nemotron1b-1layer-test.json
INFO:nemo.lightning.pytorch.strategies.megatron_strategy:Initializing distributed: GLOBAL_RANK: 6, MEMBER: 7/10
INFO:nemo.lightning.pytorch.strategies.megatron_strategy:Initializing distributed: GLOBAL_RANK: 7, MEMBER: 8/10
[NeMo I 2026-02-02 10:01:48 utils:532] Let split_matrix = [(0, 1.0), None, None]
[NeMo I 2026-02-02 10:01:48 utils:532] Building GPTDataset splits with sizes=[72960, 0, 40960] and config=GPTDatasetConfig(random_seed=1234, sequence_length=1024, blend=[['/tmpdir/m24047brmn/nemo_1b/data/train_text_document'], None], blend_per_split=None, split='1,0,0', split_matrix=[(0, 1.0), None, None], num_dataset_builder_threads=1, path_to_cache='/tmpdir/m24047brmn/nemo_1b/output/index_mapping', mmap_bin_files=True, mock=False, tokenizer=<nemo.collections.common.tokenizers.huggingface.auto_tokenizer.AutoTokenizer object at 0x400225f1aa80>, reset_position_ids=False, reset_attention_mask=False, eod_mask_loss=False, create_attention_mask=False, drop_last_partial_validation_sequence=True, add_extra_token_to_sequence=True, s3_cache_path=None)
[NeMo I 2026-02-02 10:01:48 utils:532] Load the _IndexReader from /tmpdir/m24047brmn/nemo_1b/data/train_text_document.idx
[NeMo I 2026-02-02 10:01:48 utils:532] 	Extract the sequence lengths
[NeMo I 2026-02-02 10:01:48 utils:532] 	Extract the sequence pointers
[NeMo I 2026-02-02 10:01:48 utils:532] 	Extract the document indices
[NeMo I 2026-02-02 10:01:48 utils:532] > total number of sequences: 12000
[NeMo I 2026-02-02 10:01:48 utils:532] > total number of documents: 12000
[NeMo I 2026-02-02 10:01:48 utils:532] Build and save the GPTDataset train indices
[NeMo I 2026-02-02 10:01:48 utils:532] > total number of samples: 73242
[NeMo I 2026-02-02 10:01:48 utils:532] > total number of epochs: 75
[NeMo I 2026-02-02 10:01:50 nemo_logging:393] Padded vocab_size: 256000, original vocab_size: 256000, dummy tokens: 0.
INFO: LOCAL_RANK: 0 - CUDA_VISIBLE_DEVICES: [0,1]
INFO:lightning.pytorch.accelerators.cuda:LOCAL_RANK: 0 - CUDA_VISIBLE_DEVICES: [0,1]
INFO: LOCAL_RANK: 0 - CUDA_VISIBLE_DEVICES: [0,1]
INFO:lightning.pytorch.accelerators.cuda:LOCAL_RANK: 0 - CUDA_VISIBLE_DEVICES: [0,1]
INFO: LOCAL_RANK: 1 - CUDA_VISIBLE_DEVICES: [0,1]
INFO:lightning.pytorch.accelerators.cuda:LOCAL_RANK: 1 - CUDA_VISIBLE_DEVICES: [0,1]
INFO: LOCAL_RANK: 1 - CUDA_VISIBLE_DEVICES: [0,1]
INFO: LOCAL_RANK: 1 - CUDA_VISIBLE_DEVICES: [0,1]
INFO:lightning.pytorch.accelerators.cuda:LOCAL_RANK: 1 - CUDA_VISIBLE_DEVICES: [0,1]
INFO:lightning.pytorch.accelerators.cuda:LOCAL_RANK: 1 - CUDA_VISIBLE_DEVICES: [0,1]
INFO: LOCAL_RANK: 0 - CUDA_VISIBLE_DEVICES: [0,1]
INFO:lightning.pytorch.accelerators.cuda:LOCAL_RANK: 0 - CUDA_VISIBLE_DEVICES: [0,1]
[NeMo I 2026-02-02 10:01:50 nemo_logging:393] Copying Trainer's 'max_steps' (57) to LR scheduler's 'max_steps'.
[NeMo I 2026-02-02 10:01:50 num_microbatches_calculator:228] setting number of microbatches to constant 128
INFO: LOCAL_RANK: 1 - CUDA_VISIBLE_DEVICES: [0,1]
INFO:lightning.pytorch.accelerators.cuda:LOCAL_RANK: 1 - CUDA_VISIBLE_DEVICES: [0,1]
INFO: LOCAL_RANK: 0 - CUDA_VISIBLE_DEVICES: [0,1]
INFO:lightning.pytorch.accelerators.cuda:LOCAL_RANK: 0 - CUDA_VISIBLE_DEVICES: [0,1]
INFO: LOCAL_RANK: 1 - CUDA_VISIBLE_DEVICES: [0,1]
INFO:lightning.pytorch.accelerators.cuda:LOCAL_RANK: 1 - CUDA_VISIBLE_DEVICES: [0,1]
INFO: LOCAL_RANK: 0 - CUDA_VISIBLE_DEVICES: [0,1]
INFO:lightning.pytorch.accelerators.cuda:LOCAL_RANK: 0 - CUDA_VISIBLE_DEVICES: [0,1]
[NeMo I 2026-02-02 10:01:50 nemo_logging:393]  > number of parameters on (tensor, pipeline) model parallel rank (0 ,0): 1581453312
[NeMo I 2026-02-02 10:01:50 utils:532] Setting up DistributedDataParallel with config DistributedDataParallelConfig(grad_reduce_in_fp32=True, overlap_grad_reduce=True, overlap_param_gather=True, align_param_gather=False, use_distributed_optimizer=True, num_distributed_optimizer_instances=1, check_for_nan_in_grad=True, check_for_large_grads=False, bucket_size=40000000, pad_buckets_for_high_nccl_busbw=False, average_in_collective=True, fp8_param_gather=False, use_custom_fsdp=False, data_parallel_sharding_strategy='no_shard', gradient_reduce_div_fusion=True, suggested_communication_unit_size=None, preserve_fp32_weights=True, keep_fp8_transpose_cache_when_using_custom_fsdp=False)
[NeMo I 2026-02-02 10:01:50 utils:553] Number of buckets for gradient all-reduce / reduce-scatter: 25
    Params for bucket 1 (44052480 elements, 44052480 padded size):
    	module.decoder.final_layernorm.bias
    	module.decoder.final_layernorm.weight
    	module.decoder.layers.23.mlp.linear_fc1.layer_norm_bias
    	module.decoder.layers.23.mlp.linear_fc2.weight
    	module.decoder.layers.23.mlp.linear_fc1.layer_norm_weight
    	module.decoder.layers.23.self_attention.linear_qkv.layer_norm_weight
    	module.decoder.layers.23.self_attention.linear_proj.weight
    	module.decoder.layers.23.mlp.linear_fc1.weight
    	module.decoder.layers.23.self_attention.linear_qkv.weight
    	module.decoder.layers.23.self_attention.linear_qkv.layer_norm_bias
    Params for bucket 2 (44048384 elements, 44048640 padded size):
    	module.decoder.layers.22.mlp.linear_fc2.weight
    	module.decoder.layers.22.mlp.linear_fc1.layer_norm_weight
    	module.decoder.layers.22.mlp.linear_fc1.layer_norm_bias
    	module.decoder.layers.22.self_attention.linear_qkv.layer_norm_weight
    	module.decoder.layers.22.self_attention.linear_proj.weight
    	module.decoder.layers.22.self_attention.linear_qkv.weight
    	module.decoder.layers.22.mlp.linear_fc1.weight
    	module.decoder.layers.22.self_attention.linear_qkv.layer_norm_bias
    Params for bucket 3 (44048384 elements, 44048640 padded size):
    	module.decoder.layers.21.mlp.linear_fc2.weight
    	module.decoder.layers.21.mlp.linear_fc1.layer_norm_weight
    	module.decoder.layers.21.mlp.linear_fc1.layer_norm_bias
    	module.decoder.layers.21.self_attention.linear_qkv.layer_norm_weight
    	module.decoder.layers.21.self_attention.linear_proj.weight
    	module.decoder.layers.21.self_attention.linear_qkv.weight
    	module.decoder.layers.21.mlp.linear_fc1.weight
    	module.decoder.layers.21.self_attention.linear_qkv.layer_norm_bias
    Params for bucket 4 (44048384 elements, 44048640 padded size):
    	module.decoder.layers.20.mlp.linear_fc2.weight
    	module.decoder.layers.20.mlp.linear_fc1.layer_norm_bias
    	module.decoder.layers.20.mlp.linear_fc1.layer_norm_weight
    	module.decoder.layers.20.self_attention.linear_qkv.layer_norm_weight
    	module.decoder.layers.20.self_attention.linear_proj.weight
    	module.decoder.layers.20.self_attention.linear_qkv.weight
    	module.decoder.layers.20.mlp.linear_fc1.weight
    	module.decoder.layers.20.self_attention.linear_qkv.layer_norm_bias
    Params for bucket 5 (44048384 elements, 44048640 padded size):
    	module.decoder.layers.19.mlp.linear_fc2.weight
    	module.decoder.layers.19.mlp.linear_fc1.layer_norm_weight
    	module.decoder.layers.19.mlp.linear_fc1.layer_norm_bias
    	module.decoder.layers.19.self_attention.linear_qkv.layer_norm_weight
    	module.decoder.layers.19.self_attention.linear_proj.weight
    	module.decoder.layers.19.mlp.linear_fc1.weight
    	module.decoder.layers.19.self_attention.linear_qkv.weight
    	module.decoder.layers.19.self_attention.linear_qkv.layer_norm_bias
    Params for bucket 6 (44048384 elements, 44048640 padded size):
    	module.decoder.layers.18.self_attention.linear_qkv.weight
    	module.decoder.layers.18.mlp.linear_fc1.weight
    	module.decoder.layers.18.self_attention.linear_qkv.layer_norm_bias
    	module.decoder.layers.18.mlp.linear_fc2.weight
    	module.decoder.layers.18.mlp.linear_fc1.layer_norm_weight
    	module.decoder.layers.18.mlp.linear_fc1.layer_norm_bias
    	module.decoder.layers.18.self_attention.linear_qkv.layer_norm_weight
    	module.decoder.layers.18.self_attention.linear_proj.weight
    Params for bucket 7 (44048384 elements, 44048640 padded size):
    	module.decoder.layers.17.mlp.linear_fc1.weight
    	module.decoder.layers.17.self_attention.linear_qkv.weight
    	module.decoder.layers.17.self_attention.linear_qkv.layer_norm_bias
    	module.decoder.layers.17.mlp.linear_fc2.weight
    	module.decoder.layers.17.mlp.linear_fc1.layer_norm_bias
    	module.decoder.layers.17.mlp.linear_fc1.layer_norm_weight
    	module.decoder.layers.17.self_attention.linear_qkv.layer_norm_weight
    	module.decoder.layers.17.self_attention.linear_proj.weight
    Params for bucket 8 (44048384 elements, 44048640 padded size):
    	module.decoder.layers.16.mlp.linear_fc2.weight
    	module.decoder.layers.16.mlp.linear_fc1.layer_norm_bias
    	module.decoder.layers.16.mlp.linear_fc1.layer_norm_weight
    	module.decoder.layers.16.self_attention.linear_qkv.layer_norm_weight
    	module.decoder.layers.16.self_attention.linear_proj.weight
    	module.decoder.layers.16.self_attention.linear_qkv.weight
    	module.decoder.layers.16.mlp.linear_fc1.weight
    	module.decoder.layers.16.self_attention.linear_qkv.layer_norm_bias
    Params for bucket 9 (44048384 elements, 44048640 padded size):
    	module.decoder.layers.15.mlp.linear_fc2.weight
    	module.decoder.layers.15.mlp.linear_fc1.layer_norm_weight
    	module.decoder.layers.15.mlp.linear_fc1.layer_norm_bias
    	module.decoder.layers.15.self_attention.linear_qkv.layer_norm_weight
    	module.decoder.layers.15.self_attention.linear_proj.weight
    	module.decoder.layers.15.mlp.linear_fc1.weight
    	module.decoder.layers.15.self_attention.linear_qkv.weight
    	module.decoder.layers.15.self_attention.linear_qkv.layer_norm_bias
    Params for bucket 10 (44048384 elements, 44048640 padded size):
    	module.decoder.layers.14.mlp.linear_fc2.weight
    	module.decoder.layers.14.mlp.linear_fc1.layer_norm_weight
    	module.decoder.layers.14.mlp.linear_fc1.layer_norm_bias
    	module.decoder.layers.14.self_attention.linear_qkv.layer_norm_weight
    	module.decoder.layers.14.self_attention.linear_proj.weight
    	module.decoder.layers.14.self_attention.linear_qkv.weight
    	module.decoder.layers.14.mlp.linear_fc1.weight
    	module.decoder.layers.14.self_attention.linear_qkv.layer_norm_bias
    Params for bucket 11 (44048384 elements, 44048640 padded size):
    	module.decoder.layers.13.mlp.linear_fc2.weight
    	module.decoder.layers.13.mlp.linear_fc1.layer_norm_weight
    	module.decoder.layers.13.mlp.linear_fc1.layer_norm_bias
    	module.decoder.layers.13.self_attention.linear_qkv.layer_norm_weight
    	module.decoder.layers.13.self_attention.linear_proj.weight
    	module.decoder.layers.13.self_attention.linear_qkv.weight
    	module.decoder.layers.13.mlp.linear_fc1.weight
    	module.decoder.layers.13.self_attention.linear_qkv.layer_norm_bias
    Params for bucket 12 (44048384 elements, 44048640 padded size):
    	module.decoder.layers.12.mlp.linear_fc2.weight
    	module.decoder.layers.12.mlp.linear_fc1.layer_norm_bias
    	module.decoder.layers.12.mlp.linear_fc1.layer_norm_weight
    	module.decoder.layers.12.self_attention.linear_qkv.layer_norm_weight
    	module.decoder.layers.12.self_attention.linear_proj.weight
    	module.decoder.layers.12.self_attention.linear_qkv.weight
    	module.decoder.layers.12.mlp.linear_fc1.weight
    	module.decoder.layers.12.self_attention.linear_qkv.layer_norm_bias
    Params for bucket 13 (44048384 elements, 44048640 padded size):
    	module.decoder.layers.11.mlp.linear_fc2.weight
    	module.decoder.layers.11.mlp.linear_fc1.layer_norm_weight
    	module.decoder.layers.11.mlp.linear_fc1.layer_norm_bias
    	module.decoder.layers.11.self_attention.linear_qkv.layer_norm_weight
    	module.decoder.layers.11.self_attention.linear_proj.weight
    	module.decoder.layers.11.mlp.linear_fc1.weight
    	module.decoder.layers.11.self_attention.linear_qkv.weight
    	module.decoder.layers.11.self_attention.linear_qkv.layer_norm_bias
    Params for bucket 14 (44048384 elements, 44048640 padded size):
    	module.decoder.layers.10.mlp.linear_fc2.weight
    	module.decoder.layers.10.mlp.linear_fc1.layer_norm_weight
    	module.decoder.layers.10.mlp.linear_fc1.layer_norm_bias
    	module.decoder.layers.10.self_attention.linear_qkv.layer_norm_weight
    	module.decoder.layers.10.self_attention.linear_proj.weight
    	module.decoder.layers.10.self_attention.linear_qkv.weight
    	module.decoder.layers.10.mlp.linear_fc1.weight
    	module.decoder.layers.10.self_attention.linear_qkv.layer_norm_bias
    Params for bucket 15 (44048384 elements, 44048640 padded size):
    	module.decoder.layers.9.mlp.linear_fc1.layer_norm_bias
    	module.decoder.layers.9.self_attention.linear_qkv.weight
    	module.decoder.layers.9.self_attention.linear_qkv.layer_norm_weight
    	module.decoder.layers.9.self_attention.linear_proj.weight
    	module.decoder.layers.9.mlp.linear_fc2.weight
    	module.decoder.layers.9.mlp.linear_fc1.layer_norm_weight
    	module.decoder.layers.9.mlp.linear_fc1.weight
    	module.decoder.layers.9.self_attention.linear_qkv.layer_norm_bias
    Params for bucket 16 (44048384 elements, 44048640 padded size):
    	module.decoder.layers.8.mlp.linear_fc2.weight
    	module.decoder.layers.8.mlp.linear_fc1.layer_norm_weight
    	module.decoder.layers.8.mlp.linear_fc1.layer_norm_bias
    	module.decoder.layers.8.self_attention.linear_qkv.layer_norm_weight
    	module.decoder.layers.8.self_attention.linear_proj.weight
    	module.decoder.layers.8.self_attention.linear_qkv.weight
    	module.decoder.layers.8.mlp.linear_fc1.weight
    	module.decoder.layers.8.self_attention.linear_qkv.layer_norm_bias
    Params for bucket 17 (44048384 elements, 44048640 padded size):
    	module.decoder.layers.7.mlp.linear_fc2.weight
    	module.decoder.layers.7.mlp.linear_fc1.layer_norm_bias
    	module.decoder.layers.7.mlp.linear_fc1.layer_norm_weight
    	module.decoder.layers.7.self_attention.linear_qkv.layer_norm_weight
    	module.decoder.layers.7.self_attention.linear_proj.weight
    	module.decoder.layers.7.self_attention.linear_qkv.weight
    	module.decoder.layers.7.mlp.linear_fc1.weight
    	module.decoder.layers.7.self_attention.linear_qkv.layer_norm_bias
    Params for bucket 18 (44048384 elements, 44048640 padded size):
    	module.decoder.layers.6.mlp.linear_fc2.weight
    	module.decoder.layers.6.mlp.linear_fc1.layer_norm_weight
    	module.decoder.layers.6.mlp.linear_fc1.layer_norm_bias
    	module.decoder.layers.6.self_attention.linear_qkv.layer_norm_weight
    	module.decoder.layers.6.self_attention.linear_proj.weight
    	module.decoder.layers.6.mlp.linear_fc1.weight
    	module.decoder.layers.6.self_attention.linear_qkv.weight
    	module.decoder.layers.6.self_attention.linear_qkv.layer_norm_bias
    Params for bucket 19 (44048384 elements, 44048640 padded size):
    	module.decoder.layers.5.mlp.linear_fc2.weight
    	module.decoder.layers.5.mlp.linear_fc1.layer_norm_weight
    	module.decoder.layers.5.mlp.linear_fc1.layer_norm_bias
    	module.decoder.layers.5.self_attention.linear_qkv.layer_norm_weight
    	module.decoder.layers.5.self_attention.linear_proj.weight
    	module.decoder.layers.5.self_attention.linear_qkv.weight
    	module.decoder.layers.5.mlp.linear_fc1.weight
    	module.decoder.layers.5.self_attention.linear_qkv.layer_norm_bias
    Params for bucket 20 (44048384 elements, 44048640 padded size):
    	module.decoder.layers.4.mlp.linear_fc2.weight
    	module.decoder.layers.4.mlp.linear_fc1.layer_norm_weight
    	module.decoder.layers.4.mlp.linear_fc1.layer_norm_bias
    	module.decoder.layers.4.self_attention.linear_qkv.layer_norm_weight
    	module.decoder.layers.4.self_attention.linear_proj.weight
    	module.decoder.layers.4.self_attention.linear_qkv.weight
    	module.decoder.layers.4.mlp.linear_fc1.weight
    	module.decoder.layers.4.self_attention.linear_qkv.layer_norm_bias
    Params for bucket 21 (44048384 elements, 44048640 padded size):
    	module.decoder.layers.3.mlp.linear_fc2.weight
    	module.decoder.layers.3.mlp.linear_fc1.layer_norm_bias
    	module.decoder.layers.3.mlp.linear_fc1.layer_norm_weight
    	module.decoder.layers.3.self_attention.linear_qkv.layer_norm_weight
    	module.decoder.layers.3.self_attention.linear_proj.weight
    	module.decoder.layers.3.self_attention.linear_qkv.weight
    	module.decoder.layers.3.mlp.linear_fc1.weight
    	module.decoder.layers.3.self_attention.linear_qkv.layer_norm_bias
    Params for bucket 22 (44048384 elements, 44048640 padded size):
    	module.decoder.layers.2.mlp.linear_fc2.weight
    	module.decoder.layers.2.mlp.linear_fc1.layer_norm_weight
    	module.decoder.layers.2.mlp.linear_fc1.layer_norm_bias
    	module.decoder.layers.2.self_attention.linear_qkv.layer_norm_weight
    	module.decoder.layers.2.self_attention.linear_proj.weight
    	module.decoder.layers.2.mlp.linear_fc1.weight
    	module.decoder.layers.2.self_attention.linear_qkv.weight
    	module.decoder.layers.2.self_attention.linear_qkv.layer_norm_bias
    Params for bucket 23 (44048384 elements, 44048640 padded size):
    	module.decoder.layers.1.mlp.linear_fc2.weight
    	module.decoder.layers.1.mlp.linear_fc1.layer_norm_weight
    	module.decoder.layers.1.mlp.linear_fc1.layer_norm_bias
    	module.decoder.layers.1.self_attention.linear_qkv.layer_norm_bias
    	module.decoder.layers.1.self_attention.linear_qkv.layer_norm_weight
    	module.decoder.layers.1.self_attention.linear_proj.weight
    	module.decoder.layers.1.self_attention.linear_qkv.weight
    	module.decoder.layers.1.mlp.linear_fc1.weight
    Params for bucket 24 (44048384 elements, 44048640 padded size):
    	module.decoder.layers.0.mlp.linear_fc2.weight
    	module.decoder.layers.0.mlp.linear_fc1.layer_norm_weight
    	module.decoder.layers.0.mlp.linear_fc1.layer_norm_bias
    	module.decoder.layers.0.self_attention.linear_qkv.layer_norm_weight
    	module.decoder.layers.0.self_attention.linear_proj.weight
    	module.decoder.layers.0.self_attention.linear_qkv.weight
    	module.decoder.layers.0.mlp.linear_fc1.weight
    	module.decoder.layers.0.self_attention.linear_qkv.layer_norm_bias
    Params for bucket 25 (524288000 elements, 524288000 padded size):
    	module.embedding.word_embeddings.weight
[NeMo I 2026-02-02 10:01:50 utils:532] Setting up optimizer with config OptimizerConfig(optimizer='adam', lr=0.0003, min_lr=None, decoupled_lr=None, decoupled_min_lr=None, weight_decay=0.1, fp16=False, bf16=True, params_dtype=torch.bfloat16, use_precision_aware_optimizer=False, main_grads_dtype=torch.float32, main_params_dtype=torch.float32, exp_avg_dtype=torch.float32, exp_avg_sq_dtype=torch.float32, loss_scale=None, initial_loss_scale=4294967296, min_loss_scale=1.0, loss_scale_window=1000, hysteresis=2, adam_beta1=0.9, adam_beta2=0.95, adam_eps=1e-05, sgd_momentum=0.9, use_distributed_optimizer=True, overlap_param_gather_with_optimizer_step=False, optimizer_cpu_offload=False, optimizer_offload_fraction=0.0, use_torch_optimizer_for_cpu_offload=False, overlap_cpu_optimizer_d2h_h2d=False, pin_cpu_grads=True, pin_cpu_params=True, clip_grad=1.0, log_num_zeros_in_grad=False, barrier_with_L1_time=False, timers=None, config_logger_dir='')
INFO: 
  | Name   | Type | Params | Mode 
----------------------------------------
0 | module | DDP  | 1.6 B  | train
----------------------------------------
1.6 B     Trainable params
0         Non-trainable params
1.6 B     Total params
6,325.813 Total estimated model params size (MB)
491       Modules in train mode
0         Modules in eval mode
INFO:lightning.pytorch.callbacks.model_summary:
  | Name   | Type | Params | Mode 
----------------------------------------
0 | module | DDP  | 1.6 B  | train
----------------------------------------
1.6 B     Trainable params
0         Non-trainable params
1.6 B     Total params
6,325.813 Total estimated model params size (MB)
491       Modules in train mode
0         Modules in eval mode
INFO: Restoring states from the checkpoint path at /tmpdir/m24047brmn/nemo_1b/output/nemotron1b-1layer-test/checkpoints/nemotron1b-1layer-test-step=0000047-last/weights
INFO:lightning.pytorch.utilities.rank_zero:Restoring states from the checkpoint path at /tmpdir/m24047brmn/nemo_1b/output/nemotron1b-1layer-test/checkpoints/nemotron1b-1layer-test-step=0000047-last/weights
[NeMo I 2026-02-02 10:01:50 nemo_logging:393] Using <megatron.core.dist_checkpointing.strategies.fully_parallel.FullyParallelLoadStrategyWrapper object at 0x4002d03b6a50> dist-ckpt load strategy.
[NeMo I 2026-02-02 10:01:58 nemo_logging:393] Global Checkpoint Load : Rank : 0 : Start time : 1770022910.754s : Time spent in load_checkpoint: 8.245s
INFO: *** Loaded DataModule state dict successfully. IGNORE PTL's warning below about the dataloader not being resumable. This is warning is expected because we are handling dataloader resumption manually in NeMo. ***
INFO:lightning.pytorch.utilities.rank_zero:*** Loaded DataModule state dict successfully. IGNORE PTL's warning below about the dataloader not being resumable. This is warning is expected because we are handling dataloader resumption manually in NeMo. ***
[NeMo I 2026-02-02 10:01:59 distrib_optimizer:784] Loading distributed optimizer sharded state of type fully_sharded_model_space
INFO: Restored all states from the checkpoint at /tmpdir/m24047brmn/nemo_1b/output/nemotron1b-1layer-test/checkpoints/nemotron1b-1layer-test-step=0000047-last/weights
INFO:lightning.pytorch.utilities.rank_zero:Restored all states from the checkpoint at /tmpdir/m24047brmn/nemo_1b/output/nemotron1b-1layer-test/checkpoints/nemotron1b-1layer-test-step=0000047-last/weights
INFO:root:Instantiating MegatronPretrainingSampler with total_samples: 73242 and consumed_samples: 61440
INFO:root:Instantiating MegatronPretrainingSampler with total_samples: 73242 and consumed_samples: 61440
INFO:root:Instantiating MegatronPretrainingSampler with total_samples: 73242 and consumed_samples: 61440
INFO:root:Instantiating MegatronPretrainingSampler with total_samples: 73242 and consumed_samples: 61440
INFO:root:Instantiating MegatronPretrainingSampler with total_samples: 73242 and consumed_samples: 61440
INFO:root:Instantiating MegatronPretrainingSampler with total_samples: 73242 and consumed_samples: 61440
INFO:root:Instantiating MegatronPretrainingSampler with total_samples: 73242 and consumed_samples: 61440
INFO:root:Instantiating MegatronPretrainingSampler with total_samples: 73242 and consumed_samples: 61440
INFO:root:Instantiating MegatronPretrainingSampler with total_samples: 73242 and consumed_samples: 61440
INFO:root:Instantiating MegatronPretrainingSampler with total_samples: 73242 and consumed_samples: 61440
[NeMo W 2026-02-02 10:01:59 nemo_logging:405] /usr/local/lib/python3.12/dist-packages/lightning/pytorch/loops/training_epoch_loop.py:161: You're resuming from a checkpoint that ended before the epoch ended and your dataloader is not resumable. This can cause unreliable results if further training is done. Consider using an end-of-epoch checkpoint or make your dataloader resumable by implementing the `state_dict` / `load_state_dict` interface.
    
[NeMo W 2026-02-02 10:02:48 rerun_state_machine:1264] Implicit initialization of Rerun State Machine!
[NeMo W 2026-02-02 10:02:48 rerun_state_machine:239] RerunStateMachine initialized in mode RerunMode.DISABLED
Training epoch 0, iteration 48/56 | lr: 2.934e-05 | consumed_samples: 62720 | global_batch_size: 1280 | global_step: 48 | reduced_train_loss: 6.967
Training epoch 0, iteration 49/56 | lr: 2.994e-05 | consumed_samples: 64000 | global_batch_size: 1280 | global_step: 49 | reduced_train_loss: 6.914
INFO: Epoch 0, global step 49: 'step' reached 49.00000 (best 49.00000), saving model to '/tmpdir/m24047brmn/nemo_1b/output/nemotron1b-1layer-test/checkpoints/nemotron1b-1layer-test-step=0000049.ckpt' as top 3
INFO:lightning.pytorch.utilities.rank_zero:Epoch 0, global step 49: 'step' reached 49.00000 (best 49.00000), saving model to '/tmpdir/m24047brmn/nemo_1b/output/nemotron1b-1layer-test/checkpoints/nemotron1b-1layer-test-step=0000049.ckpt' as top 3
[NeMo I 2026-02-02 10:03:31 nemo_logging:393] Using FullyParallelSaveStrategyWrapper(torch_dist, 1) dist-ckpt save strategy.
[NeMo W 2026-02-02 10:03:31 validation:389] There is difference in the common state dict in different ranks. The differences are {1: ([], [], [(('optimizer', 0, 'optimizer', 'param_groups', 1, 'step'), <class 'int'>, <class 'int'>)]), 2: ([], [], [(('optimizer', 0, 'optimizer', 'param_groups', 1, 'step'), <class 'int'>, <class 'int'>)]), 3: ([], [], [(('optimizer', 0, 'optimizer', 'param_groups', 1, 'step'), <class 'int'>, <class 'int'>)]), 4: ([], [], [(('optimizer', 0, 'optimizer', 'param_groups', 1, 'step'), <class 'int'>, <class 'int'>)]), 5: ([], [], [(('optimizer', 0, 'optimizer', 'param_groups', 1, 'step'), <class 'int'>, <class 'int'>)]), 6: ([], [], [(('optimizer', 0, 'optimizer', 'param_groups', 1, 'step'), <class 'int'>, <class 'int'>)]), 8: ([], [], [(('optimizer', 0, 'optimizer', 'param_groups', 1, 'step'), <class 'int'>, <class 'int'>)])}
[NeMo I 2026-02-02 10:03:43 nemo_logging:393] Global Checkpoint Save : Rank: 0 : Iteration: 46 : Start time: 1770023011.213s : Save duration: 12.271s
[NeMo I 2026-02-02 10:03:44 nemo_logging:393] Scheduled async checkpoint save for /tmpdir/m24047brmn/nemo_1b/output/nemotron1b-1layer-test/checkpoints/nemotron1b-1layer-test-step=0000049.ckpt
[NeMo W 2026-02-02 10:03:48 validation:389] There is difference in the common state dict in different ranks. The differences are {1: ([], [], [(('optimizer', 0, 'optimizer', 'param_groups', 1, 'step'), <class 'int'>, <class 'int'>)]), 2: ([], [], [(('optimizer', 0, 'optimizer', 'param_groups', 1, 'step'), <class 'int'>, <class 'int'>)]), 3: ([], [], [(('optimizer', 0, 'optimizer', 'param_groups', 1, 'step'), <class 'int'>, <class 'int'>)]), 4: ([], [], [(('optimizer', 0, 'optimizer', 'param_groups', 1, 'step'), <class 'int'>, <class 'int'>)]), 5: ([], [], [(('optimizer', 0, 'optimizer', 'param_groups', 1, 'step'), <class 'int'>, <class 'int'>)]), 6: ([], [], [(('optimizer', 0, 'optimizer', 'param_groups', 1, 'step'), <class 'int'>, <class 'int'>)]), 8: ([], [], [(('optimizer', 0, 'optimizer', 'param_groups', 1, 'step'), <class 'int'>, <class 'int'>)])}
[NeMo I 2026-02-02 10:03:49 nemo_logging:393] Global Checkpoint Save : Rank: 0 : Iteration: 46 : Start time: 1770023028.591s : Save duration: 1.221s
[NeMo I 2026-02-02 10:03:51 nemo_logging:393] Scheduled async checkpoint save for /tmpdir/m24047brmn/nemo_1b/output/nemotron1b-1layer-test/checkpoints/nemotron1b-1layer-test-step=0000049-last.ckpt
[NeMo I 2026-02-02 10:03:51 nemo_logging:393] Async finalization time took 0.069 s
Training epoch 0, iteration 50/56 | lr: 3.054e-05 | consumed_samples: 65280 | global_batch_size: 1280 | global_step: 50 | reduced_train_loss: 6.885
[NeMo I 2026-02-02 10:04:30 nemo_logging:393] Successfully saved checkpoint from iteration      46 to /tmpdir/m24047brmn/nemo_1b/output/nemotron1b-1layer-test/checkpoints/nemotron1b-1layer-test-step=0000049.ckpt
[NeMo I 2026-02-02 10:04:30 nemo_logging:393] Async checkpoint save for step 50 (/tmpdir/m24047brmn/nemo_1b/output/nemotron1b-1layer-test/checkpoints/nemotron1b-1layer-test-step=0000049.ckpt) finalized successfully.
[NeMo I 2026-02-02 10:04:30 nemo_logging:393] Successfully saved checkpoint from iteration      46 to /tmpdir/m24047brmn/nemo_1b/output/nemotron1b-1layer-test/checkpoints/nemotron1b-1layer-test-step=0000049-last.ckpt
[NeMo I 2026-02-02 10:04:30 nemo_logging:393] Async checkpoint save for step 50 (/tmpdir/m24047brmn/nemo_1b/output/nemotron1b-1layer-test/checkpoints/nemotron1b-1layer-test-step=0000049-last.ckpt) finalized successfully.
[NeMo I 2026-02-02 10:04:32 nemo_logging:393] Async finalization time took 2.469 s
Training epoch 0, iteration 51/56 | lr: 3.114e-05 | consumed_samples: 66560 | global_batch_size: 1280 | global_step: 51 | reduced_train_loss: 6.877
Training epoch 0, iteration 52/56 | lr: 3.174e-05 | consumed_samples: 67840 | global_batch_size: 1280 | global_step: 52 | reduced_train_loss: 6.82
Training epoch 0, iteration 53/56 | lr: 3.234e-05 | consumed_samples: 69120 | global_batch_size: 1280 | global_step: 53 | reduced_train_loss: 6.808
Training epoch 0, iteration 54/56 | lr: 3.293e-05 | consumed_samples: 70400 | global_batch_size: 1280 | global_step: 54 | reduced_train_loss: 6.752
Training epoch 0, iteration 55/56 | lr: 3.353e-05 | consumed_samples: 71680 | global_batch_size: 1280 | global_step: 55 | reduced_train_loss: 6.701
Training epoch 0, iteration 56/56 | lr: 3.413e-05 | consumed_samples: 72960 | global_batch_size: 1280 | global_step: 56 | reduced_train_loss: 6.651
INFO: Epoch 0, global step 56: 'step' reached 56.00000 (best 56.00000), saving model to '/tmpdir/m24047brmn/nemo_1b/output/nemotron1b-1layer-test/checkpoints/nemotron1b-1layer-test-step=0000056.ckpt' as top 4
INFO:lightning.pytorch.utilities.rank_zero:Epoch 0, global step 56: 'step' reached 56.00000 (best 56.00000), saving model to '/tmpdir/m24047brmn/nemo_1b/output/nemotron1b-1layer-test/checkpoints/nemotron1b-1layer-test-step=0000056.ckpt' as top 4
[NeMo W 2026-02-02 10:08:23 validation:389] There is difference in the common state dict in different ranks. The differences are {1: ([], [], [(('optimizer', 0, 'optimizer', 'param_groups', 1, 'step'), <class 'int'>, <class 'int'>)]), 2: ([], [], [(('optimizer', 0, 'optimizer', 'param_groups', 1, 'step'), <class 'int'>, <class 'int'>)]), 3: ([], [], [(('optimizer', 0, 'optimizer', 'param_groups', 1, 'step'), <class 'int'>, <class 'int'>)]), 4: ([], [], [(('optimizer', 0, 'optimizer', 'param_groups', 1, 'step'), <class 'int'>, <class 'int'>)]), 5: ([], [], [(('optimizer', 0, 'optimizer', 'param_groups', 1, 'step'), <class 'int'>, <class 'int'>)]), 6: ([], [], [(('optimizer', 0, 'optimizer', 'param_groups', 1, 'step'), <class 'int'>, <class 'int'>)]), 8: ([], [], [(('optimizer', 0, 'optimizer', 'param_groups', 1, 'step'), <class 'int'>, <class 'int'>)])}
[NeMo I 2026-02-02 10:08:24 nemo_logging:393] Global Checkpoint Save : Rank: 0 : Iteration: 53 : Start time: 1770023303.373s : Save duration: 0.929s
[NeMo I 2026-02-02 10:08:24 nemo_logging:393] Scheduled async checkpoint save for /tmpdir/m24047brmn/nemo_1b/output/nemotron1b-1layer-test/checkpoints/nemotron1b-1layer-test-step=0000056.ckpt
[NeMo W 2026-02-02 10:08:29 validation:389] There is difference in the common state dict in different ranks. The differences are {1: ([], [], [(('optimizer', 0, 'optimizer', 'param_groups', 1, 'step'), <class 'int'>, <class 'int'>)]), 2: ([], [], [(('optimizer', 0, 'optimizer', 'param_groups', 1, 'step'), <class 'int'>, <class 'int'>)]), 3: ([], [], [(('optimizer', 0, 'optimizer', 'param_groups', 1, 'step'), <class 'int'>, <class 'int'>)]), 4: ([], [], [(('optimizer', 0, 'optimizer', 'param_groups', 1, 'step'), <class 'int'>, <class 'int'>)]), 5: ([], [], [(('optimizer', 0, 'optimizer', 'param_groups', 1, 'step'), <class 'int'>, <class 'int'>)]), 6: ([], [], [(('optimizer', 0, 'optimizer', 'param_groups', 1, 'step'), <class 'int'>, <class 'int'>)]), 8: ([], [], [(('optimizer', 0, 'optimizer', 'param_groups', 1, 'step'), <class 'int'>, <class 'int'>)])}
[NeMo I 2026-02-02 10:08:30 nemo_logging:393] Global Checkpoint Save : Rank: 0 : Iteration: 53 : Start time: 1770023309.361s : Save duration: 0.989s
[NeMo I 2026-02-02 10:08:32 nemo_logging:393] Scheduled async checkpoint save for /tmpdir/m24047brmn/nemo_1b/output/nemotron1b-1layer-test/checkpoints/nemotron1b-1layer-test-step=0000056-last.ckpt
[NeMo I 2026-02-02 10:08:32 nemo_logging:393] Async finalization time took 0.034 s
[NeMo I 2026-02-02 10:08:32 nemo_logging:393] Async finalization time took 0.019 s
INFO: `Trainer.fit` stopped: `max_steps=57` reached.
INFO:lightning.pytorch.utilities.rank_zero:`Trainer.fit` stopped: `max_steps=57` reached.
[NeMo I 2026-02-02 10:08:32 nemo_logging:393] Pending async checkpoint saves. Finalizing them synchronously now
[NeMo I 2026-02-02 10:08:34 nemo_logging:393] Successfully saved checkpoint from iteration      53 to /tmpdir/m24047brmn/nemo_1b/output/nemotron1b-1layer-test/checkpoints/nemotron1b-1layer-test-step=0000056.ckpt
[NeMo I 2026-02-02 10:08:34 nemo_logging:393] Async checkpoint save for step 57 (/tmpdir/m24047brmn/nemo_1b/output/nemotron1b-1layer-test/checkpoints/nemotron1b-1layer-test-step=0000056.ckpt) finalized successfully.
[NeMo I 2026-02-02 10:08:38 nemo_logging:393] Successfully saved checkpoint from iteration      53 to /tmpdir/m24047brmn/nemo_1b/output/nemotron1b-1layer-test/checkpoints/nemotron1b-1layer-test-step=0000056-last.ckpt
[NeMo I 2026-02-02 10:08:38 nemo_logging:393] Async checkpoint save for step 57 (/tmpdir/m24047brmn/nemo_1b/output/nemotron1b-1layer-test/checkpoints/nemotron1b-1layer-test-step=0000056-last.ckpt) finalized successfully.
[NeMo I 2026-02-02 10:08:40 nemo_logging:393] Async finalization time took 7.284 s
INFO:__main__:Finished training run.
INFO:__main__:Finished training run.
INFO:__main__:Finished training run.
INFO:__main__:Finished training run.
INFO:__main__:Finished training run.
INFO:__main__:Finished training run.
INFO:__main__:Finished training run.
INFO:__main__:Finished training run.
INFO:__main__:Finished training run.
INFO:__main__:Finished training run.
==========================================
Training finished with status 0
==========================================
