==========================================
Starting Nemotron training
Datamix:     /tmpdir/m24047brmn/nemo_1b/data/nemo1b_mock_datamix.json
Output:      /tmpdir/m24047brmn/nemo_1b/output
Nodes:       5
Duration:    00:24:00:00
==========================================
W0202 02:15:42.852000 401937 torch/distributed/run.py:763] 
W0202 02:15:42.852000 401937 torch/distributed/run.py:763] *****************************************
W0202 02:15:42.852000 401937 torch/distributed/run.py:763] Setting OMP_NUM_THREADS environment variable for each process to be 1 in default, to avoid your system being overloaded, please further tune the variable for optimal performance in your application as needed. 
W0202 02:15:42.852000 401937 torch/distributed/run.py:763] *****************************************
W0202 02:15:42.865000 2961577 torch/distributed/run.py:763] 
W0202 02:15:42.865000 2961577 torch/distributed/run.py:763] *****************************************
W0202 02:15:42.865000 2961577 torch/distributed/run.py:763] Setting OMP_NUM_THREADS environment variable for each process to be 1 in default, to avoid your system being overloaded, please further tune the variable for optimal performance in your application as needed. 
W0202 02:15:42.865000 2961577 torch/distributed/run.py:763] *****************************************
W0202 02:15:42.868000 331517 torch/distributed/run.py:763] 
W0202 02:15:42.868000 331517 torch/distributed/run.py:763] *****************************************
W0202 02:15:42.868000 331517 torch/distributed/run.py:763] Setting OMP_NUM_THREADS environment variable for each process to be 1 in default, to avoid your system being overloaded, please further tune the variable for optimal performance in your application as needed. 
W0202 02:15:42.868000 331517 torch/distributed/run.py:763] *****************************************
W0202 02:15:42.872000 3096136 torch/distributed/run.py:763] 
W0202 02:15:42.872000 3096136 torch/distributed/run.py:763] *****************************************
W0202 02:15:42.872000 3096136 torch/distributed/run.py:763] Setting OMP_NUM_THREADS environment variable for each process to be 1 in default, to avoid your system being overloaded, please further tune the variable for optimal performance in your application as needed. 
W0202 02:15:42.872000 3096136 torch/distributed/run.py:763] *****************************************
W0202 02:15:42.889000 188691 torch/distributed/run.py:763] 
W0202 02:15:42.889000 188691 torch/distributed/run.py:763] *****************************************
W0202 02:15:42.889000 188691 torch/distributed/run.py:763] Setting OMP_NUM_THREADS environment variable for each process to be 1 in default, to avoid your system being overloaded, please further tune the variable for optimal performance in your application as needed. 
W0202 02:15:42.889000 188691 torch/distributed/run.py:763] *****************************************
[rank: 9] Seed set to 1234
[rank: 8] Seed set to 1234
[rank: 7] Seed set to 1234
[rank: 6] Seed set to 1234
[rank: 5] Seed set to 1234
[rank: 4] Seed set to 1234
[rank: 0] Seed set to 1234
[rank: 1] Seed set to 1234
[rank: 3] Seed set to 1234
[rank: 2] Seed set to 1234
INFO:faiss.loader:Loading faiss.
INFO:faiss.loader:Loading faiss.
INFO:faiss.loader:Loading faiss.
INFO:faiss.loader:Loading faiss.
INFO:faiss.loader:Successfully loaded faiss.
INFO:faiss.loader:Successfully loaded faiss.
INFO:faiss.loader:Successfully loaded faiss.
INFO:faiss.loader:Successfully loaded faiss.
INFO:faiss.loader:Loading faiss.
INFO:faiss.loader:Loading faiss.
INFO:faiss.loader:Successfully loaded faiss.
INFO:faiss.loader:Successfully loaded faiss.
INFO:faiss.loader:Loading faiss.
INFO:faiss.loader:Loading faiss.
INFO:faiss.loader:Successfully loaded faiss.
INFO:faiss.loader:Successfully loaded faiss.
INFO:faiss.loader:Loading faiss.
INFO:faiss.loader:Loading faiss.
INFO:faiss.loader:Successfully loaded faiss.
INFO:faiss.loader:Successfully loaded faiss.
[NeMo W 2026-02-02 02:16:18 nemo_logging:405] /usr/local/lib/python3.12/dist-packages/pydub/utils.py:170: RuntimeWarning: Couldn't find ffmpeg or avconv - defaulting to ffmpeg, but may not work
      warn("Couldn't find ffmpeg or avconv - defaulting to ffmpeg, but may not work", RuntimeWarning)
    
INFO:datasets:PyTorch version 2.7.0a0+7c8ec84dab.nv25.3 available.
INFO:datasets:Polars version 1.21.0 available.
INFO:datasets:PyTorch version 2.7.0a0+7c8ec84dab.nv25.3 available.
INFO:datasets:PyTorch version 2.7.0a0+7c8ec84dab.nv25.3 available.
INFO:datasets:Polars version 1.21.0 available.
INFO:datasets:Polars version 1.21.0 available.
INFO:datasets:PyTorch version 2.7.0a0+7c8ec84dab.nv25.3 available.
INFO:datasets:Polars version 1.21.0 available.
INFO:datasets:PyTorch version 2.7.0a0+7c8ec84dab.nv25.3 available.
INFO:datasets:Polars version 1.21.0 available.
INFO:datasets:PyTorch version 2.7.0a0+7c8ec84dab.nv25.3 available.
INFO:datasets:Polars version 1.21.0 available.
INFO:datasets:PyTorch version 2.7.0a0+7c8ec84dab.nv25.3 available.
INFO:datasets:Polars version 1.21.0 available.
INFO:datasets:PyTorch version 2.7.0a0+7c8ec84dab.nv25.3 available.
INFO:datasets:Polars version 1.21.0 available.
INFO:datasets:PyTorch version 2.7.0a0+7c8ec84dab.nv25.3 available.
INFO:datasets:Polars version 1.21.0 available.
INFO:datasets:PyTorch version 2.7.0a0+7c8ec84dab.nv25.3 available.
INFO:datasets:Polars version 1.21.0 available.
INFO:utils:{'data_path': '/tmpdir/m24047brmn/nemo_1b/data', 'train': [{'name': 'train_text_document', 'weight': 1.0}], 'total_tokens': 1000000}
INFO:utils:{'data_path': '/tmpdir/m24047brmn/nemo_1b/data', 'train': [{'name': 'train_text_document', 'weight': 1.0}], 'total_tokens': 1000000}
INFO:utils:Find tokenizer: /work/m24047/m24047brmn/tokenizers/minitron-4b
INFO:__main__:Global batch size: 1280
INFO:__main__:Sequence length: 1024
INFO:__main__:Tokens per batch: 1310720
INFO:__main__:Total tokens in datamix: 1000000
INFO:__main__:Using provided global_max_steps: 100
INFO:__main__:Patched megatron.core.optimizer (accepted params: {'lr_mult', 'scale_lr_cond', 'model_chunks', 'use_gloo_process_groups', 'no_weight_decay_cond', 'config'})
INFO:utils:Find tokenizer: /work/m24047/m24047brmn/tokenizers/minitron-4b
INFO:utils:{'data_path': '/tmpdir/m24047brmn/nemo_1b/data', 'train': [{'name': 'train_text_document', 'weight': 1.0}], 'total_tokens': 1000000}
INFO:utils:{'data_path': '/tmpdir/m24047brmn/nemo_1b/data', 'train': [{'name': 'train_text_document', 'weight': 1.0}], 'total_tokens': 1000000}
INFO:utils:Find tokenizer: /work/m24047/m24047brmn/tokenizers/minitron-4b
INFO:__main__:Global batch size: 1280
INFO:__main__:Sequence length: 1024
INFO:__main__:Tokens per batch: 1310720
INFO:__main__:Total tokens in datamix: 1000000
INFO:__main__:Using provided global_max_steps: 100
INFO:__main__:Global batch size: 1280
INFO:__main__:Sequence length: 1024
INFO:__main__:Tokens per batch: 1310720
INFO:__main__:Total tokens in datamix: 1000000
INFO:__main__:Using provided global_max_steps: 100
INFO:__main__:Patched megatron.core.optimizer (accepted params: {'no_weight_decay_cond', 'config', 'lr_mult', 'scale_lr_cond', 'use_gloo_process_groups', 'model_chunks'})
INFO:__main__:Patched megatron.core.optimizer (accepted params: {'config', 'scale_lr_cond', 'use_gloo_process_groups', 'model_chunks', 'no_weight_decay_cond', 'lr_mult'})
INFO:utils:Find tokenizer: /work/m24047/m24047brmn/tokenizers/minitron-4b
INFO:__main__:Global batch size: 1280
INFO:__main__:Sequence length: 1024
INFO:__main__:Tokens per batch: 1310720
INFO:__main__:Total tokens in datamix: 1000000
INFO:__main__:Using provided global_max_steps: 100
INFO:__main__:Patched megatron.core.optimizer (accepted params: {'no_weight_decay_cond', 'lr_mult', 'scale_lr_cond', 'model_chunks', 'use_gloo_process_groups', 'config'})
INFO:utils:{'data_path': '/tmpdir/m24047brmn/nemo_1b/data', 'train': [{'name': 'train_text_document', 'weight': 1.0}], 'total_tokens': 1000000}
INFO:utils:{'data_path': '/tmpdir/m24047brmn/nemo_1b/data', 'train': [{'name': 'train_text_document', 'weight': 1.0}], 'total_tokens': 1000000}
INFO:utils:Find tokenizer: /work/m24047/m24047brmn/tokenizers/minitron-4b
INFO:__main__:Global batch size: 1280
INFO:__main__:Sequence length: 1024
INFO:__main__:Tokens per batch: 1310720
INFO:__main__:Total tokens in datamix: 1000000
INFO:__main__:Using provided global_max_steps: 100
INFO:__main__:Patched megatron.core.optimizer (accepted params: {'scale_lr_cond', 'model_chunks', 'no_weight_decay_cond', 'config', 'lr_mult', 'use_gloo_process_groups'})
INFO:utils:Find tokenizer: /work/m24047/m24047brmn/tokenizers/minitron-4b
INFO:__main__:Global batch size: 1280
INFO:__main__:Sequence length: 1024
INFO:__main__:Tokens per batch: 1310720
INFO:__main__:Total tokens in datamix: 1000000
INFO:__main__:Using provided global_max_steps: 100
INFO:__main__:Patched megatron.core.optimizer (accepted params: {'model_chunks', 'config', 'scale_lr_cond', 'lr_mult', 'no_weight_decay_cond', 'use_gloo_process_groups'})
INFO:utils:{'data_path': '/tmpdir/m24047brmn/nemo_1b/data', 'train': [{'name': 'train_text_document', 'weight': 1.0}], 'total_tokens': 1000000}
INFO:utils:{'data_path': '/tmpdir/m24047brmn/nemo_1b/data', 'train': [{'name': 'train_text_document', 'weight': 1.0}], 'total_tokens': 1000000}
INFO:utils:Find tokenizer: /work/m24047/m24047brmn/tokenizers/minitron-4b
INFO:__main__:Global batch size: 1280
INFO:__main__:Sequence length: 1024
INFO:__main__:Tokens per batch: 1310720
INFO:__main__:Total tokens in datamix: 1000000
INFO:__main__:Using provided global_max_steps: 100
INFO:__main__:Patched megatron.core.optimizer (accepted params: {'lr_mult', 'scale_lr_cond', 'config', 'no_weight_decay_cond', 'use_gloo_process_groups', 'model_chunks'})
INFO:utils:Find tokenizer: /work/m24047/m24047brmn/tokenizers/minitron-4b
INFO:__main__:Global batch size: 1280
INFO:__main__:Sequence length: 1024
INFO:__main__:Tokens per batch: 1310720
INFO:__main__:Total tokens in datamix: 1000000
INFO:__main__:Using provided global_max_steps: 100
INFO:__main__:Patched megatron.core.optimizer (accepted params: {'model_chunks', 'no_weight_decay_cond', 'config', 'lr_mult', 'scale_lr_cond', 'use_gloo_process_groups'})
[NeMo I 2026-02-02 02:16:26 nemo_logging:393] Getting HuggingFace AutoTokenizer with pretrained_model_name: /work/m24047/m24047brmn/tokenizers/minitron-4b, vocab_file: None, merges_files: None, special_tokens_dict: {}, and use_fast: True
INFO:utils:{'data_path': '/tmpdir/m24047brmn/nemo_1b/data', 'train': [{'name': 'train_text_document', 'weight': 1.0}], 'total_tokens': 1000000}
INFO:utils:{'data_path': '/tmpdir/m24047brmn/nemo_1b/data', 'train': [{'name': 'train_text_document', 'weight': 1.0}], 'total_tokens': 1000000}
INFO:utils:Find tokenizer: /work/m24047/m24047brmn/tokenizers/minitron-4b
INFO:__main__:Global batch size: 1280
INFO:__main__:Sequence length: 1024
INFO:__main__:Tokens per batch: 1310720
INFO:__main__:Total tokens in datamix: 1000000
INFO:__main__:Using provided global_max_steps: 100
INFO:__main__:Patched megatron.core.optimizer (accepted params: {'config', 'lr_mult', 'model_chunks', 'use_gloo_process_groups', 'scale_lr_cond', 'no_weight_decay_cond'})
INFO:utils:Find tokenizer: /work/m24047/m24047brmn/tokenizers/minitron-4b
INFO:__main__:Global batch size: 1280
INFO:__main__:Sequence length: 1024
INFO:__main__:Tokens per batch: 1310720
INFO:__main__:Total tokens in datamix: 1000000
INFO:__main__:Using provided global_max_steps: 100
INFO:__main__:Patched megatron.core.optimizer (accepted params: {'config', 'scale_lr_cond', 'use_gloo_process_groups', 'lr_mult', 'no_weight_decay_cond', 'model_chunks'})
INFO:__main__:Detected checkpoint at step 38
INFO:__main__:trainer.max_steps = 38 + 10 = 48
INFO:__main__:Detected checkpoint at step 38
INFO:__main__:trainer.max_steps = 38 + 10 = 48
INFO:__main__:LR scheduler max_steps = 100
INFO:__main__:LR scheduler max_steps = 100
INFO:__main__:Detected checkpoint at step 38
INFO:__main__:trainer.max_steps = 38 + 10 = 48
INFO:__main__:Detected checkpoint at step 38
INFO:__main__:trainer.max_steps = 38 + 10 = 48
INFO:__main__:LR scheduler max_steps = 100
INFO:__main__:LR scheduler max_steps = 100
INFO:__main__:Detected checkpoint at step 38
INFO:__main__:trainer.max_steps = 38 + 10 = 48
INFO:__main__:Detected checkpoint at step 38
INFO:__main__:trainer.max_steps = 38 + 10 = 48
INFO:__main__:LR scheduler max_steps = 100
INFO:__main__:LR scheduler max_steps = 100
INFO:utils:Config saved to /tmpdir/m24047brmn/nemo_1b/output/job_75840/config_nemotron1b-1layer-test.json
INFO:utils:Config saved to /tmpdir/m24047brmn/nemo_1b/output/job_75840/config_nemotron1b-1layer-test.json
INFO:utils:Config saved to /tmpdir/m24047brmn/nemo_1b/output/job_75840/config_nemotron1b-1layer-test.json
INFO:utils:Config saved to /tmpdir/m24047brmn/nemo_1b/output/job_75840/config_nemotron1b-1layer-test.json
INFO:utils:Config saved to /tmpdir/m24047brmn/nemo_1b/output/job_75840/config_nemotron1b-1layer-test.json
INFO:utils:Config saved to /tmpdir/m24047brmn/nemo_1b/output/job_75840/config_nemotron1b-1layer-test.json
INFO:nemo.lightning.pytorch.strategies.megatron_strategy:Initializing distributed: GLOBAL_RANK: 8, MEMBER: 9/10
INFO:nemo.lightning.pytorch.strategies.megatron_strategy:Initializing distributed: GLOBAL_RANK: 6, MEMBER: 7/10
INFO:__main__:Detected checkpoint at step 38
INFO:__main__:trainer.max_steps = 38 + 10 = 48
INFO:__main__:Detected checkpoint at step 38
INFO:__main__:trainer.max_steps = 38 + 10 = 48
INFO:__main__:LR scheduler max_steps = 100
INFO:__main__:LR scheduler max_steps = 100
INFO:nemo.lightning.pytorch.strategies.megatron_strategy:Initializing distributed: GLOBAL_RANK: 4, MEMBER: 5/10
INFO:nemo.lightning.pytorch.strategies.megatron_strategy:Initializing distributed: GLOBAL_RANK: 9, MEMBER: 10/10
INFO:nemo.lightning.pytorch.strategies.megatron_strategy:Initializing distributed: GLOBAL_RANK: 7, MEMBER: 8/10
INFO:utils:Config saved to /tmpdir/m24047brmn/nemo_1b/output/job_75840/config_nemotron1b-1layer-test.json
INFO:utils:Config saved to /tmpdir/m24047brmn/nemo_1b/output/job_75840/config_nemotron1b-1layer-test.json
INFO:__main__:Detected checkpoint at step 38
INFO:__main__:trainer.max_steps = 38 + 10 = 48
INFO:__main__:Detected checkpoint at step 38
INFO:__main__:trainer.max_steps = 38 + 10 = 48
INFO:__main__:LR scheduler max_steps = 100
INFO:__main__:LR scheduler max_steps = 100
INFO:nemo.lightning.pytorch.strategies.megatron_strategy:Initializing distributed: GLOBAL_RANK: 5, MEMBER: 6/10
INFO: GPU available: True (cuda), used: True
INFO:lightning.pytorch.utilities.rank_zero:GPU available: True (cuda), used: True
INFO: TPU available: False, using: 0 TPU cores
INFO:lightning.pytorch.utilities.rank_zero:TPU available: False, using: 0 TPU cores
INFO: HPU available: False, using: 0 HPUs
INFO:lightning.pytorch.utilities.rank_zero:HPU available: False, using: 0 HPUs
[NeMo W 2026-02-02 02:16:29 nemo_logging:405] No version folders would be created under the log folder as 'resume_if_exists' is enabled.
[NeMo I 2026-02-02 02:16:29 nemo_logging:393] Experiments will be logged at /tmpdir/m24047brmn/nemo_1b/output/nemotron1b-1layer-test
[NeMo W 2026-02-02 02:16:29 nemo_logging:405] "update_logger_directory" is True. Overwriting tensorboard logger "save_dir" to /tmpdir/m24047brmn/nemo_1b/output/tb_logs
[NeMo W 2026-02-02 02:16:29 nemo_logging:405] The Trainer already contains a ModelCheckpoint callback. This will be overwritten.
[NeMo I 2026-02-02 02:16:29 nemo_logging:393] Fixing mis-match between ddp-config & mcore-optimizer config
[NeMo I 2026-02-02 02:16:29 nemo_logging:393] Rank 0 has data parallel group : [0, 1, 2, 3, 4, 5, 6, 7, 8, 9]
[NeMo I 2026-02-02 02:16:29 nemo_logging:393] Rank 0 has combined group of data parallel and context parallel : [0, 1, 2, 3, 4, 5, 6, 7, 8, 9]
[NeMo I 2026-02-02 02:16:29 nemo_logging:393] All data parallel group ranks with context parallel combined: [[0, 1, 2, 3, 4, 5, 6, 7, 8, 9]]
[NeMo I 2026-02-02 02:16:29 nemo_logging:393] Ranks 0 has data parallel rank: 0
[NeMo I 2026-02-02 02:16:29 nemo_logging:393] Rank 0 has context parallel group: [0]
[NeMo I 2026-02-02 02:16:29 nemo_logging:393] All context parallel group ranks: [[0], [1], [2], [3], [4], [5], [6], [7], [8], [9]]
[NeMo I 2026-02-02 02:16:29 nemo_logging:393] Ranks 0 has context parallel rank: 0
[NeMo I 2026-02-02 02:16:29 nemo_logging:393] Rank 0 has model parallel group: [0]
[NeMo I 2026-02-02 02:16:29 nemo_logging:393] All model parallel group ranks: [[0], [1], [2], [3], [4], [5], [6], [7], [8], [9]]
[NeMo I 2026-02-02 02:16:29 nemo_logging:393] Rank 0 has tensor model parallel group: [0]
[NeMo I 2026-02-02 02:16:29 nemo_logging:393] All tensor model parallel group ranks: [[0], [1], [2], [3], [4], [5], [6], [7], [8], [9]]
[NeMo I 2026-02-02 02:16:29 nemo_logging:393] Rank 0 has tensor model parallel rank: 0
[NeMo I 2026-02-02 02:16:29 nemo_logging:393] Rank 0 has pipeline model parallel group: [0]
[NeMo I 2026-02-02 02:16:29 nemo_logging:393] Rank 0 has embedding group: [0]
[NeMo I 2026-02-02 02:16:29 nemo_logging:393] All pipeline model parallel group ranks: [[0], [1], [2], [3], [4], [5], [6], [7], [8], [9]]
[NeMo I 2026-02-02 02:16:29 nemo_logging:393] Rank 0 has pipeline model parallel rank 0
[NeMo I 2026-02-02 02:16:29 nemo_logging:393] All embedding group ranks: [[0], [1], [2], [3], [4], [5], [6], [7], [8], [9]]
[NeMo I 2026-02-02 02:16:29 nemo_logging:393] Rank 0 has embedding rank: 0
INFO:nemo.lightning.pytorch.strategies.megatron_strategy:Initializing distributed: GLOBAL_RANK: 0, MEMBER: 1/10
INFO: ----------------------------------------------------------------------------------------------------
distributed_backend=nccl
All distributed processes registered. Starting with 10 processes
----------------------------------------------------------------------------------------------------

INFO:lightning.pytorch.utilities.rank_zero:----------------------------------------------------------------------------------------------------
distributed_backend=nccl
All distributed processes registered. Starting with 10 processes
----------------------------------------------------------------------------------------------------

INFO:utils:Config saved to /tmpdir/m24047brmn/nemo_1b/output/job_75840/config_nemotron1b-1layer-test.json
INFO:utils:Config saved to /tmpdir/m24047brmn/nemo_1b/output/job_75840/config_nemotron1b-1layer-test.json
INFO:nemo.lightning.pytorch.strategies.megatron_strategy:Initializing distributed: GLOBAL_RANK: 1, MEMBER: 2/10
INFO:nemo.lightning.pytorch.strategies.megatron_strategy:Initializing distributed: GLOBAL_RANK: 2, MEMBER: 3/10
INFO:nemo.lightning.pytorch.strategies.megatron_strategy:Initializing distributed: GLOBAL_RANK: 3, MEMBER: 4/10
[NeMo I 2026-02-02 02:16:33 utils:532] Let split_matrix = [(0, 1.0), None, None]
[NeMo I 2026-02-02 02:16:33 utils:532] Building GPTDataset splits with sizes=[61440, 0, 40960] and config=GPTDatasetConfig(random_seed=1234, sequence_length=1024, blend=[['/tmpdir/m24047brmn/nemo_1b/data/train_text_document'], None], blend_per_split=None, split='1,0,0', split_matrix=[(0, 1.0), None, None], num_dataset_builder_threads=1, path_to_cache='/tmpdir/m24047brmn/nemo_1b/output/index_mapping', mmap_bin_files=True, mock=False, tokenizer=<nemo.collections.common.tokenizers.huggingface.auto_tokenizer.AutoTokenizer object at 0x4001522ffad0>, reset_position_ids=False, reset_attention_mask=False, eod_mask_loss=False, create_attention_mask=False, drop_last_partial_validation_sequence=True, add_extra_token_to_sequence=True, s3_cache_path=None)
[NeMo I 2026-02-02 02:16:33 utils:532] Load the _IndexReader from /tmpdir/m24047brmn/nemo_1b/data/train_text_document.idx
[NeMo I 2026-02-02 02:16:33 utils:532] 	Extract the sequence lengths
[NeMo I 2026-02-02 02:16:33 utils:532] 	Extract the sequence pointers
[NeMo I 2026-02-02 02:16:33 utils:532] 	Extract the document indices
[NeMo I 2026-02-02 02:16:33 utils:532] > total number of sequences: 12000
[NeMo I 2026-02-02 02:16:33 utils:532] > total number of documents: 12000
[NeMo I 2026-02-02 02:16:33 utils:532] Build and save the GPTDataset train indices
[NeMo I 2026-02-02 02:16:33 utils:532] > total number of samples: 61523
[NeMo I 2026-02-02 02:16:33 utils:532] > total number of epochs: 63
[NeMo I 2026-02-02 02:16:34 nemo_logging:393] Padded vocab_size: 256000, original vocab_size: 256000, dummy tokens: 0.
INFO: LOCAL_RANK: 1 - CUDA_VISIBLE_DEVICES: [0,1]
INFO:lightning.pytorch.accelerators.cuda:LOCAL_RANK: 1 - CUDA_VISIBLE_DEVICES: [0,1]
INFO: LOCAL_RANK: 0 - CUDA_VISIBLE_DEVICES: [0,1]
INFO:lightning.pytorch.accelerators.cuda:LOCAL_RANK: 0 - CUDA_VISIBLE_DEVICES: [0,1]
INFO: LOCAL_RANK: 1 - CUDA_VISIBLE_DEVICES: [0,1]
INFO:lightning.pytorch.accelerators.cuda:LOCAL_RANK: 1 - CUDA_VISIBLE_DEVICES: [0,1]
INFO: LOCAL_RANK: 0 - CUDA_VISIBLE_DEVICES: [0,1]
INFO:lightning.pytorch.accelerators.cuda:LOCAL_RANK: 0 - CUDA_VISIBLE_DEVICES: [0,1]
INFO: LOCAL_RANK: 0 - CUDA_VISIBLE_DEVICES: [0,1]
INFO:lightning.pytorch.accelerators.cuda:LOCAL_RANK: 0 - CUDA_VISIBLE_DEVICES: [0,1]
INFO: LOCAL_RANK: 0 - CUDA_VISIBLE_DEVICES: [0,1]
INFO:lightning.pytorch.accelerators.cuda:LOCAL_RANK: 0 - CUDA_VISIBLE_DEVICES: [0,1]
INFO: LOCAL_RANK: 1 - CUDA_VISIBLE_DEVICES: [0,1]
INFO:lightning.pytorch.accelerators.cuda:LOCAL_RANK: 1 - CUDA_VISIBLE_DEVICES: [0,1]
INFO: LOCAL_RANK: 1 - CUDA_VISIBLE_DEVICES: [0,1]
INFO:lightning.pytorch.accelerators.cuda:LOCAL_RANK: 1 - CUDA_VISIBLE_DEVICES: [0,1]
INFO: LOCAL_RANK: 1 - CUDA_VISIBLE_DEVICES: [0,1]
INFO:lightning.pytorch.accelerators.cuda:LOCAL_RANK: 1 - CUDA_VISIBLE_DEVICES: [0,1]
INFO: LOCAL_RANK: 0 - CUDA_VISIBLE_DEVICES: [0,1]
INFO:lightning.pytorch.accelerators.cuda:LOCAL_RANK: 0 - CUDA_VISIBLE_DEVICES: [0,1]
[NeMo I 2026-02-02 02:16:34 nemo_logging:393] Copying Trainer's 'max_steps' (48) to LR scheduler's 'max_steps'.
[NeMo I 2026-02-02 02:16:34 num_microbatches_calculator:228] setting number of microbatches to constant 128
[NeMo I 2026-02-02 02:16:34 nemo_logging:393]  > number of parameters on (tensor, pipeline) model parallel rank (0 ,0): 1581453312
[NeMo I 2026-02-02 02:16:34 utils:532] Setting up DistributedDataParallel with config DistributedDataParallelConfig(grad_reduce_in_fp32=True, overlap_grad_reduce=True, overlap_param_gather=True, align_param_gather=False, use_distributed_optimizer=True, num_distributed_optimizer_instances=1, check_for_nan_in_grad=True, check_for_large_grads=False, bucket_size=40000000, pad_buckets_for_high_nccl_busbw=False, average_in_collective=True, fp8_param_gather=False, use_custom_fsdp=False, data_parallel_sharding_strategy='no_shard', gradient_reduce_div_fusion=True, suggested_communication_unit_size=None, preserve_fp32_weights=True, keep_fp8_transpose_cache_when_using_custom_fsdp=False)
[NeMo I 2026-02-02 02:16:34 utils:553] Number of buckets for gradient all-reduce / reduce-scatter: 25
    Params for bucket 1 (44052480 elements, 44052480 padded size):
    	module.decoder.final_layernorm.bias
    	module.decoder.final_layernorm.weight
    	module.decoder.layers.23.mlp.linear_fc1.layer_norm_bias
    	module.decoder.layers.23.mlp.linear_fc2.weight
    	module.decoder.layers.23.mlp.linear_fc1.layer_norm_weight
    	module.decoder.layers.23.self_attention.linear_qkv.layer_norm_weight
    	module.decoder.layers.23.self_attention.linear_proj.weight
    	module.decoder.layers.23.mlp.linear_fc1.weight
    	module.decoder.layers.23.self_attention.linear_qkv.weight
    	module.decoder.layers.23.self_attention.linear_qkv.layer_norm_bias
    Params for bucket 2 (44048384 elements, 44048640 padded size):
    	module.decoder.layers.22.mlp.linear_fc2.weight
    	module.decoder.layers.22.mlp.linear_fc1.layer_norm_weight
    	module.decoder.layers.22.mlp.linear_fc1.layer_norm_bias
    	module.decoder.layers.22.self_attention.linear_qkv.layer_norm_weight
    	module.decoder.layers.22.self_attention.linear_proj.weight
    	module.decoder.layers.22.self_attention.linear_qkv.weight
    	module.decoder.layers.22.mlp.linear_fc1.weight
    	module.decoder.layers.22.self_attention.linear_qkv.layer_norm_bias
    Params for bucket 3 (44048384 elements, 44048640 padded size):
    	module.decoder.layers.21.mlp.linear_fc2.weight
    	module.decoder.layers.21.mlp.linear_fc1.layer_norm_weight
    	module.decoder.layers.21.mlp.linear_fc1.layer_norm_bias
    	module.decoder.layers.21.self_attention.linear_qkv.layer_norm_weight
    	module.decoder.layers.21.self_attention.linear_proj.weight
    	module.decoder.layers.21.self_attention.linear_qkv.weight
    	module.decoder.layers.21.mlp.linear_fc1.weight
    	module.decoder.layers.21.self_attention.linear_qkv.layer_norm_bias
    Params for bucket 4 (44048384 elements, 44048640 padded size):
    	module.decoder.layers.20.mlp.linear_fc2.weight
    	module.decoder.layers.20.mlp.linear_fc1.layer_norm_bias
    	module.decoder.layers.20.mlp.linear_fc1.layer_norm_weight
    	module.decoder.layers.20.self_attention.linear_qkv.layer_norm_weight
    	module.decoder.layers.20.self_attention.linear_proj.weight
    	module.decoder.layers.20.self_attention.linear_qkv.weight
    	module.decoder.layers.20.mlp.linear_fc1.weight
    	module.decoder.layers.20.self_attention.linear_qkv.layer_norm_bias
    Params for bucket 5 (44048384 elements, 44048640 padded size):
    	module.decoder.layers.19.mlp.linear_fc2.weight
    	module.decoder.layers.19.mlp.linear_fc1.layer_norm_weight
    	module.decoder.layers.19.mlp.linear_fc1.layer_norm_bias
    	module.decoder.layers.19.self_attention.linear_qkv.layer_norm_weight
    	module.decoder.layers.19.self_attention.linear_proj.weight
    	module.decoder.layers.19.mlp.linear_fc1.weight
    	module.decoder.layers.19.self_attention.linear_qkv.weight
    	module.decoder.layers.19.self_attention.linear_qkv.layer_norm_bias
    Params for bucket 6 (44048384 elements, 44048640 padded size):
    	module.decoder.layers.18.self_attention.linear_qkv.weight
    	module.decoder.layers.18.mlp.linear_fc1.weight
    	module.decoder.layers.18.self_attention.linear_qkv.layer_norm_bias
    	module.decoder.layers.18.mlp.linear_fc2.weight
    	module.decoder.layers.18.mlp.linear_fc1.layer_norm_weight
    	module.decoder.layers.18.mlp.linear_fc1.layer_norm_bias
    	module.decoder.layers.18.self_attention.linear_qkv.layer_norm_weight
    	module.decoder.layers.18.self_attention.linear_proj.weight
    Params for bucket 7 (44048384 elements, 44048640 padded size):
    	module.decoder.layers.17.mlp.linear_fc1.weight
    	module.decoder.layers.17.self_attention.linear_qkv.weight
    	module.decoder.layers.17.self_attention.linear_qkv.layer_norm_bias
    	module.decoder.layers.17.mlp.linear_fc2.weight
    	module.decoder.layers.17.mlp.linear_fc1.layer_norm_bias
    	module.decoder.layers.17.mlp.linear_fc1.layer_norm_weight
    	module.decoder.layers.17.self_attention.linear_qkv.layer_norm_weight
    	module.decoder.layers.17.self_attention.linear_proj.weight
    Params for bucket 8 (44048384 elements, 44048640 padded size):
    	module.decoder.layers.16.mlp.linear_fc2.weight
    	module.decoder.layers.16.mlp.linear_fc1.layer_norm_bias
    	module.decoder.layers.16.mlp.linear_fc1.layer_norm_weight
    	module.decoder.layers.16.self_attention.linear_qkv.layer_norm_weight
    	module.decoder.layers.16.self_attention.linear_proj.weight
    	module.decoder.layers.16.self_attention.linear_qkv.weight
    	module.decoder.layers.16.mlp.linear_fc1.weight
    	module.decoder.layers.16.self_attention.linear_qkv.layer_norm_bias
    Params for bucket 9 (44048384 elements, 44048640 padded size):
    	module.decoder.layers.15.mlp.linear_fc2.weight
    	module.decoder.layers.15.mlp.linear_fc1.layer_norm_weight
    	module.decoder.layers.15.mlp.linear_fc1.layer_norm_bias
    	module.decoder.layers.15.self_attention.linear_qkv.layer_norm_weight
    	module.decoder.layers.15.self_attention.linear_proj.weight
    	module.decoder.layers.15.mlp.linear_fc1.weight
    	module.decoder.layers.15.self_attention.linear_qkv.weight
    	module.decoder.layers.15.self_attention.linear_qkv.layer_norm_bias
    Params for bucket 10 (44048384 elements, 44048640 padded size):
    	module.decoder.layers.14.mlp.linear_fc2.weight
    	module.decoder.layers.14.mlp.linear_fc1.layer_norm_weight
    	module.decoder.layers.14.mlp.linear_fc1.layer_norm_bias
    	module.decoder.layers.14.self_attention.linear_qkv.layer_norm_weight
    	module.decoder.layers.14.self_attention.linear_proj.weight
    	module.decoder.layers.14.self_attention.linear_qkv.weight
    	module.decoder.layers.14.mlp.linear_fc1.weight
    	module.decoder.layers.14.self_attention.linear_qkv.layer_norm_bias
    Params for bucket 11 (44048384 elements, 44048640 padded size):
    	module.decoder.layers.13.mlp.linear_fc2.weight
    	module.decoder.layers.13.mlp.linear_fc1.layer_norm_weight
    	module.decoder.layers.13.mlp.linear_fc1.layer_norm_bias
    	module.decoder.layers.13.self_attention.linear_qkv.layer_norm_weight
    	module.decoder.layers.13.self_attention.linear_proj.weight
    	module.decoder.layers.13.self_attention.linear_qkv.weight
    	module.decoder.layers.13.mlp.linear_fc1.weight
    	module.decoder.layers.13.self_attention.linear_qkv.layer_norm_bias
    Params for bucket 12 (44048384 elements, 44048640 padded size):
    	module.decoder.layers.12.mlp.linear_fc2.weight
    	module.decoder.layers.12.mlp.linear_fc1.layer_norm_bias
    	module.decoder.layers.12.mlp.linear_fc1.layer_norm_weight
    	module.decoder.layers.12.self_attention.linear_qkv.layer_norm_weight
    	module.decoder.layers.12.self_attention.linear_proj.weight
    	module.decoder.layers.12.self_attention.linear_qkv.weight
    	module.decoder.layers.12.mlp.linear_fc1.weight
    	module.decoder.layers.12.self_attention.linear_qkv.layer_norm_bias
    Params for bucket 13 (44048384 elements, 44048640 padded size):
    	module.decoder.layers.11.mlp.linear_fc2.weight
    	module.decoder.layers.11.mlp.linear_fc1.layer_norm_weight
    	module.decoder.layers.11.mlp.linear_fc1.layer_norm_bias
    	module.decoder.layers.11.self_attention.linear_qkv.layer_norm_weight
    	module.decoder.layers.11.self_attention.linear_proj.weight
    	module.decoder.layers.11.mlp.linear_fc1.weight
    	module.decoder.layers.11.self_attention.linear_qkv.weight
    	module.decoder.layers.11.self_attention.linear_qkv.layer_norm_bias
    Params for bucket 14 (44048384 elements, 44048640 padded size):
    	module.decoder.layers.10.mlp.linear_fc2.weight
    	module.decoder.layers.10.mlp.linear_fc1.layer_norm_weight
    	module.decoder.layers.10.mlp.linear_fc1.layer_norm_bias
    	module.decoder.layers.10.self_attention.linear_qkv.layer_norm_weight
    	module.decoder.layers.10.self_attention.linear_proj.weight
    	module.decoder.layers.10.self_attention.linear_qkv.weight
    	module.decoder.layers.10.mlp.linear_fc1.weight
    	module.decoder.layers.10.self_attention.linear_qkv.layer_norm_bias
    Params for bucket 15 (44048384 elements, 44048640 padded size):
    	module.decoder.layers.9.mlp.linear_fc1.layer_norm_bias
    	module.decoder.layers.9.self_attention.linear_qkv.weight
    	module.decoder.layers.9.self_attention.linear_qkv.layer_norm_weight
    	module.decoder.layers.9.self_attention.linear_proj.weight
    	module.decoder.layers.9.mlp.linear_fc2.weight
    	module.decoder.layers.9.mlp.linear_fc1.layer_norm_weight
    	module.decoder.layers.9.mlp.linear_fc1.weight
    	module.decoder.layers.9.self_attention.linear_qkv.layer_norm_bias
    Params for bucket 16 (44048384 elements, 44048640 padded size):
    	module.decoder.layers.8.mlp.linear_fc2.weight
    	module.decoder.layers.8.mlp.linear_fc1.layer_norm_weight
    	module.decoder.layers.8.mlp.linear_fc1.layer_norm_bias
    	module.decoder.layers.8.self_attention.linear_qkv.layer_norm_weight
    	module.decoder.layers.8.self_attention.linear_proj.weight
    	module.decoder.layers.8.self_attention.linear_qkv.weight
    	module.decoder.layers.8.mlp.linear_fc1.weight
    	module.decoder.layers.8.self_attention.linear_qkv.layer_norm_bias
    Params for bucket 17 (44048384 elements, 44048640 padded size):
    	module.decoder.layers.7.mlp.linear_fc2.weight
    	module.decoder.layers.7.mlp.linear_fc1.layer_norm_bias
    	module.decoder.layers.7.mlp.linear_fc1.layer_norm_weight
    	module.decoder.layers.7.self_attention.linear_qkv.layer_norm_weight
    	module.decoder.layers.7.self_attention.linear_proj.weight
    	module.decoder.layers.7.self_attention.linear_qkv.weight
    	module.decoder.layers.7.mlp.linear_fc1.weight
    	module.decoder.layers.7.self_attention.linear_qkv.layer_norm_bias
    Params for bucket 18 (44048384 elements, 44048640 padded size):
    	module.decoder.layers.6.mlp.linear_fc2.weight
    	module.decoder.layers.6.mlp.linear_fc1.layer_norm_weight
    	module.decoder.layers.6.mlp.linear_fc1.layer_norm_bias
    	module.decoder.layers.6.self_attention.linear_qkv.layer_norm_weight
    	module.decoder.layers.6.self_attention.linear_proj.weight
    	module.decoder.layers.6.mlp.linear_fc1.weight
    	module.decoder.layers.6.self_attention.linear_qkv.weight
    	module.decoder.layers.6.self_attention.linear_qkv.layer_norm_bias
    Params for bucket 19 (44048384 elements, 44048640 padded size):
    	module.decoder.layers.5.mlp.linear_fc2.weight
    	module.decoder.layers.5.mlp.linear_fc1.layer_norm_weight
    	module.decoder.layers.5.mlp.linear_fc1.layer_norm_bias
    	module.decoder.layers.5.self_attention.linear_qkv.layer_norm_weight
    	module.decoder.layers.5.self_attention.linear_proj.weight
    	module.decoder.layers.5.self_attention.linear_qkv.weight
    	module.decoder.layers.5.mlp.linear_fc1.weight
    	module.decoder.layers.5.self_attention.linear_qkv.layer_norm_bias
    Params for bucket 20 (44048384 elements, 44048640 padded size):
    	module.decoder.layers.4.mlp.linear_fc2.weight
    	module.decoder.layers.4.mlp.linear_fc1.layer_norm_weight
    	module.decoder.layers.4.mlp.linear_fc1.layer_norm_bias
    	module.decoder.layers.4.self_attention.linear_qkv.layer_norm_weight
    	module.decoder.layers.4.self_attention.linear_proj.weight
    	module.decoder.layers.4.self_attention.linear_qkv.weight
    	module.decoder.layers.4.mlp.linear_fc1.weight
    	module.decoder.layers.4.self_attention.linear_qkv.layer_norm_bias
    Params for bucket 21 (44048384 elements, 44048640 padded size):
    	module.decoder.layers.3.mlp.linear_fc2.weight
    	module.decoder.layers.3.mlp.linear_fc1.layer_norm_bias
    	module.decoder.layers.3.mlp.linear_fc1.layer_norm_weight
    	module.decoder.layers.3.self_attention.linear_qkv.layer_norm_weight
    	module.decoder.layers.3.self_attention.linear_proj.weight
    	module.decoder.layers.3.self_attention.linear_qkv.weight
    	module.decoder.layers.3.mlp.linear_fc1.weight
    	module.decoder.layers.3.self_attention.linear_qkv.layer_norm_bias
    Params for bucket 22 (44048384 elements, 44048640 padded size):
    	module.decoder.layers.2.mlp.linear_fc2.weight
    	module.decoder.layers.2.mlp.linear_fc1.layer_norm_weight
    	module.decoder.layers.2.mlp.linear_fc1.layer_norm_bias
    	module.decoder.layers.2.self_attention.linear_qkv.layer_norm_weight
    	module.decoder.layers.2.self_attention.linear_proj.weight
    	module.decoder.layers.2.mlp.linear_fc1.weight
    	module.decoder.layers.2.self_attention.linear_qkv.weight
    	module.decoder.layers.2.self_attention.linear_qkv.layer_norm_bias
    Params for bucket 23 (44048384 elements, 44048640 padded size):
    	module.decoder.layers.1.mlp.linear_fc2.weight
    	module.decoder.layers.1.mlp.linear_fc1.layer_norm_bias
    	module.decoder.layers.1.mlp.linear_fc1.layer_norm_weight
    	module.decoder.layers.1.self_attention.linear_qkv.layer_norm_bias
    	module.decoder.layers.1.self_attention.linear_qkv.layer_norm_weight
    	module.decoder.layers.1.self_attention.linear_proj.weight
    	module.decoder.layers.1.mlp.linear_fc1.weight
    	module.decoder.layers.1.self_attention.linear_qkv.weight
    Params for bucket 24 (44048384 elements, 44048640 padded size):
    	module.decoder.layers.0.mlp.linear_fc2.weight
    	module.decoder.layers.0.mlp.linear_fc1.layer_norm_bias
    	module.decoder.layers.0.mlp.linear_fc1.layer_norm_weight
    	module.decoder.layers.0.self_attention.linear_qkv.layer_norm_weight
    	module.decoder.layers.0.self_attention.linear_proj.weight
    	module.decoder.layers.0.mlp.linear_fc1.weight
    	module.decoder.layers.0.self_attention.linear_qkv.weight
    	module.decoder.layers.0.self_attention.linear_qkv.layer_norm_bias
    Params for bucket 25 (524288000 elements, 524288000 padded size):
    	module.embedding.word_embeddings.weight
[NeMo I 2026-02-02 02:16:34 utils:532] Setting up optimizer with config OptimizerConfig(optimizer='adam', lr=0.0003, min_lr=None, decoupled_lr=None, decoupled_min_lr=None, weight_decay=0.1, fp16=False, bf16=True, params_dtype=torch.bfloat16, use_precision_aware_optimizer=False, main_grads_dtype=torch.float32, main_params_dtype=torch.float32, exp_avg_dtype=torch.float32, exp_avg_sq_dtype=torch.float32, loss_scale=None, initial_loss_scale=4294967296, min_loss_scale=1.0, loss_scale_window=1000, hysteresis=2, adam_beta1=0.9, adam_beta2=0.95, adam_eps=1e-05, sgd_momentum=0.9, use_distributed_optimizer=True, overlap_param_gather_with_optimizer_step=False, optimizer_cpu_offload=False, optimizer_offload_fraction=0.0, use_torch_optimizer_for_cpu_offload=False, overlap_cpu_optimizer_d2h_h2d=False, pin_cpu_grads=True, pin_cpu_params=True, clip_grad=1.0, log_num_zeros_in_grad=False, barrier_with_L1_time=False, timers=None, config_logger_dir='')
INFO: 
  | Name   | Type | Params | Mode 
----------------------------------------
0 | module | DDP  | 1.6 B  | train
----------------------------------------
1.6 B     Trainable params
0         Non-trainable params
1.6 B     Total params
6,325.813 Total estimated model params size (MB)
491       Modules in train mode
0         Modules in eval mode
INFO:lightning.pytorch.callbacks.model_summary:
  | Name   | Type | Params | Mode 
----------------------------------------
0 | module | DDP  | 1.6 B  | train
----------------------------------------
1.6 B     Trainable params
0         Non-trainable params
1.6 B     Total params
6,325.813 Total estimated model params size (MB)
491       Modules in train mode
0         Modules in eval mode
INFO: Restoring states from the checkpoint path at /tmpdir/m24047brmn/nemo_1b/output/nemotron1b-1layer-test/checkpoints/nemotron1b-1layer-test-step=0000038-last/weights
INFO:lightning.pytorch.utilities.rank_zero:Restoring states from the checkpoint path at /tmpdir/m24047brmn/nemo_1b/output/nemotron1b-1layer-test/checkpoints/nemotron1b-1layer-test-step=0000038-last/weights
[NeMo I 2026-02-02 02:16:35 nemo_logging:393] Using <megatron.core.dist_checkpointing.strategies.fully_parallel.FullyParallelLoadStrategyWrapper object at 0x4002f89969c0> dist-ckpt load strategy.
[NeMo I 2026-02-02 02:16:43 nemo_logging:393] Global Checkpoint Load : Rank : 0 : Start time : 1769994995.089s : Time spent in load_checkpoint: 8.098s
INFO: *** Loaded DataModule state dict successfully. IGNORE PTL's warning below about the dataloader not being resumable. This is warning is expected because we are handling dataloader resumption manually in NeMo. ***
INFO:lightning.pytorch.utilities.rank_zero:*** Loaded DataModule state dict successfully. IGNORE PTL's warning below about the dataloader not being resumable. This is warning is expected because we are handling dataloader resumption manually in NeMo. ***
[NeMo I 2026-02-02 02:16:43 distrib_optimizer:784] Loading distributed optimizer sharded state of type fully_sharded_model_space
INFO: Restored all states from the checkpoint at /tmpdir/m24047brmn/nemo_1b/output/nemotron1b-1layer-test/checkpoints/nemotron1b-1layer-test-step=0000038-last/weights
INFO:lightning.pytorch.utilities.rank_zero:Restored all states from the checkpoint at /tmpdir/m24047brmn/nemo_1b/output/nemotron1b-1layer-test/checkpoints/nemotron1b-1layer-test-step=0000038-last/weights
INFO:root:Instantiating MegatronPretrainingSampler with total_samples: 61523 and consumed_samples: 49920
INFO:root:Instantiating MegatronPretrainingSampler with total_samples: 61523 and consumed_samples: 49920
INFO:root:Instantiating MegatronPretrainingSampler with total_samples: 61523 and consumed_samples: 49920
INFO:root:Instantiating MegatronPretrainingSampler with total_samples: 61523 and consumed_samples: 49920
INFO:root:Instantiating MegatronPretrainingSampler with total_samples: 61523 and consumed_samples: 49920
INFO:root:Instantiating MegatronPretrainingSampler with total_samples: 61523 and consumed_samples: 49920
INFO:root:Instantiating MegatronPretrainingSampler with total_samples: 61523 and consumed_samples: 49920
INFO:root:Instantiating MegatronPretrainingSampler with total_samples: 61523 and consumed_samples: 49920
INFO:root:Instantiating MegatronPretrainingSampler with total_samples: 61523 and consumed_samples: 49920
INFO:root:Instantiating MegatronPretrainingSampler with total_samples: 61523 and consumed_samples: 49920
[NeMo W 2026-02-02 02:16:43 nemo_logging:405] /usr/local/lib/python3.12/dist-packages/lightning/pytorch/loops/training_epoch_loop.py:161: You're resuming from a checkpoint that ended before the epoch ended and your dataloader is not resumable. This can cause unreliable results if further training is done. Consider using an end-of-epoch checkpoint or make your dataloader resumable by implementing the `state_dict` / `load_state_dict` interface.
    
[NeMo W 2026-02-02 02:17:34 rerun_state_machine:1264] Implicit initialization of Rerun State Machine!
[NeMo W 2026-02-02 02:17:34 rerun_state_machine:239] RerunStateMachine initialized in mode RerunMode.DISABLED
Training epoch 0, iteration 39/47 | lr: 2.395e-05 | consumed_samples: 51200 | global_batch_size: 1280 | global_step: 39 | reduced_train_loss: 7.373
INFO: Epoch 0, global step 39: 'step' reached 39.00000 (best 39.00000), saving model to '/tmpdir/m24047brmn/nemo_1b/output/nemotron1b-1layer-test/checkpoints/nemotron1b-1layer-test-step=0000039.ckpt' as top 1
INFO:lightning.pytorch.utilities.rank_zero:Epoch 0, global step 39: 'step' reached 39.00000 (best 39.00000), saving model to '/tmpdir/m24047brmn/nemo_1b/output/nemotron1b-1layer-test/checkpoints/nemotron1b-1layer-test-step=0000039.ckpt' as top 1
[NeMo I 2026-02-02 02:17:40 nemo_logging:393] Using FullyParallelSaveStrategyWrapper(torch_dist, 1) dist-ckpt save strategy.
[NeMo W 2026-02-02 02:17:40 validation:389] There is difference in the common state dict in different ranks. The differences are {1: ([], [], [(('optimizer', 0, 'optimizer', 'param_groups', 1, 'step'), <class 'int'>, <class 'int'>)]), 2: ([], [], [(('optimizer', 0, 'optimizer', 'param_groups', 1, 'step'), <class 'int'>, <class 'int'>)]), 3: ([], [], [(('optimizer', 0, 'optimizer', 'param_groups', 1, 'step'), <class 'int'>, <class 'int'>)]), 4: ([], [], [(('optimizer', 0, 'optimizer', 'param_groups', 1, 'step'), <class 'int'>, <class 'int'>)]), 5: ([], [], [(('optimizer', 0, 'optimizer', 'param_groups', 1, 'step'), <class 'int'>, <class 'int'>)]), 6: ([], [], [(('optimizer', 0, 'optimizer', 'param_groups', 1, 'step'), <class 'int'>, <class 'int'>)]), 8: ([], [], [(('optimizer', 0, 'optimizer', 'param_groups', 1, 'step'), <class 'int'>, <class 'int'>)])}
[NeMo I 2026-02-02 02:17:52 nemo_logging:393] Global Checkpoint Save : Rank: 0 : Iteration: 37 : Start time: 1769995060.021s : Save duration: 12.369s
[NeMo I 2026-02-02 02:17:53 nemo_logging:393] Scheduled async checkpoint save for /tmpdir/m24047brmn/nemo_1b/output/nemotron1b-1layer-test/checkpoints/nemotron1b-1layer-test-step=0000039.ckpt
[NeMo W 2026-02-02 02:17:58 validation:389] There is difference in the common state dict in different ranks. The differences are {1: ([], [], [(('optimizer', 0, 'optimizer', 'param_groups', 1, 'step'), <class 'int'>, <class 'int'>)]), 2: ([], [], [(('optimizer', 0, 'optimizer', 'param_groups', 1, 'step'), <class 'int'>, <class 'int'>)]), 3: ([], [], [(('optimizer', 0, 'optimizer', 'param_groups', 1, 'step'), <class 'int'>, <class 'int'>)]), 4: ([], [], [(('optimizer', 0, 'optimizer', 'param_groups', 1, 'step'), <class 'int'>, <class 'int'>)]), 5: ([], [], [(('optimizer', 0, 'optimizer', 'param_groups', 1, 'step'), <class 'int'>, <class 'int'>)]), 6: ([], [], [(('optimizer', 0, 'optimizer', 'param_groups', 1, 'step'), <class 'int'>, <class 'int'>)]), 8: ([], [], [(('optimizer', 0, 'optimizer', 'param_groups', 1, 'step'), <class 'int'>, <class 'int'>)])}
[NeMo I 2026-02-02 02:17:59 nemo_logging:393] Global Checkpoint Save : Rank: 0 : Iteration: 37 : Start time: 1769995078.204s : Save duration: 1.695s
[NeMo I 2026-02-02 02:18:08 nemo_logging:393] Scheduled async checkpoint save for /tmpdir/m24047brmn/nemo_1b/output/nemotron1b-1layer-test/checkpoints/nemotron1b-1layer-test-step=0000039-last.ckpt
[NeMo I 2026-02-02 02:18:08 nemo_logging:393] Async finalization time took 0.025 s
Training epoch 0, iteration 40/47 | lr: 2.455e-05 | consumed_samples: 52480 | global_batch_size: 1280 | global_step: 40 | reduced_train_loss: 7.282
[NeMo I 2026-02-02 02:18:46 nemo_logging:393] Successfully saved checkpoint from iteration      37 to /tmpdir/m24047brmn/nemo_1b/output/nemotron1b-1layer-test/checkpoints/nemotron1b-1layer-test-step=0000039.ckpt
[NeMo I 2026-02-02 02:18:46 nemo_logging:393] Async checkpoint save for step 40 (/tmpdir/m24047brmn/nemo_1b/output/nemotron1b-1layer-test/checkpoints/nemotron1b-1layer-test-step=0000039.ckpt) finalized successfully.
[NeMo I 2026-02-02 02:18:46 nemo_logging:393] Successfully saved checkpoint from iteration      37 to /tmpdir/m24047brmn/nemo_1b/output/nemotron1b-1layer-test/checkpoints/nemotron1b-1layer-test-step=0000039-last.ckpt
[NeMo I 2026-02-02 02:18:46 nemo_logging:393] Async checkpoint save for step 40 (/tmpdir/m24047brmn/nemo_1b/output/nemotron1b-1layer-test/checkpoints/nemotron1b-1layer-test-step=0000039-last.ckpt) finalized successfully.
[NeMo I 2026-02-02 02:18:46 nemo_logging:393] Async finalization time took 0.907 s
Training epoch 0, iteration 41/47 | lr: 2.515e-05 | consumed_samples: 53760 | global_batch_size: 1280 | global_step: 41 | reduced_train_loss: 7.263
Training epoch 0, iteration 42/47 | lr: 2.575e-05 | consumed_samples: 55040 | global_batch_size: 1280 | global_step: 42 | reduced_train_loss: 7.241
Training epoch 0, iteration 43/47 | lr: 2.635e-05 | consumed_samples: 56320 | global_batch_size: 1280 | global_step: 43 | reduced_train_loss: 7.202
Training epoch 0, iteration 44/47 | lr: 2.695e-05 | consumed_samples: 57600 | global_batch_size: 1280 | global_step: 44 | reduced_train_loss: 7.17
Training epoch 0, iteration 45/47 | lr: 2.754e-05 | consumed_samples: 58880 | global_batch_size: 1280 | global_step: 45 | reduced_train_loss: 7.128
Training epoch 0, iteration 46/47 | lr: 2.814e-05 | consumed_samples: 60160 | global_batch_size: 1280 | global_step: 46 | reduced_train_loss: 7.031
Training epoch 0, iteration 47/47 | lr: 2.874e-05 | consumed_samples: 61440 | global_batch_size: 1280 | global_step: 47 | reduced_train_loss: 7.04
INFO: Epoch 0, global step 47: 'step' reached 47.00000 (best 47.00000), saving model to '/tmpdir/m24047brmn/nemo_1b/output/nemotron1b-1layer-test/checkpoints/nemotron1b-1layer-test-step=0000047.ckpt' as top 2
INFO:lightning.pytorch.utilities.rank_zero:Epoch 0, global step 47: 'step' reached 47.00000 (best 47.00000), saving model to '/tmpdir/m24047brmn/nemo_1b/output/nemotron1b-1layer-test/checkpoints/nemotron1b-1layer-test-step=0000047.ckpt' as top 2
[NeMo W 2026-02-02 02:23:47 validation:389] There is difference in the common state dict in different ranks. The differences are {1: ([], [], [(('optimizer', 0, 'optimizer', 'param_groups', 1, 'step'), <class 'int'>, <class 'int'>)]), 2: ([], [], [(('optimizer', 0, 'optimizer', 'param_groups', 1, 'step'), <class 'int'>, <class 'int'>)]), 3: ([], [], [(('optimizer', 0, 'optimizer', 'param_groups', 1, 'step'), <class 'int'>, <class 'int'>)]), 4: ([], [], [(('optimizer', 0, 'optimizer', 'param_groups', 1, 'step'), <class 'int'>, <class 'int'>)]), 5: ([], [], [(('optimizer', 0, 'optimizer', 'param_groups', 1, 'step'), <class 'int'>, <class 'int'>)]), 6: ([], [], [(('optimizer', 0, 'optimizer', 'param_groups', 1, 'step'), <class 'int'>, <class 'int'>)]), 8: ([], [], [(('optimizer', 0, 'optimizer', 'param_groups', 1, 'step'), <class 'int'>, <class 'int'>)])}
[NeMo I 2026-02-02 02:23:47 nemo_logging:393] Global Checkpoint Save : Rank: 0 : Iteration: 45 : Start time: 1769995426.963s : Save duration: 0.856s
[NeMo I 2026-02-02 02:23:48 nemo_logging:393] Scheduled async checkpoint save for /tmpdir/m24047brmn/nemo_1b/output/nemotron1b-1layer-test/checkpoints/nemotron1b-1layer-test-step=0000047.ckpt
[NeMo W 2026-02-02 02:23:52 validation:389] There is difference in the common state dict in different ranks. The differences are {1: ([], [], [(('optimizer', 0, 'optimizer', 'param_groups', 1, 'step'), <class 'int'>, <class 'int'>)]), 2: ([], [], [(('optimizer', 0, 'optimizer', 'param_groups', 1, 'step'), <class 'int'>, <class 'int'>)]), 3: ([], [], [(('optimizer', 0, 'optimizer', 'param_groups', 1, 'step'), <class 'int'>, <class 'int'>)]), 4: ([], [], [(('optimizer', 0, 'optimizer', 'param_groups', 1, 'step'), <class 'int'>, <class 'int'>)]), 5: ([], [], [(('optimizer', 0, 'optimizer', 'param_groups', 1, 'step'), <class 'int'>, <class 'int'>)]), 6: ([], [], [(('optimizer', 0, 'optimizer', 'param_groups', 1, 'step'), <class 'int'>, <class 'int'>)]), 8: ([], [], [(('optimizer', 0, 'optimizer', 'param_groups', 1, 'step'), <class 'int'>, <class 'int'>)])}
[NeMo I 2026-02-02 02:23:53 nemo_logging:393] Global Checkpoint Save : Rank: 0 : Iteration: 45 : Start time: 1769995432.661s : Save duration: 1.084s
[NeMo I 2026-02-02 02:23:55 nemo_logging:393] Scheduled async checkpoint save for /tmpdir/m24047brmn/nemo_1b/output/nemotron1b-1layer-test/checkpoints/nemotron1b-1layer-test-step=0000047-last.ckpt
[NeMo I 2026-02-02 02:23:55 nemo_logging:393] Async finalization time took 0.073 s
[NeMo I 2026-02-02 02:23:56 nemo_logging:393] Async finalization time took 0.060 s
INFO: `Trainer.fit` stopped: `max_steps=48` reached.
INFO:lightning.pytorch.utilities.rank_zero:`Trainer.fit` stopped: `max_steps=48` reached.
[NeMo I 2026-02-02 02:23:56 nemo_logging:393] Pending async checkpoint saves. Finalizing them synchronously now
[NeMo I 2026-02-02 02:23:58 nemo_logging:393] Successfully saved checkpoint from iteration      45 to /tmpdir/m24047brmn/nemo_1b/output/nemotron1b-1layer-test/checkpoints/nemotron1b-1layer-test-step=0000047.ckpt
[NeMo I 2026-02-02 02:23:59 nemo_logging:393] Async checkpoint save for step 48 (/tmpdir/m24047brmn/nemo_1b/output/nemotron1b-1layer-test/checkpoints/nemotron1b-1layer-test-step=0000047.ckpt) finalized successfully.
[NeMo I 2026-02-02 02:24:03 nemo_logging:393] Successfully saved checkpoint from iteration      45 to /tmpdir/m24047brmn/nemo_1b/output/nemotron1b-1layer-test/checkpoints/nemotron1b-1layer-test-step=0000047-last.ckpt
[NeMo I 2026-02-02 02:24:03 nemo_logging:393] Async checkpoint save for step 48 (/tmpdir/m24047brmn/nemo_1b/output/nemotron1b-1layer-test/checkpoints/nemotron1b-1layer-test-step=0000047-last.ckpt) finalized successfully.
[NeMo I 2026-02-02 02:24:05 nemo_logging:393] Async finalization time took 9.191 s
INFO:__main__:Finished training run.
INFO:__main__:Finished training run.
INFO:__main__:Finished training run.
INFO:__main__:Finished training run.
INFO:__main__:Finished training run.
INFO:__main__:Finished training run.
INFO:__main__:Finished training run.
INFO:__main__:Finished training run.
INFO:__main__:Finished training run.
INFO:__main__:Finished training run.
[W202 02:24:16.826127399 TCPStore.cpp:115] [c10d] recvVector failed on SocketImpl(fd=3, addr=[turpancomp9]:43446, remote=[turpancomp6]:35841): failed to recv, got 0 bytes
Exception raised from recvBytes at /opt/pytorch/pytorch/torch/csrc/distributed/c10d/Utils.hpp:671 (most recent call first):
frame #0: c10::Error::Error(c10::SourceLocation, std::__cxx11::basic_string<char, std::char_traits<char>, std::allocator<char> >) + 0xd4 (0x400053363cc4 in /usr/local/lib/python3.12/dist-packages/torch/lib/libc10.so)
frame #1: <unknown function> + 0x5a291f0 (0x4000090791f0 in /usr/local/lib/python3.12/dist-packages/torch/lib/libtorch_cpu.so)
frame #2: <unknown function> + 0x5a2ae44 (0x40000907ae44 in /usr/local/lib/python3.12/dist-packages/torch/lib/libtorch_cpu.so)
frame #3: <unknown function> + 0x5a2b878 (0x40000907b878 in /usr/local/lib/python3.12/dist-packages/torch/lib/libtorch_cpu.so)
frame #4: <unknown function> + 0x5a2d0b4 (0x40000907d0b4 in /usr/local/lib/python3.12/dist-packages/torch/lib/libtorch_cpu.so)
frame #5: c10d::TCPStore::compareSet(std::__cxx11::basic_string<char, std::char_traits<char>, std::allocator<char> > const&, std::vector<unsigned char, std::allocator<unsigned char> > const&, std::vector<unsigned char, std::allocator<unsigned char> > const&) + 0x1bc (0x40000907e41c in /usr/local/lib/python3.12/dist-packages/torch/lib/libtorch_cpu.so)
frame #6: <unknown function> + 0xf50c90 (0x400003510c90 in /usr/local/lib/python3.12/dist-packages/torch/lib/libtorch_python.so)
frame #7: <unknown function> + 0x594060 (0x400002b54060 in /usr/local/lib/python3.12/dist-packages/torch/lib/libtorch_python.so)
frame #8: /usr/bin/python() [0x5036b4]
frame #9: _PyObject_MakeTpCall + 0x78 (0x4c2c98 in /usr/bin/python)
frame #10: /usr/bin/python() [0x4c6f6c]
frame #11: _PyEval_EvalFrameDefault + 0x3cf4 (0x567308 in /usr/bin/python)
frame #12: _PyObject_Call_Prepend + 0xc4 (0x4c4774 in /usr/bin/python)
frame #13: /usr/bin/python() [0x528ba0]
frame #14: PyObject_Call + 0x6c (0x4c517c in /usr/bin/python)
frame #15: _PyEval_EvalFrameDefault + 0x3cf4 (0x567308 in /usr/bin/python)
frame #16: PyEval_EvalCode + 0x130 (0x562204 in /usr/bin/python)
frame #17: /usr/bin/python() [0x59c3c4]
frame #18: /usr/bin/python() [0x680e94]
frame #19: _PyRun_SimpleFileObject + 0x194 (0x680a68 in /usr/bin/python)
frame #20: _PyRun_AnyFileObject + 0x54 (0x680834 in /usr/bin/python)
frame #21: Py_RunMain + 0x2dc (0x68b83c in /usr/bin/python)
frame #22: Py_BytesMain + 0x28 (0x68b3f8 in /usr/bin/python)
frame #23: <unknown function> + 0x284c4 (0x4000018d84c4 in /lib/aarch64-linux-gnu/libc.so.6)
frame #24: __libc_start_main + 0x98 (0x4000018d8598 in /lib/aarch64-linux-gnu/libc.so.6)
frame #25: _start + 0x30 (0x5f6df0 in /usr/bin/python)

W0202 02:24:16.319000 188691 torch/distributed/elastic/rendezvous/dynamic_rendezvous.py:1284] The node 'turpancomp9.calmip.local_188691_0' has failed to shutdown the rendezvous '75840' due to an error of type RendezvousConnectionError.
[W202 02:24:16.831535900 TCPStore.cpp:106] [c10d] sendBytes failed on SocketImpl(fd=3, addr=[turpancomp9]:43446, remote=[turpancomp6]:35841): Broken pipe
Exception raised from sendBytes at /opt/pytorch/pytorch/torch/csrc/distributed/c10d/Utils.hpp:646 (most recent call first):
frame #0: c10::Error::Error(c10::SourceLocation, std::__cxx11::basic_string<char, std::char_traits<char>, std::allocator<char> >) + 0xd4 (0x400053363cc4 in /usr/local/lib/python3.12/dist-packages/torch/lib/libc10.so)
frame #1: <unknown function> + 0x5a291f0 (0x4000090791f0 in /usr/local/lib/python3.12/dist-packages/torch/lib/libtorch_cpu.so)
frame #2: <unknown function> + 0x5a2b0fc (0x40000907b0fc in /usr/local/lib/python3.12/dist-packages/torch/lib/libtorch_cpu.so)
frame #3: <unknown function> + 0x5a2d704 (0x40000907d704 in /usr/local/lib/python3.12/dist-packages/torch/lib/libtorch_cpu.so)
frame #4: c10d::TCPStore::compareSet(std::__cxx11::basic_string<char, std::char_traits<char>, std::allocator<char> > const&, std::vector<unsigned char, std::allocator<unsigned char> > const&, std::vector<unsigned char, std::allocator<unsigned char> > const&) + 0x1ac (0x40000907e40c in /usr/local/lib/python3.12/dist-packages/torch/lib/libtorch_cpu.so)
frame #5: <unknown function> + 0xf50c90 (0x400003510c90 in /usr/local/lib/python3.12/dist-packages/torch/lib/libtorch_python.so)
frame #6: <unknown function> + 0x594060 (0x400002b54060 in /usr/local/lib/python3.12/dist-packages/torch/lib/libtorch_python.so)
frame #7: /usr/bin/python() [0x5036b4]
frame #8: _PyObject_MakeTpCall + 0x78 (0x4c2c98 in /usr/bin/python)
frame #9: /usr/bin/python() [0x4c6f6c]
frame #10: _PyEval_EvalFrameDefault + 0x3cf4 (0x567308 in /usr/bin/python)
frame #11: _PyObject_Call_Prepend + 0xc4 (0x4c4774 in /usr/bin/python)
frame #12: /usr/bin/python() [0x528ba0]
frame #13: PyObject_Call + 0x6c (0x4c517c in /usr/bin/python)
frame #14: _PyEval_EvalFrameDefault + 0x3cf4 (0x567308 in /usr/bin/python)
frame #15: PyEval_EvalCode + 0x130 (0x562204 in /usr/bin/python)
frame #16: /usr/bin/python() [0x59c3c4]
frame #17: /usr/bin/python() [0x680e94]
frame #18: _PyRun_SimpleFileObject + 0x194 (0x680a68 in /usr/bin/python)
frame #19: _PyRun_AnyFileObject + 0x54 (0x680834 in /usr/bin/python)
frame #20: Py_RunMain + 0x2dc (0x68b83c in /usr/bin/python)
frame #21: Py_BytesMain + 0x28 (0x68b3f8 in /usr/bin/python)
frame #22: <unknown function> + 0x284c4 (0x4000018d84c4 in /lib/aarch64-linux-gnu/libc.so.6)
frame #23: __libc_start_main + 0x98 (0x4000018d8598 in /lib/aarch64-linux-gnu/libc.so.6)
frame #24: _start + 0x30 (0x5f6df0 in /usr/bin/python)

W0202 02:24:16.322000 188691 torch/distributed/elastic/rendezvous/dynamic_rendezvous.py:1284] The node 'turpancomp9.calmip.local_188691_0' has failed to shutdown the rendezvous '75840' due to an error of type RendezvousConnectionError.
==========================================
Training finished with status 0
==========================================
