==========================================
Starting Nemotron training (5 nodes x 2 GPUs)
Datamix:     /tmpdir/m24047brmn/nemo_1b/data/nemo1b_mock_datamix.json
Output:      /tmpdir/m24047brmn/nemo_1b/output
Nodes:       5
Resume Ckpt: <training from scratch>
Duration:    00:24:00:00
MASTER_ADDR: 10.158.1.106
MASTER_PORT: 35835
==========================================
W0202 00:17:41.029000 392871 torch/distributed/run.py:763] 
W0202 00:17:41.029000 392871 torch/distributed/run.py:763] *****************************************
W0202 00:17:41.029000 392871 torch/distributed/run.py:763] Setting OMP_NUM_THREADS environment variable for each process to be 1 in default, to avoid your system being overloaded, please further tune the variable for optimal performance in your application as needed. 
W0202 00:17:41.029000 392871 torch/distributed/run.py:763] *****************************************
W0202 00:17:41.040000 3086486 torch/distributed/run.py:763] 
W0202 00:17:41.040000 3086486 torch/distributed/run.py:763] *****************************************
W0202 00:17:41.040000 3086486 torch/distributed/run.py:763] Setting OMP_NUM_THREADS environment variable for each process to be 1 in default, to avoid your system being overloaded, please further tune the variable for optimal performance in your application as needed. 
W0202 00:17:41.040000 3086486 torch/distributed/run.py:763] *****************************************
W0202 00:17:41.095000 179676 torch/distributed/run.py:763] 
W0202 00:17:41.095000 179676 torch/distributed/run.py:763] *****************************************
W0202 00:17:41.095000 179676 torch/distributed/run.py:763] Setting OMP_NUM_THREADS environment variable for each process to be 1 in default, to avoid your system being overloaded, please further tune the variable for optimal performance in your application as needed. 
W0202 00:17:41.095000 179676 torch/distributed/run.py:763] *****************************************
W0202 00:17:41.126000 322486 torch/distributed/run.py:763] 
W0202 00:17:41.126000 322486 torch/distributed/run.py:763] *****************************************
W0202 00:17:41.126000 322486 torch/distributed/run.py:763] Setting OMP_NUM_THREADS environment variable for each process to be 1 in default, to avoid your system being overloaded, please further tune the variable for optimal performance in your application as needed. 
W0202 00:17:41.126000 322486 torch/distributed/run.py:763] *****************************************
W0202 00:17:41.139000 2951931 torch/distributed/run.py:763] 
W0202 00:17:41.139000 2951931 torch/distributed/run.py:763] *****************************************
W0202 00:17:41.139000 2951931 torch/distributed/run.py:763] Setting OMP_NUM_THREADS environment variable for each process to be 1 in default, to avoid your system being overloaded, please further tune the variable for optimal performance in your application as needed. 
W0202 00:17:41.139000 2951931 torch/distributed/run.py:763] *****************************************
[rank: 6] Seed set to 1234
[rank: 7] Seed set to 1234
[rank: 9] Seed set to 1234
[rank: 8] Seed set to 1234
[rank: 5] Seed set to 1234
[rank: 4] Seed set to 1234
[rank: 3] Seed set to 1234
[rank: 2] Seed set to 1234
[rank: 1] Seed set to 1234
[rank: 0] Seed set to 1234
INFO:faiss.loader:Loading faiss.
INFO:faiss.loader:Loading faiss.
INFO:faiss.loader:Loading faiss.
INFO:faiss.loader:Loading faiss.
INFO:faiss.loader:Successfully loaded faiss.
INFO:faiss.loader:Successfully loaded faiss.
INFO:faiss.loader:Successfully loaded faiss.
INFO:faiss.loader:Successfully loaded faiss.
INFO:faiss.loader:Loading faiss.
INFO:faiss.loader:Loading faiss.
INFO:faiss.loader:Loading faiss.
INFO:faiss.loader:Loading faiss.
INFO:faiss.loader:Successfully loaded faiss.
INFO:faiss.loader:Successfully loaded faiss.
INFO:faiss.loader:Successfully loaded faiss.
INFO:faiss.loader:Successfully loaded faiss.
INFO:faiss.loader:Loading faiss.
INFO:faiss.loader:Loading faiss.
INFO:faiss.loader:Successfully loaded faiss.
INFO:faiss.loader:Successfully loaded faiss.
[NeMo W 2026-02-02 00:18:15 nemo_logging:405] /usr/local/lib/python3.12/dist-packages/pydub/utils.py:170: RuntimeWarning: Couldn't find ffmpeg or avconv - defaulting to ffmpeg, but may not work
      warn("Couldn't find ffmpeg or avconv - defaulting to ffmpeg, but may not work", RuntimeWarning)
    
INFO:datasets:PyTorch version 2.7.0a0+7c8ec84dab.nv25.3 available.
INFO:datasets:Polars version 1.21.0 available.
INFO:datasets:PyTorch version 2.7.0a0+7c8ec84dab.nv25.3 available.
INFO:datasets:Polars version 1.21.0 available.
INFO:datasets:PyTorch version 2.7.0a0+7c8ec84dab.nv25.3 available.
INFO:datasets:Polars version 1.21.0 available.
INFO:datasets:PyTorch version 2.7.0a0+7c8ec84dab.nv25.3 available.
INFO:datasets:Polars version 1.21.0 available.
INFO:datasets:PyTorch version 2.7.0a0+7c8ec84dab.nv25.3 available.
INFO:datasets:Polars version 1.21.0 available.
INFO:datasets:PyTorch version 2.7.0a0+7c8ec84dab.nv25.3 available.
INFO:datasets:Polars version 1.21.0 available.
INFO:datasets:PyTorch version 2.7.0a0+7c8ec84dab.nv25.3 available.
INFO:datasets:Polars version 1.21.0 available.
INFO:datasets:PyTorch version 2.7.0a0+7c8ec84dab.nv25.3 available.
INFO:datasets:Polars version 1.21.0 available.
INFO:datasets:PyTorch version 2.7.0a0+7c8ec84dab.nv25.3 available.
INFO:datasets:Polars version 1.21.0 available.
INFO:datasets:PyTorch version 2.7.0a0+7c8ec84dab.nv25.3 available.
INFO:datasets:Polars version 1.21.0 available.
INFO:utils:{'data_path': '/tmpdir/m24047brmn/nemo_1b/data', 'train': [{'name': 'train_text_document', 'weight': 1.0}], 'total_tokens': 1000000}
INFO:utils:{'data_path': '/tmpdir/m24047brmn/nemo_1b/data', 'train': [{'name': 'train_text_document', 'weight': 1.0}], 'total_tokens': 1000000}
INFO:utils:Find tokenizer: /work/m24047/m24047brmn/tokenizers/minitron-4b
INFO:__main__:Global batch size: 1280
INFO:__main__:Sequence length: 1024
INFO:__main__:Tokens per batch: 1310720
INFO:__main__:Total tokens in datamix: 1000000
INFO:__main__:Patched megatron.core.optimizer.get_megatron_optimizer (accepted params: {'config', 'use_gloo_process_groups', 'lr_mult', 'scale_lr_cond', 'no_weight_decay_cond', 'model_chunks'})
INFO:utils:Find tokenizer: /work/m24047/m24047brmn/tokenizers/minitron-4b
INFO:__main__:Global batch size: 1280
INFO:__main__:Sequence length: 1024
INFO:__main__:Tokens per batch: 1310720
INFO:__main__:Total tokens in datamix: 1000000
INFO:__main__:Patched megatron.core.optimizer.get_megatron_optimizer (accepted params: {'no_weight_decay_cond', 'model_chunks', 'use_gloo_process_groups', 'config', 'scale_lr_cond', 'lr_mult'})
INFO:utils:{'data_path': '/tmpdir/m24047brmn/nemo_1b/data', 'train': [{'name': 'train_text_document', 'weight': 1.0}], 'total_tokens': 1000000}
INFO:utils:{'data_path': '/tmpdir/m24047brmn/nemo_1b/data', 'train': [{'name': 'train_text_document', 'weight': 1.0}], 'total_tokens': 1000000}
INFO:utils:Find tokenizer: /work/m24047/m24047brmn/tokenizers/minitron-4b
INFO:__main__:Global batch size: 1280
INFO:__main__:Sequence length: 1024
INFO:__main__:Tokens per batch: 1310720
INFO:__main__:Total tokens in datamix: 1000000
INFO:__main__:Patched megatron.core.optimizer.get_megatron_optimizer (accepted params: {'use_gloo_process_groups', 'no_weight_decay_cond', 'config', 'lr_mult', 'scale_lr_cond', 'model_chunks'})
INFO:utils:Find tokenizer: /work/m24047/m24047brmn/tokenizers/minitron-4b
INFO:__main__:Global batch size: 1280
INFO:__main__:Sequence length: 1024
INFO:__main__:Tokens per batch: 1310720
INFO:__main__:Total tokens in datamix: 1000000
INFO:__main__:Patched megatron.core.optimizer.get_megatron_optimizer (accepted params: {'no_weight_decay_cond', 'lr_mult', 'model_chunks', 'scale_lr_cond', 'use_gloo_process_groups', 'config'})
INFO:utils:{'data_path': '/tmpdir/m24047brmn/nemo_1b/data', 'train': [{'name': 'train_text_document', 'weight': 1.0}], 'total_tokens': 1000000}
INFO:utils:{'data_path': '/tmpdir/m24047brmn/nemo_1b/data', 'train': [{'name': 'train_text_document', 'weight': 1.0}], 'total_tokens': 1000000}
INFO:utils:Find tokenizer: /work/m24047/m24047brmn/tokenizers/minitron-4b
INFO:__main__:Global batch size: 1280
INFO:__main__:Sequence length: 1024
INFO:__main__:Tokens per batch: 1310720
INFO:__main__:Total tokens in datamix: 1000000
INFO:__main__:Patched megatron.core.optimizer.get_megatron_optimizer (accepted params: {'scale_lr_cond', 'use_gloo_process_groups', 'model_chunks', 'config', 'no_weight_decay_cond', 'lr_mult'})
INFO:utils:Find tokenizer: /work/m24047/m24047brmn/tokenizers/minitron-4b
INFO:__main__:Global batch size: 1280
INFO:__main__:Sequence length: 1024
INFO:__main__:Tokens per batch: 1310720
INFO:__main__:Total tokens in datamix: 1000000
INFO:__main__:Patched megatron.core.optimizer.get_megatron_optimizer (accepted params: {'config', 'use_gloo_process_groups', 'no_weight_decay_cond', 'lr_mult', 'model_chunks', 'scale_lr_cond'})
INFO:utils:{'data_path': '/tmpdir/m24047brmn/nemo_1b/data', 'train': [{'name': 'train_text_document', 'weight': 1.0}], 'total_tokens': 1000000}
INFO:utils:{'data_path': '/tmpdir/m24047brmn/nemo_1b/data', 'train': [{'name': 'train_text_document', 'weight': 1.0}], 'total_tokens': 1000000}
INFO:utils:Find tokenizer: /work/m24047/m24047brmn/tokenizers/minitron-4b
INFO:__main__:Global batch size: 1280
INFO:__main__:Sequence length: 1024
INFO:__main__:Tokens per batch: 1310720
INFO:__main__:Total tokens in datamix: 1000000
INFO:__main__:Patched megatron.core.optimizer.get_megatron_optimizer (accepted params: {'scale_lr_cond', 'config', 'lr_mult', 'no_weight_decay_cond', 'use_gloo_process_groups', 'model_chunks'})
INFO:utils:Find tokenizer: /work/m24047/m24047brmn/tokenizers/minitron-4b
INFO:__main__:Global batch size: 1280
INFO:__main__:Sequence length: 1024
INFO:__main__:Tokens per batch: 1310720
INFO:__main__:Total tokens in datamix: 1000000
INFO:__main__:Patched megatron.core.optimizer.get_megatron_optimizer (accepted params: {'no_weight_decay_cond', 'config', 'use_gloo_process_groups', 'scale_lr_cond', 'model_chunks', 'lr_mult'})
[NeMo I 2026-02-02 00:18:24 nemo_logging:393] Getting HuggingFace AutoTokenizer with pretrained_model_name: /work/m24047/m24047brmn/tokenizers/minitron-4b, vocab_file: None, merges_files: None, special_tokens_dict: {}, and use_fast: True
INFO:utils:{'data_path': '/tmpdir/m24047brmn/nemo_1b/data', 'train': [{'name': 'train_text_document', 'weight': 1.0}], 'total_tokens': 1000000}
INFO:utils:{'data_path': '/tmpdir/m24047brmn/nemo_1b/data', 'train': [{'name': 'train_text_document', 'weight': 1.0}], 'total_tokens': 1000000}
INFO:utils:Find tokenizer: /work/m24047/m24047brmn/tokenizers/minitron-4b
INFO:__main__:Global batch size: 1280
INFO:__main__:Sequence length: 1024
INFO:__main__:Tokens per batch: 1310720
INFO:__main__:Total tokens in datamix: 1000000
INFO:__main__:Patched megatron.core.optimizer.get_megatron_optimizer (accepted params: {'no_weight_decay_cond', 'use_gloo_process_groups', 'lr_mult', 'model_chunks', 'scale_lr_cond', 'config'})
INFO:utils:Find tokenizer: /work/m24047/m24047brmn/tokenizers/minitron-4b
INFO:__main__:Global batch size: 1280
INFO:__main__:Sequence length: 1024
INFO:__main__:Tokens per batch: 1310720
INFO:__main__:Total tokens in datamix: 1000000
INFO:__main__:Patched megatron.core.optimizer.get_megatron_optimizer (accepted params: {'scale_lr_cond', 'model_chunks', 'no_weight_decay_cond', 'lr_mult', 'use_gloo_process_groups', 'config'})
INFO:__main__:Training from scratch (no checkpoint)
INFO:__main__:Training from scratch (no checkpoint)
INFO:__main__:Training from scratch (no checkpoint)
INFO:__main__:Training from scratch (no checkpoint)
INFO:utils:Config saved to /tmpdir/m24047brmn/nemo_1b/output/job_75834/config_nemotron1b-1layer-test.json
INFO:utils:Config saved to /tmpdir/m24047brmn/nemo_1b/output/job_75834/config_nemotron1b-1layer-test.json
INFO:utils:Config saved to /tmpdir/m24047brmn/nemo_1b/output/job_75834/config_nemotron1b-1layer-test.json
INFO:utils:Config saved to /tmpdir/m24047brmn/nemo_1b/output/job_75834/config_nemotron1b-1layer-test.json
INFO:nemo.lightning.pytorch.strategies.megatron_strategy:Initializing distributed: GLOBAL_RANK: 8, MEMBER: 9/10
INFO:nemo.lightning.pytorch.strategies.megatron_strategy:Initializing distributed: GLOBAL_RANK: 6, MEMBER: 7/10
INFO:nemo.lightning.pytorch.strategies.megatron_strategy:Initializing distributed: GLOBAL_RANK: 9, MEMBER: 10/10
INFO:__main__:Training from scratch (no checkpoint)
INFO:__main__:Training from scratch (no checkpoint)
INFO:__main__:Training from scratch (no checkpoint)
INFO:__main__:Training from scratch (no checkpoint)
INFO:nemo.lightning.pytorch.strategies.megatron_strategy:Initializing distributed: GLOBAL_RANK: 7, MEMBER: 8/10
INFO:utils:Config saved to /tmpdir/m24047brmn/nemo_1b/output/job_75834/config_nemotron1b-1layer-test.json
INFO:utils:Config saved to /tmpdir/m24047brmn/nemo_1b/output/job_75834/config_nemotron1b-1layer-test.json
INFO:utils:Config saved to /tmpdir/m24047brmn/nemo_1b/output/job_75834/config_nemotron1b-1layer-test.json
INFO:utils:Config saved to /tmpdir/m24047brmn/nemo_1b/output/job_75834/config_nemotron1b-1layer-test.json
INFO:__main__:Training from scratch (no checkpoint)
INFO:__main__:Training from scratch (no checkpoint)
INFO:nemo.lightning.pytorch.strategies.megatron_strategy:Initializing distributed: GLOBAL_RANK: 4, MEMBER: 5/10
INFO: GPU available: True (cuda), used: True
INFO:lightning.pytorch.utilities.rank_zero:GPU available: True (cuda), used: True
INFO: TPU available: False, using: 0 TPU cores
INFO:lightning.pytorch.utilities.rank_zero:TPU available: False, using: 0 TPU cores
INFO: HPU available: False, using: 0 HPUs
INFO:lightning.pytorch.utilities.rank_zero:HPU available: False, using: 0 HPUs
[NeMo I 2026-02-02 00:18:27 nemo_logging:393] Experiments will be logged at /tmpdir/m24047brmn/nemo_1b/output/nemotron1b-1layer-test/2026-02-02_00-18-27
[NeMo W 2026-02-02 00:18:27 nemo_logging:405] "update_logger_directory" is True. Overwriting tensorboard logger "save_dir" to /tmpdir/m24047brmn/nemo_1b/output/tb_logs
[NeMo W 2026-02-02 00:18:27 nemo_logging:405] The Trainer already contains a ModelCheckpoint callback. This will be overwritten.
[NeMo I 2026-02-02 00:18:27 nemo_logging:393] Fixing mis-match between ddp-config & mcore-optimizer config
[NeMo I 2026-02-02 00:18:27 nemo_logging:393] Rank 0 has data parallel group : [0, 1, 2, 3, 4, 5, 6, 7, 8, 9]
[NeMo I 2026-02-02 00:18:27 nemo_logging:393] Rank 0 has combined group of data parallel and context parallel : [0, 1, 2, 3, 4, 5, 6, 7, 8, 9]
[NeMo I 2026-02-02 00:18:27 nemo_logging:393] All data parallel group ranks with context parallel combined: [[0, 1, 2, 3, 4, 5, 6, 7, 8, 9]]
[NeMo I 2026-02-02 00:18:27 nemo_logging:393] Ranks 0 has data parallel rank: 0
[NeMo I 2026-02-02 00:18:27 nemo_logging:393] Rank 0 has context parallel group: [0]
[NeMo I 2026-02-02 00:18:27 nemo_logging:393] All context parallel group ranks: [[0], [1], [2], [3], [4], [5], [6], [7], [8], [9]]
[NeMo I 2026-02-02 00:18:27 nemo_logging:393] Ranks 0 has context parallel rank: 0
[NeMo I 2026-02-02 00:18:27 nemo_logging:393] Rank 0 has model parallel group: [0]
[NeMo I 2026-02-02 00:18:27 nemo_logging:393] All model parallel group ranks: [[0], [1], [2], [3], [4], [5], [6], [7], [8], [9]]
[NeMo I 2026-02-02 00:18:27 nemo_logging:393] Rank 0 has tensor model parallel group: [0]
[NeMo I 2026-02-02 00:18:27 nemo_logging:393] All tensor model parallel group ranks: [[0], [1], [2], [3], [4], [5], [6], [7], [8], [9]]
[NeMo I 2026-02-02 00:18:27 nemo_logging:393] Rank 0 has tensor model parallel rank: 0
[NeMo I 2026-02-02 00:18:27 nemo_logging:393] Rank 0 has pipeline model parallel group: [0]
[NeMo I 2026-02-02 00:18:27 nemo_logging:393] Rank 0 has embedding group: [0]
[NeMo I 2026-02-02 00:18:27 nemo_logging:393] All pipeline model parallel group ranks: [[0], [1], [2], [3], [4], [5], [6], [7], [8], [9]]
[NeMo I 2026-02-02 00:18:27 nemo_logging:393] Rank 0 has pipeline model parallel rank 0
[NeMo I 2026-02-02 00:18:27 nemo_logging:393] All embedding group ranks: [[0], [1], [2], [3], [4], [5], [6], [7], [8], [9]]
[NeMo I 2026-02-02 00:18:27 nemo_logging:393] Rank 0 has embedding rank: 0
INFO:nemo.lightning.pytorch.strategies.megatron_strategy:Initializing distributed: GLOBAL_RANK: 0, MEMBER: 1/10
INFO: ----------------------------------------------------------------------------------------------------
distributed_backend=nccl
All distributed processes registered. Starting with 10 processes
----------------------------------------------------------------------------------------------------

INFO:lightning.pytorch.utilities.rank_zero:----------------------------------------------------------------------------------------------------
distributed_backend=nccl
All distributed processes registered. Starting with 10 processes
----------------------------------------------------------------------------------------------------

INFO:utils:Config saved to /tmpdir/m24047brmn/nemo_1b/output/job_75834/config_nemotron1b-1layer-test.json
INFO:utils:Config saved to /tmpdir/m24047brmn/nemo_1b/output/job_75834/config_nemotron1b-1layer-test.json
INFO:nemo.lightning.pytorch.strategies.megatron_strategy:Initializing distributed: GLOBAL_RANK: 5, MEMBER: 6/10
INFO:nemo.lightning.pytorch.strategies.megatron_strategy:Initializing distributed: GLOBAL_RANK: 1, MEMBER: 2/10
INFO:nemo.lightning.pytorch.strategies.megatron_strategy:Initializing distributed: GLOBAL_RANK: 2, MEMBER: 3/10
INFO:nemo.lightning.pytorch.strategies.megatron_strategy:Initializing distributed: GLOBAL_RANK: 3, MEMBER: 4/10
[NeMo I 2026-02-02 00:18:31 utils:532] Let split_matrix = [(0, 1.0), None, None]
[NeMo I 2026-02-02 00:18:31 utils:532] Building GPTDataset splits with sizes=[64000, 0, 40960] and config=GPTDatasetConfig(random_seed=1234, sequence_length=1024, blend=[['/tmpdir/m24047brmn/nemo_1b/data/train_text_document'], None], blend_per_split=None, split='1,0,0', split_matrix=[(0, 1.0), None, None], num_dataset_builder_threads=1, path_to_cache='/tmpdir/m24047brmn/nemo_1b/output/index_mapping', mmap_bin_files=True, mock=False, tokenizer=<nemo.collections.common.tokenizers.huggingface.auto_tokenizer.AutoTokenizer object at 0x40015a8e39b0>, reset_position_ids=False, reset_attention_mask=False, eod_mask_loss=False, create_attention_mask=False, drop_last_partial_validation_sequence=True, add_extra_token_to_sequence=True, s3_cache_path=None)
[NeMo I 2026-02-02 00:18:31 utils:532] Load the _IndexReader from /tmpdir/m24047brmn/nemo_1b/data/train_text_document.idx
[NeMo I 2026-02-02 00:18:31 utils:532] 	Extract the sequence lengths
[NeMo I 2026-02-02 00:18:31 utils:532] 	Extract the sequence pointers
[NeMo I 2026-02-02 00:18:31 utils:532] 	Extract the document indices
[NeMo I 2026-02-02 00:18:31 utils:532] > total number of sequences: 12000
[NeMo I 2026-02-02 00:18:31 utils:532] > total number of documents: 12000
[NeMo I 2026-02-02 00:18:31 utils:532] Build and save the GPTDataset train indices
[NeMo I 2026-02-02 00:18:31 utils:532] > total number of samples: 64453
[NeMo I 2026-02-02 00:18:31 utils:532] > total number of epochs: 66
[NeMo I 2026-02-02 00:18:32 nemo_logging:393] Padded vocab_size: 256000, original vocab_size: 256000, dummy tokens: 0.
INFO: LOCAL_RANK: 0 - CUDA_VISIBLE_DEVICES: [0,1]
INFO:lightning.pytorch.accelerators.cuda:LOCAL_RANK: 0 - CUDA_VISIBLE_DEVICES: [0,1]
INFO: LOCAL_RANK: 0 - CUDA_VISIBLE_DEVICES: [0,1]
INFO:lightning.pytorch.accelerators.cuda:LOCAL_RANK: 0 - CUDA_VISIBLE_DEVICES: [0,1]
INFO: LOCAL_RANK: 1 - CUDA_VISIBLE_DEVICES: [0,1]
INFO:lightning.pytorch.accelerators.cuda:LOCAL_RANK: 1 - CUDA_VISIBLE_DEVICES: [0,1]
INFO: LOCAL_RANK: 0 - CUDA_VISIBLE_DEVICES: [0,1]
INFO:lightning.pytorch.accelerators.cuda:LOCAL_RANK: 0 - CUDA_VISIBLE_DEVICES: [0,1]
INFO: LOCAL_RANK: 1 - CUDA_VISIBLE_DEVICES: [0,1]
INFO:lightning.pytorch.accelerators.cuda:LOCAL_RANK: 1 - CUDA_VISIBLE_DEVICES: [0,1]
[NeMo I 2026-02-02 00:18:32 nemo_logging:393] Copying Trainer's 'max_steps' (50) to LR scheduler's 'max_steps'.
[NeMo I 2026-02-02 00:18:32 num_microbatches_calculator:228] setting number of microbatches to constant 128
INFO: LOCAL_RANK: 1 - CUDA_VISIBLE_DEVICES: [0,1]
INFO:lightning.pytorch.accelerators.cuda:LOCAL_RANK: 1 - CUDA_VISIBLE_DEVICES: [0,1]
INFO: LOCAL_RANK: 1 - CUDA_VISIBLE_DEVICES: [0,1]
INFO:lightning.pytorch.accelerators.cuda:LOCAL_RANK: 1 - CUDA_VISIBLE_DEVICES: [0,1]
INFO: LOCAL_RANK: 0 - CUDA_VISIBLE_DEVICES: [0,1]
INFO:lightning.pytorch.accelerators.cuda:LOCAL_RANK: 0 - CUDA_VISIBLE_DEVICES: [0,1]
[NeMo I 2026-02-02 00:18:32 nemo_logging:393]  > number of parameters on (tensor, pipeline) model parallel rank (0 ,0): 1581453312
[NeMo I 2026-02-02 00:18:32 utils:532] Setting up DistributedDataParallel with config DistributedDataParallelConfig(grad_reduce_in_fp32=True, overlap_grad_reduce=True, overlap_param_gather=True, align_param_gather=False, use_distributed_optimizer=True, num_distributed_optimizer_instances=1, check_for_nan_in_grad=True, check_for_large_grads=False, bucket_size=40000000, pad_buckets_for_high_nccl_busbw=False, average_in_collective=True, fp8_param_gather=False, use_custom_fsdp=False, data_parallel_sharding_strategy='no_shard', gradient_reduce_div_fusion=True, suggested_communication_unit_size=None, preserve_fp32_weights=True, keep_fp8_transpose_cache_when_using_custom_fsdp=False)
INFO: LOCAL_RANK: 1 - CUDA_VISIBLE_DEVICES: [0,1]
INFO:lightning.pytorch.accelerators.cuda:LOCAL_RANK: 1 - CUDA_VISIBLE_DEVICES: [0,1]
INFO: LOCAL_RANK: 0 - CUDA_VISIBLE_DEVICES: [0,1]
INFO:lightning.pytorch.accelerators.cuda:LOCAL_RANK: 0 - CUDA_VISIBLE_DEVICES: [0,1]
[NeMo I 2026-02-02 00:18:32 utils:553] Number of buckets for gradient all-reduce / reduce-scatter: 25
    Params for bucket 1 (44052480 elements, 44052480 padded size):
    	module.decoder.layers.23.mlp.linear_fc2.weight
    	module.decoder.layers.23.mlp.linear_fc1.layer_norm_bias
    	module.decoder.layers.23.mlp.linear_fc1.layer_norm_weight
    	module.decoder.layers.23.self_attention.linear_qkv.layer_norm_weight
    	module.decoder.layers.23.self_attention.linear_proj.weight
    	module.decoder.final_layernorm.bias
    	module.decoder.final_layernorm.weight
    	module.decoder.layers.23.mlp.linear_fc1.weight
    	module.decoder.layers.23.self_attention.linear_qkv.weight
    	module.decoder.layers.23.self_attention.linear_qkv.layer_norm_bias
    Params for bucket 2 (44048384 elements, 44048640 padded size):
    	module.decoder.layers.22.mlp.linear_fc2.weight
    	module.decoder.layers.22.mlp.linear_fc1.layer_norm_weight
    	module.decoder.layers.22.mlp.linear_fc1.layer_norm_bias
    	module.decoder.layers.22.self_attention.linear_qkv.layer_norm_weight
    	module.decoder.layers.22.self_attention.linear_proj.weight
    	module.decoder.layers.22.self_attention.linear_qkv.weight
    	module.decoder.layers.22.mlp.linear_fc1.weight
    	module.decoder.layers.22.self_attention.linear_qkv.layer_norm_bias
    Params for bucket 3 (44048384 elements, 44048640 padded size):
    	module.decoder.layers.21.mlp.linear_fc2.weight
    	module.decoder.layers.21.mlp.linear_fc1.layer_norm_weight
    	module.decoder.layers.21.mlp.linear_fc1.layer_norm_bias
    	module.decoder.layers.21.self_attention.linear_qkv.layer_norm_weight
    	module.decoder.layers.21.self_attention.linear_proj.weight
    	module.decoder.layers.21.mlp.linear_fc1.weight
    	module.decoder.layers.21.self_attention.linear_qkv.weight
    	module.decoder.layers.21.self_attention.linear_qkv.layer_norm_bias
    Params for bucket 4 (44048384 elements, 44048640 padded size):
    	module.decoder.layers.20.mlp.linear_fc2.weight
    	module.decoder.layers.20.mlp.linear_fc1.layer_norm_weight
    	module.decoder.layers.20.mlp.linear_fc1.layer_norm_bias
    	module.decoder.layers.20.self_attention.linear_qkv.layer_norm_weight
    	module.decoder.layers.20.self_attention.linear_proj.weight
    	module.decoder.layers.20.self_attention.linear_qkv.weight
    	module.decoder.layers.20.mlp.linear_fc1.weight
    	module.decoder.layers.20.self_attention.linear_qkv.layer_norm_bias
    Params for bucket 5 (44048384 elements, 44048640 padded size):
    	module.decoder.layers.19.mlp.linear_fc2.weight
    	module.decoder.layers.19.mlp.linear_fc1.layer_norm_bias
    	module.decoder.layers.19.mlp.linear_fc1.layer_norm_weight
    	module.decoder.layers.19.self_attention.linear_qkv.layer_norm_weight
    	module.decoder.layers.19.self_attention.linear_proj.weight
    	module.decoder.layers.19.self_attention.linear_qkv.weight
    	module.decoder.layers.19.mlp.linear_fc1.weight
    	module.decoder.layers.19.self_attention.linear_qkv.layer_norm_bias
    Params for bucket 6 (44048384 elements, 44048640 padded size):
    	module.decoder.layers.18.self_attention.linear_qkv.weight
    	module.decoder.layers.18.mlp.linear_fc1.weight
    	module.decoder.layers.18.self_attention.linear_qkv.layer_norm_bias
    	module.decoder.layers.18.mlp.linear_fc2.weight
    	module.decoder.layers.18.mlp.linear_fc1.layer_norm_weight
    	module.decoder.layers.18.mlp.linear_fc1.layer_norm_bias
    	module.decoder.layers.18.self_attention.linear_qkv.layer_norm_weight
    	module.decoder.layers.18.self_attention.linear_proj.weight
    Params for bucket 7 (44048384 elements, 44048640 padded size):
    	module.decoder.layers.17.self_attention.linear_qkv.weight
    	module.decoder.layers.17.mlp.linear_fc1.weight
    	module.decoder.layers.17.self_attention.linear_qkv.layer_norm_bias
    	module.decoder.layers.17.mlp.linear_fc2.weight
    	module.decoder.layers.17.mlp.linear_fc1.layer_norm_weight
    	module.decoder.layers.17.mlp.linear_fc1.layer_norm_bias
    	module.decoder.layers.17.self_attention.linear_qkv.layer_norm_weight
    	module.decoder.layers.17.self_attention.linear_proj.weight
    Params for bucket 8 (44048384 elements, 44048640 padded size):
    	module.decoder.layers.16.mlp.linear_fc2.weight
    	module.decoder.layers.16.mlp.linear_fc1.layer_norm_weight
    	module.decoder.layers.16.mlp.linear_fc1.layer_norm_bias
    	module.decoder.layers.16.self_attention.linear_qkv.layer_norm_weight
    	module.decoder.layers.16.self_attention.linear_proj.weight
    	module.decoder.layers.16.self_attention.linear_qkv.weight
    	module.decoder.layers.16.mlp.linear_fc1.weight
    	module.decoder.layers.16.self_attention.linear_qkv.layer_norm_bias
    Params for bucket 9 (44048384 elements, 44048640 padded size):
    	module.decoder.layers.15.mlp.linear_fc2.weight
    	module.decoder.layers.15.mlp.linear_fc1.layer_norm_weight
    	module.decoder.layers.15.mlp.linear_fc1.layer_norm_bias
    	module.decoder.layers.15.self_attention.linear_qkv.layer_norm_weight
    	module.decoder.layers.15.self_attention.linear_proj.weight
    	module.decoder.layers.15.self_attention.linear_qkv.weight
    	module.decoder.layers.15.mlp.linear_fc1.weight
    	module.decoder.layers.15.self_attention.linear_qkv.layer_norm_bias
    Params for bucket 10 (44048384 elements, 44048640 padded size):
    	module.decoder.layers.14.mlp.linear_fc2.weight
    	module.decoder.layers.14.mlp.linear_fc1.layer_norm_weight
    	module.decoder.layers.14.mlp.linear_fc1.layer_norm_bias
    	module.decoder.layers.14.self_attention.linear_qkv.layer_norm_weight
    	module.decoder.layers.14.self_attention.linear_proj.weight
    	module.decoder.layers.14.self_attention.linear_qkv.weight
    	module.decoder.layers.14.mlp.linear_fc1.weight
    	module.decoder.layers.14.self_attention.linear_qkv.layer_norm_bias
    Params for bucket 11 (44048384 elements, 44048640 padded size):
    	module.decoder.layers.13.mlp.linear_fc2.weight
    	module.decoder.layers.13.mlp.linear_fc1.layer_norm_weight
    	module.decoder.layers.13.mlp.linear_fc1.layer_norm_bias
    	module.decoder.layers.13.self_attention.linear_qkv.layer_norm_weight
    	module.decoder.layers.13.self_attention.linear_proj.weight
    	module.decoder.layers.13.mlp.linear_fc1.weight
    	module.decoder.layers.13.self_attention.linear_qkv.weight
    	module.decoder.layers.13.self_attention.linear_qkv.layer_norm_bias
    Params for bucket 12 (44048384 elements, 44048640 padded size):
    	module.decoder.layers.12.mlp.linear_fc2.weight
    	module.decoder.layers.12.mlp.linear_fc1.layer_norm_weight
    	module.decoder.layers.12.mlp.linear_fc1.layer_norm_bias
    	module.decoder.layers.12.self_attention.linear_qkv.layer_norm_weight
    	module.decoder.layers.12.self_attention.linear_proj.weight
    	module.decoder.layers.12.self_attention.linear_qkv.weight
    	module.decoder.layers.12.mlp.linear_fc1.weight
    	module.decoder.layers.12.self_attention.linear_qkv.layer_norm_bias
    Params for bucket 13 (44048384 elements, 44048640 padded size):
    	module.decoder.layers.11.mlp.linear_fc2.weight
    	module.decoder.layers.11.mlp.linear_fc1.layer_norm_bias
    	module.decoder.layers.11.mlp.linear_fc1.layer_norm_weight
    	module.decoder.layers.11.self_attention.linear_qkv.layer_norm_weight
    	module.decoder.layers.11.self_attention.linear_proj.weight
    	module.decoder.layers.11.self_attention.linear_qkv.weight
    	module.decoder.layers.11.mlp.linear_fc1.weight
    	module.decoder.layers.11.self_attention.linear_qkv.layer_norm_bias
    Params for bucket 14 (44048384 elements, 44048640 padded size):
    	module.decoder.layers.10.mlp.linear_fc2.weight
    	module.decoder.layers.10.mlp.linear_fc1.layer_norm_weight
    	module.decoder.layers.10.mlp.linear_fc1.layer_norm_bias
    	module.decoder.layers.10.self_attention.linear_qkv.layer_norm_weight
    	module.decoder.layers.10.self_attention.linear_proj.weight
    	module.decoder.layers.10.mlp.linear_fc1.weight
    	module.decoder.layers.10.self_attention.linear_qkv.weight
    	module.decoder.layers.10.self_attention.linear_qkv.layer_norm_bias
    Params for bucket 15 (44048384 elements, 44048640 padded size):
    	module.decoder.layers.9.mlp.linear_fc2.weight
    	module.decoder.layers.9.mlp.linear_fc1.layer_norm_weight
    	module.decoder.layers.9.mlp.linear_fc1.layer_norm_bias
    	module.decoder.layers.9.self_attention.linear_qkv.layer_norm_weight
    	module.decoder.layers.9.self_attention.linear_proj.weight
    	module.decoder.layers.9.mlp.linear_fc1.weight
    	module.decoder.layers.9.self_attention.linear_qkv.weight
    	module.decoder.layers.9.self_attention.linear_qkv.layer_norm_bias
    Params for bucket 16 (44048384 elements, 44048640 padded size):
    	module.decoder.layers.8.mlp.linear_fc2.weight
    	module.decoder.layers.8.mlp.linear_fc1.layer_norm_weight
    	module.decoder.layers.8.mlp.linear_fc1.layer_norm_bias
    	module.decoder.layers.8.self_attention.linear_qkv.weight
    	module.decoder.layers.8.self_attention.linear_qkv.layer_norm_weight
    	module.decoder.layers.8.mlp.linear_fc1.weight
    	module.decoder.layers.8.self_attention.linear_qkv.layer_norm_bias
    	module.decoder.layers.8.self_attention.linear_proj.weight
    Params for bucket 17 (44048384 elements, 44048640 padded size):
    	module.decoder.layers.7.mlp.linear_fc2.weight
    	module.decoder.layers.7.mlp.linear_fc1.layer_norm_weight
    	module.decoder.layers.7.mlp.linear_fc1.layer_norm_bias
    	module.decoder.layers.7.self_attention.linear_qkv.layer_norm_weight
    	module.decoder.layers.7.self_attention.linear_proj.weight
    	module.decoder.layers.7.self_attention.linear_qkv.weight
    	module.decoder.layers.7.mlp.linear_fc1.weight
    	module.decoder.layers.7.self_attention.linear_qkv.layer_norm_bias
    Params for bucket 18 (44048384 elements, 44048640 padded size):
    	module.decoder.layers.6.mlp.linear_fc2.weight
    	module.decoder.layers.6.mlp.linear_fc1.layer_norm_weight
    	module.decoder.layers.6.mlp.linear_fc1.layer_norm_bias
    	module.decoder.layers.6.self_attention.linear_qkv.layer_norm_weight
    	module.decoder.layers.6.self_attention.linear_proj.weight
    	module.decoder.layers.6.self_attention.linear_qkv.weight
    	module.decoder.layers.6.mlp.linear_fc1.weight
    	module.decoder.layers.6.self_attention.linear_qkv.layer_norm_bias
    Params for bucket 19 (44048384 elements, 44048640 padded size):
    	module.decoder.layers.5.mlp.linear_fc2.weight
    	module.decoder.layers.5.mlp.linear_fc1.layer_norm_weight
    	module.decoder.layers.5.mlp.linear_fc1.layer_norm_bias
    	module.decoder.layers.5.self_attention.linear_qkv.layer_norm_weight
    	module.decoder.layers.5.self_attention.linear_proj.weight
    	module.decoder.layers.5.self_attention.linear_qkv.weight
    	module.decoder.layers.5.mlp.linear_fc1.weight
    	module.decoder.layers.5.self_attention.linear_qkv.layer_norm_bias
    Params for bucket 20 (44048384 elements, 44048640 padded size):
    	module.decoder.layers.4.mlp.linear_fc2.weight
    	module.decoder.layers.4.mlp.linear_fc1.layer_norm_weight
    	module.decoder.layers.4.mlp.linear_fc1.layer_norm_bias
    	module.decoder.layers.4.self_attention.linear_qkv.layer_norm_weight
    	module.decoder.layers.4.self_attention.linear_proj.weight
    	module.decoder.layers.4.mlp.linear_fc1.weight
    	module.decoder.layers.4.self_attention.linear_qkv.weight
    	module.decoder.layers.4.self_attention.linear_qkv.layer_norm_bias
    Params for bucket 21 (44048384 elements, 44048640 padded size):
    	module.decoder.layers.3.mlp.linear_fc2.weight
    	module.decoder.layers.3.mlp.linear_fc1.layer_norm_weight
    	module.decoder.layers.3.mlp.linear_fc1.layer_norm_bias
    	module.decoder.layers.3.self_attention.linear_qkv.layer_norm_weight
    	module.decoder.layers.3.self_attention.linear_proj.weight
    	module.decoder.layers.3.self_attention.linear_qkv.weight
    	module.decoder.layers.3.mlp.linear_fc1.weight
    	module.decoder.layers.3.self_attention.linear_qkv.layer_norm_bias
    Params for bucket 22 (44048384 elements, 44048640 padded size):
    	module.decoder.layers.2.mlp.linear_fc2.weight
    	module.decoder.layers.2.mlp.linear_fc1.layer_norm_bias
    	module.decoder.layers.2.mlp.linear_fc1.layer_norm_weight
    	module.decoder.layers.2.self_attention.linear_qkv.layer_norm_weight
    	module.decoder.layers.2.self_attention.linear_proj.weight
    	module.decoder.layers.2.self_attention.linear_qkv.weight
    	module.decoder.layers.2.mlp.linear_fc1.weight
    	module.decoder.layers.2.self_attention.linear_qkv.layer_norm_bias
    Params for bucket 23 (44048384 elements, 44048640 padded size):
    	module.decoder.layers.1.mlp.linear_fc2.weight
    	module.decoder.layers.1.mlp.linear_fc1.layer_norm_weight
    	module.decoder.layers.1.mlp.linear_fc1.layer_norm_bias
    	module.decoder.layers.1.self_attention.linear_qkv.layer_norm_bias
    	module.decoder.layers.1.self_attention.linear_qkv.layer_norm_weight
    	module.decoder.layers.1.self_attention.linear_proj.weight
    	module.decoder.layers.1.mlp.linear_fc1.weight
    	module.decoder.layers.1.self_attention.linear_qkv.weight
    Params for bucket 24 (44048384 elements, 44048640 padded size):
    	module.decoder.layers.0.self_attention.linear_qkv.weight
    	module.decoder.layers.0.self_attention.linear_qkv.layer_norm_bias
    	module.decoder.layers.0.mlp.linear_fc2.weight
    	module.decoder.layers.0.mlp.linear_fc1.layer_norm_bias
    	module.decoder.layers.0.mlp.linear_fc1.layer_norm_weight
    	module.decoder.layers.0.mlp.linear_fc1.weight
    	module.decoder.layers.0.self_attention.linear_qkv.layer_norm_weight
    	module.decoder.layers.0.self_attention.linear_proj.weight
    Params for bucket 25 (524288000 elements, 524288000 padded size):
    	module.embedding.word_embeddings.weight
[NeMo I 2026-02-02 00:18:32 utils:532] Setting up optimizer with config OptimizerConfig(optimizer='adam', lr=0.0003, min_lr=None, decoupled_lr=None, decoupled_min_lr=None, weight_decay=0.1, fp16=False, bf16=True, params_dtype=torch.bfloat16, use_precision_aware_optimizer=False, main_grads_dtype=torch.float32, main_params_dtype=torch.float32, exp_avg_dtype=torch.float32, exp_avg_sq_dtype=torch.float32, loss_scale=None, initial_loss_scale=4294967296, min_loss_scale=1.0, loss_scale_window=1000, hysteresis=2, adam_beta1=0.9, adam_beta2=0.95, adam_eps=1e-05, sgd_momentum=0.9, use_distributed_optimizer=True, overlap_param_gather_with_optimizer_step=False, optimizer_cpu_offload=False, optimizer_offload_fraction=0.0, use_torch_optimizer_for_cpu_offload=False, overlap_cpu_optimizer_d2h_h2d=False, pin_cpu_grads=True, pin_cpu_params=True, clip_grad=1.0, log_num_zeros_in_grad=False, barrier_with_L1_time=False, timers=None, config_logger_dir='')
INFO: 
  | Name   | Type | Params | Mode 
----------------------------------------
0 | module | DDP  | 1.6 B  | train
----------------------------------------
1.6 B     Trainable params
0         Non-trainable params
1.6 B     Total params
6,325.813 Total estimated model params size (MB)
491       Modules in train mode
0         Modules in eval mode
INFO:lightning.pytorch.callbacks.model_summary:
  | Name   | Type | Params | Mode 
----------------------------------------
0 | module | DDP  | 1.6 B  | train
----------------------------------------
1.6 B     Trainable params
0         Non-trainable params
1.6 B     Total params
6,325.813 Total estimated model params size (MB)
491       Modules in train mode
0         Modules in eval mode
INFO:root:Instantiating MegatronPretrainingSampler with total_samples: 64453 and consumed_samples: 0
INFO:root:Instantiating MegatronPretrainingSampler with total_samples: 64453 and consumed_samples: 0
INFO:root:Instantiating MegatronPretrainingSampler with total_samples: 64453 and consumed_samples: 0
INFO:root:Instantiating MegatronPretrainingSampler with total_samples: 64453 and consumed_samples: 0
INFO:root:Instantiating MegatronPretrainingSampler with total_samples: 64453 and consumed_samples: 0
INFO:root:Instantiating MegatronPretrainingSampler with total_samples: 64453 and consumed_samples: 0
INFO:root:Instantiating MegatronPretrainingSampler with total_samples: 64453 and consumed_samples: 0
INFO:root:Instantiating MegatronPretrainingSampler with total_samples: 64453 and consumed_samples: 0
INFO:root:Instantiating MegatronPretrainingSampler with total_samples: 64453 and consumed_samples: 0
INFO:root:Instantiating MegatronPretrainingSampler with total_samples: 64453 and consumed_samples: 0
[NeMo W 2026-02-02 00:19:23 rerun_state_machine:1264] Implicit initialization of Rerun State Machine!
[NeMo W 2026-02-02 00:19:23 rerun_state_machine:239] RerunStateMachine initialized in mode RerunMode.DISABLED
Training epoch 0, iteration 0/49 | lr: 5.988e-07 | global_batch_size: 1280 | global_step: 0 | reduced_train_loss: 12.6
Training epoch 0, iteration 1/49 | lr: 1.198e-06 | global_batch_size: 1280 | global_step: 1 | reduced_train_loss: 12.58 | consumed_samples: 2560
Training epoch 0, iteration 2/49 | lr: 1.796e-06 | global_batch_size: 1280 | global_step: 2 | reduced_train_loss: 12.44 | consumed_samples: 3840
Training epoch 0, iteration 3/49 | lr: 2.395e-06 | global_batch_size: 1280 | global_step: 3 | reduced_train_loss: 12.0 | consumed_samples: 5120
Training epoch 0, iteration 4/49 | lr: 2.994e-06 | global_batch_size: 1280 | global_step: 4 | reduced_train_loss: 11.33 | consumed_samples: 6400
Training epoch 0, iteration 5/49 | lr: 3.593e-06 | global_batch_size: 1280 | global_step: 5 | reduced_train_loss: 10.92 | consumed_samples: 7680
Training epoch 0, iteration 6/49 | lr: 4.192e-06 | global_batch_size: 1280 | global_step: 6 | reduced_train_loss: 10.59 | consumed_samples: 8960
Training epoch 0, iteration 7/49 | lr: 4.79e-06 | global_batch_size: 1280 | global_step: 7 | reduced_train_loss: 10.33 | consumed_samples: 10240
Training epoch 0, iteration 8/49 | lr: 5.389e-06 | global_batch_size: 1280 | global_step: 8 | reduced_train_loss: 10.15 | consumed_samples: 11520
Training epoch 0, iteration 9/49 | lr: 5.988e-06 | global_batch_size: 1280 | global_step: 9 | reduced_train_loss: 9.994 | consumed_samples: 12800
Training epoch 0, iteration 10/49 | lr: 6.587e-06 | global_batch_size: 1280 | global_step: 10 | reduced_train_loss: 9.84 | consumed_samples: 14080
Training epoch 0, iteration 11/49 | lr: 7.186e-06 | global_batch_size: 1280 | global_step: 11 | reduced_train_loss: 9.7 | consumed_samples: 15360
Training epoch 0, iteration 12/49 | lr: 7.784e-06 | global_batch_size: 1280 | global_step: 12 | reduced_train_loss: 9.555 | consumed_samples: 16640
Training epoch 0, iteration 13/49 | lr: 8.383e-06 | global_batch_size: 1280 | global_step: 13 | reduced_train_loss: 9.413 | consumed_samples: 17920
Training epoch 0, iteration 14/49 | lr: 8.982e-06 | global_batch_size: 1280 | global_step: 14 | reduced_train_loss: 9.245 | consumed_samples: 19200
Training epoch 0, iteration 15/49 | lr: 9.581e-06 | global_batch_size: 1280 | global_step: 15 | reduced_train_loss: 9.05 | consumed_samples: 20480
Training epoch 0, iteration 16/49 | lr: 1.018e-05 | global_batch_size: 1280 | global_step: 16 | reduced_train_loss: 8.845 | consumed_samples: 21760
Training epoch 0, iteration 17/49 | lr: 1.078e-05 | global_batch_size: 1280 | global_step: 17 | reduced_train_loss: 8.638 | consumed_samples: 23040
Training epoch 0, iteration 18/49 | lr: 1.138e-05 | global_batch_size: 1280 | global_step: 18 | reduced_train_loss: 8.457 | consumed_samples: 24320
Training epoch 0, iteration 19/49 | lr: 1.198e-05 | global_batch_size: 1280 | global_step: 19 | reduced_train_loss: 8.356 | consumed_samples: 25600
Training epoch 0, iteration 20/49 | lr: 1.257e-05 | global_batch_size: 1280 | global_step: 20 | reduced_train_loss: 8.209 | consumed_samples: 26880
Training epoch 0, iteration 21/49 | lr: 1.317e-05 | global_batch_size: 1280 | global_step: 21 | reduced_train_loss: 8.135 | consumed_samples: 28160
Training epoch 0, iteration 22/49 | lr: 1.377e-05 | global_batch_size: 1280 | global_step: 22 | reduced_train_loss: 8.053 | consumed_samples: 29440
Training epoch 0, iteration 23/49 | lr: 1.437e-05 | global_batch_size: 1280 | global_step: 23 | reduced_train_loss: 7.979 | consumed_samples: 30720
Training epoch 0, iteration 24/49 | lr: 1.497e-05 | global_batch_size: 1280 | global_step: 24 | reduced_train_loss: 7.898 | consumed_samples: 32000
INFO: Epoch 0, global step 24: 'step' reached 24.00000 (best 24.00000), saving model to '/tmpdir/m24047brmn/nemo_1b/output/nemotron1b-1layer-test/2026-02-02_00-18-27/checkpoints/nemotron1b-1layer-test-step=0000024.ckpt' as top 1
INFO:lightning.pytorch.utilities.rank_zero:Epoch 0, global step 24: 'step' reached 24.00000 (best 24.00000), saving model to '/tmpdir/m24047brmn/nemo_1b/output/nemotron1b-1layer-test/2026-02-02_00-18-27/checkpoints/nemotron1b-1layer-test-step=0000024.ckpt' as top 1
[NeMo I 2026-02-02 00:36:23 nemo_logging:393] Using FullyParallelSaveStrategyWrapper(torch_dist, 1) dist-ckpt save strategy.
[NeMo W 2026-02-02 00:36:24 validation:389] There is difference in the common state dict in different ranks. The differences are {1: ([('optimizer', 0, 'optimizer', 'param_groups', 1, 'step')], [], []), 2: ([('optimizer', 0, 'optimizer', 'param_groups', 1, 'step')], [], []), 3: ([('optimizer', 0, 'optimizer', 'param_groups', 1, 'step')], [], []), 4: ([('optimizer', 0, 'optimizer', 'param_groups', 1, 'step')], [], []), 5: ([('optimizer', 0, 'optimizer', 'param_groups', 1, 'step')], [], []), 6: ([('optimizer', 0, 'optimizer', 'param_groups', 1, 'step')], [], []), 8: ([('optimizer', 0, 'optimizer', 'param_groups', 1, 'step')], [], [])}
[NeMo I 2026-02-02 00:36:36 nemo_logging:393] Global Checkpoint Save : Rank: 0 : Iteration: 24 : Start time: 1769988983.338s : Save duration: 13.100s
[NeMo I 2026-02-02 00:36:37 nemo_logging:393] Scheduled async checkpoint save for /tmpdir/m24047brmn/nemo_1b/output/nemotron1b-1layer-test/2026-02-02_00-18-27/checkpoints/nemotron1b-1layer-test-step=0000024.ckpt
[NeMo W 2026-02-02 00:36:41 validation:389] There is difference in the common state dict in different ranks. The differences are {1: ([('optimizer', 0, 'optimizer', 'param_groups', 1, 'step')], [], []), 2: ([('optimizer', 0, 'optimizer', 'param_groups', 1, 'step')], [], []), 3: ([('optimizer', 0, 'optimizer', 'param_groups', 1, 'step')], [], []), 4: ([('optimizer', 0, 'optimizer', 'param_groups', 1, 'step')], [], []), 5: ([('optimizer', 0, 'optimizer', 'param_groups', 1, 'step')], [], []), 6: ([('optimizer', 0, 'optimizer', 'param_groups', 1, 'step')], [], []), 8: ([('optimizer', 0, 'optimizer', 'param_groups', 1, 'step')], [], [])}
[NeMo I 2026-02-02 00:36:42 nemo_logging:393] Global Checkpoint Save : Rank: 0 : Iteration: 24 : Start time: 1769989001.691s : Save duration: 1.141s
[NeMo I 2026-02-02 00:36:44 nemo_logging:393] Scheduled async checkpoint save for /tmpdir/m24047brmn/nemo_1b/output/nemotron1b-1layer-test/2026-02-02_00-18-27/checkpoints/nemotron1b-1layer-test-step=0000024-last.ckpt
[NeMo I 2026-02-02 00:36:44 nemo_logging:393] Async finalization time took 0.022 s
Training epoch 0, iteration 25/49 | lr: 1.557e-05 | global_batch_size: 1280 | global_step: 25 | reduced_train_loss: 7.856 | consumed_samples: 33280
[NeMo I 2026-02-02 00:37:27 nemo_logging:393] Successfully saved checkpoint from iteration      24 to /tmpdir/m24047brmn/nemo_1b/output/nemotron1b-1layer-test/2026-02-02_00-18-27/checkpoints/nemotron1b-1layer-test-step=0000024.ckpt
[NeMo I 2026-02-02 00:37:27 nemo_logging:393] Async checkpoint save for step 25 (/tmpdir/m24047brmn/nemo_1b/output/nemotron1b-1layer-test/2026-02-02_00-18-27/checkpoints/nemotron1b-1layer-test-step=0000024.ckpt) finalized successfully.
[NeMo I 2026-02-02 00:37:27 nemo_logging:393] Successfully saved checkpoint from iteration      24 to /tmpdir/m24047brmn/nemo_1b/output/nemotron1b-1layer-test/2026-02-02_00-18-27/checkpoints/nemotron1b-1layer-test-step=0000024-last.ckpt
[NeMo I 2026-02-02 00:37:27 nemo_logging:393] Async checkpoint save for step 25 (/tmpdir/m24047brmn/nemo_1b/output/nemotron1b-1layer-test/2026-02-02_00-18-27/checkpoints/nemotron1b-1layer-test-step=0000024-last.ckpt) finalized successfully.
[NeMo I 2026-02-02 00:37:27 nemo_logging:393] Async finalization time took 0.912 s
Training epoch 0, iteration 26/49 | lr: 1.617e-05 | global_batch_size: 1280 | global_step: 26 | reduced_train_loss: 7.815 | consumed_samples: 34560
Training epoch 0, iteration 27/49 | lr: 1.677e-05 | global_batch_size: 1280 | global_step: 27 | reduced_train_loss: 7.776 | consumed_samples: 35840
Training epoch 0, iteration 28/49 | lr: 1.737e-05 | global_batch_size: 1280 | global_step: 28 | reduced_train_loss: 7.766 | consumed_samples: 37120
Training epoch 0, iteration 29/49 | lr: 1.796e-05 | global_batch_size: 1280 | global_step: 29 | reduced_train_loss: 7.674 | consumed_samples: 38400
Training epoch 0, iteration 30/49 | lr: 1.856e-05 | global_batch_size: 1280 | global_step: 30 | reduced_train_loss: 7.693 | consumed_samples: 39680
Training epoch 0, iteration 31/49 | lr: 1.916e-05 | global_batch_size: 1280 | global_step: 31 | reduced_train_loss: 7.638 | consumed_samples: 40960
Training epoch 0, iteration 32/49 | lr: 1.976e-05 | global_batch_size: 1280 | global_step: 32 | reduced_train_loss: 7.553 | consumed_samples: 42240
Training epoch 0, iteration 33/49 | lr: 2.036e-05 | global_batch_size: 1280 | global_step: 33 | reduced_train_loss: 7.538 | consumed_samples: 43520
Training epoch 0, iteration 34/49 | lr: 2.096e-05 | global_batch_size: 1280 | global_step: 34 | reduced_train_loss: 7.49 | consumed_samples: 44800
Training epoch 0, iteration 35/49 | lr: 2.156e-05 | global_batch_size: 1280 | global_step: 35 | reduced_train_loss: 7.451 | consumed_samples: 46080
srun: Job step aborted: Waiting up to 32 seconds for job step to finish.
slurmstepd: error: *** STEP 75834.0 ON turpancomp6 CANCELLED AT 2026-02-02T00:45:17 ***
slurmstepd: error: *** JOB 75834 ON turpancomp6 CANCELLED AT 2026-02-02T00:45:17 ***
W0202 00:45:17.987000 2951931 torch/distributed/elastic/agent/server/api.py:719] Received 15 death signal, shutting down workers
W0202 00:45:17.987000 3086486 torch/distributed/elastic/agent/server/api.py:719] Received 15 death signal, shutting down workers
W0202 00:45:17.988000 2951931 torch/distributed/elastic/multiprocessing/api.py:898] Sending process 2952016 closing signal SIGTERM
W0202 00:45:17.987000 392871 torch/distributed/elastic/agent/server/api.py:719] Received 15 death signal, shutting down workers
W0202 00:45:17.987000 322486 torch/distributed/elastic/agent/server/api.py:719] Received 15 death signal, shutting down workers
W0202 00:45:17.988000 392871 torch/distributed/elastic/multiprocessing/api.py:898] Sending process 392957 closing signal SIGTERM
W0202 00:45:17.988000 322486 torch/distributed/elastic/multiprocessing/api.py:898] Sending process 322572 closing signal SIGTERM
W0202 00:45:17.988000 3086486 torch/distributed/elastic/multiprocessing/api.py:898] Sending process 3086573 closing signal SIGTERM
W0202 00:45:17.988000 2951931 torch/distributed/elastic/multiprocessing/api.py:898] Sending process 2952017 closing signal SIGTERM
W0202 00:45:17.988000 392871 torch/distributed/elastic/multiprocessing/api.py:898] Sending process 392958 closing signal SIGTERM
W0202 00:45:17.989000 322486 torch/distributed/elastic/multiprocessing/api.py:898] Sending process 322573 closing signal SIGTERM
W0202 00:45:17.988000 179676 torch/distributed/elastic/agent/server/api.py:719] Received 15 death signal, shutting down workers
W0202 00:45:17.989000 3086486 torch/distributed/elastic/multiprocessing/api.py:898] Sending process 3086574 closing signal SIGTERM
W0202 00:45:17.989000 179676 torch/distributed/elastic/multiprocessing/api.py:898] Sending process 179762 closing signal SIGTERM
