===========================================
LM Evaluation Harness - Baby Luciole
===========================================
Model selection:  ssa
SSA checkpoint:  /tmpdir/m24047flhg/nemotron-1B-SSA-Triton-bs1024-step=0715787-last
Softmax ckpt:    /tmpdir/m24047flhg/luciole-phase1-step0500000
Tokenizer:       /tmpdir/m24047brmn/kairos/tokenizer_128k-arab-regional_v2
Tasks:           wikitext
Batch Size:      64
Max Length:      2048
Limit:           'None (full dataset)'
GSM8K Limit:     -1
GSM8K Seed:      42
Num Fewshot:     5
Compiled BDA:    0
Contiguous QKV:  1
HF Offline:      1
HF Home:         /work/m24047/m24047flhg/.cache/huggingface
HF Home legacy:  /work/m24047/m24047brmn/lm_eval
HF merge mode:   symlink
Output prefix:   benchmark_results_715k/results_luc1b_ssa_wikitext_20260601_105216
===========================================
Preparing HF cache (mode=symlink) from /work/m24047/m24047brmn/lm_eval
-------------------------------------------
Running model:   ssa_luciole_715k (ssa_triton)
Checkpoint:      /tmpdir/m24047flhg/nemotron-1B-SSA-Triton-bs1024-step=0715787-last
Output:          benchmark_results_715k/results_luc1b_ssa_wikitext_20260601_105216_ssa_luciole_715k.json
-------------------------------------------
Using the latest cached version of the dataset since EleutherAI/wikitext_document_level couldn't be found on the Hugging Face Hub (offline mode is enabled).
Traceback (most recent call last):
  File "/users/m24047/m24047flhg/luciole-eval/luciole-1B/training/train/train_ssa_triton/test_dataset.py", line 2, in <module>
    load_dataset("EleutherAI/wikitext_document_level")
  File "/usr/local/lib/python3.12/dist-packages/datasets/load.py", line 2062, in load_dataset
    builder_instance = load_dataset_builder(
                       ^^^^^^^^^^^^^^^^^^^^^
  File "/usr/local/lib/python3.12/dist-packages/datasets/load.py", line 1819, in load_dataset_builder
    builder_instance: DatasetBuilder = builder_cls(
                                       ^^^^^^^^^^^^
  File "/usr/local/lib/python3.12/dist-packages/datasets/packaged_modules/cache/cache.py", line 124, in __init__
    config_name, version, hash = _find_hash_in_cache(
                                 ^^^^^^^^^^^^^^^^^^^^
  File "/usr/local/lib/python3.12/dist-packages/datasets/packaged_modules/cache/cache.py", line 51, in _find_hash_in_cache
    or json.loads(Path(cached_directory_path, "dataset_info.json").read_text(encoding="utf-8"))["config_name"]
                  ^^^^^^^^^^^^^^^^^^^^^^^^^^^^^^^^^^^^^^^^^^^^^^^^^^^^^^^^^^^^^^^^^^^^^^^^^^^^
  File "/usr/lib/python3.12/pathlib.py", line 1029, in read_text
    with self.open(mode='r', encoding=encoding, errors=errors) as f:
         ^^^^^^^^^^^^^^^^^^^^^^^^^^^^^^^^^^^^^^^^^^^^^^^^^^^^^
  File "/usr/lib/python3.12/pathlib.py", line 1015, in open
    return io.open(self, mode, buffering, encoding, errors, newline)
           ^^^^^^^^^^^^^^^^^^^^^^^^^^^^^^^^^^^^^^^^^^^^^^^^^^^^^^^^^
FileNotFoundError: [Errno 2] No such file or directory: '/work/m24047/m24047flhg/.cache/huggingface/datasets/EleutherAI___wikitext_document_level/snapshots/647234772b9554e208af6c826f23b99e3cac88c8/wikitext-103-v1/dataset_info.json'
Model 'ssa_luciole_715k' finished with status 1
===========================================
Benchmark finished with status 1 (selection=ssa)
===========================================
