===========================================
LM Evaluation Harness - Baby Luciole
===========================================
Model selection:  ssa
SSA checkpoint:  /tmpdir/m24047flhg/nemotron-1B-SSA-Triton-bs1024-step=0099999
Softmax ckpt:    /tmpdir/m24047flhg/luciole-phase1-last
Tokenizer:       /tmpdir/m24047brmn/kairos/tokenizer_128k-arab-regional_v2
Tasks:           copa
Batch Size:      64
Max Length:      2048
Limit:           64
GSM8K Limit:     64
GSM8K Seed:      42
Num Fewshot:     5
Compiled BDA:    0
Contiguous QKV:  1
HF Offline:      1
Output prefix:   benchmark_results_99ksteps_ssa_fixed/results_luc1b_ssa_copa_20260408_093241
===========================================
-------------------------------------------
Running model:   ssa_luciole_10k (ssa_triton)
Checkpoint:      /tmpdir/m24047flhg/nemotron-1B-SSA-Triton-bs1024-step=0099999
Output:          benchmark_results_99ksteps_ssa_fixed/results_luc1b_ssa_copa_20260408_093241_ssa_luciole_10k.json
-------------------------------------------
WARNING: Environment variable HF_HOME already has value [/work/m24047/m24047brmn/lm_eval], will not forward new value [/work/m24047/m24047flhg/.cache/huggingface] from parent process environment
INFO:numexpr.utils:Note: detected 80 virtual cores but NumExpr set to maximum of 64, check "NUMEXPR_MAX_THREADS" environment variable.
INFO:numexpr.utils:Note: NumExpr detected 80 cores but "NUMEXPR_MAX_THREADS" not set, so enforcing safe limit of 16.
INFO:numexpr.utils:NumExpr defaulting to 16 threads.
INFO:datasets:PyTorch version 2.7.0a0+7c8ec84dab.nv25.3 available.
INFO:datasets:Polars version 1.21.0 available.
INFO:__main__:Tasks to evaluate: ['copa']
INFO:__main__:gsm8k subset override: limit=64 (seed=42)
INFO:__main__:Models to evaluate: [{'name': 'ssa_luciole_10k', 'type': 'ssa_triton', 'checkpoint': '/tmpdir/m24047flhg/nemotron-1B-SSA-Triton-bs1024-step=0099999'}]
INFO:__main__:enforce_bf16=True
INFO:__main__:Starting evaluation for model 'ssa_luciole_10k' (ssa_triton)
INFO:__main__:Enabled datasets compatibility shim: List -> Sequence
INFO:__main__:Initializing BabyLucioleLM wrapper (model_type=ssa_triton, checkpoint=/tmpdir/m24047flhg/nemotron-1B-SSA-Triton-bs1024-step=0099999)...
INFO:faiss.loader:Loading faiss.
INFO:faiss.loader:Successfully loaded faiss.
[NeMo W 2026-04-08 09:33:05 nemo_logging:405] /usr/local/lib/python3.12/dist-packages/pydub/utils.py:170: RuntimeWarning: Couldn't find ffmpeg or avconv - defaulting to ffmpeg, but may not work
      warn("Couldn't find ffmpeg or avconv - defaulting to ffmpeg, but may not work", RuntimeWarning)
    
INFO:eval_perplexity_triton:No tokenizer in checkpoint, using: /tmpdir/m24047brmn/kairos/tokenizer_128k-arab-regional_v2
[NeMo I 2026-04-08 09:33:09 nemo_logging:393] Getting HuggingFace AutoTokenizer with pretrained_model_name: /tmpdir/m24047brmn/kairos/tokenizer_128k-arab-regional_v2, vocab_file: None, merges_files: None, special_tokens_dict: {}, and use_fast: True
INFO:eval_perplexity_triton:Loaded model architecture from checkpoint context: layers=24 hidden=2048 heads=32 q_groups=8 ffn=8192 kv=64 vocab=128000
INFO:eval_perplexity_triton:Triton SSA config enabled (compiled_bda=False, force_contiguous_qkv=True)
INFO:eval_perplexity_triton:Initialized parallel state with backend nccl
INFO:eval_perplexity_triton:Creating NemotronModel...
INFO:eval_perplexity_triton:Configuring model...
[NeMo I 2026-04-08 09:33:10 nemo_logging:393] Use preset vocab_size: 128000, original vocab_size: 128000, dummy tokens: 0.
INFO:eval_perplexity_triton:Loading model weights from /tmpdir/m24047flhg/nemotron-1B-SSA-Triton-bs1024-step=0099999...
INFO:eval_perplexity_triton:Added 'module.' prefix to sharded state dict
INFO:eval_perplexity_triton:Model weights loaded successfully
INFO:eval_perplexity_triton:Converted model to bfloat16 for inference
INFO:eval_perplexity_triton:Warming up Triton kernels for eval (Hq=32, Hkv=8, D=64, N=2048)...
INFO:eval_perplexity_triton:Triton kernel warmup complete.
INFO:eval_perplexity_triton:Model ready for evaluation
INFO:__main__:Tokenizer setup: vocab_size=128000, eot_token_id=1, prefix_token_id=0
INFO:__main__:Model diagnostics (post-init): model_type=ssa_triton model_class=NemotronModel wrapped_class=GPTModel checkpoint=/tmpdir/m24047flhg/nemotron-1B-SSA-Triton-bs1024-step=0099999 enforce_bf16=True compiled_bda=False force_contiguous_qkv=True parameter_dtype=torch.bfloat16
INFO:__main__:BabyLucioleLM wrapper initialized successfully
INFO:__main__:Added task: copa -> copa
INFO:__main__:  Description: COPA - Causal reasoning with alternatives
WARNING:lm_eval.api.task:[Task: copa] metric acc is defined, but aggregation is not. using default aggregation=mean
WARNING:lm_eval.api.task:[Task: copa] metric acc is defined, but higher_is_better is not. using default higher_is_better=True
Using the latest cached version of the dataset since super_glue couldn't be found on the Hugging Face Hub (offline mode is enabled).
WARNING:datasets.load:Using the latest cached version of the dataset since super_glue couldn't be found on the Hugging Face Hub (offline mode is enabled).
Found the latest cached dataset configuration 'copa' at /work/m24047/m24047brmn/lm_eval/datasets/super_glue/copa/0.0.0/3de24cf8022e94f4ee4b9d55a6f539891524d646 (last modified on Tue Feb 17 02:01:43 2026).
WARNING:datasets.packaged_modules.cache.cache:Found the latest cached dataset configuration 'copa' at /work/m24047/m24047brmn/lm_eval/datasets/super_glue/copa/0.0.0/3de24cf8022e94f4ee4b9d55a6f539891524d646 (last modified on Tue Feb 17 02:01:43 2026).
INFO:__main__:Running evaluation on tasks: ['copa']
INFO:__main__:Evaluating group 'regular' tasks=['copa'] limit=64
INFO:lm_eval.evaluator:Setting random seed to 0 | Setting numpy seed to 1234 | Setting fewshot manual seed to 1234
INFO:lm_eval.evaluator:Using pre-initialized model
WARNING:lm_eval.api.task:[Task: copa] metric acc is defined, but aggregation is not. using default aggregation=mean
WARNING:lm_eval.api.task:[Task: copa] metric acc is defined, but higher_is_better is not. using default higher_is_better=True
Using the latest cached version of the dataset since super_glue couldn't be found on the Hugging Face Hub (offline mode is enabled).
WARNING:datasets.load:Using the latest cached version of the dataset since super_glue couldn't be found on the Hugging Face Hub (offline mode is enabled).
Found the latest cached dataset configuration 'copa' at /work/m24047/m24047brmn/lm_eval/datasets/super_glue/copa/0.0.0/3de24cf8022e94f4ee4b9d55a6f539891524d646 (last modified on Tue Feb 17 02:01:43 2026).
WARNING:datasets.packaged_modules.cache.cache:Found the latest cached dataset configuration 'copa' at /work/m24047/m24047brmn/lm_eval/datasets/super_glue/copa/0.0.0/3de24cf8022e94f4ee4b9d55a6f539891524d646 (last modified on Tue Feb 17 02:01:43 2026).
WARNING:lm_eval.evaluator:Overwriting default num_fewshot of copa from None to 5
INFO:lm_eval.api.task:Building contexts for copa on rank 0...
  0%|          | 0/64 [00:00<?, ?it/s]100%|██████████| 64/64 [00:00<00:00, 22771.93it/s]
INFO:lm_eval.evaluator:Running loglikelihood requests
INFO:__main__:First forward diagnostics: input_dtype=torch.int64 input_shape=(1, 94) position_ids_dtype=torch.int64 attention_mask_dtype=torch.int64 attention_mask_shape=(1, 94) parameter_dtype=torch.bfloat16
INFO:__main__:First forward output diagnostics: output_type=Tensor logits_dtype=torch.bfloat16 logits_shape=(1, 94, 128000)
INFO:__main__:Forward perf checkpoint: calls=50 input_tokens=4698 prep=0.003s forward=2.340s output=0.000s total=2.343s avg_call=0.0469s
INFO:__main__:Forward perf checkpoint: calls=100 input_tokens=9366 prep=0.006s forward=4.105s output=0.000s total=4.111s avg_call=0.0411s
INFO:__main__:Completed group 'regular' in 8s (evaluated 64/100 docs, full dataset estimate 12s)

======================================================================
BENCHMARK RESULTS
======================================================================
Model name:   ssa_luciole_10k
Model type:   ssa_triton
Checkpoint:   /tmpdir/m24047flhg/nemotron-1B-SSA-Triton-bs1024-step=0099999
----------------------------------------------------------------------

copa:
--------------------------------------------------
  alias: copa
  acc,none: 0.7500
  acc_stderr,none: 0.0546

TASK TIMING
----------------------------------------------------------------------
task                 elapsed      full-est     docs          
----------------------------------------------------------------------
copa                 8s           12s          64/100        

======================================================================
INFO:__main__:Finished evaluation for model 'ssa_luciole_10k' in 8s
INFO:__main__:Forward perf summary: calls=128 input_tokens=12008 prep=0.008s forward=5.093s output=0.000s total=5.101s avg_call=0.0398s forward_toks_per_s=2357.9
INFO:__main__:Estimated full-dataset runtime for model 'ssa_luciole_10k': 12s
INFO:__main__:Results saved to: benchmark_results_99ksteps_ssa_fixed/results_luc1b_ssa_copa_20260408_093241_ssa_luciole_10k.json
INFO:eval_perplexity_triton:Destroyed Megatron model parallel state
INFO:eval_perplexity_triton:Destroyed process group
Model 'ssa_luciole_10k' finished with status 0
===========================================
Benchmark finished with status 0 (selection=ssa)
Results saved to:
benchmark_results_99ksteps_ssa_fixed/results_luc1b_ssa_copa_20260408_093241_ssa_luciole_10k.json
===========================================
