===========================================
LM Evaluation Harness - Baby Luciole
===========================================
Model selection:  ssa
SSA checkpoint:  /tmpdir/m24047flhg/nemotron-1B-SSA-Triton-bs1024-step=0499999
Softmax ckpt:    /tmpdir/m24047flhg/luciole-phase1-step0500000
Tokenizer:       /tmpdir/m24047brmn/kairos/tokenizer_128k-arab-regional_v2
Tasks:           wikitext
Batch Size:      64
Max Length:      2048
Limit:           'None (full dataset)'
GSM8K Limit:     -1
GSM8K Seed:      42
Num Fewshot:     5
Compiled BDA:    0
Contiguous QKV:  1
HF Offline:      1
HF Home:         /work/m24047/m24047flhg/.cache/huggingface
HF Home legacy:  /work/m24047/m24047brmn/lm_eval
HF merge mode:   symlink
Output prefix:   benchmark_results_500k/results_luc1b_ssa_wikitext_20260518_182120
===========================================
Preparing HF cache (mode=symlink) from /work/m24047/m24047brmn/lm_eval
-------------------------------------------
Running model:   ssa_luciole_500k (ssa_triton)
Checkpoint:      /tmpdir/m24047flhg/nemotron-1B-SSA-Triton-bs1024-step=0499999
Output:          benchmark_results_500k/results_luc1b_ssa_wikitext_20260518_182120_ssa_luciole_500k.json
-------------------------------------------
INFO:numexpr.utils:Note: detected 80 virtual cores but NumExpr set to maximum of 64, check "NUMEXPR_MAX_THREADS" environment variable.
INFO:numexpr.utils:Note: NumExpr detected 80 cores but "NUMEXPR_MAX_THREADS" not set, so enforcing safe limit of 16.
INFO:numexpr.utils:NumExpr defaulting to 16 threads.
INFO:datasets:PyTorch version 2.7.0a0+7c8ec84dab.nv25.3 available.
INFO:datasets:Polars version 1.21.0 available.
INFO:__main__:Tasks to evaluate: ['wikitext']
INFO:__main__:gsm8k subset override: limit=None (seed=42)
INFO:__main__:Models to evaluate: [{'name': 'ssa_luciole_500k', 'type': 'ssa_triton', 'checkpoint': '/tmpdir/m24047flhg/nemotron-1B-SSA-Triton-bs1024-step=0499999'}]
INFO:__main__:enforce_bf16=True
INFO:__main__:Starting evaluation for model 'ssa_luciole_500k' (ssa_triton)
INFO:__main__:Enabled datasets compatibility shim: List -> Sequence
INFO:__main__:Initializing BabyLucioleLM wrapper (model_type=ssa_triton, checkpoint=/tmpdir/m24047flhg/nemotron-1B-SSA-Triton-bs1024-step=0499999)...
INFO:faiss.loader:Loading faiss.
INFO:faiss.loader:Successfully loaded faiss.
[NeMo W 2026-05-18 18:21:42 nemo_logging:405] /usr/local/lib/python3.12/dist-packages/pydub/utils.py:170: RuntimeWarning: Couldn't find ffmpeg or avconv - defaulting to ffmpeg, but may not work
      warn("Couldn't find ffmpeg or avconv - defaulting to ffmpeg, but may not work", RuntimeWarning)
    
INFO:eval_perplexity_triton:No tokenizer in checkpoint, using: /tmpdir/m24047brmn/kairos/tokenizer_128k-arab-regional_v2
[NeMo I 2026-05-18 18:21:46 nemo_logging:393] Getting HuggingFace AutoTokenizer with pretrained_model_name: /tmpdir/m24047brmn/kairos/tokenizer_128k-arab-regional_v2, vocab_file: None, merges_files: None, special_tokens_dict: {}, and use_fast: True
INFO:eval_perplexity_triton:Loaded model architecture from checkpoint context: layers=24 hidden=2048 heads=32 q_groups=8 ffn=8192 kv=64 vocab=128000
INFO:eval_perplexity_triton:Triton SSA config enabled (compiled_bda=False, force_contiguous_qkv=True)
INFO:eval_perplexity_triton:Initialized parallel state with backend nccl
INFO:eval_perplexity_triton:Creating NemotronModel...
INFO:eval_perplexity_triton:Configuring model...
[NeMo I 2026-05-18 18:21:47 nemo_logging:393] Use preset vocab_size: 128000, original vocab_size: 128000, dummy tokens: 0.
INFO:eval_perplexity_triton:Loading model weights from /tmpdir/m24047flhg/nemotron-1B-SSA-Triton-bs1024-step=0499999...
INFO:eval_perplexity_triton:Added 'module.' prefix to sharded state dict
INFO:eval_perplexity_triton:Model weights loaded successfully
INFO:eval_perplexity_triton:Converted model to bfloat16 for inference
INFO:eval_perplexity_triton:Warming up Triton kernels for eval (Hq=32, Hkv=8, D=64, N=2048)...
INFO:eval_perplexity_triton:Triton kernel warmup complete.
INFO:eval_perplexity_triton:Model ready for evaluation
INFO:__main__:Tokenizer setup: vocab_size=128000, eot_token_id=1, prefix_token_id=0
INFO:__main__:Model diagnostics (post-init): model_type=ssa_triton model_class=NemotronModel wrapped_class=GPTModel checkpoint=/tmpdir/m24047flhg/nemotron-1B-SSA-Triton-bs1024-step=0499999 enforce_bf16=True compiled_bda=False force_contiguous_qkv=True parameter_dtype=torch.bfloat16
INFO:__main__:BabyLucioleLM wrapper initialized successfully
INFO:__main__:Added task: wikitext -> wikitext
INFO:__main__:  Description: WikiText - Language modeling benchmark
WARNING:lm_eval.api.task:[Task: wikitext] metric word_perplexity is defined, but aggregation is not. using default aggregation=weighted_perplexity
WARNING:lm_eval.api.task:[Task: wikitext] metric word_perplexity is defined, but higher_is_better is not. using default higher_is_better=False
WARNING:lm_eval.api.task:[Task: wikitext] metric byte_perplexity is defined, but aggregation is not. using default aggregation=weighted_perplexity
WARNING:lm_eval.api.task:[Task: wikitext] metric byte_perplexity is defined, but higher_is_better is not. using default higher_is_better=False
WARNING:lm_eval.api.task:[Task: wikitext] metric bits_per_byte is defined, but aggregation is not. using default aggregation=bits_per_byte
WARNING:lm_eval.api.task:[Task: wikitext] metric bits_per_byte is defined, but higher_is_better is not. using default higher_is_better=False
WARNING:__main__:Skipping task 'wikitext' (dataset unavailable offline): Couldn't reach 'EleutherAI/wikitext_document_level' on the Hub (OfflineModeIsEnabled)
ERROR:__main__:No tasks could be loaded (all datasets unavailable offline)
INFO:eval_perplexity_triton:Destroyed Megatron model parallel state
INFO:eval_perplexity_triton:Destroyed process group
Model 'ssa_luciole_500k' finished with status 1
===========================================
Benchmark finished with status 1 (selection=ssa)
===========================================
