===========================================
LM Evaluation Harness - Baby Luciole
===========================================
Model selection:  softmax
SSA checkpoint:  /tmpdir/m24047flhg/nemotron-1B-SSA-Triton-bs1024-step=0099999
Softmax ckpt:    /tmpdir/m24047flhg/luciole-phase1-last
Tokenizer:       /tmpdir/m24047brmn/kairos/tokenizer_128k-arab-regional_v2
Tasks:           copa
Batch Size:      64
Max Length:      2048
Limit:           64
GSM8K Limit:     64
GSM8K Seed:      42
Num Fewshot:     5
Compiled BDA:    0
Contiguous QKV:  1
HF Offline:      1
Output prefix:   benchmark_results_99ksteps_ssa/results_luc1b_softmax_copa_20260407_163044
===========================================
-------------------------------------------
Running model:   luciole_10k (softmax)
Checkpoint:      /tmpdir/m24047flhg/luciole-phase1-last
Output:          benchmark_results_99ksteps_ssa/results_luc1b_softmax_copa_20260407_163044_luciole_10k.json
-------------------------------------------
WARNING: Environment variable HF_HOME already has value [/work/m24047/m24047brmn/lm_eval], will not forward new value [/work/m24047/m24047flhg/.cache/huggingface] from parent process environment
INFO:numexpr.utils:Note: detected 80 virtual cores but NumExpr set to maximum of 64, check "NUMEXPR_MAX_THREADS" environment variable.
INFO:numexpr.utils:Note: NumExpr detected 80 cores but "NUMEXPR_MAX_THREADS" not set, so enforcing safe limit of 16.
INFO:numexpr.utils:NumExpr defaulting to 16 threads.
INFO:datasets:PyTorch version 2.7.0a0+7c8ec84dab.nv25.3 available.
INFO:datasets:Polars version 1.21.0 available.
INFO:__main__:Tasks to evaluate: ['copa']
INFO:__main__:gsm8k subset override: limit=64 (seed=42)
INFO:__main__:Models to evaluate: [{'name': 'luciole_10k', 'type': 'softmax', 'checkpoint': '/tmpdir/m24047flhg/luciole-phase1-last'}]
INFO:__main__:enforce_bf16=True
INFO:__main__:Starting evaluation for model 'luciole_10k' (softmax)
INFO:__main__:Enabled datasets compatibility shim: List -> Sequence
INFO:__main__:Initializing BabyLucioleLM wrapper (model_type=softmax, checkpoint=/tmpdir/m24047flhg/luciole-phase1-last)...
INFO:eval_perplexity:Detected HuggingFace checkpoint format
INFO:eval_perplexity:Loading HuggingFace model from /tmpdir/m24047flhg/luciole-phase1-last
INFO:eval_perplexity:Loaded HF config: layers=24 hidden=2048 heads=32 vocab=128000
INFO:eval_perplexity:Model loaded successfully from HuggingFace CausalLM format
INFO:eval_perplexity:Tokenizer loaded from checkpoint
INFO:eval_perplexity:Model ready for evaluation (HF format)
INFO:__main__:Tokenizer setup: vocab_size=128000, eot_token_id=1, prefix_token_id=0
INFO:__main__:Model diagnostics (post-init): model_type=softmax model_class=NemotronForCausalLM wrapped_class=NemotronForCausalLM checkpoint=/tmpdir/m24047flhg/luciole-phase1-last enforce_bf16=True compiled_bda=False force_contiguous_qkv=True parameter_dtype=torch.bfloat16
INFO:__main__:BabyLucioleLM wrapper initialized successfully
INFO:__main__:Added task: copa -> copa
INFO:__main__:  Description: COPA - Causal reasoning with alternatives
WARNING:lm_eval.api.task:[Task: copa] metric acc is defined, but aggregation is not. using default aggregation=mean
WARNING:lm_eval.api.task:[Task: copa] metric acc is defined, but higher_is_better is not. using default higher_is_better=True
Using the latest cached version of the dataset since super_glue couldn't be found on the Hugging Face Hub (offline mode is enabled).
WARNING:datasets.load:Using the latest cached version of the dataset since super_glue couldn't be found on the Hugging Face Hub (offline mode is enabled).
Found the latest cached dataset configuration 'copa' at /work/m24047/m24047brmn/lm_eval/datasets/super_glue/copa/0.0.0/3de24cf8022e94f4ee4b9d55a6f539891524d646 (last modified on Tue Feb 17 02:01:43 2026).
WARNING:datasets.packaged_modules.cache.cache:Found the latest cached dataset configuration 'copa' at /work/m24047/m24047brmn/lm_eval/datasets/super_glue/copa/0.0.0/3de24cf8022e94f4ee4b9d55a6f539891524d646 (last modified on Tue Feb 17 02:01:43 2026).
INFO:__main__:Running evaluation on tasks: ['copa']
INFO:__main__:Evaluating group 'regular' tasks=['copa'] limit=64
INFO:lm_eval.evaluator:Setting random seed to 0 | Setting numpy seed to 1234 | Setting fewshot manual seed to 1234
INFO:lm_eval.evaluator:Using pre-initialized model
WARNING:lm_eval.api.task:[Task: copa] metric acc is defined, but aggregation is not. using default aggregation=mean
WARNING:lm_eval.api.task:[Task: copa] metric acc is defined, but higher_is_better is not. using default higher_is_better=True
Using the latest cached version of the dataset since super_glue couldn't be found on the Hugging Face Hub (offline mode is enabled).
WARNING:datasets.load:Using the latest cached version of the dataset since super_glue couldn't be found on the Hugging Face Hub (offline mode is enabled).
Found the latest cached dataset configuration 'copa' at /work/m24047/m24047brmn/lm_eval/datasets/super_glue/copa/0.0.0/3de24cf8022e94f4ee4b9d55a6f539891524d646 (last modified on Tue Feb 17 02:01:43 2026).
WARNING:datasets.packaged_modules.cache.cache:Found the latest cached dataset configuration 'copa' at /work/m24047/m24047brmn/lm_eval/datasets/super_glue/copa/0.0.0/3de24cf8022e94f4ee4b9d55a6f539891524d646 (last modified on Tue Feb 17 02:01:43 2026).
WARNING:lm_eval.evaluator:Overwriting default num_fewshot of copa from None to 5
INFO:lm_eval.api.task:Building contexts for copa on rank 0...
  0%|          | 0/64 [00:00<?, ?it/s]/usr/local/lib/python3.12/dist-packages/lm_eval/api/task.py:1181: Warning: Both target_delimiter and target start with a space. This may cause issues.
  labeled_examples += self.sampler.get_context(
100%|██████████| 64/64 [00:00<00:00, 25212.31it/s]
INFO:lm_eval.evaluator:Running loglikelihood requests
INFO:__main__:First forward start: group=regular delay_since_group_start=2s input_shape=(1, 94)
INFO:__main__:First forward diagnostics: input_dtype=torch.int64 input_shape=(1, 94) position_ids_dtype=torch.int64 attention_mask_dtype=torch.int64 attention_mask_shape=(1, 94) parameter_dtype=torch.bfloat16
INFO:__main__:First forward timing: group=regular wall_time=1s logits_dtype=torch.bfloat16 logits_shape=(1, 94, 128000)
INFO:__main__:First forward output diagnostics: output_type=CausalLMOutputWithPast logits_dtype=torch.bfloat16 logits_shape=(1, 94, 128000)
INFO:__main__:Completed group 'regular' in 6s (evaluated 64/100 docs, full dataset estimate 10s)
INFO:__main__:Group timing breakdown 'regular': total=6s forward=4s non_forward=3s first_forward_delay=2s first_forward=1s forward_calls=128

======================================================================
BENCHMARK RESULTS
======================================================================
Model name:   luciole_10k
Model type:   softmax
Checkpoint:   /tmpdir/m24047flhg/luciole-phase1-last
----------------------------------------------------------------------

copa:
--------------------------------------------------
  alias: copa
  acc,none: 0.7500
  acc_stderr,none: 0.0546

TASK TIMING
----------------------------------------------------------------------
task                 elapsed      full-est     docs          
----------------------------------------------------------------------
copa                 6s           10s          64/100        

======================================================================
INFO:__main__:Finished evaluation for model 'luciole_10k' in 6s
INFO:__main__:Estimated full-dataset runtime for model 'luciole_10k': 10s
INFO:__main__:Results saved to: benchmark_results_99ksteps_ssa/results_luc1b_softmax_copa_20260407_163044_luciole_10k.json
Model 'luciole_10k' finished with status 0
===========================================
Benchmark finished with status 0 (selection=softmax)
Results saved to:
benchmark_results_99ksteps_ssa/results_luc1b_softmax_copa_20260407_163044_luciole_10k.json
===========================================
