===========================================
LM Evaluation Harness - Baby Luciole
===========================================
Model selection:  both
SSA checkpoint:  /tmpdir/m24047brmn/nemo_1b/output/baby_luciole-ssa-triton/checkpoints/baby_luciole-ssa-triton-step=0023999
Softmax ckpt:    /tmpdir/m24047brmn/nemo_1b/output/baby_luciole-softmax-test/checkpoints/baby_luciole-softmax-test-step=0020998-last
Tokenizer:       /work/m24047/m24047brmn/tokenizers/luciole_50k
Tasks:           all
Batch Size:      16
Max Length:      2048
Limit:           'None (full dataset)'
GSM8K Limit:     100
GSM8K Seed:      42
Num Fewshot:     5
Compiled BDA:    0
Contiguous QKV:  1
HF Offline:      1
Output prefix:   benchmark_results/results_bbyluc_both_all_20260402_140357
===========================================
-------------------------------------------
Running model:   baby_luciole_ssa_triton (ssa_triton)
Checkpoint:      /tmpdir/m24047brmn/nemo_1b/output/baby_luciole-ssa-triton/checkpoints/baby_luciole-ssa-triton-step=0023999
Output:          benchmark_results/results_bbyluc_both_all_20260402_140357_baby_luciole_ssa_triton.json
-------------------------------------------
WARNING: Environment variable HF_HOME already has value [/work/m24047/m24047brmn/lm_eval], will not forward new value [/work/m24047/m24047flhg/.cache/huggingface] from parent process environment
Traceback (most recent call last):
  File "/users/m24047/m24047flhg/luciole-eval/luciole-1B/training/train/train_ssa_triton/run_benchmarks_triton.py", line 11, in <module>
    from eval_perplexity import (
ModuleNotFoundError: No module named 'eval_perplexity'
Model 'baby_luciole_ssa_triton' finished with status 1
-------------------------------------------
Running model:   baby_luciole_softmax (softmax)
Checkpoint:      /tmpdir/m24047brmn/nemo_1b/output/baby_luciole-softmax-test/checkpoints/baby_luciole-softmax-test-step=0020998-last
Output:          benchmark_results/results_bbyluc_both_all_20260402_140357_baby_luciole_softmax.json
-------------------------------------------
WARNING: Environment variable HF_HOME already has value [/work/m24047/m24047brmn/lm_eval], will not forward new value [/work/m24047/m24047flhg/.cache/huggingface] from parent process environment
Traceback (most recent call last):
  File "/users/m24047/m24047flhg/luciole-eval/luciole-1B/training/train/train_ssa_triton/run_benchmarks_triton.py", line 11, in <module>
    from eval_perplexity import (
ModuleNotFoundError: No module named 'eval_perplexity'
Model 'baby_luciole_softmax' finished with status 1
===========================================
Benchmark finished with status 1 (selection=both)
===========================================
