==========================================
DIAGNOSTIC SSA Triton Training
Node:        kairosgh6
Datamix:     /work/p26037/barman/luciole-1B/training/train/train_ssa_triton/datamix_luciole_phase1.json
Output:      /tmpdir/barman/bs1024_diag/outputs
Name:        diag-SSA-Triton-bs1024
Batch size:  1024
Nodes:       1
Duration:    00:02:00:00
This-run max:10
==========================================
ERROR: ld.so: object 'libargos-core.so' from LD_PRELOAD cannot be preloaded (cannot open shared object file): ignored.
ERROR: ld.so: object 'libargos-agentclient.so' from LD_PRELOAD cannot be preloaded (cannot open shared object file): ignored.
W0330 16:23:27.241000 2525886 torch/distributed/run.py:763] 
W0330 16:23:27.241000 2525886 torch/distributed/run.py:763] *****************************************
W0330 16:23:27.241000 2525886 torch/distributed/run.py:763] Setting OMP_NUM_THREADS environment variable for each process to be 1 in default, to avoid your system being overloaded, please further tune the variable for optimal performance in your application as needed. 
W0330 16:23:27.241000 2525886 torch/distributed/run.py:763] *****************************************
[W330 16:23:27.661884846 socket.cpp:755] [c10d] The client socket cannot be initialized to connect to [kairosgh6.calmip.cluster]:22145 (errno: 97 - Address family not supported by protocol).
[W330 16:23:27.806047779 socket.cpp:755] [c10d] The client socket cannot be initialized to connect to [kairosgh6.calmip.cluster]:38065 (errno: 97 - Address family not supported by protocol).
ERROR: ld.so: object 'libargos-core.so' from LD_PRELOAD cannot be preloaded (cannot open shared object file): ignored.
ERROR: ld.so: object 'libargos-agentclient.so' from LD_PRELOAD cannot be preloaded (cannot open shared object file): ignored.
ERROR: ld.so: object 'libargos-core.so' from LD_PRELOAD cannot be preloaded (cannot open shared object file): ignored.
ERROR: ld.so: object 'libargos-agentclient.so' from LD_PRELOAD cannot be preloaded (cannot open shared object file): ignored.
ERROR: ld.so: object 'libargos-core.so' from LD_PRELOAD cannot be preloaded (cannot open shared object file): ignored.
ERROR: ld.so: object 'libargos-agentclient.so' from LD_PRELOAD cannot be preloaded (cannot open shared object file): ignored.
ERROR: ld.so: object 'libargos-core.so' from LD_PRELOAD cannot be preloaded (cannot open shared object file): ignored.
ERROR: ld.so: object 'libargos-agentclient.so' from LD_PRELOAD cannot be preloaded (cannot open shared object file): ignored.
[2026-03-30T16:23:28.605] error: *** JOB 12144 ON kairosgh6 CANCELLED AT 2026-03-30T16:23:28 DUE to SIGNAL Terminated ***
srun: Job step aborted: Waiting up to 32 seconds for job step to finish.
[2026-03-30T16:23:28.606] error: *** STEP 12144.0 ON kairosgh6 CANCELLED AT 2026-03-30T16:23:28 DUE to SIGNAL Terminated ***
W0330 16:23:28.606000 2525886 torch/distributed/elastic/agent/server/api.py:719] Received 15 death signal, shutting down workers
