==========================================
DIAGNOSTIC SSA Triton Training
Node:        kairosgh0
Datamix:     /work/p26037/barman/luciole-1B/training/train/train_ssa_triton/datamix_luciole_phase1.json
Output:      /tmpdir/barman/bs1024_diag/outputs
Name:        diag-SSA-Triton-bs1024
Batch size:  1024
Nodes:       1
Duration:    00:02:00:00
This-run max:10
==========================================
ERROR: ld.so: object 'libargos-core.so' from LD_PRELOAD cannot be preloaded (cannot open shared object file): ignored.
ERROR: ld.so: object 'libargos-agentclient.so' from LD_PRELOAD cannot be preloaded (cannot open shared object file): ignored.
W0330 14:04:28.211000 499568 torch/distributed/run.py:763] 
W0330 14:04:28.211000 499568 torch/distributed/run.py:763] *****************************************
W0330 14:04:28.211000 499568 torch/distributed/run.py:763] Setting OMP_NUM_THREADS environment variable for each process to be 1 in default, to avoid your system being overloaded, please further tune the variable for optimal performance in your application as needed. 
W0330 14:04:28.211000 499568 torch/distributed/run.py:763] *****************************************
[W330 14:04:28.998691748 socket.cpp:755] [c10d] The client socket cannot be initialized to connect to [kairosgh0.calmip.cluster]:22093 (errno: 97 - Address family not supported by protocol).
[W330 14:04:28.056318682 socket.cpp:755] [c10d] The client socket cannot be initialized to connect to [kairosgh0.calmip.cluster]:44413 (errno: 97 - Address family not supported by protocol).
ERROR: ld.so: object 'libargos-core.so' from LD_PRELOAD cannot be preloaded (cannot open shared object file): ignored.
ERROR: ld.so: object 'libargos-agentclient.so' from LD_PRELOAD cannot be preloaded (cannot open shared object file): ignored.
ERROR: ld.so: object 'libargos-core.so' from LD_PRELOAD cannot be preloaded (cannot open shared object file): ignored.
ERROR: ld.so: object 'libargos-agentclient.so' from LD_PRELOAD cannot be preloaded (cannot open shared object file): ignored.
ERROR: ld.so: object 'libargos-core.so' from LD_PRELOAD cannot be preloaded (cannot open shared object file): ignored.
ERROR: ld.so: object 'libargos-agentclient.so' from LD_PRELOAD cannot be preloaded (cannot open shared object file): ignored.
ERROR: ld.so: object 'libargos-core.so' from LD_PRELOAD cannot be preloaded (cannot open shared object file): ignored.
ERROR: ld.so: object 'libargos-agentclient.so' from LD_PRELOAD cannot be preloaded (cannot open shared object file): ignored.
[rank: 1] Seed set to 1234
[rank: 2] Seed set to 1234
[rank: 0] Seed set to 1234
[rank: 3] Seed set to 1234
INFO:faiss.loader:Loading faiss with SVE support.
INFO:faiss.loader:Could not load library with SVE support due to:
ModuleNotFoundError("No module named 'faiss.swigfaiss_sve'")
INFO:faiss.loader:Loading faiss.
INFO:faiss.loader:Loading faiss with SVE support.
INFO:faiss.loader:Could not load library with SVE support due to:
ModuleNotFoundError("No module named 'faiss.swigfaiss_sve'")
INFO:faiss.loader:Loading faiss.
INFO:faiss.loader:Loading faiss with SVE support.
INFO:faiss.loader:Could not load library with SVE support due to:
ModuleNotFoundError("No module named 'faiss.swigfaiss_sve'")
INFO:faiss.loader:Loading faiss.
INFO:faiss.loader:Loading faiss with SVE support.
INFO:faiss.loader:Could not load library with SVE support due to:
ModuleNotFoundError("No module named 'faiss.swigfaiss_sve'")
INFO:faiss.loader:Loading faiss.
INFO:faiss.loader:Successfully loaded faiss.
INFO:faiss.loader:Successfully loaded faiss.
INFO:faiss.loader:Successfully loaded faiss.
INFO:faiss.loader:Successfully loaded faiss.
[NeMo W 2026-03-30 14:05:20 nemo_logging:405] /usr/local/lib/python3.12/dist-packages/pydub/utils.py:170: RuntimeWarning: Couldn't find ffmpeg or avconv - defaulting to ffmpeg, but may not work
      warn("Couldn't find ffmpeg or avconv - defaulting to ffmpeg, but may not work", RuntimeWarning)
    
INFO:datasets:PyTorch version 2.7.0a0+7c8ec84dab.nv25.3 available.
INFO:datasets:PyTorch version 2.7.0a0+7c8ec84dab.nv25.3 available.
INFO:datasets:PyTorch version 2.7.0a0+7c8ec84dab.nv25.3 available.
INFO:datasets:PyTorch version 2.7.0a0+7c8ec84dab.nv25.3 available.
INFO:datasets:Polars version 1.21.0 available.
INFO:datasets:Polars version 1.21.0 available.
INFO:datasets:Polars version 1.21.0 available.
INFO:datasets:Polars version 1.21.0 available.
INFO:utils:{'data_path': '/work/datasets/AI/tokens_luciole_phase1', 'total_tokens': 3002228277248, 'train': [{'name': 'claire_open_en_text_document', 'weight': 29003.0}, {'name': 'claire_open_fr_text_document', 'weight': 92129.0}, {'name': 'common-corpus_bnl-newspapers-1841-1879_fr_text_document', 'weight': 66237.0}, {'name': 'common-corpus_eurlex_multi_text_document', 'weight': 3601664.0}, {'name': 'common-corpus_gatt-library_multi_text_document', 'weight': 41322.0}, {'name': 'common-corpus_oecd_multi_text_document', 'weight': 121969.0}, {'name': 'common-corpus_tedeutenders_multi_text_document', 'weight': 31276.0}, {'name': 'common-corpus_wto_multi_text_document', 'weight': 577279.0}, {'name': 'common-pile_arxiv-abstracts_en_text_document', 'weight': 140138.0}, {'name': 'common-pile_arxiv-papers_en_text_document', 'weight': 1299034.0}, {'name': 'common-pile_biodiversity-heritage-library_en_text_document', 'weight': 107772.0}, {'name': 'common-pile_caselaw-access-project_en_text_document', 'weight': 929697.0}, {'name': 'common-pile_doab_en_text_document', 'weight': 712786.0}, {'name': 'common-pile_foodista_en_text_document', 'weight': 5603.0}, {'name': 'common-pile_github-archive_en_text_document', 'weight': 2244221.0}, {'name': 'common-pile_library-of-congress_en_text_document', 'weight': 101533.0}, {'name': 'common-pile_libretexts_en_text_document', 'weight': 21049.0}, {'name': 'common-pile_news_en_text_document', 'weight': 14354.0}, {'name': 'common-pile_oercommons_en_text_document', 'weight': 2748.0}, {'name': 'common-pile_peS2o_en_text_document', 'weight': 10166525.0}, {'name': 'common-pile_pre-1929-books_en_text_document', 'weight': 531517.0}, {'name': 'common-pile_pressbooks_en_text_document', 'weight': 31891.0}, {'name': 'common-pile_public-domain-review_en_text_document', 'weight': 382.0}, {'name': 'common-pile_pubmed_en_text_document', 'weight': 1869301.0}, {'name': 'common-pile_python-enhancement-proposals_en_text_document', 'weight': 652.0}, {'name': 'common-pile_regulations_en_text_document', 'weight': 266173.0}, {'name': 'common-pile_stackexchange_en_text_document', 'weight': 4985359.0}, {'name': 'common-pile_ubuntu-irc_en_text_document', 'weight': 482830.0}, {'name': 'common-pile_youtube_en_text_document', 'weight': 204765.0}, {'name': 'croissant-aligned_aligned_text_document', 'weight': 11618464.0}, {'name': 'culturax_fr_text_document_ratio1.30_phase0', 'weight': 57012131.0}, {'name': 'dclm-dolmino_en_text_document_ratio0.75_phase0', 'weight': 93003263.0}, {'name': 'europarl_aligned_text_document', 'weight': 215607.0}, {'name': 'europarl_multi_text_document', 'weight': 99752.0}, {'name': 'eurovoc_filtered_multi_text_document', 'weight': 2150091.0}, {'name': 'fineweb-edu_en_text_document_ratio0.75_phase0', 'weight': 214754282.0}, {'name': 'fineweb2_ar_text_document_ratio0.50_phase0', 'weight': 3350461.0}, {'name': 'fineweb2_ca_text_document_ratio0.05_phase0', 'weight': 92529.0}, {'name': 'fineweb2_de_text_document_ratio0.50_phase0', 'weight': 27173931.0}, {'name': 'fineweb2_es_text_document_ratio0.50_phase0', 'weight': 24393496.0}, {'name': 'fineweb2_fr_text_document_ratio1.30_phase0', 'weight': 50038822.0}, {'name': 'fineweb2_it_text_document_ratio0.50_phase0', 'weight': 13377940.0}, {'name': 'fineweb2_nl_text_document_ratio0.50_phase0', 'weight': 7435763.0}, {'name': 'fineweb2_pt_text_document_ratio0.50_phase0', 'weight': 9800040.0}, {'name': 'fineweb2_regional_text_document', 'weight': 2132152.0}, {'name': 'gallica_monographies_fr_text_document', 'weight': 5842786.0}, {'name': 'gallica_press_fr_text_document', 'weight': 22850320.0}, {'name': 'gutenberg_de_text_document', 'weight': 42330.0}, {'name': 'gutenberg_en_text_document', 'weight': 1187655.0}, {'name': 'gutenberg_es_text_document', 'weight': 21778.0}, {'name': 'gutenberg_fr_text_document', 'weight': 91991.0}, {'name': 'gutenberg_it_text_document', 'weight': 29909.0}, {'name': 'gutenberg_nl_text_document', 'weight': 24430.0}, {'name': 'gutenberg_pt_text_document', 'weight': 9241.0}, {'name': 'hal-cea_full-filtered_fr_text_document', 'weight': 7828031.0}, {'name': 'hplt2_fr_text_document_ratio1.30_phase0', 'weight': 70401931.0}, {'name': 'insee_fr_text_document', 'weight': 55377.0}, {'name': 'math-pile_math_text_document', 'weight': 2345197.0}, {'name': 'opendata_fr_text_document', 'weight': 2749409.0}, {'name': 'parlement_fr_text_document', 'weight': 282826.0}, {'name': 'starcoder-data_code_text_document', 'weight': 62922795.0}, {'name': 'theses_fr_text_document', 'weight': 3239718.0}, {'name': 'wikimedia-vikidia_ar_text_document', 'weight': 265451.0}, {'name': 'wikimedia-vikidia_ca_text_document_ratio0.20_phase0', 'weight': 58530.0}, {'name': 'wikimedia-vikidia_de_text_document', 'weight': 1098595.0}, {'name': 'wikimedia-vikidia_en_text_document', 'weight': 2882825.0}, {'name': 'wikimedia-vikidia_es_text_document', 'weight': 631843.0}, {'name': 'wikimedia-vikidia_fr_text_document', 'weight': 1276052.0}, {'name': 'wikimedia-vikidia_it_text_document', 'weight': 654077.0}, {'name': 'wikimedia-vikidia_pt_text_document', 'weight': 304392.0}, {'name': 'wikimedia-vikidia_regional_text_document', 'weight': 119234.0}, {'name': 'wikimedia_nl_text_document', 'weight': 345319.0}, {'name': 'youtube_fr_text_document', 'weight': 76194.0}]}
INFO:__main__:Using CLI tokenizer override: /work/p26037/barman/tokenizer_128k-arab-regional_v2
INFO:__main__:Global batch size: 1024
INFO:__main__:Sequence length: 4096
INFO:__main__:Tokens per batch: 4194304
INFO:__main__:Total tokens in datamix: 3002228277248
INFO:__main__:Global training/LR horizon (from --max_steps): 715788
INFO:__main__:Patched megatron.core.optimizer (accepted params: {'no_weight_decay_cond', 'config', 'scale_lr_cond', 'model_chunks', 'lr_mult', 'use_gloo_process_groups'})
[NeMo I 2026-03-30 14:05:31 nemo_logging:393] Getting HuggingFace AutoTokenizer with pretrained_model_name: /work/p26037/barman/tokenizer_128k-arab-regional_v2, vocab_file: None, merges_files: None, special_tokens_dict: {}, and use_fast: True
INFO:utils:{'data_path': '/work/datasets/AI/tokens_luciole_phase1', 'total_tokens': 3002228277248, 'train': [{'name': 'claire_open_en_text_document', 'weight': 29003.0}, {'name': 'claire_open_fr_text_document', 'weight': 92129.0}, {'name': 'common-corpus_bnl-newspapers-1841-1879_fr_text_document', 'weight': 66237.0}, {'name': 'common-corpus_eurlex_multi_text_document', 'weight': 3601664.0}, {'name': 'common-corpus_gatt-library_multi_text_document', 'weight': 41322.0}, {'name': 'common-corpus_oecd_multi_text_document', 'weight': 121969.0}, {'name': 'common-corpus_tedeutenders_multi_text_document', 'weight': 31276.0}, {'name': 'common-corpus_wto_multi_text_document', 'weight': 577279.0}, {'name': 'common-pile_arxiv-abstracts_en_text_document', 'weight': 140138.0}, {'name': 'common-pile_arxiv-papers_en_text_document', 'weight': 1299034.0}, {'name': 'common-pile_biodiversity-heritage-library_en_text_document', 'weight': 107772.0}, {'name': 'common-pile_caselaw-access-project_en_text_document', 'weight': 929697.0}, {'name': 'common-pile_doab_en_text_document', 'weight': 712786.0}, {'name': 'common-pile_foodista_en_text_document', 'weight': 5603.0}, {'name': 'common-pile_github-archive_en_text_document', 'weight': 2244221.0}, {'name': 'common-pile_library-of-congress_en_text_document', 'weight': 101533.0}, {'name': 'common-pile_libretexts_en_text_document', 'weight': 21049.0}, {'name': 'common-pile_news_en_text_document', 'weight': 14354.0}, {'name': 'common-pile_oercommons_en_text_document', 'weight': 2748.0}, {'name': 'common-pile_peS2o_en_text_document', 'weight': 10166525.0}, {'name': 'common-pile_pre-1929-books_en_text_document', 'weight': 531517.0}, {'name': 'common-pile_pressbooks_en_text_document', 'weight': 31891.0}, {'name': 'common-pile_public-domain-review_en_text_document', 'weight': 382.0}, {'name': 'common-pile_pubmed_en_text_document', 'weight': 1869301.0}, {'name': 'common-pile_python-enhancement-proposals_en_text_document', 'weight': 652.0}, {'name': 'common-pile_regulations_en_text_document', 'weight': 266173.0}, {'name': 'common-pile_stackexchange_en_text_document', 'weight': 4985359.0}, {'name': 'common-pile_ubuntu-irc_en_text_document', 'weight': 482830.0}, {'name': 'common-pile_youtube_en_text_document', 'weight': 204765.0}, {'name': 'croissant-aligned_aligned_text_document', 'weight': 11618464.0}, {'name': 'culturax_fr_text_document_ratio1.30_phase0', 'weight': 57012131.0}, {'name': 'dclm-dolmino_en_text_document_ratio0.75_phase0', 'weight': 93003263.0}, {'name': 'europarl_aligned_text_document', 'weight': 215607.0}, {'name': 'europarl_multi_text_document', 'weight': 99752.0}, {'name': 'eurovoc_filtered_multi_text_document', 'weight': 2150091.0}, {'name': 'fineweb-edu_en_text_document_ratio0.75_phase0', 'weight': 214754282.0}, {'name': 'fineweb2_ar_text_document_ratio0.50_phase0', 'weight': 3350461.0}, {'name': 'fineweb2_ca_text_document_ratio0.05_phase0', 'weight': 92529.0}, {'name': 'fineweb2_de_text_document_ratio0.50_phase0', 'weight': 27173931.0}, {'name': 'fineweb2_es_text_document_ratio0.50_phase0', 'weight': 24393496.0}, {'name': 'fineweb2_fr_text_document_ratio1.30_phase0', 'weight': 50038822.0}, {'name': 'fineweb2_it_text_document_ratio0.50_phase0', 'weight': 13377940.0}, {'name': 'fineweb2_nl_text_document_ratio0.50_phase0', 'weight': 7435763.0}, {'name': 'fineweb2_pt_text_document_ratio0.50_phase0', 'weight': 9800040.0}, {'name': 'fineweb2_regional_text_document', 'weight': 2132152.0}, {'name': 'gallica_monographies_fr_text_document', 'weight': 5842786.0}, {'name': 'gallica_press_fr_text_document', 'weight': 22850320.0}, {'name': 'gutenberg_de_text_document', 'weight': 42330.0}, {'name': 'gutenberg_en_text_document', 'weight': 1187655.0}, {'name': 'gutenberg_es_text_document', 'weight': 21778.0}, {'name': 'gutenberg_fr_text_document', 'weight': 91991.0}, {'name': 'gutenberg_it_text_document', 'weight': 29909.0}, {'name': 'gutenberg_nl_text_document', 'weight': 24430.0}, {'name': 'gutenberg_pt_text_document', 'weight': 9241.0}, {'name': 'hal-cea_full-filtered_fr_text_document', 'weight': 7828031.0}, {'name': 'hplt2_fr_text_document_ratio1.30_phase0', 'weight': 70401931.0}, {'name': 'insee_fr_text_document', 'weight': 55377.0}, {'name': 'math-pile_math_text_document', 'weight': 2345197.0}, {'name': 'opendata_fr_text_document', 'weight': 2749409.0}, {'name': 'parlement_fr_text_document', 'weight': 282826.0}, {'name': 'starcoder-data_code_text_document', 'weight': 62922795.0}, {'name': 'theses_fr_text_document', 'weight': 3239718.0}, {'name': 'wikimedia-vikidia_ar_text_document', 'weight': 265451.0}, {'name': 'wikimedia-vikidia_ca_text_document_ratio0.20_phase0', 'weight': 58530.0}, {'name': 'wikimedia-vikidia_de_text_document', 'weight': 1098595.0}, {'name': 'wikimedia-vikidia_en_text_document', 'weight': 2882825.0}, {'name': 'wikimedia-vikidia_es_text_document', 'weight': 631843.0}, {'name': 'wikimedia-vikidia_fr_text_document', 'weight': 1276052.0}, {'name': 'wikimedia-vikidia_it_text_document', 'weight': 654077.0}, {'name': 'wikimedia-vikidia_pt_text_document', 'weight': 304392.0}, {'name': 'wikimedia-vikidia_regional_text_document', 'weight': 119234.0}, {'name': 'wikimedia_nl_text_document', 'weight': 345319.0}, {'name': 'youtube_fr_text_document', 'weight': 76194.0}]}
INFO:__main__:Using CLI tokenizer override: /work/p26037/barman/tokenizer_128k-arab-regional_v2
INFO:utils:{'data_path': '/work/datasets/AI/tokens_luciole_phase1', 'total_tokens': 3002228277248, 'train': [{'name': 'claire_open_en_text_document', 'weight': 29003.0}, {'name': 'claire_open_fr_text_document', 'weight': 92129.0}, {'name': 'common-corpus_bnl-newspapers-1841-1879_fr_text_document', 'weight': 66237.0}, {'name': 'common-corpus_eurlex_multi_text_document', 'weight': 3601664.0}, {'name': 'common-corpus_gatt-library_multi_text_document', 'weight': 41322.0}, {'name': 'common-corpus_oecd_multi_text_document', 'weight': 121969.0}, {'name': 'common-corpus_tedeutenders_multi_text_document', 'weight': 31276.0}, {'name': 'common-corpus_wto_multi_text_document', 'weight': 577279.0}, {'name': 'common-pile_arxiv-abstracts_en_text_document', 'weight': 140138.0}, {'name': 'common-pile_arxiv-papers_en_text_document', 'weight': 1299034.0}, {'name': 'common-pile_biodiversity-heritage-library_en_text_document', 'weight': 107772.0}, {'name': 'common-pile_caselaw-access-project_en_text_document', 'weight': 929697.0}, {'name': 'common-pile_doab_en_text_document', 'weight': 712786.0}, {'name': 'common-pile_foodista_en_text_document', 'weight': 5603.0}, {'name': 'common-pile_github-archive_en_text_document', 'weight': 2244221.0}, {'name': 'common-pile_library-of-congress_en_text_document', 'weight': 101533.0}, {'name': 'common-pile_libretexts_en_text_document', 'weight': 21049.0}, {'name': 'common-pile_news_en_text_document', 'weight': 14354.0}, {'name': 'common-pile_oercommons_en_text_document', 'weight': 2748.0}, {'name': 'common-pile_peS2o_en_text_document', 'weight': 10166525.0}, {'name': 'common-pile_pre-1929-books_en_text_document', 'weight': 531517.0}, {'name': 'common-pile_pressbooks_en_text_document', 'weight': 31891.0}, {'name': 'common-pile_public-domain-review_en_text_document', 'weight': 382.0}, {'name': 'common-pile_pubmed_en_text_document', 'weight': 1869301.0}, {'name': 'common-pile_python-enhancement-proposals_en_text_document', 'weight': 652.0}, {'name': 'common-pile_regulations_en_text_document', 'weight': 266173.0}, {'name': 'common-pile_stackexchange_en_text_document', 'weight': 4985359.0}, {'name': 'common-pile_ubuntu-irc_en_text_document', 'weight': 482830.0}, {'name': 'common-pile_youtube_en_text_document', 'weight': 204765.0}, {'name': 'croissant-aligned_aligned_text_document', 'weight': 11618464.0}, {'name': 'culturax_fr_text_document_ratio1.30_phase0', 'weight': 57012131.0}, {'name': 'dclm-dolmino_en_text_document_ratio0.75_phase0', 'weight': 93003263.0}, {'name': 'europarl_aligned_text_document', 'weight': 215607.0}, {'name': 'europarl_multi_text_document', 'weight': 99752.0}, {'name': 'eurovoc_filtered_multi_text_document', 'weight': 2150091.0}, {'name': 'fineweb-edu_en_text_document_ratio0.75_phase0', 'weight': 214754282.0}, {'name': 'fineweb2_ar_text_document_ratio0.50_phase0', 'weight': 3350461.0}, {'name': 'fineweb2_ca_text_document_ratio0.05_phase0', 'weight': 92529.0}, {'name': 'fineweb2_de_text_document_ratio0.50_phase0', 'weight': 27173931.0}, {'name': 'fineweb2_es_text_document_ratio0.50_phase0', 'weight': 24393496.0}, {'name': 'fineweb2_fr_text_document_ratio1.30_phase0', 'weight': 50038822.0}, {'name': 'fineweb2_it_text_document_ratio0.50_phase0', 'weight': 13377940.0}, {'name': 'fineweb2_nl_text_document_ratio0.50_phase0', 'weight': 7435763.0}, {'name': 'fineweb2_pt_text_document_ratio0.50_phase0', 'weight': 9800040.0}, {'name': 'fineweb2_regional_text_document', 'weight': 2132152.0}, {'name': 'gallica_monographies_fr_text_document', 'weight': 5842786.0}, {'name': 'gallica_press_fr_text_document', 'weight': 22850320.0}, {'name': 'gutenberg_de_text_document', 'weight': 42330.0}, {'name': 'gutenberg_en_text_document', 'weight': 1187655.0}, {'name': 'gutenberg_es_text_document', 'weight': 21778.0}, {'name': 'gutenberg_fr_text_document', 'weight': 91991.0}, {'name': 'gutenberg_it_text_document', 'weight': 29909.0}, {'name': 'gutenberg_nl_text_document', 'weight': 24430.0}, {'name': 'gutenberg_pt_text_document', 'weight': 9241.0}, {'name': 'hal-cea_full-filtered_fr_text_document', 'weight': 7828031.0}, {'name': 'hplt2_fr_text_document_ratio1.30_phase0', 'weight': 70401931.0}, {'name': 'insee_fr_text_document', 'weight': 55377.0}, {'name': 'math-pile_math_text_document', 'weight': 2345197.0}, {'name': 'opendata_fr_text_document', 'weight': 2749409.0}, {'name': 'parlement_fr_text_document', 'weight': 282826.0}, {'name': 'starcoder-data_code_text_document', 'weight': 62922795.0}, {'name': 'theses_fr_text_document', 'weight': 3239718.0}, {'name': 'wikimedia-vikidia_ar_text_document', 'weight': 265451.0}, {'name': 'wikimedia-vikidia_ca_text_document_ratio0.20_phase0', 'weight': 58530.0}, {'name': 'wikimedia-vikidia_de_text_document', 'weight': 1098595.0}, {'name': 'wikimedia-vikidia_en_text_document', 'weight': 2882825.0}, {'name': 'wikimedia-vikidia_es_text_document', 'weight': 631843.0}, {'name': 'wikimedia-vikidia_fr_text_document', 'weight': 1276052.0}, {'name': 'wikimedia-vikidia_it_text_document', 'weight': 654077.0}, {'name': 'wikimedia-vikidia_pt_text_document', 'weight': 304392.0}, {'name': 'wikimedia-vikidia_regional_text_document', 'weight': 119234.0}, {'name': 'wikimedia_nl_text_document', 'weight': 345319.0}, {'name': 'youtube_fr_text_document', 'weight': 76194.0}]}
INFO:__main__:Using CLI tokenizer override: /work/p26037/barman/tokenizer_128k-arab-regional_v2
INFO:__main__:Global batch size: 1024
INFO:__main__:Sequence length: 4096
INFO:__main__:Tokens per batch: 4194304
INFO:__main__:Total tokens in datamix: 3002228277248
INFO:__main__:Global training/LR horizon (from --max_steps): 715788
INFO:__main__:Patched megatron.core.optimizer (accepted params: {'use_gloo_process_groups', 'scale_lr_cond', 'model_chunks', 'lr_mult', 'config', 'no_weight_decay_cond'})
INFO:utils:{'data_path': '/work/datasets/AI/tokens_luciole_phase1', 'total_tokens': 3002228277248, 'train': [{'name': 'claire_open_en_text_document', 'weight': 29003.0}, {'name': 'claire_open_fr_text_document', 'weight': 92129.0}, {'name': 'common-corpus_bnl-newspapers-1841-1879_fr_text_document', 'weight': 66237.0}, {'name': 'common-corpus_eurlex_multi_text_document', 'weight': 3601664.0}, {'name': 'common-corpus_gatt-library_multi_text_document', 'weight': 41322.0}, {'name': 'common-corpus_oecd_multi_text_document', 'weight': 121969.0}, {'name': 'common-corpus_tedeutenders_multi_text_document', 'weight': 31276.0}, {'name': 'common-corpus_wto_multi_text_document', 'weight': 577279.0}, {'name': 'common-pile_arxiv-abstracts_en_text_document', 'weight': 140138.0}, {'name': 'common-pile_arxiv-papers_en_text_document', 'weight': 1299034.0}, {'name': 'common-pile_biodiversity-heritage-library_en_text_document', 'weight': 107772.0}, {'name': 'common-pile_caselaw-access-project_en_text_document', 'weight': 929697.0}, {'name': 'common-pile_doab_en_text_document', 'weight': 712786.0}, {'name': 'common-pile_foodista_en_text_document', 'weight': 5603.0}, {'name': 'common-pile_github-archive_en_text_document', 'weight': 2244221.0}, {'name': 'common-pile_library-of-congress_en_text_document', 'weight': 101533.0}, {'name': 'common-pile_libretexts_en_text_document', 'weight': 21049.0}, {'name': 'common-pile_news_en_text_document', 'weight': 14354.0}, {'name': 'common-pile_oercommons_en_text_document', 'weight': 2748.0}, {'name': 'common-pile_peS2o_en_text_document', 'weight': 10166525.0}, {'name': 'common-pile_pre-1929-books_en_text_document', 'weight': 531517.0}, {'name': 'common-pile_pressbooks_en_text_document', 'weight': 31891.0}, {'name': 'common-pile_public-domain-review_en_text_document', 'weight': 382.0}, {'name': 'common-pile_pubmed_en_text_document', 'weight': 1869301.0}, {'name': 'common-pile_python-enhancement-proposals_en_text_document', 'weight': 652.0}, {'name': 'common-pile_regulations_en_text_document', 'weight': 266173.0}, {'name': 'common-pile_stackexchange_en_text_document', 'weight': 4985359.0}, {'name': 'common-pile_ubuntu-irc_en_text_document', 'weight': 482830.0}, {'name': 'common-pile_youtube_en_text_document', 'weight': 204765.0}, {'name': 'croissant-aligned_aligned_text_document', 'weight': 11618464.0}, {'name': 'culturax_fr_text_document_ratio1.30_phase0', 'weight': 57012131.0}, {'name': 'dclm-dolmino_en_text_document_ratio0.75_phase0', 'weight': 93003263.0}, {'name': 'europarl_aligned_text_document', 'weight': 215607.0}, {'name': 'europarl_multi_text_document', 'weight': 99752.0}, {'name': 'eurovoc_filtered_multi_text_document', 'weight': 2150091.0}, {'name': 'fineweb-edu_en_text_document_ratio0.75_phase0', 'weight': 214754282.0}, {'name': 'fineweb2_ar_text_document_ratio0.50_phase0', 'weight': 3350461.0}, {'name': 'fineweb2_ca_text_document_ratio0.05_phase0', 'weight': 92529.0}, {'name': 'fineweb2_de_text_document_ratio0.50_phase0', 'weight': 27173931.0}, {'name': 'fineweb2_es_text_document_ratio0.50_phase0', 'weight': 24393496.0}, {'name': 'fineweb2_fr_text_document_ratio1.30_phase0', 'weight': 50038822.0}, {'name': 'fineweb2_it_text_document_ratio0.50_phase0', 'weight': 13377940.0}, {'name': 'fineweb2_nl_text_document_ratio0.50_phase0', 'weight': 7435763.0}, {'name': 'fineweb2_pt_text_document_ratio0.50_phase0', 'weight': 9800040.0}, {'name': 'fineweb2_regional_text_document', 'weight': 2132152.0}, {'name': 'gallica_monographies_fr_text_document', 'weight': 5842786.0}, {'name': 'gallica_press_fr_text_document', 'weight': 22850320.0}, {'name': 'gutenberg_de_text_document', 'weight': 42330.0}, {'name': 'gutenberg_en_text_document', 'weight': 1187655.0}, {'name': 'gutenberg_es_text_document', 'weight': 21778.0}, {'name': 'gutenberg_fr_text_document', 'weight': 91991.0}, {'name': 'gutenberg_it_text_document', 'weight': 29909.0}, {'name': 'gutenberg_nl_text_document', 'weight': 24430.0}, {'name': 'gutenberg_pt_text_document', 'weight': 9241.0}, {'name': 'hal-cea_full-filtered_fr_text_document', 'weight': 7828031.0}, {'name': 'hplt2_fr_text_document_ratio1.30_phase0', 'weight': 70401931.0}, {'name': 'insee_fr_text_document', 'weight': 55377.0}, {'name': 'math-pile_math_text_document', 'weight': 2345197.0}, {'name': 'opendata_fr_text_document', 'weight': 2749409.0}, {'name': 'parlement_fr_text_document', 'weight': 282826.0}, {'name': 'starcoder-data_code_text_document', 'weight': 62922795.0}, {'name': 'theses_fr_text_document', 'weight': 3239718.0}, {'name': 'wikimedia-vikidia_ar_text_document', 'weight': 265451.0}, {'name': 'wikimedia-vikidia_ca_text_document_ratio0.20_phase0', 'weight': 58530.0}, {'name': 'wikimedia-vikidia_de_text_document', 'weight': 1098595.0}, {'name': 'wikimedia-vikidia_en_text_document', 'weight': 2882825.0}, {'name': 'wikimedia-vikidia_es_text_document', 'weight': 631843.0}, {'name': 'wikimedia-vikidia_fr_text_document', 'weight': 1276052.0}, {'name': 'wikimedia-vikidia_it_text_document', 'weight': 654077.0}, {'name': 'wikimedia-vikidia_pt_text_document', 'weight': 304392.0}, {'name': 'wikimedia-vikidia_regional_text_document', 'weight': 119234.0}, {'name': 'wikimedia_nl_text_document', 'weight': 345319.0}, {'name': 'youtube_fr_text_document', 'weight': 76194.0}]}
INFO:__main__:Using CLI tokenizer override: /work/p26037/barman/tokenizer_128k-arab-regional_v2
INFO:__main__:Global batch size: 1024
INFO:__main__:Sequence length: 4096
INFO:__main__:Tokens per batch: 4194304
INFO:__main__:Total tokens in datamix: 3002228277248
INFO:__main__:Global training/LR horizon (from --max_steps): 715788
INFO:__main__:Patched megatron.core.optimizer (accepted params: {'scale_lr_cond', 'lr_mult', 'model_chunks', 'use_gloo_process_groups', 'no_weight_decay_cond', 'config'})
INFO:__main__:Global batch size: 1024
INFO:__main__:Sequence length: 4096
INFO:__main__:Tokens per batch: 4194304
INFO:__main__:Total tokens in datamix: 3002228277248
INFO:__main__:Global training/LR horizon (from --max_steps): 715788
INFO:__main__:Patched megatron.core.optimizer (accepted params: {'lr_mult', 'scale_lr_cond', 'no_weight_decay_cond', 'model_chunks', 'config', 'use_gloo_process_groups'})
INFO:__main__:SSA Triton: Using fused Triton SSA FlashAttention triton (n=1.50, b=0.80, compiled_bda=True)
INFO:__main__:SSA Triton: Using fused Triton SSA FlashAttention triton (n=1.50, b=0.80, compiled_bda=True)
INFO:__main__:SSA Triton: force_contiguous_qkv=True
INFO:__main__:SSA Triton: Using fused Triton SSA FlashAttention triton (n=1.50, b=0.80, compiled_bda=True)
INFO:__main__:SSA Triton: force_contiguous_qkv=True
INFO:__main__:SSA Triton: Using fused Triton SSA FlashAttention triton (n=1.50, b=0.80, compiled_bda=True)
INFO:__main__:SSA Triton: force_contiguous_qkv=True
INFO:__main__:SSA Triton: force_contiguous_qkv=True
INFO:__main__:Training from scratch, trainer.max_steps = 715788
INFO:__main__:Training from scratch, trainer.max_steps = 715788
INFO:__main__:Training from scratch, trainer.max_steps = 715788
INFO:__main__:Training from scratch, trainer.max_steps = 715788
INFO:__main__:Detected vocab_size from tokenizer: 128000
INFO:__main__:Detected vocab_size from tokenizer: 128000
INFO:__main__:Detected vocab_size from tokenizer: 128000
INFO:__main__:Per-job step cap enabled: this_run_max_steps=10
INFO:__main__:LR scheduler max_steps = 715788, warmup_steps = 2000, min_lr = 2.9999999999999997e-05
INFO:__main__:Skipping Triton warmup (--skip_triton_warmup).
INFO:__main__:Per-job step cap enabled: this_run_max_steps=10
INFO:__main__:LR scheduler max_steps = 715788, warmup_steps = 2000, min_lr = 2.9999999999999997e-05
INFO:__main__:Skipping Triton warmup (--skip_triton_warmup).
INFO:__main__:Per-job step cap enabled: this_run_max_steps=10
INFO:__main__:LR scheduler max_steps = 715788, warmup_steps = 2000, min_lr = 2.9999999999999997e-05
INFO:__main__:Skipping Triton warmup (--skip_triton_warmup).
INFO:__main__:Detected vocab_size from tokenizer: 128000
INFO:__main__:Per-job step cap enabled: this_run_max_steps=10
INFO:__main__:LR scheduler max_steps = 715788, warmup_steps = 2000, min_lr = 2.9999999999999997e-05
INFO:utils:Config saved to /tmpdir/barman/bs1024_diag/outputs/job_12092/config_diag-SSA-Triton-bs1024.json
INFO:__main__:Skipping Triton warmup (--skip_triton_warmup).
INFO: GPU available: True (cuda), used: True
INFO:lightning.pytorch.utilities.rank_zero:GPU available: True (cuda), used: True
INFO: TPU available: False, using: 0 TPU cores
INFO:lightning.pytorch.utilities.rank_zero:TPU available: False, using: 0 TPU cores
INFO: HPU available: False, using: 0 HPUs
INFO:lightning.pytorch.utilities.rank_zero:HPU available: False, using: 0 HPUs
[NeMo W 2026-03-30 14:05:34 nemo_logging:405] No version folders would be created under the log folder as 'resume_if_exists' is enabled.
[NeMo I 2026-03-30 14:05:34 nemo_logging:393] Experiments will be logged at /tmpdir/barman/bs1024_diag/outputs/diag-SSA-Triton-bs1024
[NeMo W 2026-03-30 14:05:34 nemo_logging:405] "update_logger_directory" is True. Overwriting tensorboard logger "save_dir" to /tmpdir/barman/bs1024_diag/outputs/tb_logs
[NeMo W 2026-03-30 14:05:34 nemo_logging:405] The Trainer already contains a ModelCheckpoint callback. This will be overwritten.
[NeMo W 2026-03-30 14:05:34 nemo_logging:405] There were no checkpoints found in checkpoint_dir or no checkpoint folder at checkpoint_dir :/tmpdir/barman/bs1024_diag/outputs/diag-SSA-Triton-bs1024/checkpoints. Training from scratch.
[NeMo I 2026-03-30 14:05:34 nemo_logging:393] Fixing mis-match between ddp-config & mcore-optimizer config
[NeMo I 2026-03-30 14:05:34 nemo_logging:393] Rank 0 has data parallel group : [0, 1, 2, 3]
[NeMo I 2026-03-30 14:05:34 nemo_logging:393] Rank 0 has combined group of data parallel and context parallel : [0, 1, 2, 3]
[NeMo I 2026-03-30 14:05:34 nemo_logging:393] All data parallel group ranks with context parallel combined: [[0, 1, 2, 3]]
[NeMo I 2026-03-30 14:05:34 nemo_logging:393] Ranks 0 has data parallel rank: 0
[NeMo I 2026-03-30 14:05:34 nemo_logging:393] Rank 0 has context parallel group: [0]
[NeMo I 2026-03-30 14:05:34 nemo_logging:393] All context parallel group ranks: [[0], [1], [2], [3]]
[NeMo I 2026-03-30 14:05:34 nemo_logging:393] Ranks 0 has context parallel rank: 0
[NeMo I 2026-03-30 14:05:34 nemo_logging:393] Rank 0 has model parallel group: [0]
[NeMo I 2026-03-30 14:05:34 nemo_logging:393] All model parallel group ranks: [[0], [1], [2], [3]]
[NeMo I 2026-03-30 14:05:34 nemo_logging:393] Rank 0 has tensor model parallel group: [0]
[NeMo I 2026-03-30 14:05:34 nemo_logging:393] All tensor model parallel group ranks: [[0], [1], [2], [3]]
[NeMo I 2026-03-30 14:05:34 nemo_logging:393] Rank 0 has tensor model parallel rank: 0
[NeMo I 2026-03-30 14:05:34 nemo_logging:393] Rank 0 has pipeline model parallel group: [0]
[NeMo I 2026-03-30 14:05:34 nemo_logging:393] Rank 0 has embedding group: [0]
[NeMo I 2026-03-30 14:05:34 nemo_logging:393] All pipeline model parallel group ranks: [[0], [1], [2], [3]]
[NeMo I 2026-03-30 14:05:34 nemo_logging:393] Rank 0 has pipeline model parallel rank 0
[NeMo I 2026-03-30 14:05:34 nemo_logging:393] All embedding group ranks: [[0], [1], [2], [3]]
[NeMo I 2026-03-30 14:05:34 nemo_logging:393] Rank 0 has embedding rank: 0
INFO:nemo.lightning.pytorch.strategies.megatron_strategy:Initializing distributed: GLOBAL_RANK: 0, MEMBER: 1/4
[W330 14:05:34.430159051 socket.cpp:755] [c10d] The client socket cannot be initialized to connect to [kairosgh0.calmip.cluster]:44413 (errno: 97 - Address family not supported by protocol).
INFO: ----------------------------------------------------------------------------------------------------
distributed_backend=nccl
All distributed processes registered. Starting with 4 processes
----------------------------------------------------------------------------------------------------

INFO:lightning.pytorch.utilities.rank_zero:----------------------------------------------------------------------------------------------------
distributed_backend=nccl
All distributed processes registered. Starting with 4 processes
----------------------------------------------------------------------------------------------------

INFO:nemo.lightning.pytorch.strategies.megatron_strategy:Initializing distributed: GLOBAL_RANK: 3, MEMBER: 4/4
[W330 14:05:35.876852911 socket.cpp:755] [c10d] The client socket cannot be initialized to connect to [kairosgh0.calmip.cluster]:44413 (errno: 97 - Address family not supported by protocol).
INFO:nemo.lightning.pytorch.strategies.megatron_strategy:Initializing distributed: GLOBAL_RANK: 1, MEMBER: 2/4
INFO:nemo.lightning.pytorch.strategies.megatron_strategy:Initializing distributed: GLOBAL_RANK: 2, MEMBER: 3/4
[W330 14:05:35.945682436 socket.cpp:755] [c10d] The client socket cannot be initialized to connect to [kairosgh0.calmip.cluster]:44413 (errno: 97 - Address family not supported by protocol).
[W330 14:05:35.946072603 socket.cpp:755] [c10d] The client socket cannot be initialized to connect to [kairosgh0.calmip.cluster]:44413 (errno: 97 - Address family not supported by protocol).
[NeMo I 2026-03-30 14:05:41 utils:532] Let split_matrix = [(0, 1.0), None, None]
[NeMo I 2026-03-30 14:05:41 utils:532] Building GPTDataset splits with sizes=[732966912, 0, 32768] and config=GPTDatasetConfig(random_seed=1234, sequence_length=4096, blend=[['/work/datasets/AI/tokens_luciole_phase1/claire_open_en_text_document', '/work/datasets/AI/tokens_luciole_phase1/claire_open_fr_text_document', '/work/datasets/AI/tokens_luciole_phase1/common-corpus_bnl-newspapers-1841-1879_fr_text_document', '/work/datasets/AI/tokens_luciole_phase1/common-corpus_eurlex_multi_text_document', '/work/datasets/AI/tokens_luciole_phase1/common-corpus_gatt-library_multi_text_document', '/work/datasets/AI/tokens_luciole_phase1/common-corpus_oecd_multi_text_document', '/work/datasets/AI/tokens_luciole_phase1/common-corpus_tedeutenders_multi_text_document', '/work/datasets/AI/tokens_luciole_phase1/common-corpus_wto_multi_text_document', '/work/datasets/AI/tokens_luciole_phase1/common-pile_arxiv-abstracts_en_text_document', '/work/datasets/AI/tokens_luciole_phase1/common-pile_arxiv-papers_en_text_document', '/work/datasets/AI/tokens_luciole_phase1/common-pile_biodiversity-heritage-library_en_text_document', '/work/datasets/AI/tokens_luciole_phase1/common-pile_caselaw-access-project_en_text_document', '/work/datasets/AI/tokens_luciole_phase1/common-pile_doab_en_text_document', '/work/datasets/AI/tokens_luciole_phase1/common-pile_foodista_en_text_document', '/work/datasets/AI/tokens_luciole_phase1/common-pile_github-archive_en_text_document', '/work/datasets/AI/tokens_luciole_phase1/common-pile_library-of-congress_en_text_document', '/work/datasets/AI/tokens_luciole_phase1/common-pile_libretexts_en_text_document', '/work/datasets/AI/tokens_luciole_phase1/common-pile_news_en_text_document', '/work/datasets/AI/tokens_luciole_phase1/common-pile_oercommons_en_text_document', '/work/datasets/AI/tokens_luciole_phase1/common-pile_peS2o_en_text_document', '/work/datasets/AI/tokens_luciole_phase1/common-pile_pre-1929-books_en_text_document', '/work/datasets/AI/tokens_luciole_phase1/common-pile_pressbooks_en_text_document', '/work/datasets/AI/tokens_luciole_phase1/common-pile_public-domain-review_en_text_document', '/work/datasets/AI/tokens_luciole_phase1/common-pile_pubmed_en_text_document', '/work/datasets/AI/tokens_luciole_phase1/common-pile_python-enhancement-proposals_en_text_document', '/work/datasets/AI/tokens_luciole_phase1/common-pile_regulations_en_text_document', '/work/datasets/AI/tokens_luciole_phase1/common-pile_stackexchange_en_text_document', '/work/datasets/AI/tokens_luciole_phase1/common-pile_ubuntu-irc_en_text_document', '/work/datasets/AI/tokens_luciole_phase1/common-pile_youtube_en_text_document', '/work/datasets/AI/tokens_luciole_phase1/croissant-aligned_aligned_text_document', '/work/datasets/AI/tokens_luciole_phase1/culturax_fr_text_document_ratio1.30_phase0', '/work/datasets/AI/tokens_luciole_phase1/dclm-dolmino_en_text_document_ratio0.75_phase0', '/work/datasets/AI/tokens_luciole_phase1/europarl_aligned_text_document', '/work/datasets/AI/tokens_luciole_phase1/europarl_multi_text_document', '/work/datasets/AI/tokens_luciole_phase1/eurovoc_filtered_multi_text_document', '/work/datasets/AI/tokens_luciole_phase1/fineweb-edu_en_text_document_ratio0.75_phase0', '/work/datasets/AI/tokens_luciole_phase1/fineweb2_ar_text_document_ratio0.50_phase0', '/work/datasets/AI/tokens_luciole_phase1/fineweb2_ca_text_document_ratio0.05_phase0', '/work/datasets/AI/tokens_luciole_phase1/fineweb2_de_text_document_ratio0.50_phase0', '/work/datasets/AI/tokens_luciole_phase1/fineweb2_es_text_document_ratio0.50_phase0', '/work/datasets/AI/tokens_luciole_phase1/fineweb2_fr_text_document_ratio1.30_phase0', '/work/datasets/AI/tokens_luciole_phase1/fineweb2_it_text_document_ratio0.50_phase0', '/work/datasets/AI/tokens_luciole_phase1/fineweb2_nl_text_document_ratio0.50_phase0', '/work/datasets/AI/tokens_luciole_phase1/fineweb2_pt_text_document_ratio0.50_phase0', '/work/datasets/AI/tokens_luciole_phase1/fineweb2_regional_text_document', '/work/datasets/AI/tokens_luciole_phase1/gallica_monographies_fr_text_document', '/work/datasets/AI/tokens_luciole_phase1/gallica_press_fr_text_document', '/work/datasets/AI/tokens_luciole_phase1/gutenberg_de_text_document', '/work/datasets/AI/tokens_luciole_phase1/gutenberg_en_text_document', '/work/datasets/AI/tokens_luciole_phase1/gutenberg_es_text_document', '/work/datasets/AI/tokens_luciole_phase1/gutenberg_fr_text_document', '/work/datasets/AI/tokens_luciole_phase1/gutenberg_it_text_document', '/work/datasets/AI/tokens_luciole_phase1/gutenberg_nl_text_document', '/work/datasets/AI/tokens_luciole_phase1/gutenberg_pt_text_document', '/work/datasets/AI/tokens_luciole_phase1/hal-cea_full-filtered_fr_text_document', '/work/datasets/AI/tokens_luciole_phase1/hplt2_fr_text_document_ratio1.30_phase0', '/work/datasets/AI/tokens_luciole_phase1/insee_fr_text_document', '/work/datasets/AI/tokens_luciole_phase1/math-pile_math_text_document', '/work/datasets/AI/tokens_luciole_phase1/opendata_fr_text_document', '/work/datasets/AI/tokens_luciole_phase1/parlement_fr_text_document', '/work/datasets/AI/tokens_luciole_phase1/starcoder-data_code_text_document', '/work/datasets/AI/tokens_luciole_phase1/theses_fr_text_document', '/work/datasets/AI/tokens_luciole_phase1/wikimedia-vikidia_ar_text_document', '/work/datasets/AI/tokens_luciole_phase1/wikimedia-vikidia_ca_text_document_ratio0.20_phase0', '/work/datasets/AI/tokens_luciole_phase1/wikimedia-vikidia_de_text_document', '/work/datasets/AI/tokens_luciole_phase1/wikimedia-vikidia_en_text_document', '/work/datasets/AI/tokens_luciole_phase1/wikimedia-vikidia_es_text_document', '/work/datasets/AI/tokens_luciole_phase1/wikimedia-vikidia_fr_text_document', '/work/datasets/AI/tokens_luciole_phase1/wikimedia-vikidia_it_text_document', '/work/datasets/AI/tokens_luciole_phase1/wikimedia-vikidia_pt_text_document', '/work/datasets/AI/tokens_luciole_phase1/wikimedia-vikidia_regional_text_document', '/work/datasets/AI/tokens_luciole_phase1/wikimedia_nl_text_document', '/work/datasets/AI/tokens_luciole_phase1/youtube_fr_text_document'], [29003.0, 92129.0, 66237.0, 3601664.0, 41322.0, 121969.0, 31276.0, 577279.0, 140138.0, 1299034.0, 107772.0, 929697.0, 712786.0, 5603.0, 2244221.0, 101533.0, 21049.0, 14354.0, 2748.0, 10166525.0, 531517.0, 31891.0, 382.0, 1869301.0, 652.0, 266173.0, 4985359.0, 482830.0, 204765.0, 11618464.0, 57012131.0, 93003263.0, 215607.0, 99752.0, 2150091.0, 214754282.0, 3350461.0, 92529.0, 27173931.0, 24393496.0, 50038822.0, 13377940.0, 7435763.0, 9800040.0, 2132152.0, 5842786.0, 22850320.0, 42330.0, 1187655.0, 21778.0, 91991.0, 29909.0, 24430.0, 9241.0, 7828031.0, 70401931.0, 55377.0, 2345197.0, 2749409.0, 282826.0, 62922795.0, 3239718.0, 265451.0, 58530.0, 1098595.0, 2882825.0, 631843.0, 1276052.0, 654077.0, 304392.0, 119234.0, 345319.0, 76194.0]], blend_per_split=None, split='1,0,0', split_matrix=[(0, 1.0), None, None], num_dataset_builder_threads=1, path_to_cache='/tmpdir/barman/bs1024_diag/outputs/index_mapping', mmap_bin_files=True, mock=False, tokenizer=<nemo.collections.common.tokenizers.huggingface.auto_tokenizer.AutoTokenizer object at 0x40049a387f50>, reset_position_ids=False, reset_attention_mask=False, eod_mask_loss=False, create_attention_mask=False, drop_last_partial_validation_sequence=True, add_extra_token_to_sequence=True, s3_cache_path=None)
[NeMo I 2026-03-30 14:05:41 utils:532] Load the _IndexReader from /work/datasets/AI/tokens_luciole_phase1/claire_open_en_text_document.idx
[NeMo I 2026-03-30 14:05:41 utils:532] 	Extract the sequence lengths
[NeMo I 2026-03-30 14:05:41 utils:532] 	Extract the sequence pointers
[NeMo I 2026-03-30 14:05:41 utils:532] 	Extract the document indices
[NeMo I 2026-03-30 14:05:41 utils:532] > total number of sequences: 462740
[NeMo I 2026-03-30 14:05:41 utils:532] > total number of documents: 462740
[NeMo I 2026-03-30 14:05:41 utils:532] Build and save the GPTDataset train indices
[NeMo I 2026-03-30 14:05:41 utils:532] > total number of samples: 58006
[NeMo I 2026-03-30 14:05:41 utils:532] > total number of epochs: 2
[NeMo I 2026-03-30 14:05:41 utils:532] Load the _IndexReader from /work/datasets/AI/tokens_luciole_phase1/claire_open_fr_text_document.idx
[NeMo I 2026-03-30 14:05:41 utils:532] 	Extract the sequence lengths
[NeMo I 2026-03-30 14:05:41 utils:532] 	Extract the sequence pointers
[NeMo I 2026-03-30 14:05:41 utils:532] 	Extract the document indices
[NeMo I 2026-03-30 14:05:41 utils:532] > total number of sequences: 14526
[NeMo I 2026-03-30 14:05:41 utils:532] > total number of documents: 14526
[NeMo I 2026-03-30 14:05:41 utils:532] Build and save the GPTDataset train indices
[NeMo I 2026-03-30 14:05:41 utils:532] > total number of samples: 138193
[NeMo I 2026-03-30 14:05:41 utils:532] > total number of epochs: 3
[NeMo I 2026-03-30 14:05:41 utils:532] Load the _IndexReader from /work/datasets/AI/tokens_luciole_phase1/common-corpus_bnl-newspapers-1841-1879_fr_text_document.idx
[NeMo I 2026-03-30 14:05:41 utils:532] 	Extract the sequence lengths
[NeMo I 2026-03-30 14:05:41 utils:532] 	Extract the sequence pointers
[NeMo I 2026-03-30 14:05:41 utils:532] 	Extract the document indices
[NeMo I 2026-03-30 14:05:41 utils:532] > total number of sequences: 315272
[NeMo I 2026-03-30 14:05:41 utils:532] > total number of documents: 315272
[NeMo I 2026-03-30 14:05:41 utils:532] Build and save the GPTDataset train indices
[NeMo I 2026-03-30 14:05:41 utils:532] > total number of samples: 132475
[NeMo I 2026-03-30 14:05:41 utils:532] > total number of epochs: 2
[NeMo I 2026-03-30 14:05:41 utils:532] Load the _IndexReader from /work/datasets/AI/tokens_luciole_phase1/common-corpus_eurlex_multi_text_document.idx
[NeMo I 2026-03-30 14:05:41 utils:532] 	Extract the sequence lengths
[NeMo I 2026-03-30 14:05:41 utils:532] 	Extract the sequence pointers
[NeMo I 2026-03-30 14:05:41 utils:532] 	Extract the document indices
[NeMo I 2026-03-30 14:05:41 utils:532] > total number of sequences: 1803972
[NeMo I 2026-03-30 14:05:41 utils:532] > total number of documents: 1803972
[NeMo I 2026-03-30 14:05:41 utils:532] Build and save the GPTDataset train indices
[NeMo I 2026-03-30 14:05:42 utils:532] > total number of samples: 7203329
[NeMo I 2026-03-30 14:05:42 utils:532] > total number of epochs: 2
[NeMo I 2026-03-30 14:05:42 utils:532] Load the _IndexReader from /work/datasets/AI/tokens_luciole_phase1/common-corpus_gatt-library_multi_text_document.idx
[NeMo I 2026-03-30 14:05:42 utils:532] 	Extract the sequence lengths
[NeMo I 2026-03-30 14:05:42 utils:532] 	Extract the sequence pointers
[NeMo I 2026-03-30 14:05:42 utils:532] 	Extract the document indices
[NeMo I 2026-03-30 14:05:42 utils:532] > total number of sequences: 55289
[NeMo I 2026-03-30 14:05:42 utils:532] > total number of documents: 55289
[NeMo I 2026-03-30 14:05:42 utils:532] Build and save the GPTDataset train indices
[NeMo I 2026-03-30 14:05:42 utils:532] > total number of samples: 82644
[NeMo I 2026-03-30 14:05:42 utils:532] > total number of epochs: 2
[NeMo I 2026-03-30 14:05:42 utils:532] Load the _IndexReader from /work/datasets/AI/tokens_luciole_phase1/common-corpus_oecd_multi_text_document.idx
[NeMo I 2026-03-30 14:05:42 utils:532] 	Extract the sequence lengths
[NeMo I 2026-03-30 14:05:42 utils:532] 	Extract the sequence pointers
[NeMo I 2026-03-30 14:05:42 utils:532] 	Extract the document indices
[NeMo I 2026-03-30 14:05:42 utils:532] > total number of sequences: 68581
[NeMo I 2026-03-30 14:05:42 utils:532] > total number of documents: 68581
[NeMo I 2026-03-30 14:05:42 utils:532] Build and save the GPTDataset train indices
[NeMo I 2026-03-30 14:05:43 utils:532] > total number of samples: 243939
[NeMo I 2026-03-30 14:05:43 utils:532] > total number of epochs: 2
[NeMo I 2026-03-30 14:05:43 utils:532] Load the _IndexReader from /work/datasets/AI/tokens_luciole_phase1/common-corpus_tedeutenders_multi_text_document.idx
[NeMo I 2026-03-30 14:05:43 utils:532] 	Extract the sequence lengths
[NeMo I 2026-03-30 14:05:43 utils:532] 	Extract the sequence pointers
[NeMo I 2026-03-30 14:05:43 utils:532] 	Extract the document indices
[NeMo I 2026-03-30 14:05:43 utils:532] > total number of sequences: 51785
[NeMo I 2026-03-30 14:05:43 utils:532] > total number of documents: 51785
[NeMo I 2026-03-30 14:05:43 utils:532] Build and save the GPTDataset train indices
[NeMo I 2026-03-30 14:05:43 utils:532] > total number of samples: 62552
[NeMo I 2026-03-30 14:05:43 utils:532] > total number of epochs: 2
[NeMo I 2026-03-30 14:05:43 utils:532] Load the _IndexReader from /work/datasets/AI/tokens_luciole_phase1/common-corpus_wto_multi_text_document.idx
[NeMo I 2026-03-30 14:05:45 utils:532] 	Extract the sequence lengths
[NeMo I 2026-03-30 14:05:45 utils:532] 	Extract the sequence pointers
[NeMo I 2026-03-30 14:05:45 utils:532] 	Extract the document indices
[NeMo I 2026-03-30 14:05:45 utils:532] > total number of sequences: 644356
[NeMo I 2026-03-30 14:05:45 utils:532] > total number of documents: 644356
[NeMo I 2026-03-30 14:05:45 utils:532] Build and save the GPTDataset train indices
[NeMo I 2026-03-30 14:05:45 utils:532] > total number of samples: 1154559
[NeMo I 2026-03-30 14:05:45 utils:532] > total number of epochs: 2
[NeMo I 2026-03-30 14:05:45 utils:532] Load the _IndexReader from /work/datasets/AI/tokens_luciole_phase1/common-pile_arxiv-abstracts_en_text_document.idx
[NeMo I 2026-03-30 14:05:48 utils:532] 	Extract the sequence lengths
[NeMo I 2026-03-30 14:05:48 utils:532] 	Extract the sequence pointers
[NeMo I 2026-03-30 14:05:48 utils:532] 	Extract the document indices
[NeMo I 2026-03-30 14:05:48 utils:532] > total number of sequences: 2494948
[NeMo I 2026-03-30 14:05:48 utils:532] > total number of documents: 2494948
[NeMo I 2026-03-30 14:05:48 utils:532] Build and save the GPTDataset train indices
[NeMo I 2026-03-30 14:05:49 utils:532] > total number of samples: 280276
[NeMo I 2026-03-30 14:05:49 utils:532] > total number of epochs: 2
[NeMo I 2026-03-30 14:05:49 utils:532] Load the _IndexReader from /work/datasets/AI/tokens_luciole_phase1/common-pile_arxiv-papers_en_text_document.idx
[NeMo I 2026-03-30 14:05:49 utils:532] 	Extract the sequence lengths
[NeMo I 2026-03-30 14:05:49 utils:532] 	Extract the sequence pointers
[NeMo I 2026-03-30 14:05:49 utils:532] 	Extract the document indices
[NeMo I 2026-03-30 14:05:49 utils:532] > total number of sequences: 265829
[NeMo I 2026-03-30 14:05:49 utils:532] > total number of documents: 265829
[NeMo I 2026-03-30 14:05:49 utils:532] Build and save the GPTDataset train indices
[NeMo I 2026-03-30 14:05:49 utils:532] > total number of samples: 2598069
[NeMo I 2026-03-30 14:05:49 utils:532] > total number of epochs: 2
[NeMo I 2026-03-30 14:05:49 utils:532] Load the _IndexReader from /work/datasets/AI/tokens_luciole_phase1/common-pile_biodiversity-heritage-library_en_text_document.idx
[NeMo I 2026-03-30 14:05:49 utils:532] 	Extract the sequence lengths
[NeMo I 2026-03-30 14:05:49 utils:532] 	Extract the sequence pointers
[NeMo I 2026-03-30 14:05:49 utils:532] 	Extract the document indices
[NeMo I 2026-03-30 14:05:49 utils:532] > total number of sequences: 14559324
[NeMo I 2026-03-30 14:05:49 utils:532] > total number of documents: 14559324
[NeMo I 2026-03-30 14:05:49 utils:532] Build and save the GPTDataset train indices
[NeMo I 2026-03-30 14:05:53 utils:532] > total number of samples: 2155443
[NeMo I 2026-03-30 14:05:53 utils:532] > total number of epochs: 1
[NeMo I 2026-03-30 14:05:53 utils:532] Load the _IndexReader from /work/datasets/AI/tokens_luciole_phase1/common-pile_caselaw-access-project_en_text_document.idx
[NeMo I 2026-03-30 14:05:56 utils:532] 	Extract the sequence lengths
[NeMo I 2026-03-30 14:05:56 utils:532] 	Extract the sequence pointers
[NeMo I 2026-03-30 14:05:56 utils:532] 	Extract the document indices
[NeMo I 2026-03-30 14:05:56 utils:532] > total number of sequences: 6675458
[NeMo I 2026-03-30 14:05:56 utils:532] > total number of documents: 6675458
[NeMo I 2026-03-30 14:05:56 utils:532] Build and save the GPTDataset train indices
[NeMo I 2026-03-30 14:05:57 utils:532] > total number of samples: 4648487
[NeMo I 2026-03-30 14:05:57 utils:532] > total number of epochs: 1
[NeMo I 2026-03-30 14:05:57 utils:532] Load the _IndexReader from /work/datasets/AI/tokens_luciole_phase1/common-pile_doab_en_text_document.idx
[NeMo I 2026-03-30 14:05:57 utils:532] 	Extract the sequence lengths
[NeMo I 2026-03-30 14:05:57 utils:532] 	Extract the sequence pointers
[NeMo I 2026-03-30 14:05:57 utils:532] 	Extract the document indices
[NeMo I 2026-03-30 14:05:57 utils:532] > total number of sequences: 392508
[NeMo I 2026-03-30 14:05:57 utils:532] > total number of documents: 392508
[NeMo I 2026-03-30 14:05:57 utils:532] Build and save the GPTDataset train indices
[NeMo I 2026-03-30 14:05:58 utils:532] > total number of samples: 1425572
[NeMo I 2026-03-30 14:05:58 utils:532] > total number of epochs: 2
[NeMo I 2026-03-30 14:05:58 utils:532] Load the _IndexReader from /work/datasets/AI/tokens_luciole_phase1/common-pile_foodista_en_text_document.idx
[NeMo I 2026-03-30 14:05:58 utils:532] 	Extract the sequence lengths
[NeMo I 2026-03-30 14:05:58 utils:532] 	Extract the sequence pointers
[NeMo I 2026-03-30 14:05:58 utils:532] 	Extract the document indices
[NeMo I 2026-03-30 14:05:58 utils:532] > total number of sequences: 64362
[NeMo I 2026-03-30 14:05:58 utils:532] > total number of documents: 64362
[NeMo I 2026-03-30 14:05:58 utils:532] Build and save the GPTDataset train indices
[NeMo I 2026-03-30 14:05:58 utils:532] > total number of samples: 11206
[NeMo I 2026-03-30 14:05:58 utils:532] > total number of epochs: 2
[NeMo I 2026-03-30 14:05:58 utils:532] Load the _IndexReader from /work/datasets/AI/tokens_luciole_phase1/common-pile_github-archive_en_text_document.idx
[NeMo I 2026-03-30 14:06:00 utils:532] 	Extract the sequence lengths
[NeMo I 2026-03-30 14:06:00 utils:532] 	Extract the sequence pointers
[NeMo I 2026-03-30 14:06:00 utils:532] 	Extract the document indices
[NeMo I 2026-03-30 14:06:00 utils:532] > total number of sequences: 21453611
[NeMo I 2026-03-30 14:06:00 utils:532] > total number of documents: 21453611
[NeMo I 2026-03-30 14:06:00 utils:532] Build and save the GPTDataset train indices
[NeMo I 2026-03-30 14:06:11 utils:532] > total number of samples: 4488442
[NeMo I 2026-03-30 14:06:11 utils:532] > total number of epochs: 2
[NeMo I 2026-03-30 14:06:11 utils:532] Load the _IndexReader from /work/datasets/AI/tokens_luciole_phase1/common-pile_library-of-congress_en_text_document.idx
[NeMo I 2026-03-30 14:06:11 utils:532] 	Extract the sequence lengths
[NeMo I 2026-03-30 14:06:11 utils:532] 	Extract the sequence pointers
[NeMo I 2026-03-30 14:06:11 utils:532] 	Extract the document indices
[NeMo I 2026-03-30 14:06:11 utils:532] > total number of sequences: 128517
[NeMo I 2026-03-30 14:06:11 utils:532] > total number of documents: 128517
[NeMo I 2026-03-30 14:06:11 utils:532] Build and save the GPTDataset train indices
[NeMo I 2026-03-30 14:06:11 utils:532] > total number of samples: 2030664
[NeMo I 2026-03-30 14:06:11 utils:532] > total number of epochs: 1
[NeMo I 2026-03-30 14:06:11 utils:532] Load the _IndexReader from /work/datasets/AI/tokens_luciole_phase1/common-pile_libretexts_en_text_document.idx
[NeMo I 2026-03-30 14:06:11 utils:532] 	Extract the sequence lengths
[NeMo I 2026-03-30 14:06:11 utils:532] 	Extract the sequence pointers
[NeMo I 2026-03-30 14:06:11 utils:532] 	Extract the document indices
[NeMo I 2026-03-30 14:06:11 utils:532] > total number of sequences: 39197
[NeMo I 2026-03-30 14:06:11 utils:532] > total number of documents: 39197
[NeMo I 2026-03-30 14:06:11 utils:532] Build and save the GPTDataset train indices
[NeMo I 2026-03-30 14:06:11 utils:532] > total number of samples: 42098
[NeMo I 2026-03-30 14:06:11 utils:532] > total number of epochs: 2
[NeMo I 2026-03-30 14:06:11 utils:532] Load the _IndexReader from /work/datasets/AI/tokens_luciole_phase1/common-pile_news_en_text_document.idx
[NeMo I 2026-03-30 14:06:11 utils:532] 	Extract the sequence lengths
[NeMo I 2026-03-30 14:06:11 utils:532] 	Extract the sequence pointers
[NeMo I 2026-03-30 14:06:11 utils:532] 	Extract the document indices
[NeMo I 2026-03-30 14:06:11 utils:532] > total number of sequences: 124462
[NeMo I 2026-03-30 14:06:11 utils:532] > total number of documents: 124462
[NeMo I 2026-03-30 14:06:11 utils:532] Build and save the GPTDataset train indices
[NeMo I 2026-03-30 14:06:11 utils:532] > total number of samples: 28708
[NeMo I 2026-03-30 14:06:11 utils:532] > total number of epochs: 2
[NeMo I 2026-03-30 14:06:11 utils:532] Load the _IndexReader from /work/datasets/AI/tokens_luciole_phase1/common-pile_oercommons_en_text_document.idx
[NeMo I 2026-03-30 14:06:11 utils:532] 	Extract the sequence lengths
[NeMo I 2026-03-30 14:06:11 utils:532] 	Extract the sequence pointers
[NeMo I 2026-03-30 14:06:11 utils:532] 	Extract the document indices
[NeMo I 2026-03-30 14:06:11 utils:532] > total number of sequences: 5209
[NeMo I 2026-03-30 14:06:11 utils:532] > total number of documents: 5209
[NeMo I 2026-03-30 14:06:11 utils:532] Build and save the GPTDataset train indices
[NeMo I 2026-03-30 14:06:11 utils:532] > total number of samples: 5497
[NeMo I 2026-03-30 14:06:11 utils:532] > total number of epochs: 2
[NeMo I 2026-03-30 14:06:11 utils:532] Load the _IndexReader from /work/datasets/AI/tokens_luciole_phase1/common-pile_peS2o_en_text_document.idx
[NeMo I 2026-03-30 14:06:11 utils:532] 	Extract the sequence lengths
[NeMo I 2026-03-30 14:06:11 utils:532] 	Extract the sequence pointers
[NeMo I 2026-03-30 14:06:11 utils:532] 	Extract the document indices
[NeMo I 2026-03-30 14:06:11 utils:532] > total number of sequences: 6108597
[NeMo I 2026-03-30 14:06:11 utils:532] > total number of documents: 6108597
[NeMo I 2026-03-30 14:06:11 utils:532] Build and save the GPTDataset train indices
[NeMo I 2026-03-30 14:06:16 utils:532] > total number of samples: 20333050
[NeMo I 2026-03-30 14:06:16 utils:532] > total number of epochs: 2
[NeMo I 2026-03-30 14:06:16 utils:532] Load the _IndexReader from /work/datasets/AI/tokens_luciole_phase1/common-pile_pre-1929-books_en_text_document.idx
[NeMo I 2026-03-30 14:06:16 utils:532] 	Extract the sequence lengths
[NeMo I 2026-03-30 14:06:16 utils:532] 	Extract the sequence pointers
[NeMo I 2026-03-30 14:06:16 utils:532] 	Extract the document indices
[NeMo I 2026-03-30 14:06:16 utils:532] > total number of sequences: 124257
[NeMo I 2026-03-30 14:06:16 utils:532] > total number of documents: 124257
[NeMo I 2026-03-30 14:06:16 utils:532] Build and save the GPTDataset train indices
[NeMo I 2026-03-30 14:06:16 utils:532] > total number of samples: 2657587
[NeMo I 2026-03-30 14:06:16 utils:532] > total number of epochs: 1
[NeMo I 2026-03-30 14:06:16 utils:532] Load the _IndexReader from /work/datasets/AI/tokens_luciole_phase1/common-pile_pressbooks_en_text_document.idx
[NeMo I 2026-03-30 14:06:16 utils:532] 	Extract the sequence lengths
[NeMo I 2026-03-30 14:06:16 utils:532] 	Extract the sequence pointers
[NeMo I 2026-03-30 14:06:16 utils:532] 	Extract the document indices
[NeMo I 2026-03-30 14:06:16 utils:532] > total number of sequences: 53819
[NeMo I 2026-03-30 14:06:16 utils:532] > total number of documents: 53819
[NeMo I 2026-03-30 14:06:16 utils:532] Build and save the GPTDataset train indices
[NeMo I 2026-03-30 14:06:16 utils:532] > total number of samples: 63783
[NeMo I 2026-03-30 14:06:16 utils:532] > total number of epochs: 2
[NeMo I 2026-03-30 14:06:16 utils:532] Load the _IndexReader from /work/datasets/AI/tokens_luciole_phase1/common-pile_public-domain-review_en_text_document.idx
[NeMo I 2026-03-30 14:06:16 utils:532] 	Extract the sequence lengths
[NeMo I 2026-03-30 14:06:16 utils:532] 	Extract the sequence pointers
[NeMo I 2026-03-30 14:06:16 utils:532] 	Extract the document indices
[NeMo I 2026-03-30 14:06:16 utils:532] > total number of sequences: 1406
[NeMo I 2026-03-30 14:06:16 utils:532] > total number of documents: 1406
[NeMo I 2026-03-30 14:06:16 utils:532] Build and save the GPTDataset train indices
[NeMo I 2026-03-30 14:06:16 utils:532] > total number of samples: 765
[NeMo I 2026-03-30 14:06:16 utils:532] > total number of epochs: 2
[NeMo I 2026-03-30 14:06:16 utils:532] Load the _IndexReader from /work/datasets/AI/tokens_luciole_phase1/common-pile_pubmed_en_text_document.idx
[NeMo I 2026-03-30 14:06:18 utils:532] 	Extract the sequence lengths
[NeMo I 2026-03-30 14:06:18 utils:532] 	Extract the sequence pointers
[NeMo I 2026-03-30 14:06:18 utils:532] 	Extract the document indices
[NeMo I 2026-03-30 14:06:18 utils:532] > total number of sequences: 3775036
[NeMo I 2026-03-30 14:06:18 utils:532] > total number of documents: 3775036
[NeMo I 2026-03-30 14:06:18 utils:532] Build and save the GPTDataset train indices
[NeMo I 2026-03-30 14:06:20 utils:532] > total number of samples: 9346505
[NeMo I 2026-03-30 14:06:20 utils:532] > total number of epochs: 1
[NeMo I 2026-03-30 14:06:20 utils:532] Load the _IndexReader from /work/datasets/AI/tokens_luciole_phase1/common-pile_python-enhancement-proposals_en_text_document.idx
[NeMo I 2026-03-30 14:06:20 utils:532] 	Extract the sequence lengths
[NeMo I 2026-03-30 14:06:20 utils:532] 	Extract the sequence pointers
[NeMo I 2026-03-30 14:06:20 utils:532] 	Extract the document indices
[NeMo I 2026-03-30 14:06:20 utils:532] > total number of sequences: 646
[NeMo I 2026-03-30 14:06:20 utils:532] > total number of documents: 646
[NeMo I 2026-03-30 14:06:20 utils:532] Build and save the GPTDataset train indices
[NeMo I 2026-03-30 14:06:20 utils:532] > total number of samples: 1305
[NeMo I 2026-03-30 14:06:20 utils:532] > total number of epochs: 2
[NeMo I 2026-03-30 14:06:20 utils:532] Load the _IndexReader from /work/datasets/AI/tokens_luciole_phase1/common-pile_regulations_en_text_document.idx
[NeMo I 2026-03-30 14:06:20 utils:532] 	Extract the sequence lengths
[NeMo I 2026-03-30 14:06:20 utils:532] 	Extract the sequence pointers
[NeMo I 2026-03-30 14:06:20 utils:532] 	Extract the document indices
[NeMo I 2026-03-30 14:06:20 utils:532] > total number of sequences: 188458
[NeMo I 2026-03-30 14:06:20 utils:532] > total number of documents: 188458
[NeMo I 2026-03-30 14:06:20 utils:532] Build and save the GPTDataset train indices
[NeMo I 2026-03-30 14:06:20 utils:532] > total number of samples: 532346
[NeMo I 2026-03-30 14:06:20 utils:532] > total number of epochs: 2
[NeMo I 2026-03-30 14:06:20 utils:532] Load the _IndexReader from /work/datasets/AI/tokens_luciole_phase1/common-pile_stackexchange_en_text_document.idx
[NeMo I 2026-03-30 14:06:23 utils:532] 	Extract the sequence lengths
[NeMo I 2026-03-30 14:06:23 utils:532] 	Extract the sequence pointers
[NeMo I 2026-03-30 14:06:23 utils:532] 	Extract the document indices
[NeMo I 2026-03-30 14:06:23 utils:532] > total number of sequences: 27698689
[NeMo I 2026-03-30 14:06:23 utils:532] > total number of documents: 27698689
[NeMo I 2026-03-30 14:06:23 utils:532] Build and save the GPTDataset train indices
[NeMo I 2026-03-30 14:06:34 utils:532] > total number of samples: 9970719
[NeMo I 2026-03-30 14:06:34 utils:532] > total number of epochs: 2
[NeMo I 2026-03-30 14:06:34 utils:532] Load the _IndexReader from /work/datasets/AI/tokens_luciole_phase1/common-pile_ubuntu-irc_en_text_document.idx
[NeMo I 2026-03-30 14:06:35 utils:532] 	Extract the sequence lengths
[NeMo I 2026-03-30 14:06:35 utils:532] 	Extract the sequence pointers
[NeMo I 2026-03-30 14:06:35 utils:532] 	Extract the document indices
[NeMo I 2026-03-30 14:06:35 utils:532] > total number of sequences: 214985
[NeMo I 2026-03-30 14:06:35 utils:532] > total number of documents: 214985
[NeMo I 2026-03-30 14:06:35 utils:532] Build and save the GPTDataset train indices
[NeMo I 2026-03-30 14:06:35 utils:532] > total number of samples: 965661
[NeMo I 2026-03-30 14:06:35 utils:532] > total number of epochs: 2
[NeMo I 2026-03-30 14:06:35 utils:532] Load the _IndexReader from /work/datasets/AI/tokens_luciole_phase1/common-pile_youtube_en_text_document.idx
[NeMo I 2026-03-30 14:06:35 utils:532] 	Extract the sequence lengths
[NeMo I 2026-03-30 14:06:35 utils:532] 	Extract the sequence pointers
[NeMo I 2026-03-30 14:06:35 utils:532] 	Extract the document indices
[NeMo I 2026-03-30 14:06:35 utils:532] > total number of sequences: 984915
[NeMo I 2026-03-30 14:06:35 utils:532] > total number of documents: 984915
[NeMo I 2026-03-30 14:06:35 utils:532] Build and save the GPTDataset train indices
[NeMo I 2026-03-30 14:06:35 utils:532] > total number of samples: 1023829
[NeMo I 2026-03-30 14:06:35 utils:532] > total number of epochs: 1
[NeMo I 2026-03-30 14:06:35 utils:532] Load the _IndexReader from /work/datasets/AI/tokens_luciole_phase1/croissant-aligned_aligned_text_document.idx
[NeMo I 2026-03-30 14:06:35 utils:532] 	Extract the sequence lengths
[NeMo I 2026-03-30 14:06:35 utils:532] 	Extract the sequence pointers
[NeMo I 2026-03-30 14:06:35 utils:532] 	Extract the document indices
[NeMo I 2026-03-30 14:06:35 utils:532] > total number of sequences: 408028865
[NeMo I 2026-03-30 14:06:35 utils:532] > total number of documents: 408028865
[NeMo I 2026-03-30 14:06:36 utils:532] Build and save the GPTDataset train indices
[2026-03-30T14:08:45.376] error: *** STEP 12092.0 ON kairosgh0 CANCELLED AT 2026-03-30T14:08:45 DUE to SIGNAL Terminated ***
[2026-03-30T14:08:45.376] error: *** JOB 12092 ON kairosgh0 CANCELLED AT 2026-03-30T14:08:45 DUE to SIGNAL Terminated ***
srun: Job step aborted: Waiting up to 32 seconds for job step to finish.
W0330 14:08:45.376000 499568 torch/distributed/elastic/agent/server/api.py:719] Received 15 death signal, shutting down workers
W0330 14:08:45.377000 499568 torch/distributed/elastic/multiprocessing/api.py:898] Sending process 499655 closing signal SIGTERM
W0330 14:08:45.377000 499568 torch/distributed/elastic/multiprocessing/api.py:898] Sending process 499656 closing signal SIGTERM
