===========================================
Inference Speed Monitor (3-way comparison)
===========================================
SSA Triton checkpoint: /tmpdir/m24047brmn/kairos/bs1024_fullrun/outputs/nemotron-1B-SSA-Triton-bs1024/checkpoints/nemotron-1B-SSA-Triton-bs1024-step=0011999-last
SSA checkpoint:        /tmpdir/m24047brmn/kairos/bs1024_fullrun/outputs/nemotron-1B-SSA-Triton-bs1024/checkpoints/nemotron-1B-SSA-Triton-bs1024-step=0011999-last
Softmax checkpoint:    /tmpdir/m24047flhg/luciole-phase1-step0015000
Tokenizer:             /tmpdir/m24047brmn/kairos/tokenizer_128k-arab-regional_v2
Device:                cuda
Seq lens:              2048
Batch sizes:           32
Warmup iters:          5
Measure iters:         20
Auto find max batch:   0
Start batch:           1
Max batch cap:         1024
Force bf16:            0
Compiled BDA:          0
Contiguous QKV:        1
Output prefix:         benchmark_results/infer_speed_compare_20260407_111104
===========================================
-------------------------------------------
Running model_type=ssa_triton
Checkpoint:            /tmpdir/m24047brmn/kairos/bs1024_fullrun/outputs/nemotron-1B-SSA-Triton-bs1024/checkpoints/nemotron-1B-SSA-Triton-bs1024-step=0011999-last
Output JSON:           benchmark_results/infer_speed_compare_20260407_111104_ssa_triton.json
-------------------------------------------
WARNING: Environment variable HF_HOME already has value [/work/m24047/m24047brmn/lm_eval], will not forward new value [/work/m24047/m24047flhg/.cache/huggingface] from parent process environment
INFO:monitor_inference_speed:Loading model type=ssa_triton checkpoint=/tmpdir/m24047brmn/kairos/bs1024_fullrun/outputs/nemotron-1B-SSA-Triton-bs1024/checkpoints/nemotron-1B-SSA-Triton-bs1024-step=0011999-last
INFO:numexpr.utils:Note: detected 80 virtual cores but NumExpr set to maximum of 64, check "NUMEXPR_MAX_THREADS" environment variable.
INFO:numexpr.utils:Note: NumExpr detected 80 cores but "NUMEXPR_MAX_THREADS" not set, so enforcing safe limit of 16.
INFO:numexpr.utils:NumExpr defaulting to 16 threads.
INFO:faiss.loader:Loading faiss.
INFO:faiss.loader:Successfully loaded faiss.
[NeMo W 2026-04-07 11:11:26 nemo_logging:405] /usr/local/lib/python3.12/dist-packages/pydub/utils.py:170: RuntimeWarning: Couldn't find ffmpeg or avconv - defaulting to ffmpeg, but may not work
      warn("Couldn't find ffmpeg or avconv - defaulting to ffmpeg, but may not work", RuntimeWarning)
    
INFO:datasets:PyTorch version 2.7.0a0+7c8ec84dab.nv25.3 available.
INFO:datasets:Polars version 1.21.0 available.
INFO:eval_perplexity_triton:No tokenizer in checkpoint, using: /tmpdir/m24047brmn/kairos/tokenizer_128k-arab-regional_v2
[NeMo I 2026-04-07 11:11:30 nemo_logging:393] Getting HuggingFace AutoTokenizer with pretrained_model_name: /tmpdir/m24047brmn/kairos/tokenizer_128k-arab-regional_v2, vocab_file: None, merges_files: None, special_tokens_dict: {}, and use_fast: True
INFO:eval_perplexity_triton:Loaded model architecture from checkpoint context: layers=24 hidden=2048 heads=32 q_groups=8 ffn=8192 kv=64 vocab=128000
INFO:eval_perplexity_triton:Triton SSA config enabled (compiled_bda=False, force_contiguous_qkv=True)
INFO:eval_perplexity_triton:Initialized parallel state with backend nccl
INFO:eval_perplexity_triton:Creating NemotronModel...
INFO:eval_perplexity_triton:Configuring model...
[NeMo I 2026-04-07 11:11:31 nemo_logging:393] Use preset vocab_size: 128000, original vocab_size: 128000, dummy tokens: 0.
INFO:eval_perplexity_triton:Loading model weights from /tmpdir/m24047brmn/kairos/bs1024_fullrun/outputs/nemotron-1B-SSA-Triton-bs1024/checkpoints/nemotron-1B-SSA-Triton-bs1024-step=0011999-last...
INFO:eval_perplexity_triton:Added 'module.' prefix to sharded state dict
INFO:eval_perplexity_triton:Model weights loaded successfully
INFO:eval_perplexity_triton:Model ready for evaluation
INFO:monitor_inference_speed:Model parameter dtype: torch.float32
INFO:monitor_inference_speed:Model parameters: 1319309336
INFO:monitor_inference_speed:Tokenizer vocab size: 128000
INFO:monitor_inference_speed:CUDA device: NVIDIA A100 80GB PCIe (79.3 GB)
INFO:monitor_inference_speed:----- seq_len=2048 -----
INFO:monitor_inference_speed:batch=32 seq_len=2048 avg=2.1979s toks/s=29817.2 peak_mem_gb=68.42
INFO:monitor_inference_speed:Saved speed report to benchmark_results/infer_speed_compare_20260407_111104_ssa_triton.json
INFO:eval_perplexity_triton:Destroyed Megatron model parallel state
INFO:eval_perplexity_triton:Destroyed process group

=== MAX SAFE BATCH SUMMARY ===
auto-find-max-batch disabled
-------------------------------------------
Running model_type=ssa
Checkpoint:            /tmpdir/m24047brmn/kairos/bs1024_fullrun/outputs/nemotron-1B-SSA-Triton-bs1024/checkpoints/nemotron-1B-SSA-Triton-bs1024-step=0011999-last
Output JSON:           benchmark_results/infer_speed_compare_20260407_111104_ssa.json
-------------------------------------------
WARNING: Environment variable HF_HOME already has value [/work/m24047/m24047brmn/lm_eval], will not forward new value [/work/m24047/m24047flhg/.cache/huggingface] from parent process environment
INFO:monitor_inference_speed:Loading model type=ssa checkpoint=/tmpdir/m24047brmn/kairos/bs1024_fullrun/outputs/nemotron-1B-SSA-Triton-bs1024/checkpoints/nemotron-1B-SSA-Triton-bs1024-step=0011999-last
INFO:eval_perplexity:Detected NeMo distributed checkpoint format
INFO:numexpr.utils:Note: detected 80 virtual cores but NumExpr set to maximum of 64, check "NUMEXPR_MAX_THREADS" environment variable.
INFO:numexpr.utils:Note: NumExpr detected 80 cores but "NUMEXPR_MAX_THREADS" not set, so enforcing safe limit of 16.
INFO:numexpr.utils:NumExpr defaulting to 16 threads.
INFO:faiss.loader:Loading faiss.
INFO:faiss.loader:Successfully loaded faiss.
[NeMo W 2026-04-07 11:14:03 nemo_logging:405] /usr/local/lib/python3.12/dist-packages/pydub/utils.py:170: RuntimeWarning: Couldn't find ffmpeg or avconv - defaulting to ffmpeg, but may not work
      warn("Couldn't find ffmpeg or avconv - defaulting to ffmpeg, but may not work", RuntimeWarning)
    
INFO:datasets:PyTorch version 2.7.0a0+7c8ec84dab.nv25.3 available.
INFO:datasets:Polars version 1.21.0 available.
INFO:eval_perplexity:No tokenizer in checkpoint, using: /tmpdir/m24047brmn/kairos/tokenizer_128k-arab-regional_v2
[NeMo I 2026-04-07 11:14:07 nemo_logging:393] Getting HuggingFace AutoTokenizer with pretrained_model_name: /tmpdir/m24047brmn/kairos/tokenizer_128k-arab-regional_v2, vocab_file: None, merges_files: None, special_tokens_dict: {}, and use_fast: True
INFO:eval_perplexity:Loaded model architecture from checkpoint context: layers=24 hidden=2048 heads=32 q_groups=8 ffn=8192 kv=64 vocab=128000
INFO:eval_perplexity:Initialized parallel state with backend nccl
INFO:eval_perplexity:Creating NemotronModel...
INFO:eval_perplexity:Configuring model...
[NeMo I 2026-04-07 11:14:08 nemo_logging:393] Use preset vocab_size: 128000, original vocab_size: 128000, dummy tokens: 0.
INFO:eval_perplexity:Loading model weights from /tmpdir/m24047brmn/kairos/bs1024_fullrun/outputs/nemotron-1B-SSA-Triton-bs1024/checkpoints/nemotron-1B-SSA-Triton-bs1024-step=0011999-last...
INFO:eval_perplexity:Added 'module.' prefix to sharded state dict
WARNING:megatron.core.dist_checkpointing.validation:Unexpected keys (not found in the checkpoint) encountered in the provided sharded state dict. 
Unexpected keys (for this rank): {'module.decoder.layers.mlp.linear_fc1.layer_norm_bias', 'module.decoder.layers.self_attention.linear_qkv.layer_norm_weight', 'module.decoder.layers.self_attention.core_attention._extra_state', 'module.decoder.layers.mlp.linear_fc1.layer_norm_weight', 'module.decoder.layers.self_attention.linear_qkv.layer_norm_bias'}. 
INFO:eval_perplexity:Model weights loaded successfully
INFO:eval_perplexity:Model ready for evaluation (NeMo format)
INFO:monitor_inference_speed:Model parameter dtype: torch.float32
INFO:monitor_inference_speed:Model parameters: 1319309312
INFO:monitor_inference_speed:Tokenizer vocab size: 128000
INFO:monitor_inference_speed:CUDA device: NVIDIA A100 80GB PCIe (79.3 GB)
INFO:monitor_inference_speed:----- seq_len=2048 -----
INFO:eval_perplexity:Destroyed Megatron model parallel state
INFO:eval_perplexity:Destroyed process group
[rank0]: Traceback (most recent call last):
[rank0]:   File "/users/m24047/m24047flhg/luciole-eval/luciole-1B/training/train/train_ssa_triton/monitor_inference_speed.py", line 416, in <module>
[rank0]:     main()
[rank0]:   File "/users/m24047/m24047flhg/luciole-eval/luciole-1B/training/train/train_ssa_triton/monitor_inference_speed.py", line 359, in main
[rank0]:     ok, result, err = _try_batch(
[rank0]:                       ^^^^^^^^^^^
[rank0]:   File "/users/m24047/m24047flhg/luciole-eval/luciole-1B/training/train/train_ssa_triton/monitor_inference_speed.py", line 158, in _try_batch
[rank0]:     result = _benchmark(
[rank0]:              ^^^^^^^^^^^
[rank0]:   File "/users/m24047/m24047flhg/luciole-eval/luciole-1B/training/train/train_ssa_triton/monitor_inference_speed.py", line 115, in _benchmark
[rank0]:     _forward_pass(model, input_ids)
[rank0]:   File "/users/m24047/m24047flhg/luciole-eval/luciole-1B/training/train/train_ssa_triton/monitor_inference_speed.py", line 77, in _forward_pass
[rank0]:     outputs = _safe_forward(module, input_ids, attention_mask, position_ids)
[rank0]:               ^^^^^^^^^^^^^^^^^^^^^^^^^^^^^^^^^^^^^^^^^^^^^^^^^^^^^^^^^^^^^^
[rank0]:   File "/users/m24047/m24047flhg/luciole-eval/luciole-1B/training/train/train_ssa_triton/monitor_inference_speed.py", line 57, in _safe_forward
[rank0]:     return module(
[rank0]:            ^^^^^^^
[rank0]:   File "/usr/local/lib/python3.12/dist-packages/torch/nn/modules/module.py", line 1751, in _wrapped_call_impl
[rank0]:     return self._call_impl(*args, **kwargs)
[rank0]:            ^^^^^^^^^^^^^^^^^^^^^^^^^^^^^^^^
[rank0]:   File "/usr/local/lib/python3.12/dist-packages/torch/nn/modules/module.py", line 1762, in _call_impl
[rank0]:     return forward_call(*args, **kwargs)
[rank0]:            ^^^^^^^^^^^^^^^^^^^^^^^^^^^^^
[rank0]:   File "/opt/megatron-lm/megatron/core/models/gpt/gpt_model.py", line 334, in forward
[rank0]:     hidden_states = self.decoder(
[rank0]:                     ^^^^^^^^^^^^^
[rank0]:   File "/usr/local/lib/python3.12/dist-packages/torch/nn/modules/module.py", line 1751, in _wrapped_call_impl
[rank0]:     return self._call_impl(*args, **kwargs)
[rank0]:            ^^^^^^^^^^^^^^^^^^^^^^^^^^^^^^^^
[rank0]:   File "/usr/local/lib/python3.12/dist-packages/torch/nn/modules/module.py", line 1762, in _call_impl
[rank0]:     return forward_call(*args, **kwargs)
[rank0]:            ^^^^^^^^^^^^^^^^^^^^^^^^^^^^^
[rank0]:   File "/opt/megatron-lm/megatron/core/transformer/transformer_block.py", line 529, in forward
[rank0]:     hidden_states, context = layer(
[rank0]:                              ^^^^^^
[rank0]:   File "/opt/megatron-lm/megatron/core/transformer/transformer_layer.py", line 786, in __call__
[rank0]:     return super(MegatronModule, self).__call__(*args, **kwargs)
[rank0]:            ^^^^^^^^^^^^^^^^^^^^^^^^^^^^^^^^^^^^^^^^^^^^^^^^^^^^^
[rank0]:   File "/usr/local/lib/python3.12/dist-packages/torch/nn/modules/module.py", line 1751, in _wrapped_call_impl
[rank0]:     return self._call_impl(*args, **kwargs)
[rank0]:            ^^^^^^^^^^^^^^^^^^^^^^^^^^^^^^^^
[rank0]:   File "/usr/local/lib/python3.12/dist-packages/torch/nn/modules/module.py", line 1762, in _call_impl
[rank0]:     return forward_call(*args, **kwargs)
[rank0]:            ^^^^^^^^^^^^^^^^^^^^^^^^^^^^^
[rank0]:   File "/opt/megatron-lm/megatron/core/transformer/transformer_layer.py", line 389, in forward
[rank0]:     pre_mlp_layernorm_output, residual, context = self._forward_attention(*args, **kwargs)
[rank0]:                                                   ^^^^^^^^^^^^^^^^^^^^^^^^^^^^^^^^^^^^^^^^
[rank0]:   File "/opt/megatron-lm/megatron/core/transformer/transformer_layer.py", line 449, in _forward_attention
[rank0]:     attention_output_with_bias = self.self_attention(
[rank0]:                                  ^^^^^^^^^^^^^^^^^^^^
[rank0]:   File "/usr/local/lib/python3.12/dist-packages/torch/nn/modules/module.py", line 1751, in _wrapped_call_impl
[rank0]:     return self._call_impl(*args, **kwargs)
[rank0]:            ^^^^^^^^^^^^^^^^^^^^^^^^^^^^^^^^
[rank0]:   File "/usr/local/lib/python3.12/dist-packages/torch/nn/modules/module.py", line 1762, in _call_impl
[rank0]:     return forward_call(*args, **kwargs)
[rank0]:            ^^^^^^^^^^^^^^^^^^^^^^^^^^^^^
[rank0]:   File "/opt/megatron-lm/megatron/core/transformer/attention.py", line 636, in forward
[rank0]:     core_attn_out = self.core_attention(
[rank0]:                     ^^^^^^^^^^^^^^^^^^^^
[rank0]:   File "/usr/local/lib/python3.12/dist-packages/torch/nn/modules/module.py", line 1751, in _wrapped_call_impl
[rank0]:     return self._call_impl(*args, **kwargs)
[rank0]:            ^^^^^^^^^^^^^^^^^^^^^^^^^^^^^^^^
[rank0]:   File "/usr/local/lib/python3.12/dist-packages/torch/nn/modules/module.py", line 1762, in _call_impl
[rank0]:     return forward_call(*args, **kwargs)
[rank0]:            ^^^^^^^^^^^^^^^^^^^^^^^^^^^^^
[rank0]:   File "/opt/megatron-lm/megatron/core/extensions/transformer_engine.py", line 809, in forward
[rank0]:     core_attn_out = super().forward(
[rank0]:                     ^^^^^^^^^^^^^^^^
[rank0]:   File "/usr/local/lib/python3.12/dist-packages/transformer_engine/pytorch/attention.py", line 6348, in forward
[rank0]:     return self.unfused_attention(
[rank0]:            ^^^^^^^^^^^^^^^^^^^^^^^
[rank0]:   File "/usr/local/lib/python3.12/dist-packages/torch/nn/modules/module.py", line 1751, in _wrapped_call_impl
[rank0]:     return self._call_impl(*args, **kwargs)
[rank0]:            ^^^^^^^^^^^^^^^^^^^^^^^^^^^^^^^^
[rank0]:   File "/usr/local/lib/python3.12/dist-packages/torch/nn/modules/module.py", line 1762, in _call_impl
[rank0]:     return forward_call(*args, **kwargs)
[rank0]:            ^^^^^^^^^^^^^^^^^^^^^^^^^^^^^
[rank0]:   File "/usr/local/lib/python3.12/dist-packages/transformer_engine/pytorch/attention.py", line 3851, in forward
[rank0]:     dpa_utils.get_full_mask(
[rank0]:   File "/usr/local/lib/python3.12/dist-packages/torch/utils/_contextlib.py", line 116, in decorate_context
[rank0]:     return func(*args, **kwargs)
[rank0]:            ^^^^^^^^^^^^^^^^^^^^^
[rank0]:   File "/usr/local/lib/python3.12/dist-packages/transformer_engine/pytorch/dot_product_attention/utils.py", line 1120, in get_full_mask
[rank0]:     attention_mask = torch.logical_or(swa_mask, attention_mask)
[rank0]:                      ^^^^^^^^^^^^^^^^^^^^^^^^^^^^^^^^^^^^^^^^^^
[rank0]: RuntimeError: The size of tensor a (2048) must match the size of tensor b (32) at non-singleton dimension 2
