==========================================
Starting SSA Triton Training
Datamix:     /work/p26037/barman/luciole-1B/training/train/train_ssa_triton/datamix_luciole_phase1.json
Output:      /tmpdir/barman/bs1024_fullrun/outputs
Name:        nemotron-1B-SSA-Triton-bs1024
Batch size:  1024
Nodes:       4
Duration:    00:06:00:00
SSA n:       1.5
SSA b:       0.8
Kernel ver:  triton
Compile BDA: 1
Warmup step: 2000
Skip warmup: 1
Contig QKV:  1
Global max:  715788
This-run max:0
W&B:         0 (mode=offline)
==========================================
[W403 11:40:22.674574913 socket.cpp:755] [c10d] The client socket cannot be initialized to connect to [kairosgh7.calmip.cluster]:23075 (errno: 97 - Address family not supported by protocol).
[W403 11:40:22.617757460 socket.cpp:755] [c10d] The client socket cannot be initialized to connect to [kairosgh7.calmip.cluster]:23075 (errno: 97 - Address family not supported by protocol).
[W403 11:40:22.734295161 socket.cpp:755] [c10d] The client socket cannot be initialized to connect to [kairosgh7.calmip.cluster]:23075 (errno: 97 - Address family not supported by protocol).
[W403 11:40:24.502133180 socket.cpp:755] [c10d] The client socket cannot be initialized to connect to [kairosgh7.calmip.cluster]:23075 (errno: 97 - Address family not supported by protocol).
[W403 11:40:25.940587856 socket.cpp:755] [c10d] The client socket cannot be initialized to connect to [kairosgh10.calmip.cluster]:46717 (errno: 97 - Address family not supported by protocol).
[launcher] rank=3/3 | cores=216-287 | OMP_NUM_THREADS=72 | script=train_ssa_triton.py
[launcher] rank=2/3 | cores=144-215 | OMP_NUM_THREADS=72 | script=train_ssa_triton.py
[launcher] rank=1/3 | cores=72-143 | OMP_NUM_THREADS=72 | script=train_ssa_triton.py
[launcher] rank=0/3 | cores=0-71 | OMP_NUM_THREADS=72 | script=train_ssa_triton.py
[launcher] rank=2/3 | cores=144-215 | OMP_NUM_THREADS=72 | script=train_ssa_triton.py
[launcher] rank=1/3 | cores=72-143 | OMP_NUM_THREADS=72 | script=train_ssa_triton.py
[launcher] rank=0/3 | cores=0-71 | OMP_NUM_THREADS=72 | script=train_ssa_triton.py
[launcher] rank=3/3 | cores=216-287 | OMP_NUM_THREADS=72 | script=train_ssa_triton.py
[launcher] rank=1/3 | cores=72-143 | OMP_NUM_THREADS=72 | script=train_ssa_triton.py
[launcher] rank=2/3 | cores=144-215 | OMP_NUM_THREADS=72 | script=train_ssa_triton.py
[launcher] rank=0/3 | cores=0-71 | OMP_NUM_THREADS=72 | script=train_ssa_triton.py
[launcher] rank=3/3 | cores=216-287 | OMP_NUM_THREADS=72 | script=train_ssa_triton.py
libnuma: Warning: libnuma: Warning: libnuma: Warning: cpu argument 216-287 is out of range
cpu argument 72-143 is out of range

cpu argument 144-215 is out of range


usage: numactl [--all | -a] [--balancing | -b] [--interleave= | -i <nodes>]
		[--preferred= | -p <node>] [--preferred-many= | -P <nodes>]
               [--physcpubind= | -C <cpus>] [--cpunodebind= | -N <nodes>]
               [--membind= | -m <nodes>] [--localalloc | -l] command args ...
               [--localalloc | -l] command args ...
       numactl [--show | -s]
       numactl [--hardware | -H] [--cpu-compress]
       numactl [--version]
       numactl [--length | -L <length>] [--offset | -o <offset>] [--shmmode | -M <shmmode>]
               [--strict | -t]
               [--shmid | -I <id>] --shm | -S <shmkeyfile>
               [--shmid | -I <id>] --file | -f <tmpfsfile>
               [--huge | -u] [--touch | -T] 
               memory policy [--dump | -d] [--dump-nodes | -D]

memory policy is --interleave | -i, --preferred | -p, --membind | -m, --localalloc | -l
<nodes> is a comma delimited list of node numbers or A-B ranges or all.
Instead of a number a node can also be:
  netdev:DEV the node connected to network device DEV
  file:PATH  the node the block device of path is connected to
  ip:HOST    the node of the network device host routes through
  block:PATH the node of block device path
  pci:[seg:]bus:dev[:func] The node of a PCI device
<cpus> is a comma delimited list of cpu numbers or A-B ranges or all
all ranges can be inverted with !
all numbers and ranges can be made cpuset-relative with +
the old --cpubind argument is deprecated.
use --cpunodebind or --physcpubind instead
use --balancing | -b to enable Linux kernel NUMA balancing
for the process if it is supported by kernel
<length> can have g (GB), m (MB) or k (KB) suffixes
usage: numactl [--all | -a] [--balancing | -b] [--interleave= | -i <nodes>]
		[--preferred= | -p <node>] [--preferred-many= | -P <nodes>]
               [--physcpubind= | -C <cpus>] [--cpunodebind= | -N <nodes>]
               [--membind= | -m <nodes>] [--localalloc | -l] command args ...
               [--localalloc | -l] command args ...
       numactl [--show | -s]
       numactl [--hardware | -H] [--cpu-compress]
       numactl [--version]
       numactl [--length | -L <length>] [--offset | -o <offset>] [--shmmode | -M <shmmode>]
               [--strict | -t]
               [--shmid | -I <id>] --shm | -S <shmkeyfile>
               [--shmid | -I <id>] --file | -f <tmpfsfile>
               [--huge | -u] [--touch | -T] 
               memory policy [--dump | -d] [--dump-nodes | -D]

memory policy is --interleave | -i, --preferred | -p, --membind | -m, --localalloc | -l
<nodes> is a comma delimited list of node numbers or A-B ranges or all.
Instead of a number a node can also be:
  netdev:DEV the node connected to network device DEV
  file:PATH  the node the block device of path is connected to
  ip:HOST    the node of the network device host routes through
  block:PATH the node of block device path
  pci:[seg:]bus:dev[:func] The node of a PCI device
<cpus> is a comma delimited list of cpu numbers or A-B ranges or all
[launcher] rank=1/3 | cores=72-143 | OMP_NUM_THREADS=72 | script=train_ssa_triton.py
all ranges can be inverted with !
all numbers and ranges can be made cpuset-relative with +
the old --cpubind argument is deprecated.
use --cpunodebind or --physcpubind instead
use --balancing | -b to enable Linux kernel NUMA balancing
for the process if it is supported by kernel
<length> can have g (GB), m (MB) or k (KB) suffixes
usage: numactl [--all | -a] [--balancing | -b] [--interleave= | -i <nodes>]
		[--preferred= | -p <node>] [--preferred-many= | -P <nodes>]
               [--physcpubind= | -C <cpus>] [--cpunodebind= | -N <nodes>]
               [--membind= | -m <nodes>] [--localalloc | -l] command args ...
               [--localalloc | -l] command args ...
       numactl [--show | -s]
       numactl [--hardware | -H] [--cpu-compress]
       numactl [--version]
       numactl [--length | -L <length>] [--offset | -o <offset>] [--shmmode | -M <shmmode>]
               [--strict | -t]
               [--shmid | -I <id>] --shm | -S <shmkeyfile>
               [--shmid | -I <id>] --file | -f <tmpfsfile>
[launcher] rank=0/3 | cores=0-71 | OMP_NUM_THREADS=72 | script=train_ssa_triton.py
libnuma: Warning: libnuma: Warning: libnuma: Warning: cpu argument 72-143 is out of range
cpu argument 144-215 is out of range
cpu argument 216-287 is out of range



usage: numactl [--all | -a] [--balancing | -b] [--interleave= | -i <nodes>]
		[--preferred= | -p <node>] [--preferred-many= | -P <nodes>]
               [--physcpubind= | -C <cpus>] [--cpunodebind= | -N <nodes>]
               [--membind= | -m <nodes>] [--localalloc | -l] command args ...
               [--localalloc | -l] command args ...
       numactl [--show | -s]
       numactl [--hardware | -H] [--cpu-compress]
       numactl [--version]
       numactl [--length | -L <length>] [--offset | -o <offset>] [--shmmode | -M <shmmode>]
               [--strict | -t]
               [--shmid | -I <id>] --shm | -S <shmkeyfile>
               [--shmid | -I <id>] --file | -f <tmpfsfile>
               [--huge | -u] [--touch | -T] 
               memory policy [--dump | -d] [--dump-nodes | -D]

<216-287> is invalid
<72-143> is invalid
<144-215> is invalid
libnuma: Warning: libnuma: Warning: libnuma: Warning: cpu argument 144-215 is out of range

usage: numactl [--all | -a] [--balancing | -b] [--interleave= | -i <nodes>]
		[--preferred= | -p <node>] [--preferred-many= | -P <nodes>]
               [--physcpubind= | -C <cpus>] [--cpunodebind= | -N <nodes>]
               [--membind= | -m <nodes>] [--localalloc | -l] command args ...
               [--localalloc | -l] command args ...
       numactl [--show | -s]
       numactl [--hardware | -H] [--cpu-compress]
       numactl [--version]
       numactl [--length | -L <length>] [--offset | -o <offset>] [--shmmode | -M <shmmode>]
               [--strict | -t]
               [--shmid | -I <id>] --shm | -S <shmkeyfile>
               [--shmid | -I <id>] --file | -f <tmpfsfile>
               [--huge | -u] [--touch | -T] 
               memory policy [--dump | -d] [--dump-nodes | -D]

memory policy is --interleave | -i, --preferred | -p, --membind | -m, --localalloc | -l
[launcher] rank=2/3 | cores=144-215 | OMP_NUM_THREADS=72 | script=train_ssa_triton.py
               [--huge | -u] [--touch | -T] 
<144-215> is invalid
<216-287> is invalid
<72-143> is invalid
memory policy is --interleave | -i, --preferred | -p, --membind | -m, --localalloc | -l
<nodes> is a comma delimited list of node numbers or A-B ranges or all.
Instead of a number a node can also be:
  netdev:DEV the node connected to network device DEV
  file:PATH  the node the block device of path is connected to
  ip:HOST    the node of the network device host routes through
  block:PATH the node of block device path
  pci:[seg:]bus:dev[:func] The node of a PCI device
<cpus> is a comma delimited list of cpu numbers or A-B ranges or all
all ranges can be inverted with !
all numbers and ranges can be made cpuset-relative with +
the old --cpubind argument is deprecated.
use --cpunodebind or --physcpubind instead
use --balancing | -b to enable Linux kernel NUMA balancing
for the process if it is supported by kernel
<length> can have g (GB), m (MB) or k (KB) suffixes
usage: numactl [--all | -a] [--balancing | -b] [--interleave= | -i <nodes>]
		[--preferred= | -p <node>] [--preferred-many= | -P <nodes>]
[launcher] rank=3/3 | cores=216-287 | OMP_NUM_THREADS=72 | script=train_ssa_triton.py
<nodes> is a comma delimited list of node numbers or A-B ranges or all.
Instead of a number a node can also be:
  netdev:DEV the node connected to network device DEV
  file:PATH  the node the block device of path is connected to
  ip:HOST    the node of the network device host routes through
  block:PATH the node of block device path
  pci:[seg:]bus:dev[:func] The node of a PCI device
<cpus> is a comma delimited list of cpu numbers or A-B ranges or all
all ranges can be inverted with !
all numbers and ranges can be made cpuset-relative with +
the old --cpubind argument is deprecated.
use --cpunodebind or --physcpubind instead
use --balancing | -b to enable Linux kernel NUMA balancing
for the process if it is supported by kernel
<length> can have g (GB), m (MB) or k (KB) suffixes
cpu argument 216-287 is out of range

<72-143> is invalid
<144-215> is invalid
<216-287> is invalid
               [--physcpubind= | -C <cpus>] [--cpunodebind= | -N <nodes>]
               [--membind= | -m <nodes>] [--localalloc | -l] command args ...
               [--localalloc | -l] command args ...
       numactl [--show | -s]
       numactl [--hardware | -H] [--cpu-compress]
       numactl [--version]
       numactl [--length | -L <length>] [--offset | -o <offset>] [--shmmode | -M <shmmode>]
               [--strict | -t]
               [--shmid | -I <id>] --shm | -S <shmkeyfile>
               [--shmid | -I <id>] --file | -f <tmpfsfile>
               [--huge | -u] [--touch | -T] 
               memory policy [--dump | -d] [--dump-nodes | -D]

memory policy is --interleave | -i, --preferred | -p, --membind | -m, --localalloc | -l
<nodes> is a comma delimited list of node numbers or A-B ranges or all.
Instead of a number a node can also be:
  netdev:DEV the node connected to network device DEV
  file:PATH  the node the block device of path is connected to
               memory policy [--dump | -d] [--dump-nodes | -D]

memory policy is --interleave | -i, --preferred | -p, --membind | -m, --localalloc | -l
<nodes> is a comma delimited list of node numbers or A-B ranges or all.
Instead of a number a node can also be:
  netdev:DEV the node connected to network device DEV
  file:PATH  the node the block device of path is connected to
  ip:HOST    the node of the network device host routes through
  block:PATH the node of block device path
  pci:[seg:]bus:dev[:func] The node of a PCI device
<cpus> is a comma delimited list of cpu numbers or A-B ranges or all
all ranges can be inverted with !
all numbers and ranges can be made cpuset-relative with +
the old --cpubind argument is deprecated.
use --cpunodebind or --physcpubind instead
use --balancing | -b to enable Linux kernel NUMA balancing
for the process if it is supported by kernel
<length> can have g (GB), m (MB) or k (KB) suffixes
  ip:HOST    the node of the network device host routes through
  block:PATH the node of block device path
  pci:[seg:]bus:dev[:func] The node of a PCI device
<cpus> is a comma delimited list of cpu numbers or A-B ranges or all
all ranges can be inverted with !
all numbers and ranges can be made cpuset-relative with +
the old --cpubind argument is deprecated.
use --cpunodebind or --physcpubind instead
use --balancing | -b to enable Linux kernel NUMA balancing
for the process if it is supported by kernel
<length> can have g (GB), m (MB) or k (KB) suffixes
usage: numactl [--all | -a] [--balancing | -b] [--interleave= | -i <nodes>]
		[--preferred= | -p <node>] [--preferred-many= | -P <nodes>]
               [--physcpubind= | -C <cpus>] [--cpunodebind= | -N <nodes>]
               [--membind= | -m <nodes>] [--localalloc | -l] command args ...
               [--localalloc | -l] command args ...
       numactl [--show | -s]
       numactl [--hardware | -H] [--cpu-compress]
       numactl [--version]
usage: numactl [--all | -a] [--balancing | -b] [--interleave= | -i <nodes>]
		[--preferred= | -p <node>] [--preferred-many= | -P <nodes>]
               [--physcpubind= | -C <cpus>] [--cpunodebind= | -N <nodes>]
               [--membind= | -m <nodes>] [--localalloc | -l] command args ...
               [--localalloc | -l] command args ...
       numactl [--show | -s]
       numactl [--hardware | -H] [--cpu-compress]
       numactl [--version]
       numactl [--length | -L <length>] [--offset | -o <offset>] [--shmmode | -M <shmmode>]
               [--strict | -t]
               [--shmid | -I <id>] --shm | -S <shmkeyfile>
               [--shmid | -I <id>] --file | -f <tmpfsfile>
               [--huge | -u] [--touch | -T] 
               memory policy [--dump | -d] [--dump-nodes | -D]

memory policy is --interleave | -i, --preferred | -p, --membind | -m, --localalloc | -l
<nodes> is a comma delimited list of node numbers or A-B ranges or all.
Instead of a number a node can also be:
       numactl [--length | -L <length>] [--offset | -o <offset>] [--shmmode | -M <shmmode>]
               [--strict | -t]
  netdev:DEV the node connected to network device DEV
  file:PATH  the node the block device of path is connected to
  ip:HOST    the node of the network device host routes through
  block:PATH the node of block device path
  pci:[seg:]bus:dev[:func] The node of a PCI device
<cpus> is a comma delimited list of cpu numbers or A-B ranges or all
all ranges can be inverted with !
all numbers and ranges can be made cpuset-relative with +
the old --cpubind argument is deprecated.
use --cpunodebind or --physcpubind instead
use --balancing | -b to enable Linux kernel NUMA balancing
for the process if it is supported by kernel
<length> can have g (GB), m (MB) or k (KB) suffixes
cpu argument 72-143 is out of range

usage: numactl [--all | -a] [--balancing | -b] [--interleave= | -i <nodes>]
		[--preferred= | -p <node>] [--preferred-many= | -P <nodes>]
               [--physcpubind= | -C <cpus>] [--cpunodebind= | -N <nodes>]
               [--membind= | -m <nodes>] [--localalloc | -l] command args ...
               [--localalloc | -l] command args ...
       numactl [--show | -s]
       numactl [--hardware | -H] [--cpu-compress]
       numactl [--version]
       numactl [--length | -L <length>] [--offset | -o <offset>] [--shmmode | -M <shmmode>]
               [--strict | -t]
               [--shmid | -I <id>] --shm | -S <shmkeyfile>
               [--shmid | -I <id>] --file | -f <tmpfsfile>
               [--huge | -u] [--touch | -T] 
               memory policy [--dump | -d] [--dump-nodes | -D]

memory policy is --interleave | -i, --preferred | -p, --membind | -m, --localalloc | -l
<nodes> is a comma delimited list of node numbers or A-B ranges or all.
Instead of a number a node can also be:
  netdev:DEV the node connected to network device DEV
  file:PATH  the node the block device of path is connected to
  ip:HOST    the node of the network device host routes through
  block:PATH the node of block device path
  pci:[seg:]bus:dev[:func] The node of a PCI device
               [--shmid | -I <id>] --shm | -S <shmkeyfile>
               [--shmid | -I <id>] --file | -f <tmpfsfile>
               [--huge | -u] [--touch | -T] 
               memory policy [--dump | -d] [--dump-nodes | -D]

memory policy is --interleave | -i, --preferred | -p, --membind | -m, --localalloc | -l
<nodes> is a comma delimited list of node numbers or A-B ranges or all.
Instead of a number a node can also be:
  netdev:DEV the node connected to network device DEV
  file:PATH  the node the block device of path is connected to
  ip:HOST    the node of the network device host routes through
  block:PATH the node of block device path
  pci:[seg:]bus:dev[:func] The node of a PCI device
<cpus> is a comma delimited list of cpu numbers or A-B ranges or all
all ranges can be inverted with !
all numbers and ranges can be made cpuset-relative with +
the old --cpubind argument is deprecated.
use --cpunodebind or --physcpubind instead
use --balancing | -b to enable Linux kernel NUMA balancing
<cpus> is a comma delimited list of cpu numbers or A-B ranges or all
all ranges can be inverted with !
all numbers and ranges can be made cpuset-relative with +
the old --cpubind argument is deprecated.
use --cpunodebind or --physcpubind instead
use --balancing | -b to enable Linux kernel NUMA balancing
for the process if it is supported by kernel
<length> can have g (GB), m (MB) or k (KB) suffixes
for the process if it is supported by kernel
<length> can have g (GB), m (MB) or k (KB) suffixes
libnuma: Warning: libnuma: Warning: libnuma: Warning: cpu argument 72-143 is out of range
cpu argument 144-215 is out of range
cpu argument 216-287 is out of range



usage: numactl [--all | -a] [--balancing | -b] [--interleave= | -i <nodes>]
		[--preferred= | -p <node>] [--preferred-many= | -P <nodes>]
               [--physcpubind= | -C <cpus>] [--cpunodebind= | -N <nodes>]
               [--membind= | -m <nodes>] [--localalloc | -l] command args ...
               [--localalloc | -l] command args ...
       numactl [--show | -s]
       numactl [--hardware | -H] [--cpu-compress]
       numactl [--version]
       numactl [--length | -L <length>] [--offset | -o <offset>] [--shmmode | -M <shmmode>]
               [--strict | -t]
               [--shmid | -I <id>] --shm | -S <shmkeyfile>
               [--shmid | -I <id>] --file | -f <tmpfsfile>
               [--huge | -u] [--touch | -T] 
               memory policy [--dump | -d] [--dump-nodes | -D]

memory policy is --interleave | -i, --preferred | -p, --membind | -m, --localalloc | -l
<nodes> is a comma delimited list of node numbers or A-B ranges or all.
Instead of a number a node can also be:
  netdev:DEV the node connected to network device DEV
  file:PATH  the node the block device of path is connected to
  ip:HOST    the node of the network device host routes through
  block:PATH the node of block device path
  pci:[seg:]bus:dev[:func] The node of a PCI device
<cpus> is a comma delimited list of cpu numbers or A-B ranges or all
all ranges can be inverted with !
all numbers and ranges can be made cpuset-relative with +
the old --cpubind argument is deprecated.
use --cpunodebind or --physcpubind instead
use --balancing | -b to enable Linux kernel NUMA balancing
for the process if it is supported by kernel
<length> can have g (GB), m (MB) or k (KB) suffixes
usage: numactl [--all | -a] [--balancing | -b] [--interleave= | -i <nodes>]
		[--preferred= | -p <node>] [--preferred-many= | -P <nodes>]
               [--physcpubind= | -C <cpus>] [--cpunodebind= | -N <nodes>]
               [--membind= | -m <nodes>] [--localalloc | -l] command args ...
               [--localalloc | -l] command args ...
       numactl [--show | -s]
       numactl [--hardware | -H] [--cpu-compress]
       numactl [--version]
       numactl [--length | -L <length>] [--offset | -o <offset>] [--shmmode | -M <shmmode>]
               [--strict | -t]
               [--shmid | -I <id>] --shm | -S <shmkeyfile>
               [--shmid | -I <id>] --file | -f <tmpfsfile>
               [--huge | -u] [--touch | -T] 
               memory policy [--dump | -d] [--dump-nodes | -D]

memory policy is --interleave | -i, --preferred | -p, --membind | -m, --localalloc | -l
<nodes> is a comma delimited list of node numbers or A-B ranges or all.
Instead of a number a node can also be:
  netdev:DEV the node connected to network device DEV
  file:PATH  the node the block device of path is connected to
  ip:HOST    the node of the network device host routes through
  block:PATH the node of block device path
  pci:[seg:]bus:dev[:func] The node of a PCI device
<cpus> is a comma delimited list of cpu numbers or A-B ranges or all
all ranges can be inverted with !
all numbers and ranges can be made cpuset-relative with +
the old --cpubind argument is deprecated.
use --cpunodebind or --physcpubind instead
use --balancing | -b to enable Linux kernel NUMA balancing
for the process if it is supported by kernel
<length> can have g (GB), m (MB) or k (KB) suffixes
usage: numactl [--all | -a] [--balancing | -b] [--interleave= | -i <nodes>]
		[--preferred= | -p <node>] [--preferred-many= | -P <nodes>]
               [--physcpubind= | -C <cpus>] [--cpunodebind= | -N <nodes>]
               [--membind= | -m <nodes>] [--localalloc | -l] command args ...
               [--localalloc | -l] command args ...
       numactl [--show | -s]
       numactl [--hardware | -H] [--cpu-compress]
       numactl [--version]
       numactl [--length | -L <length>] [--offset | -o <offset>] [--shmmode | -M <shmmode>]
               [--strict | -t]
<72-143> is invalid
<144-215> is invalid
<216-287> is invalid
               [--shmid | -I <id>] --shm | -S <shmkeyfile>
               [--shmid | -I <id>] --file | -f <tmpfsfile>
               [--huge | -u] [--touch | -T] 
               memory policy [--dump | -d] [--dump-nodes | -D]

memory policy is --interleave | -i, --preferred | -p, --membind | -m, --localalloc | -l
<nodes> is a comma delimited list of node numbers or A-B ranges or all.
Instead of a number a node can also be:
  netdev:DEV the node connected to network device DEV
  file:PATH  the node the block device of path is connected to
  ip:HOST    the node of the network device host routes through
  block:PATH the node of block device path
  pci:[seg:]bus:dev[:func] The node of a PCI device
<cpus> is a comma delimited list of cpu numbers or A-B ranges or all
all ranges can be inverted with !
all numbers and ranges can be made cpuset-relative with +
the old --cpubind argument is deprecated.
use --cpunodebind or --physcpubind instead
use --balancing | -b to enable Linux kernel NUMA balancing
for the process if it is supported by kernel
<length> can have g (GB), m (MB) or k (KB) suffixes
W0403 11:40:25.912000 823938 torch/distributed/elastic/multiprocessing/api.py:898] Sending process 824037 closing signal SIGTERM
W0403 11:40:25.912000 159117 torch/distributed/elastic/multiprocessing/api.py:898] Sending process 159216 closing signal SIGTERM
W0403 11:40:25.913000 737278 torch/distributed/elastic/multiprocessing/api.py:898] Sending process 737406 closing signal SIGTERM
W0403 11:40:25.913000 163196 torch/distributed/elastic/multiprocessing/api.py:898] Sending process 163305 closing signal SIGTERM
E0403 11:40:25.914000 823938 torch/distributed/elastic/multiprocessing/api.py:870] failed (exitcode: 1) local_rank: 1 (pid: 824038) of binary: /usr/bin/python
E0403 11:40:25.914000 159117 torch/distributed/elastic/multiprocessing/api.py:870] failed (exitcode: 1) local_rank: 1 (pid: 159217) of binary: /usr/bin/python
E0403 11:40:25.914000 737278 torch/distributed/elastic/multiprocessing/api.py:870] failed (exitcode: 1) local_rank: 1 (pid: 737407) of binary: /usr/bin/python
E0403 11:40:25.914000 163196 torch/distributed/elastic/multiprocessing/api.py:870] failed (exitcode: 1) local_rank: 1 (pid: 163306) of binary: /usr/bin/python
Traceback (most recent call last):
  File "/usr/local/bin/torchrun", line 33, in <module>
    sys.exit(load_entry_point('torch==2.7.0a0+7c8ec84dab.nv25.3', 'console_scripts', 'torchrun')())
             ^^^^^^^^^^^^^^^^^^^^^^^^^^^^^^^^^^^^^^^^^^^^^^^^^^^^^^^^^^^^^^^^^^^^^^^^^^^^^^^^^^^^^
  File "/usr/local/lib/python3.12/dist-packages/torch/distributed/elastic/multiprocessing/errors/__init__.py", line 355, in wrapper
    return f(*args, **kwargs)
           ^^^^^^^^^^^^^^^^^^
  File "/usr/local/lib/python3.12/dist-packages/torch/distributed/run.py", line 889, in main
Traceback (most recent call last):
  File "/usr/local/bin/torchrun", line 33, in <module>
Traceback (most recent call last):
  File "/usr/local/bin/torchrun", line 33, in <module>
    run(args)
  File "/usr/local/lib/python3.12/dist-packages/torch/distributed/run.py", line 880, in run
    sys.exit(load_entry_point('torch==2.7.0a0+7c8ec84dab.nv25.3', 'console_scripts', 'torchrun')())
    sys.exit(load_entry_point('torch==2.7.0a0+7c8ec84dab.nv25.3', 'console_scripts', 'torchrun')())
             ^^^^^^^^^^^^^^^^^^^^^^^^^^^^^^^^^^^^^^^^^^^^^^^^^^^^^^^^^^^^^^^^^^^^^^^^^^^^^^^^^^^^^
  File "/usr/local/lib/python3.12/dist-packages/torch/distributed/elastic/multiprocessing/errors/__init__.py", line 355, in wrapper
             ^^^^^^^^^^^^^^^^^^^^^^^^^^^^^^^^^^^^^^^^^^^^^^^^^^^^^^^^^^^^^^^^^^^^^^^^^^^^^^^^^^^^^
  File "/usr/local/lib/python3.12/dist-packages/torch/distributed/elastic/multiprocessing/errors/__init__.py", line 355, in wrapper
    elastic_launch(
  File "/usr/local/lib/python3.12/dist-packages/torch/distributed/launcher/api.py", line 139, in __call__
    return f(*args, **kwargs)
    return launch_agent(self._config, self._entrypoint, list(args))
    return f(*args, **kwargs)
           ^^^^^^^^^^^^^^^^^^
  File "/usr/local/lib/python3.12/dist-packages/torch/distributed/run.py", line 889, in main
           ^^^^^^^^^^^^^^^^^^
           ^^^^^^^^^^^^^^^^^^^^^^^^^^^^^^^^^^^^^^^^^^^^^^^^^^^^^^^^
  File "/usr/local/lib/python3.12/dist-packages/torch/distributed/launcher/api.py", line 270, in launch_agent
  File "/usr/local/lib/python3.12/dist-packages/torch/distributed/run.py", line 889, in main
    raise ChildFailedError(
torch.distributed.elastic.multiprocessing.errors.ChildFailedError: 
============================================================
/work/p26037/barman/luciole-1B/training/train/train_ssa_triton/launcher.py FAILED
------------------------------------------------------------
Failures:
[1]:
  time      : 2026-04-03_11:40:25
  host      : kairosgh7.calmip.cluster
  rank      : 14 (local_rank: 2)
  exitcode  : 1 (pid: 824039)
  error_file: <N/A>
  traceback : To enable traceback see: https://pytorch.org/docs/stable/elastic/errors.html
[2]:
  time      : 2026-04-03_11:40:25
  host      : kairosgh7.calmip.cluster
  rank      : 15 (local_rank: 3)
  exitcode  : 1 (pid: 824040)
  error_file: <N/A>
  traceback : To enable traceback see: https://pytorch.org/docs/stable/elastic/errors.html
------------------------------------------------------------
Root Cause (first observed failure):
[0]:
  time      : 2026-04-03_11:40:25
  host      : kairosgh7.calmip.cluster
  rank      : 13 (local_rank: 1)
  exitcode  : 1 (pid: 824038)
  error_file: <N/A>
  traceback : To enable traceback see: https://pytorch.org/docs/stable/elastic/errors.html
============================================================
    run(args)
    run(args)
  File "/usr/local/lib/python3.12/dist-packages/torch/distributed/run.py", line 880, in run
  File "/usr/local/lib/python3.12/dist-packages/torch/distributed/run.py", line 880, in run
    elastic_launch(
  File "/usr/local/lib/python3.12/dist-packages/torch/distributed/launcher/api.py", line 139, in __call__
    elastic_launch(
  File "/usr/local/lib/python3.12/dist-packages/torch/distributed/launcher/api.py", line 139, in __call__
Traceback (most recent call last):
  File "/usr/local/bin/torchrun", line 33, in <module>
    return launch_agent(self._config, self._entrypoint, list(args))
    return launch_agent(self._config, self._entrypoint, list(args))
           ^^^^^^^^^^^^^^^^^^^^^^^^^^^^^^^^^^^^^^^^^^^^^^^^^^^^^^^^
  File "/usr/local/lib/python3.12/dist-packages/torch/distributed/launcher/api.py", line 270, in launch_agent
           ^^^^^^^^^^^^^^^^^^^^^^^^^^^^^^^^^^^^^^^^^^^^^^^^^^^^^^^^
  File "/usr/local/lib/python3.12/dist-packages/torch/distributed/launcher/api.py", line 270, in launch_agent
    sys.exit(load_entry_point('torch==2.7.0a0+7c8ec84dab.nv25.3', 'console_scripts', 'torchrun')())
    raise ChildFailedError(
torch.distributed.elastic.multiprocessing.errors.ChildFailedError: 
============================================================
/work/p26037/barman/luciole-1B/training/train/train_ssa_triton/launcher.py FAILED
------------------------------------------------------------
Failures:
[1]:
  time      : 2026-04-03_11:40:25
  host      : kairosgh12.calmip.cluster
  rank      : 10 (local_rank: 2)
  exitcode  : 1 (pid: 737408)
  error_file: <N/A>
  traceback : To enable traceback see: https://pytorch.org/docs/stable/elastic/errors.html
[2]:
  time      : 2026-04-03_11:40:25
  host      : kairosgh12.calmip.cluster
  rank      : 11 (local_rank: 3)
  exitcode  : 1 (pid: 737409)
  error_file: <N/A>
  traceback : To enable traceback see: https://pytorch.org/docs/stable/elastic/errors.html
------------------------------------------------------------
Root Cause (first observed failure):
[0]:
  time      : 2026-04-03_11:40:25
  host      : kairosgh12.calmip.cluster
  rank      : 9 (local_rank: 1)
  exitcode  : 1 (pid: 737407)
  error_file: <N/A>
  traceback : To enable traceback see: https://pytorch.org/docs/stable/elastic/errors.html
============================================================
    raise ChildFailedError(
torch.distributed.elastic.multiprocessing.errors.ChildFailedError: 
============================================================
/work/p26037/barman/luciole-1B/training/train/train_ssa_triton/launcher.py FAILED
------------------------------------------------------------
Failures:
[1]:
  time      : 2026-04-03_11:40:25
  host      : kairosgh10.calmip.cluster
  rank      : 2 (local_rank: 2)
  exitcode  : 1 (pid: 159218)
  error_file: <N/A>
  traceback : To enable traceback see: https://pytorch.org/docs/stable/elastic/errors.html
[2]:
  time      : 2026-04-03_11:40:25
  host      : kairosgh10.calmip.cluster
  rank      : 3 (local_rank: 3)
  exitcode  : 1 (pid: 159219)
  error_file: <N/A>
  traceback : To enable traceback see: https://pytorch.org/docs/stable/elastic/errors.html
------------------------------------------------------------
Root Cause (first observed failure):
[0]:
  time      : 2026-04-03_11:40:25
  host      : kairosgh10.calmip.cluster
  rank      : 1 (local_rank: 1)
             ^^^^^^^^^^^^^^^^^^^^^^^^^^^^^^^^^^^^^^^^^^^^^^^^^^^^^^^^^^^^^^^^^^^^^^^^^^^^^^^^^^^^^
  File "/usr/local/lib/python3.12/dist-packages/torch/distributed/elastic/multiprocessing/errors/__init__.py", line 355, in wrapper
  exitcode  : 1 (pid: 159217)
  error_file: <N/A>
  traceback : To enable traceback see: https://pytorch.org/docs/stable/elastic/errors.html
    return f(*args, **kwargs)
============================================================
           ^^^^^^^^^^^^^^^^^^
  File "/usr/local/lib/python3.12/dist-packages/torch/distributed/run.py", line 889, in main
    run(args)
  File "/usr/local/lib/python3.12/dist-packages/torch/distributed/run.py", line 880, in run
    elastic_launch(
  File "/usr/local/lib/python3.12/dist-packages/torch/distributed/launcher/api.py", line 139, in __call__
    return launch_agent(self._config, self._entrypoint, list(args))
           ^^^^^^^^^^^^^^^^^^^^^^^^^^^^^^^^^^^^^^^^^^^^^^^^^^^^^^^^
  File "/usr/local/lib/python3.12/dist-packages/torch/distributed/launcher/api.py", line 270, in launch_agent
    raise ChildFailedError(
torch.distributed.elastic.multiprocessing.errors.ChildFailedError: 
============================================================
/work/p26037/barman/luciole-1B/training/train/train_ssa_triton/launcher.py FAILED
------------------------------------------------------------
Failures:
[1]:
  time      : 2026-04-03_11:40:25
  host      : kairosgh11.calmip.cluster
  rank      : 6 (local_rank: 2)
  exitcode  : 1 (pid: 163307)
  error_file: <N/A>
  traceback : To enable traceback see: https://pytorch.org/docs/stable/elastic/errors.html
[2]:
  time      : 2026-04-03_11:40:25
  host      : kairosgh11.calmip.cluster
  rank      : 7 (local_rank: 3)
  exitcode  : 1 (pid: 163308)
  error_file: <N/A>
  traceback : To enable traceback see: https://pytorch.org/docs/stable/elastic/errors.html
------------------------------------------------------------
Root Cause (first observed failure):
[0]:
  time      : 2026-04-03_11:40:25
  host      : kairosgh11.calmip.cluster
  rank      : 5 (local_rank: 1)
  exitcode  : 1 (pid: 163306)
  error_file: <N/A>
  traceback : To enable traceback see: https://pytorch.org/docs/stable/elastic/errors.html
============================================================
srun: error: kairosgh12: task 3: Exited with exit code 1
srun: error: kairosgh7: task 0: Exited with exit code 1
srun: error: kairosgh11: task 2: Exited with exit code 1
srun: error: kairosgh10: task 1: Exited with exit code 1
==========================================
SSA Triton Training finished with status 1
==========================================
