==========================================
Starting SSA Triton Training
Datamix:     /work/p26037/barman/luciole-1B/training/train/train_ssa_triton/datamix_luciole_phase1.json
Output:      /tmpdir/barman/bs1024_fullrun/outputs
Name:        nemotron-1B-SSA-Triton-bs1024
Batch size:  1024
Nodes:       2
Duration:    00:01:00:00
SSA n:       1.5
SSA b:       0.8
Kernel ver:  triton
Compile BDA: 1
Warmup step: 2000
Skip warmup: 1
Contig QKV:  1
Global max:  715788
This-run max:0
W&B:         0 (mode=offline)
==========================================
[W402 16:14:45.382872778 socket.cpp:755] [c10d] The client socket cannot be initialized to connect to [kairosgh4.calmip.cluster]:22902 (errno: 97 - Address family not supported by protocol).
[W402 16:14:45.759351332 socket.cpp:755] [c10d] The client socket cannot be initialized to connect to [kairosgh4.calmip.cluster]:22902 (errno: 97 - Address family not supported by protocol).
[W402 16:14:46.125050191 socket.cpp:755] [c10d] The client socket cannot be initialized to connect to [kairosgh14.calmip.cluster]:41511 (errno: 97 - Address family not supported by protocol).
[launcher] rank=1/3 | GPU=1 | NUMA=1 | cores=72-143 | script=train_ssa_triton.py
[launcher] rank=3/3 | GPU=3 | NUMA=3 | cores=216-287 | script=train_ssa_triton.py
[launcher] rank=2/3 | GPU=2 | NUMA=2 | cores=144-215 | script=train_ssa_triton.py
[launcher] rank=0/3 | GPU=0 | NUMA=0 | cores=0-71 | script=train_ssa_triton.py
[launcher] rank=3/3 | GPU=3 | NUMA=3 | cores=216-287 | script=train_ssa_triton.py
[launcher] rank=2/3 | GPU=2 | NUMA=2 | cores=144-215 | script=train_ssa_triton.py
[launcher] rank=0/3 | GPU=0 | NUMA=0 | cores=0-71 | script=train_ssa_triton.py
[launcher] rank=1/3 | GPU=1 | NUMA=1 | cores=72-143 | script=train_ssa_triton.py
==========================================
SSA Triton Training finished with status 0
==========================================
