Loading gcc/14.2.0
  Loading requirement: gmp/6.3.0 mpfr/4.2.1 mpc/1.3.1
==========================================
Starting SSA Triton Training
Datamix:     /lustre/work/pdl17996/udl62d273/luciole-1B/training/train/train_ssa_triton_blackwell/luciole_phase2.json
Output:      /lustre/work/pdl17996/udl62d273/phase2_output_blackwell/outputs
Name:        nemotron-1B-SSA-Triton-nsys-w4s4
Batch size:  1024
Micro batch: 8
Nodes:       4
Duration:    02:00:00:00
SSA n:       1.5
SSA b:       0.8
Kernel ver:  triton
Compile BDA: 1
BWD warps:   4
BWD stages:  4
Warmup step: 40
Skip warmup: 1
Contig QKV:  1
Global max:  20
This-run max:0
Checkpoint:  every 1000 steps
Nsight:      1 (delay=300s, duration=120s)
W&B:         0 (mode=offline)
==========================================
Illegal --trace argument 'nccl'
Possible --trace values are one or more of 'cuda', 'cuda-hw', 'nvtx', 'cublas', 'cublas-verbose', 'cusolver', 'cusolver-verbose', 'cusparse', 
	   'cusparse-verbose', 'mpi', 'oshmem', 'ucx', 'nvvideo', 'osrt', 'cudnn', 'opengl', 'opengl-annotations', 'openacc', 'openmp', 'vulkan', 'vulkan-annotations', 'syscall' (requires root) or 'none'

usage: nsys profile [<args>] [application] [<application args>]
Try 'nsys profile --help' for more information.
Illegal --trace argument 'nccl'
Possible --trace values are one or more of 'cuda', 'cuda-hw', 'nvtx', 'cublas', 'cublas-verbose', 'cusolver', 'cusolver-verbose', 'cusparse', 
	   'cusparse-verbose', 'mpi', 'oshmem', 'ucx', 'nvvideo', 'osrt', 'cudnn', 'opengl', 'opengl-annotations', 'openacc', 'openmp', 'vulkan', 'vulkan-annotations', 'syscall' (requires root) or 'none'

usage: nsys profile [<args>] [application] [<application args>]
Try 'nsys profile --help' for more information.
Illegal --trace argument 'nccl'
Possible --trace values are one or more of 'cuda', 'cuda-hw', 'nvtx', 'cublas', 'cublas-verbose', 'cusolver', 'cusolver-verbose', 'cusparse', 
	   'cusparse-verbose', 'mpi', 'oshmem', 'ucx', 'nvvideo', 'osrt', 'cudnn', 'opengl', 'opengl-annotations', 'openacc', 'openmp', 'vulkan', 'vulkan-annotations', 'syscall' (requires root) or 'none'

usage: nsys profile [<args>] [application] [<application args>]
Try 'nsys profile --help' for more information.
Illegal --trace argument 'nccl'
Possible --trace values are one or more of 'cuda', 'cuda-hw', 'nvtx', 'cublas', 'cublas-verbose', 'cusolver', 'cusolver-verbose', 'cusparse', 
	   'cusparse-verbose', 'mpi', 'oshmem', 'ucx', 'nvvideo', 'osrt', 'cudnn', 'opengl', 'opengl-annotations', 'openacc', 'openmp', 'vulkan', 'vulkan-annotations', 'syscall' (requires root) or 'none'

usage: nsys profile [<args>] [application] [<application args>]
Try 'nsys profile --help' for more information.
srun: error: dalianvl14: task 1: Exited with exit code 1
srun: error: dalianvl13: task 0: Exited with exit code 1
srun: error: dalianvl17: task 3: Exited with exit code 1
srun: error: dalianvl16: task 2: Exited with exit code 1
==========================================
SSA Triton Training finished with status 1
==========================================
