==========================================
Preprocessing FineWeb-Edu with Luciole 50k tokenizer
Tokenizer:   /work/m24047/m24047brmn/tokenizers/luciole_50k
Input:       /work/shares/IA-Datasets/fineweb_edu_10bt_shuffled
Output:      /tmpdir/m24047brmn/nemo_1b/data_fwe_50k/fineweb_edu_text_document.{bin,idx}
Max tokens:  10000000000
==========================================
2026-02-06 16:51:13,486 - INFO - The multistorageclient package is available.
2026-02-06 16:51:17,615 - INFO - Detected Megatron Core, using Megatron-FSDP with Megatron.
2026-02-06 16:51:17,618 - INFO - Detected Megatron Core, using Megatron-FSDP with Megatron.
2026-02-06 16:51:19,316 - INFO - Loading tokenizer from: /work/m24047/m24047brmn/tokenizers/luciole_50k
2026-02-06 16:51:19,340 - INFO - Loaded SentencePiece tokenizer with vocab size: 50256
2026-02-06 16:51:19,340 - INFO - EOS token ID: 3
2026-02-06 16:51:19,340 - INFO - Reading JSONL files from: /work/shares/IA-Datasets/fineweb_edu_10bt_shuffled
2026-02-06 16:51:19,344 - INFO - Starting tokenization (target: 10,000,000,000 tokens)...
2026-02-06 16:51:19,345 - INFO - Found 2 JSONL files: ['fineweb_edu_10bt.chunk.00.jsonl', 'fineweb_edu_10bt.chunk.01.jsonl']
2026-02-06 16:51:19,345 - INFO - Processing file: fineweb_edu_10bt.chunk.00.jsonl
2026-02-06 16:51:45,917 - INFO - Progress: 10,000 docs, 10,449,662 tokens (0.10%)
2026-02-06 16:52:12,279 - INFO - Progress: 20,000 docs, 20,904,682 tokens (0.21%)
2026-02-06 16:52:39,132 - INFO - Progress: 30,000 docs, 31,513,211 tokens (0.32%)
2026-02-06 16:53:05,439 - INFO - Progress: 40,000 docs, 41,949,027 tokens (0.42%)
2026-02-06 16:53:32,562 - INFO - Progress: 50,000 docs, 52,777,546 tokens (0.53%)
2026-02-06 16:53:58,388 - INFO - Progress: 60,000 docs, 63,002,280 tokens (0.63%)
2026-02-06 16:54:24,682 - INFO - Progress: 70,000 docs, 73,434,964 tokens (0.73%)
2026-02-06 16:54:51,069 - INFO - Progress: 80,000 docs, 83,907,879 tokens (0.84%)
2026-02-06 16:55:17,375 - INFO - Progress: 90,000 docs, 94,377,937 tokens (0.94%)
2026-02-06 16:55:43,830 - INFO - Progress: 100,000 docs, 104,879,552 tokens (1.05%)
2026-02-06 16:56:11,581 - INFO - Progress: 110,000 docs, 115,755,498 tokens (1.16%)
2026-02-06 16:56:37,324 - INFO - Progress: 120,000 docs, 125,966,924 tokens (1.26%)
2026-02-06 16:57:03,259 - INFO - Progress: 130,000 docs, 136,226,405 tokens (1.36%)
2026-02-06 16:57:28,453 - INFO - Progress: 140,000 docs, 146,197,266 tokens (1.46%)
2026-02-06 16:57:54,973 - INFO - Progress: 150,000 docs, 156,710,361 tokens (1.57%)
2026-02-06 16:58:20,862 - INFO - Progress: 160,000 docs, 166,983,009 tokens (1.67%)
2026-02-06 16:58:47,579 - INFO - Progress: 170,000 docs, 177,574,348 tokens (1.78%)
2026-02-06 16:59:14,717 - INFO - Progress: 180,000 docs, 188,299,074 tokens (1.88%)
2026-02-06 16:59:40,485 - INFO - Progress: 190,000 docs, 198,571,159 tokens (1.99%)
2026-02-06 17:00:06,644 - INFO - Progress: 200,000 docs, 208,921,096 tokens (2.09%)
2026-02-06 17:00:33,656 - INFO - Progress: 210,000 docs, 219,630,933 tokens (2.20%)
2026-02-06 17:00:59,763 - INFO - Progress: 220,000 docs, 229,959,167 tokens (2.30%)
2026-02-06 17:01:27,019 - INFO - Progress: 230,000 docs, 240,684,632 tokens (2.41%)
2026-02-06 17:01:54,192 - INFO - Progress: 240,000 docs, 251,406,425 tokens (2.51%)
2026-02-06 17:02:19,646 - INFO - Progress: 250,000 docs, 261,451,376 tokens (2.61%)
2026-02-06 17:02:45,563 - INFO - Progress: 260,000 docs, 271,758,993 tokens (2.72%)
2026-02-06 17:03:11,533 - INFO - Progress: 270,000 docs, 282,053,069 tokens (2.82%)
2026-02-06 17:03:39,145 - INFO - Progress: 280,000 docs, 292,896,935 tokens (2.93%)
2026-02-06 17:04:05,464 - INFO - Progress: 290,000 docs, 303,365,160 tokens (3.03%)
2026-02-06 17:04:31,749 - INFO - Progress: 300,000 docs, 313,796,626 tokens (3.14%)
2026-02-06 17:04:58,386 - INFO - Progress: 310,000 docs, 324,310,642 tokens (3.24%)
2026-02-06 17:05:24,817 - INFO - Progress: 320,000 docs, 334,770,391 tokens (3.35%)
2026-02-06 17:05:50,840 - INFO - Progress: 330,000 docs, 345,125,315 tokens (3.45%)
2026-02-06 17:06:17,194 - INFO - Progress: 340,000 docs, 355,606,319 tokens (3.56%)
2026-02-06 17:06:44,202 - INFO - Progress: 350,000 docs, 366,284,155 tokens (3.66%)
2026-02-06 17:07:10,320 - INFO - Progress: 360,000 docs, 376,574,972 tokens (3.77%)
2026-02-06 17:07:36,738 - INFO - Progress: 370,000 docs, 387,061,215 tokens (3.87%)
2026-02-06 17:08:03,008 - INFO - Progress: 380,000 docs, 397,482,439 tokens (3.97%)
2026-02-06 17:08:29,228 - INFO - Progress: 390,000 docs, 407,880,111 tokens (4.08%)
2026-02-06 17:08:54,950 - INFO - Progress: 400,000 docs, 418,146,794 tokens (4.18%)
2026-02-06 17:09:20,659 - INFO - Progress: 410,000 docs, 428,395,139 tokens (4.28%)
2026-02-06 17:09:47,051 - INFO - Progress: 420,000 docs, 438,842,097 tokens (4.39%)
2026-02-06 17:10:12,453 - INFO - Progress: 430,000 docs, 448,945,651 tokens (4.49%)
2026-02-06 17:10:38,657 - INFO - Progress: 440,000 docs, 459,351,702 tokens (4.59%)
2026-02-06 17:11:05,602 - INFO - Progress: 450,000 docs, 470,037,141 tokens (4.70%)
2026-02-06 17:11:32,591 - INFO - Progress: 460,000 docs, 480,685,942 tokens (4.81%)
2026-02-06 17:11:58,288 - INFO - Progress: 470,000 docs, 490,912,241 tokens (4.91%)
2026-02-06 17:12:24,704 - INFO - Progress: 480,000 docs, 501,358,108 tokens (5.01%)
2026-02-06 17:12:50,962 - INFO - Progress: 490,000 docs, 511,773,481 tokens (5.12%)
2026-02-06 17:13:16,405 - INFO - Progress: 500,000 docs, 521,948,601 tokens (5.22%)
2026-02-06 17:13:43,198 - INFO - Progress: 510,000 docs, 532,646,604 tokens (5.33%)
2026-02-06 17:14:08,812 - INFO - Progress: 520,000 docs, 542,851,303 tokens (5.43%)
2026-02-06 17:14:35,789 - INFO - Progress: 530,000 docs, 553,534,216 tokens (5.54%)
2026-02-06 17:15:02,924 - INFO - Progress: 540,000 docs, 564,290,266 tokens (5.64%)
2026-02-06 17:15:29,412 - INFO - Progress: 550,000 docs, 574,740,179 tokens (5.75%)
2026-02-06 17:15:55,189 - INFO - Progress: 560,000 docs, 585,027,000 tokens (5.85%)
2026-02-06 17:16:22,392 - INFO - Progress: 570,000 docs, 595,800,294 tokens (5.96%)
2026-02-06 17:16:49,269 - INFO - Progress: 580,000 docs, 606,366,293 tokens (6.06%)
2026-02-06 17:17:15,703 - INFO - Progress: 590,000 docs, 616,834,253 tokens (6.17%)
2026-02-06 17:17:41,590 - INFO - Progress: 600,000 docs, 627,046,463 tokens (6.27%)
2026-02-06 17:18:07,969 - INFO - Progress: 610,000 docs, 637,509,369 tokens (6.38%)
2026-02-06 17:18:34,451 - INFO - Progress: 620,000 docs, 648,011,534 tokens (6.48%)
2026-02-06 17:19:00,554 - INFO - Progress: 630,000 docs, 658,398,520 tokens (6.58%)
2026-02-06 17:19:27,048 - INFO - Progress: 640,000 docs, 668,956,100 tokens (6.69%)
2026-02-06 17:19:54,484 - INFO - Progress: 650,000 docs, 679,725,910 tokens (6.80%)
2026-02-06 17:20:20,605 - INFO - Progress: 660,000 docs, 690,070,328 tokens (6.90%)
2026-02-06 17:20:46,601 - INFO - Progress: 670,000 docs, 700,386,744 tokens (7.00%)
2026-02-06 17:21:13,382 - INFO - Progress: 680,000 docs, 710,948,154 tokens (7.11%)
2026-02-06 17:21:39,480 - INFO - Progress: 690,000 docs, 721,213,947 tokens (7.21%)
2026-02-06 17:22:06,009 - INFO - Progress: 700,000 docs, 731,769,702 tokens (7.32%)
2026-02-06 17:22:31,668 - INFO - Progress: 710,000 docs, 741,929,378 tokens (7.42%)
2026-02-06 17:22:57,986 - INFO - Progress: 720,000 docs, 752,352,250 tokens (7.52%)
2026-02-06 17:23:23,480 - INFO - Progress: 730,000 docs, 762,466,029 tokens (7.62%)
2026-02-06 17:23:49,833 - INFO - Progress: 740,000 docs, 772,909,662 tokens (7.73%)
2026-02-06 17:24:16,766 - INFO - Progress: 750,000 docs, 783,501,964 tokens (7.84%)
2026-02-06 17:24:43,500 - INFO - Progress: 760,000 docs, 794,060,597 tokens (7.94%)
2026-02-06 17:25:09,525 - INFO - Progress: 770,000 docs, 804,387,768 tokens (8.04%)
2026-02-06 17:25:35,057 - INFO - Progress: 780,000 docs, 814,581,017 tokens (8.15%)
2026-02-06 17:26:00,793 - INFO - Progress: 790,000 docs, 824,818,374 tokens (8.25%)
2026-02-06 17:26:27,178 - INFO - Progress: 800,000 docs, 835,301,342 tokens (8.35%)
2026-02-06 17:26:53,147 - INFO - Progress: 810,000 docs, 845,591,602 tokens (8.46%)
2026-02-06 17:27:21,231 - INFO - Progress: 820,000 docs, 856,597,803 tokens (8.57%)
2026-02-06 17:27:46,760 - INFO - Progress: 830,000 docs, 866,723,726 tokens (8.67%)
2026-02-06 17:28:13,705 - INFO - Progress: 840,000 docs, 877,300,029 tokens (8.77%)
2026-02-06 17:28:39,861 - INFO - Progress: 850,000 docs, 887,635,641 tokens (8.88%)
2026-02-06 17:29:05,900 - INFO - Progress: 860,000 docs, 897,971,388 tokens (8.98%)
2026-02-06 17:29:31,978 - INFO - Progress: 870,000 docs, 908,280,161 tokens (9.08%)
2026-02-06 17:29:58,362 - INFO - Progress: 880,000 docs, 918,674,702 tokens (9.19%)
2026-02-06 17:30:24,476 - INFO - Progress: 890,000 docs, 929,032,810 tokens (9.29%)
2026-02-06 17:30:51,773 - INFO - Progress: 900,000 docs, 939,834,634 tokens (9.40%)
2026-02-06 17:31:18,516 - INFO - Progress: 910,000 docs, 950,401,429 tokens (9.50%)
2026-02-06 17:31:44,376 - INFO - Progress: 920,000 docs, 960,687,880 tokens (9.61%)
2026-02-06 17:32:11,601 - INFO - Progress: 930,000 docs, 971,493,416 tokens (9.71%)
2026-02-06 17:32:37,382 - INFO - Progress: 940,000 docs, 981,754,581 tokens (9.82%)
2026-02-06 17:33:03,269 - INFO - Progress: 950,000 docs, 992,007,404 tokens (9.92%)
2026-02-06 17:33:28,634 - INFO - Progress: 960,000 docs, 1,002,121,871 tokens (10.02%)
2026-02-06 17:33:56,176 - INFO - Progress: 970,000 docs, 1,012,788,090 tokens (10.13%)
2026-02-06 17:34:23,113 - INFO - Progress: 980,000 docs, 1,023,422,258 tokens (10.23%)
2026-02-06 17:34:49,575 - INFO - Progress: 990,000 docs, 1,033,868,554 tokens (10.34%)
2026-02-06 17:35:16,468 - INFO - Progress: 1,000,000 docs, 1,044,449,699 tokens (10.44%)
2026-02-06 17:35:43,442 - INFO - Progress: 1,010,000 docs, 1,055,094,984 tokens (10.55%)
2026-02-06 17:36:09,230 - INFO - Progress: 1,020,000 docs, 1,065,324,118 tokens (10.65%)
2026-02-06 17:36:35,167 - INFO - Progress: 1,030,000 docs, 1,075,603,382 tokens (10.76%)
2026-02-06 17:37:01,186 - INFO - Progress: 1,040,000 docs, 1,085,880,091 tokens (10.86%)
2026-02-06 17:37:27,480 - INFO - Progress: 1,050,000 docs, 1,096,302,939 tokens (10.96%)
2026-02-06 17:37:53,507 - INFO - Progress: 1,060,000 docs, 1,106,635,150 tokens (11.07%)
2026-02-06 17:38:20,076 - INFO - Progress: 1,070,000 docs, 1,117,136,515 tokens (11.17%)
2026-02-06 17:38:46,920 - INFO - Progress: 1,080,000 docs, 1,127,736,019 tokens (11.28%)
2026-02-06 17:39:13,260 - INFO - Progress: 1,090,000 docs, 1,138,151,784 tokens (11.38%)
2026-02-06 17:39:40,043 - INFO - Progress: 1,100,000 docs, 1,148,718,037 tokens (11.49%)
2026-02-06 17:40:07,065 - INFO - Progress: 1,110,000 docs, 1,159,440,759 tokens (11.59%)
2026-02-06 17:40:33,446 - INFO - Progress: 1,120,000 docs, 1,169,799,087 tokens (11.70%)
2026-02-06 17:41:00,555 - INFO - Progress: 1,130,000 docs, 1,180,486,591 tokens (11.80%)
2026-02-06 17:41:27,659 - INFO - Progress: 1,140,000 docs, 1,191,140,527 tokens (11.91%)
2026-02-06 17:41:53,563 - INFO - Progress: 1,150,000 docs, 1,201,394,600 tokens (12.01%)
2026-02-06 17:42:19,790 - INFO - Progress: 1,160,000 docs, 1,211,785,635 tokens (12.12%)
2026-02-06 17:42:47,513 - INFO - Progress: 1,170,000 docs, 1,222,728,808 tokens (12.23%)
2026-02-06 17:43:13,908 - INFO - Progress: 1,180,000 docs, 1,233,195,902 tokens (12.33%)
2026-02-06 17:43:40,822 - INFO - Progress: 1,190,000 docs, 1,243,813,556 tokens (12.44%)
2026-02-06 17:44:07,111 - INFO - Progress: 1,200,000 docs, 1,254,174,875 tokens (12.54%)
2026-02-06 17:44:33,599 - INFO - Progress: 1,210,000 docs, 1,264,642,239 tokens (12.65%)
2026-02-06 17:45:00,409 - INFO - Progress: 1,220,000 docs, 1,275,273,466 tokens (12.75%)
2026-02-06 17:45:26,978 - INFO - Progress: 1,230,000 docs, 1,285,750,708 tokens (12.86%)
2026-02-06 17:45:53,230 - INFO - Progress: 1,240,000 docs, 1,296,168,611 tokens (12.96%)
2026-02-06 17:46:20,020 - INFO - Progress: 1,250,000 docs, 1,306,772,544 tokens (13.07%)
2026-02-06 17:46:45,854 - INFO - Progress: 1,260,000 docs, 1,317,034,287 tokens (13.17%)
2026-02-06 17:47:12,821 - INFO - Progress: 1,270,000 docs, 1,327,682,546 tokens (13.28%)
2026-02-06 17:47:39,209 - INFO - Progress: 1,280,000 docs, 1,338,271,773 tokens (13.38%)
2026-02-06 17:48:06,009 - INFO - Progress: 1,290,000 docs, 1,348,904,366 tokens (13.49%)
2026-02-06 17:48:33,337 - INFO - Progress: 1,300,000 docs, 1,359,678,243 tokens (13.60%)
2026-02-06 17:48:59,395 - INFO - Progress: 1,310,000 docs, 1,370,079,189 tokens (13.70%)
2026-02-06 17:49:25,440 - INFO - Progress: 1,320,000 docs, 1,380,424,057 tokens (13.80%)
2026-02-06 17:49:51,876 - INFO - Progress: 1,330,000 docs, 1,390,855,994 tokens (13.91%)
2026-02-06 17:50:19,173 - INFO - Progress: 1,340,000 docs, 1,401,534,513 tokens (14.02%)
2026-02-06 17:50:45,185 - INFO - Progress: 1,350,000 docs, 1,411,841,971 tokens (14.12%)
2026-02-06 17:51:11,465 - INFO - Progress: 1,360,000 docs, 1,422,268,634 tokens (14.22%)
2026-02-06 17:51:37,912 - INFO - Progress: 1,370,000 docs, 1,432,745,989 tokens (14.33%)
2026-02-06 17:52:04,942 - INFO - Progress: 1,380,000 docs, 1,443,434,149 tokens (14.43%)
2026-02-06 17:52:31,944 - INFO - Progress: 1,390,000 docs, 1,454,144,093 tokens (14.54%)
2026-02-06 17:52:58,925 - INFO - Progress: 1,400,000 docs, 1,464,921,196 tokens (14.65%)
2026-02-06 17:53:24,614 - INFO - Progress: 1,410,000 docs, 1,475,112,074 tokens (14.75%)
2026-02-06 17:53:51,042 - INFO - Progress: 1,420,000 docs, 1,485,664,102 tokens (14.86%)
2026-02-06 17:54:16,777 - INFO - Progress: 1,430,000 docs, 1,495,877,994 tokens (14.96%)
2026-02-06 17:54:43,146 - INFO - Progress: 1,440,000 docs, 1,506,374,516 tokens (15.06%)
2026-02-06 17:55:08,375 - INFO - Progress: 1,450,000 docs, 1,516,419,236 tokens (15.16%)
2026-02-06 17:55:35,300 - INFO - Progress: 1,460,000 docs, 1,527,040,140 tokens (15.27%)
2026-02-06 17:56:01,781 - INFO - Progress: 1,470,000 docs, 1,537,521,983 tokens (15.38%)
2026-02-06 17:56:29,366 - INFO - Progress: 1,480,000 docs, 1,548,266,805 tokens (15.48%)
2026-02-06 17:56:55,084 - INFO - Progress: 1,490,000 docs, 1,558,499,132 tokens (15.58%)
2026-02-06 17:57:19,765 - INFO - Progress: 1,500,000 docs, 1,568,316,323 tokens (15.68%)
2026-02-06 17:57:46,417 - INFO - Progress: 1,510,000 docs, 1,578,879,769 tokens (15.79%)
2026-02-06 17:58:13,028 - INFO - Progress: 1,520,000 docs, 1,589,366,562 tokens (15.89%)
2026-02-06 17:58:38,978 - INFO - Progress: 1,530,000 docs, 1,599,637,366 tokens (16.00%)
2026-02-06 17:59:05,464 - INFO - Progress: 1,540,000 docs, 1,610,135,364 tokens (16.10%)
2026-02-06 17:59:31,062 - INFO - Progress: 1,550,000 docs, 1,620,264,248 tokens (16.20%)
2026-02-06 17:59:58,335 - INFO - Progress: 1,560,000 docs, 1,631,002,786 tokens (16.31%)
2026-02-06 18:00:24,640 - INFO - Progress: 1,570,000 docs, 1,641,394,966 tokens (16.41%)
2026-02-06 18:00:50,541 - INFO - Progress: 1,580,000 docs, 1,651,592,575 tokens (16.52%)
2026-02-06 18:01:16,698 - INFO - Progress: 1,590,000 docs, 1,661,926,061 tokens (16.62%)
2026-02-06 18:01:43,248 - INFO - Progress: 1,600,000 docs, 1,672,471,277 tokens (16.72%)
2026-02-06 18:02:09,598 - INFO - Progress: 1,610,000 docs, 1,682,940,103 tokens (16.83%)
2026-02-06 18:02:35,827 - INFO - Progress: 1,620,000 docs, 1,693,231,429 tokens (16.93%)
2026-02-06 18:03:01,497 - INFO - Progress: 1,630,000 docs, 1,703,377,959 tokens (17.03%)
2026-02-06 18:03:27,820 - INFO - Progress: 1,640,000 docs, 1,713,810,856 tokens (17.14%)
2026-02-06 18:03:53,824 - INFO - Progress: 1,650,000 docs, 1,724,148,341 tokens (17.24%)
2026-02-06 18:04:20,615 - INFO - Progress: 1,660,000 docs, 1,734,736,106 tokens (17.35%)
2026-02-06 18:04:46,350 - INFO - Progress: 1,670,000 docs, 1,744,935,964 tokens (17.45%)
2026-02-06 18:05:13,236 - INFO - Progress: 1,680,000 docs, 1,755,497,559 tokens (17.55%)
2026-02-06 18:05:38,807 - INFO - Progress: 1,690,000 docs, 1,765,668,737 tokens (17.66%)
2026-02-06 18:06:04,855 - INFO - Progress: 1,700,000 docs, 1,776,035,775 tokens (17.76%)
2026-02-06 18:06:31,131 - INFO - Progress: 1,710,000 docs, 1,786,424,729 tokens (17.86%)
2026-02-06 18:06:58,576 - INFO - Progress: 1,720,000 docs, 1,797,230,712 tokens (17.97%)
2026-02-06 18:07:24,473 - INFO - Progress: 1,730,000 docs, 1,807,491,296 tokens (18.07%)
2026-02-06 18:07:51,149 - INFO - Progress: 1,740,000 docs, 1,818,030,639 tokens (18.18%)
2026-02-06 18:08:17,981 - INFO - Progress: 1,750,000 docs, 1,828,698,709 tokens (18.29%)
2026-02-06 18:08:43,642 - INFO - Progress: 1,760,000 docs, 1,838,919,765 tokens (18.39%)
2026-02-06 18:09:09,682 - INFO - Progress: 1,770,000 docs, 1,849,227,001 tokens (18.49%)
2026-02-06 18:09:36,170 - INFO - Progress: 1,780,000 docs, 1,859,772,378 tokens (18.60%)
2026-02-06 18:10:02,575 - INFO - Progress: 1,790,000 docs, 1,870,236,016 tokens (18.70%)
2026-02-06 18:10:29,291 - INFO - Progress: 1,800,000 docs, 1,880,754,666 tokens (18.81%)
2026-02-06 18:10:55,421 - INFO - Progress: 1,810,000 docs, 1,891,091,184 tokens (18.91%)
2026-02-06 18:11:20,977 - INFO - Progress: 1,820,000 docs, 1,901,188,340 tokens (19.01%)
2026-02-06 18:11:47,782 - INFO - Progress: 1,830,000 docs, 1,911,765,913 tokens (19.12%)
2026-02-06 18:12:13,719 - INFO - Progress: 1,840,000 docs, 1,922,045,198 tokens (19.22%)
2026-02-06 18:12:39,672 - INFO - Progress: 1,850,000 docs, 1,932,349,854 tokens (19.32%)
2026-02-06 18:13:04,963 - INFO - Progress: 1,860,000 docs, 1,942,333,664 tokens (19.42%)
2026-02-06 18:13:31,362 - INFO - Progress: 1,870,000 docs, 1,952,797,555 tokens (19.53%)
2026-02-06 18:13:57,447 - INFO - Progress: 1,880,000 docs, 1,963,091,477 tokens (19.63%)
2026-02-06 18:14:24,512 - INFO - Progress: 1,890,000 docs, 1,973,836,589 tokens (19.74%)
2026-02-06 18:14:50,899 - INFO - Progress: 1,900,000 docs, 1,984,304,675 tokens (19.84%)
2026-02-06 18:15:17,880 - INFO - Progress: 1,910,000 docs, 1,994,918,360 tokens (19.95%)
2026-02-06 18:15:44,085 - INFO - Progress: 1,920,000 docs, 2,005,380,825 tokens (20.05%)
2026-02-06 18:16:10,480 - INFO - Progress: 1,930,000 docs, 2,015,835,796 tokens (20.16%)
2026-02-06 18:16:36,343 - INFO - Progress: 1,940,000 docs, 2,026,129,127 tokens (20.26%)
2026-02-06 18:17:03,307 - INFO - Progress: 1,950,000 docs, 2,036,665,644 tokens (20.37%)
2026-02-06 18:17:30,740 - INFO - Progress: 1,960,000 docs, 2,047,437,641 tokens (20.47%)
2026-02-06 18:17:57,803 - INFO - Progress: 1,970,000 docs, 2,058,130,044 tokens (20.58%)
2026-02-06 18:18:24,216 - INFO - Progress: 1,980,000 docs, 2,068,611,502 tokens (20.69%)
2026-02-06 18:18:50,596 - INFO - Progress: 1,990,000 docs, 2,079,016,331 tokens (20.79%)
2026-02-06 18:19:17,214 - INFO - Progress: 2,000,000 docs, 2,089,536,707 tokens (20.90%)
2026-02-06 18:19:42,729 - INFO - Progress: 2,010,000 docs, 2,099,653,140 tokens (21.00%)
2026-02-06 18:20:10,057 - INFO - Progress: 2,020,000 docs, 2,110,455,512 tokens (21.10%)
2026-02-06 18:20:36,457 - INFO - Progress: 2,030,000 docs, 2,120,934,560 tokens (21.21%)
2026-02-06 18:21:03,061 - INFO - Progress: 2,040,000 docs, 2,131,409,089 tokens (21.31%)
2026-02-06 18:21:29,477 - INFO - Progress: 2,050,000 docs, 2,141,827,981 tokens (21.42%)
2026-02-06 18:21:55,474 - INFO - Progress: 2,060,000 docs, 2,152,143,749 tokens (21.52%)
2026-02-06 18:22:21,935 - INFO - Progress: 2,070,000 docs, 2,162,599,808 tokens (21.63%)
2026-02-06 18:22:49,232 - INFO - Progress: 2,080,000 docs, 2,173,235,898 tokens (21.73%)
2026-02-06 18:23:15,011 - INFO - Progress: 2,090,000 docs, 2,183,499,392 tokens (21.83%)
2026-02-06 18:23:41,213 - INFO - Progress: 2,100,000 docs, 2,193,875,041 tokens (21.94%)
2026-02-06 18:24:08,000 - INFO - Progress: 2,110,000 docs, 2,204,468,902 tokens (22.04%)
2026-02-06 18:24:34,451 - INFO - Progress: 2,120,000 docs, 2,214,925,318 tokens (22.15%)
2026-02-06 18:25:01,170 - INFO - Progress: 2,130,000 docs, 2,225,503,492 tokens (22.26%)
2026-02-06 18:25:26,880 - INFO - Progress: 2,140,000 docs, 2,235,724,979 tokens (22.36%)
2026-02-06 18:25:53,272 - INFO - Progress: 2,150,000 docs, 2,246,232,228 tokens (22.46%)
2026-02-06 18:26:19,489 - INFO - Progress: 2,160,000 docs, 2,256,563,808 tokens (22.57%)
2026-02-06 18:26:46,176 - INFO - Progress: 2,170,000 docs, 2,267,134,019 tokens (22.67%)
2026-02-06 18:27:12,711 - INFO - Progress: 2,180,000 docs, 2,277,608,859 tokens (22.78%)
2026-02-06 18:27:39,801 - INFO - Progress: 2,190,000 docs, 2,288,285,016 tokens (22.88%)
2026-02-06 18:28:05,518 - INFO - Progress: 2,200,000 docs, 2,298,506,387 tokens (22.99%)
2026-02-06 18:28:30,953 - INFO - Progress: 2,210,000 docs, 2,308,621,363 tokens (23.09%)
2026-02-06 18:28:57,568 - INFO - Progress: 2,220,000 docs, 2,319,098,109 tokens (23.19%)
2026-02-06 18:29:23,717 - INFO - Progress: 2,230,000 docs, 2,329,485,912 tokens (23.29%)
2026-02-06 18:29:49,829 - INFO - Progress: 2,240,000 docs, 2,339,797,973 tokens (23.40%)
2026-02-06 18:30:16,230 - INFO - Progress: 2,250,000 docs, 2,350,179,214 tokens (23.50%)
2026-02-06 18:30:43,126 - INFO - Progress: 2,260,000 docs, 2,360,689,405 tokens (23.61%)
2026-02-06 18:31:09,439 - INFO - Progress: 2,270,000 docs, 2,371,118,161 tokens (23.71%)
2026-02-06 18:31:35,893 - INFO - Progress: 2,280,000 docs, 2,381,606,524 tokens (23.82%)
2026-02-06 18:32:02,079 - INFO - Progress: 2,290,000 docs, 2,391,914,555 tokens (23.92%)
2026-02-06 18:32:28,268 - INFO - Progress: 2,300,000 docs, 2,402,274,702 tokens (24.02%)
2026-02-06 18:32:54,129 - INFO - Progress: 2,310,000 docs, 2,412,562,831 tokens (24.13%)
2026-02-06 18:33:20,987 - INFO - Progress: 2,320,000 docs, 2,423,082,169 tokens (24.23%)
2026-02-06 18:33:47,566 - INFO - Progress: 2,330,000 docs, 2,433,520,737 tokens (24.34%)
2026-02-06 18:34:14,300 - INFO - Progress: 2,340,000 docs, 2,444,122,998 tokens (24.44%)
2026-02-06 18:34:40,195 - INFO - Progress: 2,350,000 docs, 2,454,467,318 tokens (24.54%)
2026-02-06 18:35:07,654 - INFO - Progress: 2,360,000 docs, 2,465,263,335 tokens (24.65%)
2026-02-06 18:35:35,608 - INFO - Progress: 2,370,000 docs, 2,476,182,029 tokens (24.76%)
2026-02-06 18:36:01,381 - INFO - Progress: 2,380,000 docs, 2,486,371,920 tokens (24.86%)
2026-02-06 18:36:28,047 - INFO - Progress: 2,390,000 docs, 2,496,833,748 tokens (24.97%)
2026-02-06 18:36:54,730 - INFO - Progress: 2,400,000 docs, 2,507,454,029 tokens (25.07%)
2026-02-06 18:37:21,502 - INFO - Progress: 2,410,000 docs, 2,517,977,642 tokens (25.18%)
2026-02-06 18:37:47,509 - INFO - Progress: 2,420,000 docs, 2,528,321,972 tokens (25.28%)
2026-02-06 18:38:14,208 - INFO - Progress: 2,430,000 docs, 2,538,854,795 tokens (25.39%)
2026-02-06 18:38:40,581 - INFO - Progress: 2,440,000 docs, 2,549,304,456 tokens (25.49%)
2026-02-06 18:39:05,904 - INFO - Progress: 2,450,000 docs, 2,559,333,403 tokens (25.59%)
2026-02-06 18:39:32,645 - INFO - Progress: 2,460,000 docs, 2,569,858,309 tokens (25.70%)
2026-02-06 18:39:59,093 - INFO - Progress: 2,470,000 docs, 2,580,368,915 tokens (25.80%)
2026-02-06 18:40:25,142 - INFO - Progress: 2,480,000 docs, 2,590,773,508 tokens (25.91%)
2026-02-06 18:40:50,989 - INFO - Progress: 2,490,000 docs, 2,601,061,553 tokens (26.01%)
2026-02-06 18:41:16,750 - INFO - Progress: 2,500,000 docs, 2,611,273,277 tokens (26.11%)
2026-02-06 18:41:42,800 - INFO - Progress: 2,510,000 docs, 2,621,564,482 tokens (26.22%)
2026-02-06 18:42:08,425 - INFO - Progress: 2,520,000 docs, 2,631,732,258 tokens (26.32%)
2026-02-06 18:42:35,125 - INFO - Progress: 2,530,000 docs, 2,642,235,040 tokens (26.42%)
2026-02-06 18:43:01,554 - INFO - Progress: 2,540,000 docs, 2,652,688,059 tokens (26.53%)
2026-02-06 18:43:27,230 - INFO - Progress: 2,550,000 docs, 2,662,829,277 tokens (26.63%)
2026-02-06 18:43:53,439 - INFO - Progress: 2,560,000 docs, 2,673,233,481 tokens (26.73%)
2026-02-06 18:44:18,992 - INFO - Progress: 2,570,000 docs, 2,683,368,529 tokens (26.83%)
2026-02-06 18:44:45,684 - INFO - Progress: 2,580,000 docs, 2,693,887,350 tokens (26.94%)
2026-02-06 18:45:10,493 - INFO - Progress: 2,590,000 docs, 2,703,783,774 tokens (27.04%)
2026-02-06 18:45:36,320 - INFO - Progress: 2,600,000 docs, 2,714,033,708 tokens (27.14%)
2026-02-06 18:46:03,191 - INFO - Progress: 2,610,000 docs, 2,724,652,026 tokens (27.25%)
2026-02-06 18:46:29,454 - INFO - Progress: 2,620,000 docs, 2,735,027,360 tokens (27.35%)
2026-02-06 18:46:54,687 - INFO - Progress: 2,630,000 docs, 2,745,046,921 tokens (27.45%)
2026-02-06 18:47:21,408 - INFO - Progress: 2,640,000 docs, 2,755,574,884 tokens (27.56%)
2026-02-06 18:47:48,040 - INFO - Progress: 2,650,000 docs, 2,766,139,980 tokens (27.66%)
2026-02-06 18:48:13,868 - INFO - Progress: 2,660,000 docs, 2,776,423,509 tokens (27.76%)
2026-02-06 18:48:39,859 - INFO - Progress: 2,670,000 docs, 2,786,710,122 tokens (27.87%)
2026-02-06 18:49:07,054 - INFO - Progress: 2,680,000 docs, 2,797,433,132 tokens (27.97%)
2026-02-06 18:49:33,090 - INFO - Progress: 2,690,000 docs, 2,807,754,053 tokens (28.08%)
2026-02-06 18:49:59,431 - INFO - Progress: 2,700,000 docs, 2,818,187,018 tokens (28.18%)
2026-02-06 18:50:26,607 - INFO - Progress: 2,710,000 docs, 2,828,933,543 tokens (28.29%)
2026-02-06 18:50:53,136 - INFO - Progress: 2,720,000 docs, 2,839,420,384 tokens (28.39%)
2026-02-06 18:51:20,737 - INFO - Progress: 2,730,000 docs, 2,850,228,079 tokens (28.50%)
2026-02-06 18:51:47,058 - INFO - Progress: 2,740,000 docs, 2,860,594,486 tokens (28.61%)
2026-02-06 18:52:13,129 - INFO - Progress: 2,750,000 docs, 2,870,933,876 tokens (28.71%)
2026-02-06 18:52:39,828 - INFO - Progress: 2,760,000 docs, 2,881,409,635 tokens (28.81%)
2026-02-06 18:53:06,299 - INFO - Progress: 2,770,000 docs, 2,891,955,409 tokens (28.92%)
2026-02-06 18:53:32,147 - INFO - Progress: 2,780,000 docs, 2,902,229,817 tokens (29.02%)
2026-02-06 18:53:58,814 - INFO - Progress: 2,790,000 docs, 2,912,783,883 tokens (29.13%)
2026-02-06 18:54:24,306 - INFO - Progress: 2,800,000 docs, 2,922,883,794 tokens (29.23%)
2026-02-06 18:54:51,317 - INFO - Progress: 2,810,000 docs, 2,933,509,211 tokens (29.34%)
2026-02-06 18:55:17,900 - INFO - Progress: 2,820,000 docs, 2,944,047,727 tokens (29.44%)
2026-02-06 18:55:45,481 - INFO - Progress: 2,830,000 docs, 2,954,860,531 tokens (29.55%)
2026-02-06 18:56:11,316 - INFO - Progress: 2,840,000 docs, 2,965,159,021 tokens (29.65%)
2026-02-06 18:56:38,344 - INFO - Progress: 2,850,000 docs, 2,975,826,582 tokens (29.76%)
2026-02-06 18:57:05,847 - INFO - Progress: 2,860,000 docs, 2,986,662,646 tokens (29.87%)
2026-02-06 18:57:32,856 - INFO - Progress: 2,870,000 docs, 2,997,251,694 tokens (29.97%)
2026-02-06 18:57:58,934 - INFO - Progress: 2,880,000 docs, 3,007,524,669 tokens (30.08%)
2026-02-06 18:58:25,080 - INFO - Progress: 2,890,000 docs, 3,017,916,142 tokens (30.18%)
2026-02-06 18:58:51,697 - INFO - Progress: 2,900,000 docs, 3,028,502,810 tokens (30.29%)
2026-02-06 18:59:17,576 - INFO - Progress: 2,910,000 docs, 3,038,848,035 tokens (30.39%)
2026-02-06 18:59:43,602 - INFO - Progress: 2,920,000 docs, 3,049,196,950 tokens (30.49%)
2026-02-06 19:00:09,615 - INFO - Progress: 2,930,000 docs, 3,059,456,136 tokens (30.59%)
2026-02-06 19:00:36,493 - INFO - Progress: 2,940,000 docs, 3,070,049,267 tokens (30.70%)
2026-02-06 19:01:03,049 - INFO - Progress: 2,950,000 docs, 3,080,543,971 tokens (30.81%)
2026-02-06 19:01:28,727 - INFO - Progress: 2,960,000 docs, 3,090,768,723 tokens (30.91%)
2026-02-06 19:01:55,031 - INFO - Progress: 2,970,000 docs, 3,101,208,211 tokens (31.01%)
2026-02-06 19:02:22,193 - INFO - Progress: 2,980,000 docs, 3,111,989,932 tokens (31.12%)
2026-02-06 19:02:48,118 - INFO - Progress: 2,990,000 docs, 3,122,279,838 tokens (31.22%)
2026-02-06 19:03:15,034 - INFO - Progress: 3,000,000 docs, 3,132,824,840 tokens (31.33%)
2026-02-06 19:03:41,160 - INFO - Progress: 3,010,000 docs, 3,143,234,357 tokens (31.43%)
2026-02-06 19:04:08,134 - INFO - Progress: 3,020,000 docs, 3,153,794,120 tokens (31.54%)
2026-02-06 19:04:34,549 - INFO - Progress: 3,030,000 docs, 3,164,267,764 tokens (31.64%)
2026-02-06 19:05:01,172 - INFO - Progress: 3,040,000 docs, 3,174,836,038 tokens (31.75%)
2026-02-06 19:05:26,500 - INFO - Progress: 3,050,000 docs, 3,184,894,963 tokens (31.85%)
2026-02-06 19:05:53,860 - INFO - Progress: 3,060,000 docs, 3,195,587,476 tokens (31.96%)
2026-02-06 19:06:21,420 - INFO - Progress: 3,070,000 docs, 3,206,422,430 tokens (32.06%)
2026-02-06 19:06:47,455 - INFO - Progress: 3,080,000 docs, 3,216,736,636 tokens (32.17%)
2026-02-06 19:07:13,588 - INFO - Progress: 3,090,000 docs, 3,227,082,090 tokens (32.27%)
2026-02-06 19:07:40,344 - INFO - Progress: 3,100,000 docs, 3,237,691,980 tokens (32.38%)
2026-02-06 19:08:06,158 - INFO - Progress: 3,110,000 docs, 3,247,988,751 tokens (32.48%)
2026-02-06 19:08:32,311 - INFO - Progress: 3,120,000 docs, 3,258,355,177 tokens (32.58%)
2026-02-06 19:08:59,536 - INFO - Progress: 3,130,000 docs, 3,269,079,210 tokens (32.69%)
2026-02-06 19:09:26,256 - INFO - Progress: 3,140,000 docs, 3,279,628,647 tokens (32.80%)
2026-02-06 19:09:54,112 - INFO - Progress: 3,150,000 docs, 3,290,487,072 tokens (32.90%)
2026-02-06 19:10:19,712 - INFO - Progress: 3,160,000 docs, 3,300,680,731 tokens (33.01%)
2026-02-06 19:10:46,801 - INFO - Progress: 3,170,000 docs, 3,311,394,777 tokens (33.11%)
2026-02-06 19:11:13,994 - INFO - Progress: 3,180,000 docs, 3,322,177,639 tokens (33.22%)
2026-02-06 19:11:40,453 - INFO - Progress: 3,190,000 docs, 3,332,639,081 tokens (33.33%)
2026-02-06 19:12:06,113 - INFO - Progress: 3,200,000 docs, 3,342,833,156 tokens (33.43%)
2026-02-06 19:12:32,783 - INFO - Progress: 3,210,000 docs, 3,353,336,764 tokens (33.53%)
2026-02-06 19:12:58,871 - INFO - Progress: 3,220,000 docs, 3,363,662,766 tokens (33.64%)
2026-02-06 19:13:25,977 - INFO - Progress: 3,230,000 docs, 3,374,346,272 tokens (33.74%)
2026-02-06 19:13:51,666 - INFO - Progress: 3,240,000 docs, 3,384,546,872 tokens (33.85%)
2026-02-06 19:14:18,021 - INFO - Progress: 3,250,000 docs, 3,394,992,635 tokens (33.95%)
2026-02-06 19:14:44,131 - INFO - Progress: 3,260,000 docs, 3,405,366,611 tokens (34.05%)
2026-02-06 19:15:10,127 - INFO - Progress: 3,270,000 docs, 3,415,697,847 tokens (34.16%)
2026-02-06 19:15:35,733 - INFO - Progress: 3,280,000 docs, 3,425,860,816 tokens (34.26%)
2026-02-06 19:16:02,184 - INFO - Progress: 3,290,000 docs, 3,436,314,654 tokens (34.36%)
2026-02-06 19:16:28,630 - INFO - Progress: 3,300,000 docs, 3,446,824,031 tokens (34.47%)
2026-02-06 19:16:55,852 - INFO - Progress: 3,310,000 docs, 3,457,517,597 tokens (34.58%)
2026-02-06 19:17:22,078 - INFO - Progress: 3,320,000 docs, 3,467,878,565 tokens (34.68%)
2026-02-06 19:17:48,561 - INFO - Progress: 3,330,000 docs, 3,478,459,718 tokens (34.78%)
2026-02-06 19:18:14,345 - INFO - Progress: 3,340,000 docs, 3,488,732,813 tokens (34.89%)
2026-02-06 19:18:40,681 - INFO - Progress: 3,350,000 docs, 3,499,139,458 tokens (34.99%)
2026-02-06 19:19:07,871 - INFO - Progress: 3,360,000 docs, 3,509,824,043 tokens (35.10%)
2026-02-06 19:19:34,781 - INFO - Progress: 3,370,000 docs, 3,520,428,506 tokens (35.20%)
2026-02-06 19:20:00,881 - INFO - Progress: 3,380,000 docs, 3,530,772,269 tokens (35.31%)
2026-02-06 19:20:28,810 - INFO - Progress: 3,390,000 docs, 3,541,664,627 tokens (35.42%)
2026-02-06 19:20:54,918 - INFO - Progress: 3,400,000 docs, 3,552,011,469 tokens (35.52%)
2026-02-06 19:21:22,285 - INFO - Progress: 3,410,000 docs, 3,562,759,116 tokens (35.63%)
2026-02-06 19:21:48,770 - INFO - Progress: 3,420,000 docs, 3,573,199,937 tokens (35.73%)
2026-02-06 19:22:15,371 - INFO - Progress: 3,430,000 docs, 3,583,782,103 tokens (35.84%)
2026-02-06 19:22:42,820 - INFO - Progress: 3,440,000 docs, 3,594,633,898 tokens (35.95%)
2026-02-06 19:23:08,684 - INFO - Progress: 3,450,000 docs, 3,604,934,466 tokens (36.05%)
2026-02-06 19:23:34,661 - INFO - Progress: 3,460,000 docs, 3,615,242,767 tokens (36.15%)
2026-02-06 19:24:01,517 - INFO - Progress: 3,470,000 docs, 3,625,884,957 tokens (36.26%)
2026-02-06 19:24:26,746 - INFO - Progress: 3,480,000 docs, 3,635,824,271 tokens (36.36%)
2026-02-06 19:24:54,433 - INFO - Progress: 3,490,000 docs, 3,646,670,773 tokens (36.47%)
2026-02-06 19:25:21,005 - INFO - Progress: 3,500,000 docs, 3,657,196,882 tokens (36.57%)
2026-02-06 19:25:46,921 - INFO - Progress: 3,510,000 docs, 3,667,516,451 tokens (36.68%)
2026-02-06 19:26:14,190 - INFO - Progress: 3,520,000 docs, 3,678,244,015 tokens (36.78%)
2026-02-06 19:26:41,305 - INFO - Progress: 3,530,000 docs, 3,688,873,244 tokens (36.89%)
2026-02-06 19:27:07,059 - INFO - Progress: 3,540,000 docs, 3,699,039,843 tokens (36.99%)
2026-02-06 19:27:32,992 - INFO - Progress: 3,550,000 docs, 3,709,297,077 tokens (37.09%)
2026-02-06 19:27:59,287 - INFO - Progress: 3,560,000 docs, 3,719,706,702 tokens (37.20%)
2026-02-06 19:28:25,897 - INFO - Progress: 3,570,000 docs, 3,730,206,815 tokens (37.30%)
2026-02-06 19:28:52,738 - INFO - Progress: 3,580,000 docs, 3,740,675,071 tokens (37.41%)
2026-02-06 19:29:19,949 - INFO - Progress: 3,590,000 docs, 3,751,369,486 tokens (37.51%)
2026-02-06 19:29:46,076 - INFO - Progress: 3,600,000 docs, 3,761,754,220 tokens (37.62%)
2026-02-06 19:30:12,637 - INFO - Progress: 3,610,000 docs, 3,772,213,298 tokens (37.72%)
2026-02-06 19:30:39,180 - INFO - Progress: 3,620,000 docs, 3,782,724,593 tokens (37.83%)
2026-02-06 19:31:05,899 - INFO - Progress: 3,630,000 docs, 3,793,270,686 tokens (37.93%)
2026-02-06 19:31:31,885 - INFO - Progress: 3,640,000 docs, 3,803,613,467 tokens (38.04%)
2026-02-06 19:31:57,569 - INFO - Progress: 3,650,000 docs, 3,813,806,828 tokens (38.14%)
2026-02-06 19:32:23,915 - INFO - Progress: 3,660,000 docs, 3,824,261,081 tokens (38.24%)
2026-02-06 19:32:50,204 - INFO - Progress: 3,670,000 docs, 3,834,630,357 tokens (38.35%)
2026-02-06 19:33:16,971 - INFO - Progress: 3,680,000 docs, 3,845,169,022 tokens (38.45%)
2026-02-06 19:33:43,470 - INFO - Progress: 3,690,000 docs, 3,855,706,162 tokens (38.56%)
2026-02-06 19:34:09,889 - INFO - Progress: 3,700,000 docs, 3,866,196,416 tokens (38.66%)
2026-02-06 19:34:35,566 - INFO - Progress: 3,710,000 docs, 3,876,414,550 tokens (38.76%)
2026-02-06 19:35:01,597 - INFO - Progress: 3,720,000 docs, 3,886,741,956 tokens (38.87%)
2026-02-06 19:35:27,809 - INFO - Progress: 3,730,000 docs, 3,897,135,683 tokens (38.97%)
2026-02-06 19:35:54,622 - INFO - Progress: 3,740,000 docs, 3,907,698,675 tokens (39.08%)
2026-02-06 19:36:20,989 - INFO - Progress: 3,750,000 docs, 3,918,149,036 tokens (39.18%)
2026-02-06 19:36:47,203 - INFO - Progress: 3,760,000 docs, 3,928,589,631 tokens (39.29%)
2026-02-06 19:37:12,954 - INFO - Progress: 3,770,000 docs, 3,938,826,047 tokens (39.39%)
2026-02-06 19:37:39,371 - INFO - Progress: 3,780,000 docs, 3,949,244,493 tokens (39.49%)
2026-02-06 19:38:05,123 - INFO - Progress: 3,790,000 docs, 3,959,461,174 tokens (39.59%)
2026-02-06 19:38:32,953 - INFO - Progress: 3,800,000 docs, 3,970,254,285 tokens (39.70%)
2026-02-06 19:38:59,184 - INFO - Progress: 3,810,000 docs, 3,980,669,583 tokens (39.81%)
2026-02-06 19:39:25,495 - INFO - Progress: 3,820,000 docs, 3,991,048,090 tokens (39.91%)
2026-02-06 19:39:52,186 - INFO - Progress: 3,830,000 docs, 4,001,548,074 tokens (40.02%)
2026-02-06 19:40:17,949 - INFO - Progress: 3,840,000 docs, 4,011,781,786 tokens (40.12%)
2026-02-06 19:40:44,787 - INFO - Progress: 3,850,000 docs, 4,022,372,388 tokens (40.22%)
2026-02-06 19:41:11,268 - INFO - Progress: 3,860,000 docs, 4,032,856,637 tokens (40.33%)
2026-02-06 19:41:37,525 - INFO - Progress: 3,870,000 docs, 4,043,275,810 tokens (40.43%)
2026-02-06 19:42:04,907 - INFO - Progress: 3,880,000 docs, 4,053,977,834 tokens (40.54%)
2026-02-06 19:42:31,250 - INFO - Progress: 3,890,000 docs, 4,064,334,243 tokens (40.64%)
2026-02-06 19:42:57,157 - INFO - Progress: 3,900,000 docs, 4,074,613,946 tokens (40.75%)
2026-02-06 19:43:24,417 - INFO - Progress: 3,910,000 docs, 4,085,332,173 tokens (40.85%)
2026-02-06 19:43:51,429 - INFO - Progress: 3,920,000 docs, 4,095,967,307 tokens (40.96%)
2026-02-06 19:44:17,394 - INFO - Progress: 3,930,000 docs, 4,106,285,220 tokens (41.06%)
2026-02-06 19:44:44,909 - INFO - Progress: 3,940,000 docs, 4,117,217,730 tokens (41.17%)
2026-02-06 19:45:10,649 - INFO - Progress: 3,950,000 docs, 4,127,520,585 tokens (41.28%)
2026-02-06 19:45:36,911 - INFO - Progress: 3,960,000 docs, 4,138,074,959 tokens (41.38%)
2026-02-06 19:46:02,648 - INFO - Progress: 3,970,000 docs, 4,148,391,264 tokens (41.48%)
2026-02-06 19:46:28,578 - INFO - Progress: 3,980,000 docs, 4,158,739,108 tokens (41.59%)
2026-02-06 19:46:54,999 - INFO - Progress: 3,990,000 docs, 4,169,317,180 tokens (41.69%)
2026-02-06 19:47:21,054 - INFO - Progress: 4,000,000 docs, 4,179,768,172 tokens (41.80%)
2026-02-06 19:47:47,555 - INFO - Progress: 4,010,000 docs, 4,190,349,976 tokens (41.90%)
2026-02-06 19:48:14,437 - INFO - Progress: 4,020,000 docs, 4,201,111,885 tokens (42.01%)
2026-02-06 19:48:40,829 - INFO - Progress: 4,030,000 docs, 4,211,720,198 tokens (42.12%)
2026-02-06 19:49:07,253 - INFO - Progress: 4,040,000 docs, 4,222,274,613 tokens (42.22%)
2026-02-06 19:49:33,785 - INFO - Progress: 4,050,000 docs, 4,232,885,370 tokens (42.33%)
2026-02-06 19:49:59,359 - INFO - Progress: 4,060,000 docs, 4,243,053,013 tokens (42.43%)
2026-02-06 19:50:25,794 - INFO - Progress: 4,070,000 docs, 4,253,584,185 tokens (42.54%)
2026-02-06 19:50:51,762 - INFO - Progress: 4,080,000 docs, 4,263,939,357 tokens (42.64%)
2026-02-06 19:51:17,596 - INFO - Progress: 4,090,000 docs, 4,274,211,444 tokens (42.74%)
2026-02-06 19:51:43,946 - INFO - Progress: 4,100,000 docs, 4,284,791,765 tokens (42.85%)
2026-02-06 19:52:09,976 - INFO - Progress: 4,110,000 docs, 4,295,189,002 tokens (42.95%)
2026-02-06 19:52:36,046 - INFO - Progress: 4,120,000 docs, 4,305,610,420 tokens (43.06%)
2026-02-06 19:53:01,984 - INFO - Progress: 4,130,000 docs, 4,316,002,132 tokens (43.16%)
2026-02-06 19:53:28,738 - INFO - Progress: 4,140,000 docs, 4,326,651,665 tokens (43.27%)
2026-02-06 19:53:54,739 - INFO - Progress: 4,150,000 docs, 4,337,000,048 tokens (43.37%)
2026-02-06 19:54:20,624 - INFO - Progress: 4,160,000 docs, 4,347,364,150 tokens (43.47%)
2026-02-06 19:54:47,070 - INFO - Progress: 4,170,000 docs, 4,357,912,607 tokens (43.58%)
2026-02-06 19:55:14,407 - INFO - Progress: 4,180,000 docs, 4,368,724,783 tokens (43.69%)
2026-02-06 19:55:40,754 - INFO - Progress: 4,190,000 docs, 4,379,285,809 tokens (43.79%)
2026-02-06 19:56:07,062 - INFO - Progress: 4,200,000 docs, 4,389,794,289 tokens (43.90%)
2026-02-06 19:56:32,673 - INFO - Progress: 4,210,000 docs, 4,400,113,347 tokens (44.00%)
2026-02-06 19:56:58,212 - INFO - Progress: 4,220,000 docs, 4,410,307,677 tokens (44.10%)
2026-02-06 19:57:22,922 - INFO - Progress: 4,230,000 docs, 4,420,273,207 tokens (44.20%)
2026-02-06 19:57:48,694 - INFO - Progress: 4,240,000 docs, 4,430,574,903 tokens (44.31%)
2026-02-06 19:58:14,897 - INFO - Progress: 4,250,000 docs, 4,441,084,570 tokens (44.41%)
2026-02-06 19:58:41,544 - INFO - Progress: 4,260,000 docs, 4,451,757,953 tokens (44.52%)
2026-02-06 19:59:07,210 - INFO - Progress: 4,270,000 docs, 4,462,034,586 tokens (44.62%)
2026-02-06 19:59:34,588 - INFO - Progress: 4,280,000 docs, 4,472,864,300 tokens (44.73%)
2026-02-06 20:00:00,789 - INFO - Progress: 4,290,000 docs, 4,483,351,087 tokens (44.83%)
2026-02-06 20:00:26,628 - INFO - Progress: 4,300,000 docs, 4,493,692,136 tokens (44.94%)
2026-02-06 20:00:52,010 - INFO - Progress: 4,310,000 docs, 4,503,900,585 tokens (45.04%)
2026-02-06 20:01:17,952 - INFO - Progress: 4,320,000 docs, 4,514,293,972 tokens (45.14%)
2026-02-06 20:01:44,568 - INFO - Progress: 4,330,000 docs, 4,524,925,017 tokens (45.25%)
2026-02-06 20:02:10,389 - INFO - Progress: 4,340,000 docs, 4,535,256,440 tokens (45.35%)
2026-02-06 20:02:37,400 - INFO - Progress: 4,350,000 docs, 4,546,005,179 tokens (45.46%)
2026-02-06 20:03:04,668 - INFO - Progress: 4,360,000 docs, 4,556,760,759 tokens (45.57%)
2026-02-06 20:03:31,106 - INFO - Progress: 4,370,000 docs, 4,567,357,311 tokens (45.67%)
2026-02-06 20:03:58,164 - INFO - Progress: 4,380,000 docs, 4,578,049,505 tokens (45.78%)
2026-02-06 20:04:24,043 - INFO - Progress: 4,390,000 docs, 4,588,378,350 tokens (45.88%)
2026-02-06 20:04:51,432 - INFO - Progress: 4,400,000 docs, 4,599,147,678 tokens (45.99%)
2026-02-06 20:05:18,090 - INFO - Progress: 4,410,000 docs, 4,609,800,934 tokens (46.10%)
2026-02-06 20:05:43,779 - INFO - Progress: 4,420,000 docs, 4,620,109,807 tokens (46.20%)
2026-02-06 20:06:10,181 - INFO - Progress: 4,430,000 docs, 4,630,667,280 tokens (46.31%)
2026-02-06 20:06:36,136 - INFO - Progress: 4,440,000 docs, 4,641,056,570 tokens (46.41%)
2026-02-06 20:07:01,548 - INFO - Progress: 4,450,000 docs, 4,651,298,160 tokens (46.51%)
2026-02-06 20:07:27,692 - INFO - Progress: 4,460,000 docs, 4,661,836,996 tokens (46.62%)
2026-02-06 20:07:53,516 - INFO - Progress: 4,470,000 docs, 4,672,271,945 tokens (46.72%)
2026-02-06 20:08:20,229 - INFO - Progress: 4,480,000 docs, 4,682,884,592 tokens (46.83%)
2026-02-06 20:08:45,654 - INFO - Progress: 4,490,000 docs, 4,693,041,513 tokens (46.93%)
2026-02-06 20:09:11,204 - INFO - Progress: 4,500,000 docs, 4,703,302,711 tokens (47.03%)
2026-02-06 20:09:37,526 - INFO - Progress: 4,510,000 docs, 4,713,780,181 tokens (47.14%)
2026-02-06 20:10:03,919 - INFO - Progress: 4,520,000 docs, 4,724,304,492 tokens (47.24%)
2026-02-06 20:10:29,739 - INFO - Progress: 4,530,000 docs, 4,734,660,754 tokens (47.35%)
2026-02-06 20:10:55,611 - INFO - Progress: 4,540,000 docs, 4,744,996,540 tokens (47.45%)
2026-02-06 20:11:21,846 - INFO - Progress: 4,550,000 docs, 4,755,434,985 tokens (47.55%)
2026-02-06 20:11:48,195 - INFO - Progress: 4,560,000 docs, 4,765,951,920 tokens (47.66%)
2026-02-06 20:12:14,438 - INFO - Progress: 4,570,000 docs, 4,776,455,108 tokens (47.76%)
2026-02-06 20:12:41,375 - INFO - Progress: 4,580,000 docs, 4,787,155,398 tokens (47.87%)
2026-02-06 20:13:08,654 - INFO - Progress: 4,590,000 docs, 4,797,976,835 tokens (47.98%)
2026-02-06 20:13:35,604 - INFO - Progress: 4,600,000 docs, 4,808,677,609 tokens (48.09%)
2026-02-06 20:14:01,768 - INFO - Progress: 4,610,000 docs, 4,819,134,758 tokens (48.19%)
2026-02-06 20:14:27,787 - INFO - Progress: 4,620,000 docs, 4,829,574,196 tokens (48.30%)
2026-02-06 20:14:54,075 - INFO - Progress: 4,630,000 docs, 4,840,043,060 tokens (48.40%)
2026-02-06 20:15:19,701 - INFO - Progress: 4,640,000 docs, 4,850,340,524 tokens (48.50%)
2026-02-06 20:15:46,333 - INFO - Progress: 4,650,000 docs, 4,860,969,837 tokens (48.61%)
2026-02-06 20:16:11,674 - INFO - Progress: 4,660,000 docs, 4,871,145,401 tokens (48.71%)
2026-02-06 20:16:38,922 - INFO - Progress: 4,670,000 docs, 4,882,025,181 tokens (48.82%)
2026-02-06 20:17:04,971 - INFO - Progress: 4,680,000 docs, 4,892,492,920 tokens (48.92%)
2026-02-06 20:17:31,425 - INFO - Progress: 4,690,000 docs, 4,902,993,874 tokens (49.03%)
2026-02-06 20:17:57,640 - INFO - Progress: 4,700,000 docs, 4,913,522,692 tokens (49.14%)
2026-02-06 20:18:24,451 - INFO - Progress: 4,710,000 docs, 4,924,170,638 tokens (49.24%)
2026-02-06 20:18:49,803 - INFO - Progress: 4,720,000 docs, 4,934,302,364 tokens (49.34%)
2026-02-06 20:19:15,841 - INFO - Progress: 4,730,000 docs, 4,944,761,061 tokens (49.45%)
2026-02-06 20:19:42,257 - INFO - Progress: 4,740,000 docs, 4,955,276,984 tokens (49.55%)
2026-02-06 20:20:09,008 - INFO - Progress: 4,750,000 docs, 4,965,900,216 tokens (49.66%)
2026-02-06 20:20:35,535 - INFO - Progress: 4,760,000 docs, 4,976,392,845 tokens (49.76%)
2026-02-06 20:21:01,010 - INFO - Progress: 4,770,000 docs, 4,986,634,542 tokens (49.87%)
2026-02-06 20:21:27,156 - INFO - Progress: 4,780,000 docs, 4,997,078,671 tokens (49.97%)
2026-02-06 20:21:53,064 - INFO - Progress: 4,790,000 docs, 5,007,413,986 tokens (50.07%)
2026-02-06 20:22:19,065 - INFO - Progress: 4,800,000 docs, 5,017,853,995 tokens (50.18%)
2026-02-06 20:22:45,520 - INFO - Progress: 4,810,000 docs, 5,028,391,010 tokens (50.28%)
2026-02-06 20:23:11,326 - INFO - Progress: 4,820,000 docs, 5,038,668,194 tokens (50.39%)
2026-02-06 20:23:27,069 - INFO - Processing file: fineweb_edu_10bt.chunk.01.jsonl
2026-02-06 20:23:38,020 - INFO - Progress: 4,830,000 docs, 5,049,358,704 tokens (50.49%)
2026-02-06 20:24:04,142 - INFO - Progress: 4,840,000 docs, 5,059,731,963 tokens (50.60%)
2026-02-06 20:24:29,868 - INFO - Progress: 4,850,000 docs, 5,069,967,680 tokens (50.70%)
2026-02-06 20:24:56,598 - INFO - Progress: 4,860,000 docs, 5,080,697,010 tokens (50.81%)
2026-02-06 20:25:22,956 - INFO - Progress: 4,870,000 docs, 5,091,270,196 tokens (50.91%)
2026-02-06 20:25:49,966 - INFO - Progress: 4,880,000 docs, 5,101,941,238 tokens (51.02%)
2026-02-06 20:26:16,480 - INFO - Progress: 4,890,000 docs, 5,112,510,313 tokens (51.13%)
2026-02-06 20:26:42,306 - INFO - Progress: 4,900,000 docs, 5,122,840,796 tokens (51.23%)
2026-02-06 20:27:08,737 - INFO - Progress: 4,910,000 docs, 5,133,456,436 tokens (51.33%)
2026-02-06 20:27:34,888 - INFO - Progress: 4,920,000 docs, 5,143,890,028 tokens (51.44%)
2026-02-06 20:28:01,066 - INFO - Progress: 4,930,000 docs, 5,154,402,021 tokens (51.54%)
2026-02-06 20:28:28,175 - INFO - Progress: 4,940,000 docs, 5,165,184,548 tokens (51.65%)
2026-02-06 20:28:54,187 - INFO - Progress: 4,950,000 docs, 5,175,568,941 tokens (51.76%)
2026-02-06 20:29:20,379 - INFO - Progress: 4,960,000 docs, 5,186,036,679 tokens (51.86%)
2026-02-06 20:29:46,924 - INFO - Progress: 4,970,000 docs, 5,196,622,198 tokens (51.97%)
2026-02-06 20:30:12,720 - INFO - Progress: 4,980,000 docs, 5,206,913,444 tokens (52.07%)
2026-02-06 20:30:39,332 - INFO - Progress: 4,990,000 docs, 5,217,477,227 tokens (52.17%)
2026-02-06 20:31:05,729 - INFO - Progress: 5,000,000 docs, 5,228,044,116 tokens (52.28%)
2026-02-06 20:31:31,625 - INFO - Progress: 5,010,000 docs, 5,238,409,734 tokens (52.38%)
2026-02-06 20:31:57,401 - INFO - Progress: 5,020,000 docs, 5,248,774,027 tokens (52.49%)
2026-02-06 20:32:24,272 - INFO - Progress: 5,030,000 docs, 5,259,506,320 tokens (52.60%)
2026-02-06 20:32:51,607 - INFO - Progress: 5,040,000 docs, 5,270,437,595 tokens (52.70%)
2026-02-06 20:33:17,155 - INFO - Progress: 5,050,000 docs, 5,280,630,627 tokens (52.81%)
2026-02-06 20:33:43,318 - INFO - Progress: 5,060,000 docs, 5,291,119,940 tokens (52.91%)
2026-02-06 20:34:09,419 - INFO - Progress: 5,070,000 docs, 5,301,543,708 tokens (53.02%)
2026-02-06 20:34:36,133 - INFO - Progress: 5,080,000 docs, 5,312,184,406 tokens (53.12%)
2026-02-06 20:35:02,116 - INFO - Progress: 5,090,000 docs, 5,322,549,156 tokens (53.23%)
2026-02-06 20:35:28,071 - INFO - Progress: 5,100,000 docs, 5,332,891,448 tokens (53.33%)
2026-02-06 20:35:53,907 - INFO - Progress: 5,110,000 docs, 5,343,246,876 tokens (53.43%)
2026-02-06 20:36:20,283 - INFO - Progress: 5,120,000 docs, 5,353,716,676 tokens (53.54%)
2026-02-06 20:36:47,129 - INFO - Progress: 5,130,000 docs, 5,364,406,800 tokens (53.64%)
2026-02-06 20:37:13,622 - INFO - Progress: 5,140,000 docs, 5,374,920,307 tokens (53.75%)
2026-02-06 20:37:39,461 - INFO - Progress: 5,150,000 docs, 5,385,285,071 tokens (53.85%)
2026-02-06 20:38:05,392 - INFO - Progress: 5,160,000 docs, 5,395,638,878 tokens (53.96%)
2026-02-06 20:38:30,921 - INFO - Progress: 5,170,000 docs, 5,405,877,280 tokens (54.06%)
2026-02-06 20:38:56,164 - INFO - Progress: 5,180,000 docs, 5,416,081,982 tokens (54.16%)
2026-02-06 20:39:21,632 - INFO - Progress: 5,190,000 docs, 5,426,538,877 tokens (54.27%)
2026-02-06 20:39:46,949 - INFO - Progress: 5,200,000 docs, 5,436,841,302 tokens (54.37%)
2026-02-06 20:40:12,653 - INFO - Progress: 5,210,000 docs, 5,447,293,708 tokens (54.47%)
2026-02-06 20:40:37,658 - INFO - Progress: 5,220,000 docs, 5,457,533,006 tokens (54.58%)
2026-02-06 20:41:03,798 - INFO - Progress: 5,230,000 docs, 5,468,202,702 tokens (54.68%)
2026-02-06 20:41:30,650 - INFO - Progress: 5,240,000 docs, 5,479,032,975 tokens (54.79%)
2026-02-06 20:41:55,922 - INFO - Progress: 5,250,000 docs, 5,489,309,835 tokens (54.89%)
2026-02-06 20:42:21,835 - INFO - Progress: 5,260,000 docs, 5,499,879,876 tokens (55.00%)
2026-02-06 20:42:48,099 - INFO - Progress: 5,270,000 docs, 5,510,548,310 tokens (55.11%)
2026-02-06 20:43:14,079 - INFO - Progress: 5,280,000 docs, 5,521,033,183 tokens (55.21%)
2026-02-06 20:43:40,201 - INFO - Progress: 5,290,000 docs, 5,531,602,266 tokens (55.32%)
2026-02-06 20:44:05,802 - INFO - Progress: 5,300,000 docs, 5,542,070,224 tokens (55.42%)
2026-02-06 20:44:31,114 - INFO - Progress: 5,310,000 docs, 5,552,381,150 tokens (55.52%)
2026-02-06 20:44:57,210 - INFO - Progress: 5,320,000 docs, 5,562,966,307 tokens (55.63%)
2026-02-06 20:45:22,905 - INFO - Progress: 5,330,000 docs, 5,573,461,293 tokens (55.73%)
2026-02-06 20:45:47,680 - INFO - Progress: 5,340,000 docs, 5,583,597,426 tokens (55.84%)
2026-02-06 20:46:12,935 - INFO - Progress: 5,350,000 docs, 5,593,887,449 tokens (55.94%)
2026-02-06 20:46:38,751 - INFO - Progress: 5,360,000 docs, 5,604,422,060 tokens (56.04%)
2026-02-06 20:47:02,958 - INFO - Progress: 5,370,000 docs, 5,614,287,443 tokens (56.14%)
2026-02-06 20:47:28,039 - INFO - Progress: 5,380,000 docs, 5,624,524,148 tokens (56.25%)
2026-02-06 20:47:53,795 - INFO - Progress: 5,390,000 docs, 5,635,024,694 tokens (56.35%)
2026-02-06 20:48:19,599 - INFO - Progress: 5,400,000 docs, 5,645,451,613 tokens (56.45%)
2026-02-06 20:48:45,657 - INFO - Progress: 5,410,000 docs, 5,656,065,965 tokens (56.56%)
2026-02-06 20:49:11,643 - INFO - Progress: 5,420,000 docs, 5,666,652,465 tokens (56.67%)
2026-02-06 20:49:37,517 - INFO - Progress: 5,430,000 docs, 5,677,162,117 tokens (56.77%)
2026-02-06 20:50:02,631 - INFO - Progress: 5,440,000 docs, 5,687,402,762 tokens (56.87%)
2026-02-06 20:50:28,373 - INFO - Progress: 5,450,000 docs, 5,697,869,747 tokens (56.98%)
2026-02-06 20:50:54,259 - INFO - Progress: 5,460,000 docs, 5,708,462,083 tokens (57.08%)
2026-02-06 20:51:20,280 - INFO - Progress: 5,470,000 docs, 5,719,069,783 tokens (57.19%)
2026-02-06 20:51:47,056 - INFO - Progress: 5,480,000 docs, 5,729,976,456 tokens (57.30%)
2026-02-06 20:52:12,714 - INFO - Progress: 5,490,000 docs, 5,740,411,859 tokens (57.40%)
2026-02-06 20:52:38,127 - INFO - Progress: 5,500,000 docs, 5,750,779,925 tokens (57.51%)
2026-02-06 20:53:03,594 - INFO - Progress: 5,510,000 docs, 5,761,150,230 tokens (57.61%)
2026-02-06 20:53:29,973 - INFO - Progress: 5,520,000 docs, 5,771,848,531 tokens (57.72%)
2026-02-06 20:53:55,324 - INFO - Progress: 5,530,000 docs, 5,782,179,096 tokens (57.82%)
2026-02-06 20:54:21,914 - INFO - Progress: 5,540,000 docs, 5,792,815,341 tokens (57.93%)
2026-02-06 20:54:47,823 - INFO - Progress: 5,550,000 docs, 5,803,208,942 tokens (58.03%)
2026-02-06 20:55:13,401 - INFO - Progress: 5,560,000 docs, 5,813,632,520 tokens (58.14%)
2026-02-06 20:55:39,963 - INFO - Progress: 5,570,000 docs, 5,824,429,010 tokens (58.24%)
2026-02-06 20:56:04,569 - INFO - Progress: 5,580,000 docs, 5,834,540,033 tokens (58.35%)
2026-02-06 20:56:30,350 - INFO - Progress: 5,590,000 docs, 5,845,043,080 tokens (58.45%)
2026-02-06 20:56:55,500 - INFO - Progress: 5,600,000 docs, 5,855,286,699 tokens (58.55%)
2026-02-06 20:57:20,641 - INFO - Progress: 5,610,000 docs, 5,865,561,623 tokens (58.66%)
2026-02-06 20:57:46,259 - INFO - Progress: 5,620,000 docs, 5,875,882,393 tokens (58.76%)
2026-02-06 20:58:12,762 - INFO - Progress: 5,630,000 docs, 5,886,640,313 tokens (58.87%)
2026-02-06 20:58:39,443 - INFO - Progress: 5,640,000 docs, 5,897,366,678 tokens (58.97%)
2026-02-06 20:59:05,398 - INFO - Progress: 5,650,000 docs, 5,907,794,874 tokens (59.08%)
2026-02-06 20:59:31,716 - INFO - Progress: 5,660,000 docs, 5,918,329,265 tokens (59.18%)
2026-02-06 20:59:57,128 - INFO - Progress: 5,670,000 docs, 5,928,583,975 tokens (59.29%)
2026-02-06 21:00:23,197 - INFO - Progress: 5,680,000 docs, 5,939,122,363 tokens (59.39%)
2026-02-06 21:00:48,125 - INFO - Progress: 5,690,000 docs, 5,949,325,714 tokens (59.49%)
2026-02-06 21:01:13,392 - INFO - Progress: 5,700,000 docs, 5,959,655,035 tokens (59.60%)
2026-02-06 21:01:38,750 - INFO - Progress: 5,710,000 docs, 5,970,019,674 tokens (59.70%)
2026-02-06 21:02:03,906 - INFO - Progress: 5,720,000 docs, 5,980,306,818 tokens (59.80%)
2026-02-06 21:02:29,646 - INFO - Progress: 5,730,000 docs, 5,990,824,267 tokens (59.91%)
2026-02-06 21:02:55,501 - INFO - Progress: 5,740,000 docs, 6,001,372,402 tokens (60.01%)
2026-02-06 21:03:20,592 - INFO - Progress: 5,750,000 docs, 6,011,657,915 tokens (60.12%)
2026-02-06 21:03:46,496 - INFO - Progress: 5,760,000 docs, 6,022,302,783 tokens (60.22%)
2026-02-06 21:04:12,252 - INFO - Progress: 5,770,000 docs, 6,032,775,947 tokens (60.33%)
2026-02-06 21:04:37,422 - INFO - Progress: 5,780,000 docs, 6,043,008,797 tokens (60.43%)
2026-02-06 21:05:03,455 - INFO - Progress: 5,790,000 docs, 6,053,567,606 tokens (60.54%)
2026-02-06 21:05:28,990 - INFO - Progress: 5,800,000 docs, 6,063,972,699 tokens (60.64%)
2026-02-06 21:05:53,907 - INFO - Progress: 5,810,000 docs, 6,074,157,965 tokens (60.74%)
2026-02-06 21:06:19,469 - INFO - Progress: 5,820,000 docs, 6,084,497,867 tokens (60.84%)
2026-02-06 21:06:45,458 - INFO - Progress: 5,830,000 docs, 6,095,024,781 tokens (60.95%)
2026-02-06 21:07:11,208 - INFO - Progress: 5,840,000 docs, 6,105,527,312 tokens (61.06%)
2026-02-06 21:07:36,266 - INFO - Progress: 5,850,000 docs, 6,115,775,313 tokens (61.16%)
2026-02-06 21:08:02,588 - INFO - Progress: 5,860,000 docs, 6,126,404,380 tokens (61.26%)
2026-02-06 21:08:27,864 - INFO - Progress: 5,870,000 docs, 6,136,673,725 tokens (61.37%)
2026-02-06 21:08:53,536 - INFO - Progress: 5,880,000 docs, 6,147,150,001 tokens (61.47%)
2026-02-06 21:09:19,635 - INFO - Progress: 5,890,000 docs, 6,157,731,806 tokens (61.58%)
2026-02-06 21:09:44,622 - INFO - Progress: 5,900,000 docs, 6,167,950,729 tokens (61.68%)
2026-02-06 21:10:09,146 - INFO - Progress: 5,910,000 docs, 6,177,955,850 tokens (61.78%)
2026-02-06 21:10:34,352 - INFO - Progress: 5,920,000 docs, 6,188,199,893 tokens (61.88%)
2026-02-06 21:11:00,608 - INFO - Progress: 5,930,000 docs, 6,198,891,936 tokens (61.99%)
2026-02-06 21:11:25,923 - INFO - Progress: 5,940,000 docs, 6,209,257,900 tokens (62.09%)
2026-02-06 21:11:51,351 - INFO - Progress: 5,950,000 docs, 6,219,586,948 tokens (62.20%)
2026-02-06 21:12:17,387 - INFO - Progress: 5,960,000 docs, 6,230,184,105 tokens (62.30%)
2026-02-06 21:12:43,274 - INFO - Progress: 5,970,000 docs, 6,240,731,899 tokens (62.41%)
2026-02-06 21:13:08,814 - INFO - Progress: 5,980,000 docs, 6,251,139,885 tokens (62.51%)
2026-02-06 21:13:35,560 - INFO - Progress: 5,990,000 docs, 6,261,961,245 tokens (62.62%)
2026-02-06 21:14:00,344 - INFO - Progress: 6,000,000 docs, 6,272,116,642 tokens (62.72%)
2026-02-06 21:14:25,405 - INFO - Progress: 6,010,000 docs, 6,282,321,868 tokens (62.82%)
2026-02-06 21:14:51,584 - INFO - Progress: 6,020,000 docs, 6,292,962,351 tokens (62.93%)
2026-02-06 21:15:17,440 - INFO - Progress: 6,030,000 docs, 6,303,517,451 tokens (63.04%)
2026-02-06 21:15:42,374 - INFO - Progress: 6,040,000 docs, 6,313,718,602 tokens (63.14%)
2026-02-06 21:16:09,301 - INFO - Progress: 6,050,000 docs, 6,324,656,410 tokens (63.25%)
2026-02-06 21:16:35,376 - INFO - Progress: 6,060,000 docs, 6,335,254,658 tokens (63.35%)
2026-02-06 21:17:03,204 - INFO - Progress: 6,070,000 docs, 6,346,406,946 tokens (63.46%)
2026-02-06 21:17:29,838 - INFO - Progress: 6,080,000 docs, 6,357,234,311 tokens (63.57%)
2026-02-06 21:17:55,609 - INFO - Progress: 6,090,000 docs, 6,367,674,159 tokens (63.68%)
2026-02-06 21:18:21,705 - INFO - Progress: 6,100,000 docs, 6,378,290,190 tokens (63.78%)
2026-02-06 21:18:47,026 - INFO - Progress: 6,110,000 docs, 6,388,621,396 tokens (63.89%)
2026-02-06 21:19:12,810 - INFO - Progress: 6,120,000 docs, 6,399,123,452 tokens (63.99%)
2026-02-06 21:19:38,751 - INFO - Progress: 6,130,000 docs, 6,409,691,886 tokens (64.10%)
2026-02-06 21:20:04,313 - INFO - Progress: 6,140,000 docs, 6,420,129,278 tokens (64.20%)
2026-02-06 21:20:29,849 - INFO - Progress: 6,150,000 docs, 6,430,527,641 tokens (64.31%)
2026-02-06 21:20:54,894 - INFO - Progress: 6,160,000 docs, 6,440,726,088 tokens (64.41%)
2026-02-06 21:21:20,351 - INFO - Progress: 6,170,000 docs, 6,451,145,143 tokens (64.51%)
2026-02-06 21:21:46,399 - INFO - Progress: 6,180,000 docs, 6,461,759,080 tokens (64.62%)
2026-02-06 21:22:11,895 - INFO - Progress: 6,190,000 docs, 6,472,133,206 tokens (64.72%)
2026-02-06 21:22:37,801 - INFO - Progress: 6,200,000 docs, 6,482,658,714 tokens (64.83%)
2026-02-06 21:23:02,907 - INFO - Progress: 6,210,000 docs, 6,492,876,394 tokens (64.93%)
2026-02-06 21:23:29,023 - INFO - Progress: 6,220,000 docs, 6,503,480,023 tokens (65.03%)
2026-02-06 21:23:55,244 - INFO - Progress: 6,230,000 docs, 6,514,185,037 tokens (65.14%)
2026-02-06 21:24:21,747 - INFO - Progress: 6,240,000 docs, 6,524,815,016 tokens (65.25%)
2026-02-06 21:24:47,891 - INFO - Progress: 6,250,000 docs, 6,535,394,704 tokens (65.35%)
2026-02-06 21:25:13,415 - INFO - Progress: 6,260,000 docs, 6,545,798,307 tokens (65.46%)
2026-02-06 21:25:39,417 - INFO - Progress: 6,270,000 docs, 6,556,366,447 tokens (65.56%)
2026-02-06 21:26:04,515 - INFO - Progress: 6,280,000 docs, 6,566,572,970 tokens (65.67%)
2026-02-06 21:26:30,160 - INFO - Progress: 6,290,000 docs, 6,577,006,048 tokens (65.77%)
2026-02-06 21:26:55,765 - INFO - Progress: 6,300,000 docs, 6,587,433,873 tokens (65.87%)
2026-02-06 21:27:21,817 - INFO - Progress: 6,310,000 docs, 6,598,053,774 tokens (65.98%)
2026-02-06 21:27:46,882 - INFO - Progress: 6,320,000 docs, 6,608,299,217 tokens (66.08%)
2026-02-06 21:28:12,227 - INFO - Progress: 6,330,000 docs, 6,618,619,775 tokens (66.19%)
2026-02-06 21:28:37,673 - INFO - Progress: 6,340,000 docs, 6,629,018,515 tokens (66.29%)
2026-02-06 21:29:03,191 - INFO - Progress: 6,350,000 docs, 6,639,358,891 tokens (66.39%)
2026-02-06 21:29:27,864 - INFO - Progress: 6,360,000 docs, 6,649,439,212 tokens (66.49%)
2026-02-06 21:29:52,628 - INFO - Progress: 6,370,000 docs, 6,659,587,198 tokens (66.60%)
2026-02-06 21:30:18,092 - INFO - Progress: 6,380,000 docs, 6,669,914,883 tokens (66.70%)
2026-02-06 21:30:43,670 - INFO - Progress: 6,390,000 docs, 6,680,312,513 tokens (66.80%)
2026-02-06 21:31:10,175 - INFO - Progress: 6,400,000 docs, 6,691,060,962 tokens (66.91%)
2026-02-06 21:31:35,755 - INFO - Progress: 6,410,000 docs, 6,701,421,790 tokens (67.01%)
2026-02-06 21:32:01,986 - INFO - Progress: 6,420,000 docs, 6,712,078,926 tokens (67.12%)
2026-02-06 21:32:28,940 - INFO - Progress: 6,430,000 docs, 6,722,914,879 tokens (67.23%)
2026-02-06 21:32:54,861 - INFO - Progress: 6,440,000 docs, 6,733,401,652 tokens (67.33%)
2026-02-06 21:33:19,689 - INFO - Progress: 6,450,000 docs, 6,743,471,889 tokens (67.43%)
2026-02-06 21:33:45,337 - INFO - Progress: 6,460,000 docs, 6,753,923,037 tokens (67.54%)
2026-02-06 21:34:11,568 - INFO - Progress: 6,470,000 docs, 6,764,632,669 tokens (67.65%)
2026-02-06 21:34:36,362 - INFO - Progress: 6,480,000 docs, 6,774,732,346 tokens (67.75%)
2026-02-06 21:35:02,166 - INFO - Progress: 6,490,000 docs, 6,785,259,501 tokens (67.85%)
2026-02-06 21:35:27,874 - INFO - Progress: 6,500,000 docs, 6,795,739,160 tokens (67.96%)
2026-02-06 21:35:53,834 - INFO - Progress: 6,510,000 docs, 6,806,320,687 tokens (68.06%)
2026-02-06 21:36:19,144 - INFO - Progress: 6,520,000 docs, 6,816,645,963 tokens (68.17%)
2026-02-06 21:36:45,288 - INFO - Progress: 6,530,000 docs, 6,827,255,541 tokens (68.27%)
2026-02-06 21:37:10,408 - INFO - Progress: 6,540,000 docs, 6,837,498,327 tokens (68.37%)
2026-02-06 21:37:35,980 - INFO - Progress: 6,550,000 docs, 6,847,934,020 tokens (68.48%)
2026-02-06 21:38:01,971 - INFO - Progress: 6,560,000 docs, 6,858,535,123 tokens (68.59%)
2026-02-06 21:38:27,329 - INFO - Progress: 6,570,000 docs, 6,868,899,793 tokens (68.69%)
2026-02-06 21:38:53,510 - INFO - Progress: 6,580,000 docs, 6,879,567,113 tokens (68.80%)
2026-02-06 21:39:19,165 - INFO - Progress: 6,590,000 docs, 6,890,027,168 tokens (68.90%)
2026-02-06 21:39:45,015 - INFO - Progress: 6,600,000 docs, 6,900,585,059 tokens (69.01%)
2026-02-06 21:40:11,433 - INFO - Progress: 6,610,000 docs, 6,911,300,731 tokens (69.11%)
2026-02-06 21:40:37,253 - INFO - Progress: 6,620,000 docs, 6,921,804,947 tokens (69.22%)
2026-02-06 21:41:03,090 - INFO - Progress: 6,630,000 docs, 6,932,339,161 tokens (69.32%)
2026-02-06 21:41:29,601 - INFO - Progress: 6,640,000 docs, 6,942,990,498 tokens (69.43%)
2026-02-06 21:41:55,921 - INFO - Progress: 6,650,000 docs, 6,953,670,589 tokens (69.54%)
2026-02-06 21:42:22,761 - INFO - Progress: 6,660,000 docs, 6,964,431,051 tokens (69.64%)
2026-02-06 21:42:49,460 - INFO - Progress: 6,670,000 docs, 6,975,279,206 tokens (69.75%)
2026-02-06 21:43:14,736 - INFO - Progress: 6,680,000 docs, 6,985,593,906 tokens (69.86%)
2026-02-06 21:43:39,584 - INFO - Progress: 6,690,000 docs, 6,995,743,455 tokens (69.96%)
2026-02-06 21:44:04,943 - INFO - Progress: 6,700,000 docs, 7,006,058,191 tokens (70.06%)
2026-02-06 21:44:30,070 - INFO - Progress: 6,710,000 docs, 7,016,403,964 tokens (70.16%)
2026-02-06 21:44:55,053 - INFO - Progress: 6,720,000 docs, 7,026,645,915 tokens (70.27%)
2026-02-06 21:45:20,009 - INFO - Progress: 6,730,000 docs, 7,036,832,272 tokens (70.37%)
2026-02-06 21:45:45,236 - INFO - Progress: 6,740,000 docs, 7,047,130,037 tokens (70.47%)
2026-02-06 21:46:09,600 - INFO - Progress: 6,750,000 docs, 7,057,068,929 tokens (70.57%)
2026-02-06 21:46:34,707 - INFO - Progress: 6,760,000 docs, 7,067,274,064 tokens (70.67%)
2026-02-06 21:47:00,876 - INFO - Progress: 6,770,000 docs, 7,077,864,593 tokens (70.78%)
2026-02-06 21:47:26,986 - INFO - Progress: 6,780,000 docs, 7,088,420,021 tokens (70.88%)
2026-02-06 21:47:52,231 - INFO - Progress: 6,790,000 docs, 7,098,739,264 tokens (70.99%)
2026-02-06 21:48:18,402 - INFO - Progress: 6,800,000 docs, 7,109,286,219 tokens (71.09%)
2026-02-06 21:48:44,109 - INFO - Progress: 6,810,000 docs, 7,119,743,496 tokens (71.20%)
2026-02-06 21:49:09,577 - INFO - Progress: 6,820,000 docs, 7,130,133,324 tokens (71.30%)
2026-02-06 21:49:35,021 - INFO - Progress: 6,830,000 docs, 7,140,494,759 tokens (71.40%)
2026-02-06 21:50:00,009 - INFO - Progress: 6,840,000 docs, 7,150,719,396 tokens (71.51%)
2026-02-06 21:50:25,228 - INFO - Progress: 6,850,000 docs, 7,161,039,762 tokens (71.61%)
2026-02-06 21:50:51,753 - INFO - Progress: 6,860,000 docs, 7,171,837,172 tokens (71.72%)
2026-02-06 21:51:17,119 - INFO - Progress: 6,870,000 docs, 7,182,231,783 tokens (71.82%)
2026-02-06 21:51:43,466 - INFO - Progress: 6,880,000 docs, 7,192,929,668 tokens (71.93%)
2026-02-06 21:52:09,662 - INFO - Progress: 6,890,000 docs, 7,203,611,321 tokens (72.04%)
2026-02-06 21:52:35,473 - INFO - Progress: 6,900,000 docs, 7,214,195,058 tokens (72.14%)
2026-02-06 21:53:00,828 - INFO - Progress: 6,910,000 docs, 7,224,526,899 tokens (72.25%)
2026-02-06 21:53:27,205 - INFO - Progress: 6,920,000 docs, 7,235,142,906 tokens (72.35%)
2026-02-06 21:53:53,073 - INFO - Progress: 6,930,000 docs, 7,245,644,948 tokens (72.46%)
2026-02-06 21:54:19,035 - INFO - Progress: 6,940,000 docs, 7,256,166,126 tokens (72.56%)
2026-02-06 21:54:45,018 - INFO - Progress: 6,950,000 docs, 7,266,692,669 tokens (72.67%)
2026-02-06 21:55:11,058 - INFO - Progress: 6,960,000 docs, 7,277,272,889 tokens (72.77%)
2026-02-06 21:55:37,387 - INFO - Progress: 6,970,000 docs, 7,287,904,491 tokens (72.88%)
2026-02-06 21:56:02,745 - INFO - Progress: 6,980,000 docs, 7,298,239,476 tokens (72.98%)
2026-02-06 21:56:27,884 - INFO - Progress: 6,990,000 docs, 7,308,492,125 tokens (73.08%)
2026-02-06 21:56:53,384 - INFO - Progress: 7,000,000 docs, 7,318,937,338 tokens (73.19%)
2026-02-06 21:57:18,943 - INFO - Progress: 7,010,000 docs, 7,329,332,641 tokens (73.29%)
2026-02-06 21:57:43,973 - INFO - Progress: 7,020,000 docs, 7,339,533,887 tokens (73.40%)
2026-02-06 21:58:10,332 - INFO - Progress: 7,030,000 docs, 7,350,232,985 tokens (73.50%)
2026-02-06 21:58:36,651 - INFO - Progress: 7,040,000 docs, 7,360,831,345 tokens (73.61%)
2026-02-06 21:59:02,027 - INFO - Progress: 7,050,000 docs, 7,371,128,632 tokens (73.71%)
2026-02-06 21:59:27,765 - INFO - Progress: 7,060,000 docs, 7,381,606,585 tokens (73.82%)
2026-02-06 21:59:53,441 - INFO - Progress: 7,070,000 docs, 7,392,044,649 tokens (73.92%)
2026-02-06 22:00:19,484 - INFO - Progress: 7,080,000 docs, 7,402,552,653 tokens (74.03%)
2026-02-06 22:00:45,380 - INFO - Progress: 7,090,000 docs, 7,413,047,892 tokens (74.13%)
2026-02-06 22:01:12,038 - INFO - Progress: 7,100,000 docs, 7,423,816,353 tokens (74.24%)
2026-02-06 22:01:36,121 - INFO - Progress: 7,110,000 docs, 7,433,672,122 tokens (74.34%)
2026-02-06 22:02:01,575 - INFO - Progress: 7,120,000 docs, 7,443,992,507 tokens (74.44%)
2026-02-06 22:02:27,257 - INFO - Progress: 7,130,000 docs, 7,454,401,627 tokens (74.54%)
2026-02-06 22:02:51,914 - INFO - Progress: 7,140,000 docs, 7,464,451,589 tokens (74.64%)
2026-02-06 22:03:17,953 - INFO - Progress: 7,150,000 docs, 7,475,004,541 tokens (74.75%)
2026-02-06 22:03:43,228 - INFO - Progress: 7,160,000 docs, 7,485,295,472 tokens (74.85%)
2026-02-06 22:04:08,881 - INFO - Progress: 7,170,000 docs, 7,495,693,646 tokens (74.96%)
2026-02-06 22:04:34,941 - INFO - Progress: 7,180,000 docs, 7,506,238,611 tokens (75.06%)
2026-02-06 22:05:00,549 - INFO - Progress: 7,190,000 docs, 7,516,653,327 tokens (75.17%)
2026-02-06 22:05:26,697 - INFO - Progress: 7,200,000 docs, 7,527,287,094 tokens (75.27%)
2026-02-06 22:05:52,196 - INFO - Progress: 7,210,000 docs, 7,537,694,559 tokens (75.38%)
2026-02-06 22:06:17,153 - INFO - Progress: 7,220,000 docs, 7,547,922,794 tokens (75.48%)
2026-02-06 22:06:42,086 - INFO - Progress: 7,230,000 docs, 7,558,096,542 tokens (75.58%)
2026-02-06 22:07:07,658 - INFO - Progress: 7,240,000 docs, 7,568,500,442 tokens (75.69%)
2026-02-06 22:07:33,623 - INFO - Progress: 7,250,000 docs, 7,579,063,932 tokens (75.79%)
2026-02-06 22:07:59,162 - INFO - Progress: 7,260,000 docs, 7,589,562,432 tokens (75.90%)
2026-02-06 22:08:25,794 - INFO - Progress: 7,270,000 docs, 7,600,333,798 tokens (76.00%)
2026-02-06 22:08:51,229 - INFO - Progress: 7,280,000 docs, 7,610,679,943 tokens (76.11%)
2026-02-06 22:09:17,077 - INFO - Progress: 7,290,000 docs, 7,621,194,340 tokens (76.21%)
2026-02-06 22:09:42,700 - INFO - Progress: 7,300,000 docs, 7,631,682,041 tokens (76.32%)
2026-02-06 22:10:09,463 - INFO - Progress: 7,310,000 docs, 7,642,482,820 tokens (76.42%)
2026-02-06 22:10:34,665 - INFO - Progress: 7,320,000 docs, 7,652,739,549 tokens (76.53%)
2026-02-06 22:11:00,115 - INFO - Progress: 7,330,000 docs, 7,663,122,835 tokens (76.63%)
2026-02-06 22:11:26,412 - INFO - Progress: 7,340,000 docs, 7,673,806,350 tokens (76.74%)
2026-02-06 22:11:52,087 - INFO - Progress: 7,350,000 docs, 7,684,273,876 tokens (76.84%)
2026-02-06 22:12:18,100 - INFO - Progress: 7,360,000 docs, 7,694,829,212 tokens (76.95%)
2026-02-06 22:12:43,782 - INFO - Progress: 7,370,000 docs, 7,705,178,383 tokens (77.05%)
2026-02-06 22:13:09,251 - INFO - Progress: 7,380,000 docs, 7,715,531,682 tokens (77.16%)
2026-02-06 22:13:34,905 - INFO - Progress: 7,390,000 docs, 7,726,022,102 tokens (77.26%)
2026-02-06 22:14:00,267 - INFO - Progress: 7,400,000 docs, 7,736,303,447 tokens (77.36%)
2026-02-06 22:14:25,824 - INFO - Progress: 7,410,000 docs, 7,746,713,435 tokens (77.47%)
2026-02-06 22:14:52,454 - INFO - Progress: 7,420,000 docs, 7,757,566,064 tokens (77.58%)
2026-02-06 22:15:19,343 - INFO - Progress: 7,430,000 docs, 7,768,436,043 tokens (77.68%)
2026-02-06 22:15:44,110 - INFO - Progress: 7,440,000 docs, 7,778,561,700 tokens (77.79%)
2026-02-06 22:16:09,435 - INFO - Progress: 7,450,000 docs, 7,788,862,342 tokens (77.89%)
2026-02-06 22:16:34,514 - INFO - Progress: 7,460,000 docs, 7,799,091,983 tokens (77.99%)
2026-02-06 22:17:00,726 - INFO - Progress: 7,470,000 docs, 7,809,769,698 tokens (78.10%)
2026-02-06 22:17:26,319 - INFO - Progress: 7,480,000 docs, 7,820,189,107 tokens (78.20%)
2026-02-06 22:17:51,431 - INFO - Progress: 7,490,000 docs, 7,830,484,315 tokens (78.30%)
2026-02-06 22:18:17,468 - INFO - Progress: 7,500,000 docs, 7,841,107,149 tokens (78.41%)
2026-02-06 22:18:43,739 - INFO - Progress: 7,510,000 docs, 7,851,736,389 tokens (78.52%)
2026-02-06 22:19:09,749 - INFO - Progress: 7,520,000 docs, 7,862,321,385 tokens (78.62%)
2026-02-06 22:19:35,340 - INFO - Progress: 7,530,000 docs, 7,872,754,310 tokens (78.73%)
2026-02-06 22:20:01,430 - INFO - Progress: 7,540,000 docs, 7,883,424,242 tokens (78.83%)
2026-02-06 22:20:27,346 - INFO - Progress: 7,550,000 docs, 7,893,922,276 tokens (78.94%)
2026-02-06 22:20:54,356 - INFO - Progress: 7,560,000 docs, 7,904,789,266 tokens (79.05%)
2026-02-06 22:21:19,841 - INFO - Progress: 7,570,000 docs, 7,915,196,187 tokens (79.15%)
2026-02-06 22:21:46,143 - INFO - Progress: 7,580,000 docs, 7,925,821,734 tokens (79.26%)
2026-02-06 22:22:11,794 - INFO - Progress: 7,590,000 docs, 7,936,280,246 tokens (79.36%)
2026-02-06 22:22:37,146 - INFO - Progress: 7,600,000 docs, 7,946,663,445 tokens (79.47%)
2026-02-06 22:23:02,005 - INFO - Progress: 7,610,000 docs, 7,956,840,044 tokens (79.57%)
2026-02-06 22:23:27,978 - INFO - Progress: 7,620,000 docs, 7,967,413,049 tokens (79.67%)
2026-02-06 22:23:54,076 - INFO - Progress: 7,630,000 docs, 7,978,000,618 tokens (79.78%)
2026-02-06 22:24:19,253 - INFO - Progress: 7,640,000 docs, 7,988,244,161 tokens (79.88%)
2026-02-06 22:24:45,128 - INFO - Progress: 7,650,000 docs, 7,998,738,287 tokens (79.99%)
2026-02-06 22:25:11,070 - INFO - Progress: 7,660,000 docs, 8,009,161,875 tokens (80.09%)
2026-02-06 22:25:36,807 - INFO - Progress: 7,670,000 docs, 8,019,581,994 tokens (80.20%)
2026-02-06 22:26:02,576 - INFO - Progress: 7,680,000 docs, 8,030,024,271 tokens (80.30%)
2026-02-06 22:26:28,190 - INFO - Progress: 7,690,000 docs, 8,040,440,990 tokens (80.40%)
2026-02-06 22:26:53,524 - INFO - Progress: 7,700,000 docs, 8,050,791,547 tokens (80.51%)
2026-02-06 22:27:18,448 - INFO - Progress: 7,710,000 docs, 8,060,959,165 tokens (80.61%)
2026-02-06 22:27:43,787 - INFO - Progress: 7,720,000 docs, 8,071,338,537 tokens (80.71%)
2026-02-06 22:28:09,753 - INFO - Progress: 7,730,000 docs, 8,081,868,248 tokens (80.82%)
2026-02-06 22:28:35,602 - INFO - Progress: 7,740,000 docs, 8,092,468,277 tokens (80.92%)
2026-02-06 22:29:00,713 - INFO - Progress: 7,750,000 docs, 8,102,719,234 tokens (81.03%)
2026-02-06 22:29:26,244 - INFO - Progress: 7,760,000 docs, 8,113,076,055 tokens (81.13%)
2026-02-06 22:29:51,795 - INFO - Progress: 7,770,000 docs, 8,123,423,172 tokens (81.23%)
2026-02-06 22:30:16,964 - INFO - Progress: 7,780,000 docs, 8,133,702,709 tokens (81.34%)
2026-02-06 22:30:42,505 - INFO - Progress: 7,790,000 docs, 8,144,032,848 tokens (81.44%)
2026-02-06 22:31:08,164 - INFO - Progress: 7,800,000 docs, 8,154,469,839 tokens (81.54%)
2026-02-06 22:31:33,355 - INFO - Progress: 7,810,000 docs, 8,164,691,722 tokens (81.65%)
2026-02-06 22:31:59,784 - INFO - Progress: 7,820,000 docs, 8,175,358,933 tokens (81.75%)
2026-02-06 22:32:25,356 - INFO - Progress: 7,830,000 docs, 8,185,795,092 tokens (81.86%)
2026-02-06 22:32:51,432 - INFO - Progress: 7,840,000 docs, 8,196,308,344 tokens (81.96%)
2026-02-06 22:33:16,637 - INFO - Progress: 7,850,000 docs, 8,206,521,006 tokens (82.07%)
2026-02-06 22:33:42,568 - INFO - Progress: 7,860,000 docs, 8,217,069,841 tokens (82.17%)
2026-02-06 22:34:07,137 - INFO - Progress: 7,870,000 docs, 8,227,202,956 tokens (82.27%)
2026-02-06 22:34:31,712 - INFO - Progress: 7,880,000 docs, 8,237,211,415 tokens (82.37%)
2026-02-06 22:34:57,551 - INFO - Progress: 7,890,000 docs, 8,247,672,121 tokens (82.48%)
2026-02-06 22:35:22,715 - INFO - Progress: 7,900,000 docs, 8,257,955,660 tokens (82.58%)
2026-02-06 22:35:48,836 - INFO - Progress: 7,910,000 docs, 8,268,541,196 tokens (82.69%)
2026-02-06 22:36:13,807 - INFO - Progress: 7,920,000 docs, 8,278,769,560 tokens (82.79%)
2026-02-06 22:36:39,879 - INFO - Progress: 7,930,000 docs, 8,289,392,198 tokens (82.89%)
2026-02-06 22:37:06,172 - INFO - Progress: 7,940,000 docs, 8,300,077,649 tokens (83.00%)
2026-02-06 22:37:31,911 - INFO - Progress: 7,950,000 docs, 8,310,556,237 tokens (83.11%)
2026-02-06 22:37:57,228 - INFO - Progress: 7,960,000 docs, 8,320,805,328 tokens (83.21%)
2026-02-06 22:38:23,200 - INFO - Progress: 7,970,000 docs, 8,331,390,129 tokens (83.31%)
2026-02-06 22:38:48,253 - INFO - Progress: 7,980,000 docs, 8,341,575,649 tokens (83.42%)
2026-02-06 22:39:13,726 - INFO - Progress: 7,990,000 docs, 8,351,975,795 tokens (83.52%)
2026-02-06 22:39:39,131 - INFO - Progress: 8,000,000 docs, 8,362,312,068 tokens (83.62%)
2026-02-06 22:40:04,797 - INFO - Progress: 8,010,000 docs, 8,372,802,555 tokens (83.73%)
2026-02-06 22:40:30,333 - INFO - Progress: 8,020,000 docs, 8,383,208,465 tokens (83.83%)
2026-02-06 22:40:56,118 - INFO - Progress: 8,030,000 docs, 8,393,647,138 tokens (83.94%)
2026-02-06 22:41:22,007 - INFO - Progress: 8,040,000 docs, 8,404,184,809 tokens (84.04%)
2026-02-06 22:41:47,888 - INFO - Progress: 8,050,000 docs, 8,414,752,852 tokens (84.15%)
2026-02-06 22:42:13,653 - INFO - Progress: 8,060,000 docs, 8,425,290,475 tokens (84.25%)
2026-02-06 22:42:39,034 - INFO - Progress: 8,070,000 docs, 8,435,581,066 tokens (84.36%)
2026-02-06 22:43:03,623 - INFO - Progress: 8,080,000 docs, 8,445,673,839 tokens (84.46%)
2026-02-06 22:43:29,256 - INFO - Progress: 8,090,000 docs, 8,456,175,667 tokens (84.56%)
2026-02-06 22:43:55,163 - INFO - Progress: 8,100,000 docs, 8,466,752,277 tokens (84.67%)
2026-02-06 22:44:20,489 - INFO - Progress: 8,110,000 docs, 8,477,086,958 tokens (84.77%)
2026-02-06 22:44:46,205 - INFO - Progress: 8,120,000 docs, 8,487,547,035 tokens (84.88%)
2026-02-06 22:45:11,845 - INFO - Progress: 8,130,000 docs, 8,498,022,939 tokens (84.98%)
2026-02-06 22:45:37,777 - INFO - Progress: 8,140,000 docs, 8,508,624,696 tokens (85.09%)
2026-02-06 22:46:03,449 - INFO - Progress: 8,150,000 docs, 8,519,065,462 tokens (85.19%)
2026-02-06 22:46:28,662 - INFO - Progress: 8,160,000 docs, 8,529,366,973 tokens (85.29%)
2026-02-06 22:46:54,086 - INFO - Progress: 8,170,000 docs, 8,539,733,076 tokens (85.40%)
2026-02-06 22:47:19,740 - INFO - Progress: 8,180,000 docs, 8,550,216,436 tokens (85.50%)
2026-02-06 22:47:45,874 - INFO - Progress: 8,190,000 docs, 8,560,751,544 tokens (85.61%)
2026-02-06 22:48:11,418 - INFO - Progress: 8,200,000 docs, 8,571,148,995 tokens (85.71%)
2026-02-06 22:48:37,141 - INFO - Progress: 8,210,000 docs, 8,581,629,236 tokens (85.82%)
2026-02-06 22:49:02,270 - INFO - Progress: 8,220,000 docs, 8,591,889,364 tokens (85.92%)
2026-02-06 22:49:28,116 - INFO - Progress: 8,230,000 docs, 8,602,444,530 tokens (86.02%)
2026-02-06 22:49:53,713 - INFO - Progress: 8,240,000 docs, 8,612,868,402 tokens (86.13%)
2026-02-06 22:50:20,122 - INFO - Progress: 8,250,000 docs, 8,623,495,857 tokens (86.23%)
2026-02-06 22:50:45,378 - INFO - Progress: 8,260,000 docs, 8,633,737,692 tokens (86.34%)
2026-02-06 22:51:10,678 - INFO - Progress: 8,270,000 docs, 8,644,024,402 tokens (86.44%)
2026-02-06 22:51:36,658 - INFO - Progress: 8,280,000 docs, 8,654,655,450 tokens (86.55%)
2026-02-06 22:52:01,802 - INFO - Progress: 8,290,000 docs, 8,664,938,083 tokens (86.65%)
2026-02-06 22:52:27,181 - INFO - Progress: 8,300,000 docs, 8,675,211,680 tokens (86.75%)
2026-02-06 22:52:53,311 - INFO - Progress: 8,310,000 docs, 8,685,830,388 tokens (86.86%)
2026-02-06 22:53:18,321 - INFO - Progress: 8,320,000 docs, 8,696,065,966 tokens (86.96%)
2026-02-06 22:53:44,086 - INFO - Progress: 8,330,000 docs, 8,706,536,514 tokens (87.07%)
2026-02-06 22:54:09,312 - INFO - Progress: 8,340,000 docs, 8,716,821,722 tokens (87.17%)
2026-02-06 22:54:35,267 - INFO - Progress: 8,350,000 docs, 8,727,387,690 tokens (87.27%)
2026-02-06 22:54:59,802 - INFO - Progress: 8,360,000 docs, 8,737,382,334 tokens (87.37%)
2026-02-06 22:55:25,657 - INFO - Progress: 8,370,000 docs, 8,747,836,033 tokens (87.48%)
2026-02-06 22:55:51,254 - INFO - Progress: 8,380,000 docs, 8,758,220,350 tokens (87.58%)
2026-02-06 22:56:16,437 - INFO - Progress: 8,390,000 docs, 8,768,519,849 tokens (87.69%)
2026-02-06 22:56:42,229 - INFO - Progress: 8,400,000 docs, 8,778,969,400 tokens (87.79%)
2026-02-06 22:57:08,526 - INFO - Progress: 8,410,000 docs, 8,789,646,151 tokens (87.90%)
2026-02-06 22:57:35,573 - INFO - Progress: 8,420,000 docs, 8,800,433,200 tokens (88.00%)
2026-02-06 22:58:01,388 - INFO - Progress: 8,430,000 docs, 8,810,905,855 tokens (88.11%)
2026-02-06 22:58:26,196 - INFO - Progress: 8,440,000 docs, 8,821,012,289 tokens (88.21%)
2026-02-06 22:58:52,663 - INFO - Progress: 8,450,000 docs, 8,831,686,543 tokens (88.32%)
2026-02-06 22:59:17,613 - INFO - Progress: 8,460,000 docs, 8,841,886,900 tokens (88.42%)
2026-02-06 22:59:42,655 - INFO - Progress: 8,470,000 docs, 8,852,101,462 tokens (88.52%)
2026-02-06 23:00:07,906 - INFO - Progress: 8,480,000 docs, 8,862,403,757 tokens (88.62%)
2026-02-06 23:00:32,800 - INFO - Progress: 8,490,000 docs, 8,872,516,930 tokens (88.73%)
2026-02-06 23:00:58,896 - INFO - Progress: 8,500,000 docs, 8,883,078,664 tokens (88.83%)
2026-02-06 23:01:25,821 - INFO - Progress: 8,510,000 docs, 8,893,990,073 tokens (88.94%)
2026-02-06 23:01:51,630 - INFO - Progress: 8,520,000 docs, 8,904,531,051 tokens (89.05%)
2026-02-06 23:02:18,942 - INFO - Progress: 8,530,000 docs, 8,915,519,327 tokens (89.16%)
2026-02-06 23:02:44,737 - INFO - Progress: 8,540,000 docs, 8,926,000,212 tokens (89.26%)
2026-02-06 23:03:09,935 - INFO - Progress: 8,550,000 docs, 8,936,315,932 tokens (89.36%)
2026-02-06 23:03:35,251 - INFO - Progress: 8,560,000 docs, 8,946,623,453 tokens (89.47%)
2026-02-06 23:04:01,441 - INFO - Progress: 8,570,000 docs, 8,957,238,369 tokens (89.57%)
2026-02-06 23:04:26,825 - INFO - Progress: 8,580,000 docs, 8,967,535,698 tokens (89.68%)
2026-02-06 23:04:52,152 - INFO - Progress: 8,590,000 docs, 8,977,868,650 tokens (89.78%)
2026-02-06 23:05:17,494 - INFO - Progress: 8,600,000 docs, 8,988,196,877 tokens (89.88%)
2026-02-06 23:05:43,809 - INFO - Progress: 8,610,000 docs, 8,998,922,373 tokens (89.99%)
2026-02-06 23:06:10,502 - INFO - Progress: 8,620,000 docs, 9,009,770,414 tokens (90.10%)
2026-02-06 23:06:36,125 - INFO - Progress: 8,630,000 docs, 9,020,228,558 tokens (90.20%)
2026-02-06 23:07:02,749 - INFO - Progress: 8,640,000 docs, 9,030,966,571 tokens (90.31%)
2026-02-06 23:07:28,093 - INFO - Progress: 8,650,000 docs, 9,041,262,693 tokens (90.41%)
2026-02-06 23:07:53,184 - INFO - Progress: 8,660,000 docs, 9,051,528,853 tokens (90.52%)
2026-02-06 23:08:18,552 - INFO - Progress: 8,670,000 docs, 9,061,802,321 tokens (90.62%)
2026-02-06 23:08:44,135 - INFO - Progress: 8,680,000 docs, 9,072,215,640 tokens (90.72%)
2026-02-06 23:09:10,647 - INFO - Progress: 8,690,000 docs, 9,082,962,575 tokens (90.83%)
2026-02-06 23:09:35,920 - INFO - Progress: 8,700,000 docs, 9,093,289,049 tokens (90.93%)
2026-02-06 23:10:01,074 - INFO - Progress: 8,710,000 docs, 9,103,553,557 tokens (91.04%)
2026-02-06 23:10:26,989 - INFO - Progress: 8,720,000 docs, 9,113,999,191 tokens (91.14%)
2026-02-06 23:10:51,769 - INFO - Progress: 8,730,000 docs, 9,124,110,201 tokens (91.24%)
2026-02-06 23:11:17,718 - INFO - Progress: 8,740,000 docs, 9,134,608,375 tokens (91.35%)
2026-02-06 23:11:43,865 - INFO - Progress: 8,750,000 docs, 9,145,303,687 tokens (91.45%)
2026-02-06 23:12:09,848 - INFO - Progress: 8,760,000 docs, 9,155,865,980 tokens (91.56%)
2026-02-06 23:12:36,542 - INFO - Progress: 8,770,000 docs, 9,166,600,994 tokens (91.67%)
2026-02-06 23:13:01,488 - INFO - Progress: 8,780,000 docs, 9,176,756,307 tokens (91.77%)
2026-02-06 23:13:26,761 - INFO - Progress: 8,790,000 docs, 9,187,079,650 tokens (91.87%)
2026-02-06 23:13:52,513 - INFO - Progress: 8,800,000 docs, 9,197,579,229 tokens (91.98%)
2026-02-06 23:14:17,198 - INFO - Progress: 8,810,000 docs, 9,207,667,698 tokens (92.08%)
2026-02-06 23:14:43,122 - INFO - Progress: 8,820,000 docs, 9,218,207,100 tokens (92.18%)
2026-02-06 23:15:08,949 - INFO - Progress: 8,830,000 docs, 9,228,722,126 tokens (92.29%)
2026-02-06 23:15:34,953 - INFO - Progress: 8,840,000 docs, 9,239,341,080 tokens (92.39%)
2026-02-06 23:16:00,967 - INFO - Progress: 8,850,000 docs, 9,249,917,849 tokens (92.50%)
2026-02-06 23:16:27,315 - INFO - Progress: 8,860,000 docs, 9,260,629,647 tokens (92.61%)
2026-02-06 23:16:53,597 - INFO - Progress: 8,870,000 docs, 9,271,319,152 tokens (92.71%)
2026-02-06 23:17:18,831 - INFO - Progress: 8,880,000 docs, 9,281,601,172 tokens (92.82%)
2026-02-06 23:17:44,110 - INFO - Progress: 8,890,000 docs, 9,291,863,157 tokens (92.92%)
2026-02-06 23:18:09,978 - INFO - Progress: 8,900,000 docs, 9,302,373,950 tokens (93.02%)
2026-02-06 23:18:35,665 - INFO - Progress: 8,910,000 docs, 9,312,874,877 tokens (93.13%)
2026-02-06 23:19:00,589 - INFO - Progress: 8,920,000 docs, 9,323,068,813 tokens (93.23%)
2026-02-06 23:19:26,509 - INFO - Progress: 8,930,000 docs, 9,333,558,149 tokens (93.34%)
2026-02-06 23:19:53,193 - INFO - Progress: 8,940,000 docs, 9,344,399,652 tokens (93.44%)
2026-02-06 23:20:18,033 - INFO - Progress: 8,950,000 docs, 9,354,609,355 tokens (93.55%)
2026-02-06 23:20:43,981 - INFO - Progress: 8,960,000 docs, 9,365,109,667 tokens (93.65%)
2026-02-06 23:21:08,958 - INFO - Progress: 8,970,000 docs, 9,375,328,771 tokens (93.75%)
2026-02-06 23:21:35,245 - INFO - Progress: 8,980,000 docs, 9,385,990,388 tokens (93.86%)
2026-02-06 23:22:01,159 - INFO - Progress: 8,990,000 docs, 9,396,521,763 tokens (93.97%)
2026-02-06 23:22:27,019 - INFO - Progress: 9,000,000 docs, 9,407,085,438 tokens (94.07%)
2026-02-06 23:22:53,198 - INFO - Progress: 9,010,000 docs, 9,417,721,201 tokens (94.18%)
2026-02-06 23:23:19,198 - INFO - Progress: 9,020,000 docs, 9,428,218,522 tokens (94.28%)
2026-02-06 23:23:45,615 - INFO - Progress: 9,030,000 docs, 9,438,831,628 tokens (94.39%)
2026-02-06 23:24:11,719 - INFO - Progress: 9,040,000 docs, 9,449,424,712 tokens (94.49%)
2026-02-06 23:24:36,507 - INFO - Progress: 9,050,000 docs, 9,459,544,271 tokens (94.60%)
2026-02-06 23:25:01,685 - INFO - Progress: 9,060,000 docs, 9,469,830,209 tokens (94.70%)
2026-02-06 23:25:27,360 - INFO - Progress: 9,070,000 docs, 9,480,269,309 tokens (94.80%)
2026-02-06 23:25:52,005 - INFO - Progress: 9,080,000 docs, 9,490,365,853 tokens (94.90%)
2026-02-06 23:26:17,823 - INFO - Progress: 9,090,000 docs, 9,500,788,648 tokens (95.01%)
2026-02-06 23:26:43,258 - INFO - Progress: 9,100,000 docs, 9,511,157,742 tokens (95.11%)
2026-02-06 23:27:08,486 - INFO - Progress: 9,110,000 docs, 9,521,429,373 tokens (95.21%)
2026-02-06 23:27:33,650 - INFO - Progress: 9,120,000 docs, 9,531,670,993 tokens (95.32%)
2026-02-06 23:27:58,858 - INFO - Progress: 9,130,000 docs, 9,541,965,462 tokens (95.42%)
2026-02-06 23:28:25,677 - INFO - Progress: 9,140,000 docs, 9,552,808,949 tokens (95.53%)
2026-02-06 23:28:51,770 - INFO - Progress: 9,150,000 docs, 9,563,478,538 tokens (95.63%)
2026-02-06 23:29:18,120 - INFO - Progress: 9,160,000 docs, 9,574,058,957 tokens (95.74%)
2026-02-06 23:29:44,420 - INFO - Progress: 9,170,000 docs, 9,584,771,269 tokens (95.85%)
2026-02-06 23:30:11,238 - INFO - Progress: 9,180,000 docs, 9,595,561,701 tokens (95.96%)
2026-02-06 23:30:37,495 - INFO - Progress: 9,190,000 docs, 9,606,282,390 tokens (96.06%)
2026-02-06 23:31:02,641 - INFO - Progress: 9,200,000 docs, 9,616,463,499 tokens (96.16%)
2026-02-06 23:31:28,890 - INFO - Progress: 9,210,000 docs, 9,627,088,144 tokens (96.27%)
2026-02-06 23:31:54,892 - INFO - Progress: 9,220,000 docs, 9,637,597,222 tokens (96.38%)
2026-02-06 23:32:20,517 - INFO - Progress: 9,230,000 docs, 9,648,004,082 tokens (96.48%)
2026-02-06 23:32:46,534 - INFO - Progress: 9,240,000 docs, 9,658,590,703 tokens (96.59%)
2026-02-06 23:33:11,802 - INFO - Progress: 9,250,000 docs, 9,668,963,475 tokens (96.69%)
2026-02-06 23:33:38,115 - INFO - Progress: 9,260,000 docs, 9,679,619,458 tokens (96.80%)
2026-02-06 23:34:04,649 - INFO - Progress: 9,270,000 docs, 9,690,337,207 tokens (96.90%)
2026-02-06 23:34:29,814 - INFO - Progress: 9,280,000 docs, 9,700,639,790 tokens (97.01%)
2026-02-06 23:34:55,257 - INFO - Progress: 9,290,000 docs, 9,711,011,649 tokens (97.11%)
2026-02-06 23:35:21,232 - INFO - Progress: 9,300,000 docs, 9,721,605,170 tokens (97.22%)
2026-02-06 23:35:46,807 - INFO - Progress: 9,310,000 docs, 9,732,024,496 tokens (97.32%)
2026-02-06 23:36:12,957 - INFO - Progress: 9,320,000 docs, 9,742,714,170 tokens (97.43%)
2026-02-06 23:36:37,699 - INFO - Progress: 9,330,000 docs, 9,752,785,866 tokens (97.53%)
2026-02-06 23:37:02,886 - INFO - Progress: 9,340,000 docs, 9,763,052,392 tokens (97.63%)
2026-02-06 23:37:28,902 - INFO - Progress: 9,350,000 docs, 9,773,597,655 tokens (97.74%)
2026-02-06 23:37:55,170 - INFO - Progress: 9,360,000 docs, 9,784,258,563 tokens (97.84%)
2026-02-06 23:38:20,823 - INFO - Progress: 9,370,000 docs, 9,794,725,997 tokens (97.95%)
2026-02-06 23:38:46,941 - INFO - Progress: 9,380,000 docs, 9,805,356,651 tokens (98.05%)
2026-02-06 23:39:12,292 - INFO - Progress: 9,390,000 docs, 9,815,703,012 tokens (98.16%)
2026-02-06 23:39:39,296 - INFO - Progress: 9,400,000 docs, 9,826,602,061 tokens (98.27%)
2026-02-06 23:40:05,040 - INFO - Progress: 9,410,000 docs, 9,837,079,995 tokens (98.37%)
2026-02-06 23:40:31,507 - INFO - Progress: 9,420,000 docs, 9,847,761,525 tokens (98.48%)
2026-02-06 23:40:57,531 - INFO - Progress: 9,430,000 docs, 9,858,337,931 tokens (98.58%)
2026-02-06 23:41:23,434 - INFO - Progress: 9,440,000 docs, 9,868,894,636 tokens (98.69%)
2026-02-06 23:41:49,598 - INFO - Progress: 9,450,000 docs, 9,879,376,419 tokens (98.79%)
2026-02-06 23:42:14,965 - INFO - Progress: 9,460,000 docs, 9,889,689,421 tokens (98.90%)
2026-02-06 23:42:41,147 - INFO - Progress: 9,470,000 docs, 9,900,342,805 tokens (99.00%)
2026-02-06 23:43:06,334 - INFO - Progress: 9,480,000 docs, 9,910,609,521 tokens (99.11%)
2026-02-06 23:43:31,995 - INFO - Progress: 9,490,000 docs, 9,921,046,897 tokens (99.21%)
2026-02-06 23:43:57,688 - INFO - Progress: 9,500,000 docs, 9,931,515,401 tokens (99.32%)
2026-02-06 23:44:23,636 - INFO - Progress: 9,510,000 docs, 9,942,071,088 tokens (99.42%)
2026-02-06 23:44:49,659 - INFO - Progress: 9,520,000 docs, 9,952,648,587 tokens (99.53%)
2026-02-06 23:45:15,414 - INFO - Progress: 9,530,000 docs, 9,963,090,632 tokens (99.63%)
2026-02-06 23:45:41,577 - INFO - Progress: 9,540,000 docs, 9,973,641,046 tokens (99.74%)
2026-02-06 23:46:08,021 - INFO - Progress: 9,550,000 docs, 9,984,364,270 tokens (99.84%)
2026-02-06 23:46:34,066 - INFO - Progress: 9,560,000 docs, 9,994,986,857 tokens (99.95%)
2026-02-06 23:46:55,522 - INFO - ============================================================
2026-02-06 23:46:55,522 - INFO - Preprocessing complete!
2026-02-06 23:46:55,522 - INFO -   Output prefix: /tmpdir/m24047brmn/nemo_1b/data_fwe_50k/fineweb_edu_text_document
2026-02-06 23:46:55,522 - INFO -   Documents: 9,564,453
2026-02-06 23:46:55,522 - INFO -   Tokens: 10,000,000,000
2026-02-06 23:46:55,522 - INFO - ============================================================
==========================================
Preprocessing finished with status 0
==========================================

Output files:
  /tmpdir/m24047brmn/nemo_1b/data_fwe_50k/fineweb_edu_text_document.bin
  /tmpdir/m24047brmn/nemo_1b/data_fwe_50k/fineweb_edu_text_document.idx

Use datamix: datamix_fineweb_edu_50k.json
