==========================================
Detokenizing indexed dataset
Input:      /tmpdir/m24047brmn/nemo_1b/data_fwe_50k/fineweb_edu_text_document.{bin,idx}
Tokenizer:  /work/m24047/m24047brmn/tokenizers/luciole_50k
Num tokens: 10000
==========================================
INFO:numexpr.utils:Note: detected 80 virtual cores but NumExpr set to maximum of 64, check "NUMEXPR_MAX_THREADS" environment variable.
INFO:numexpr.utils:Note: NumExpr detected 80 cores but "NUMEXPR_MAX_THREADS" not set, so enforcing safe limit of 16.
INFO:numexpr.utils:NumExpr defaulting to 16 threads.
[NeMo W 2026-02-06 15:31:43 nemo_logging:405] /opt/venv/lib/python3.12/site-packages/lhotse/recipes/iwslt22_ta.py:323: SyntaxWarning: invalid escape sequence '\s'
      text = re.sub("\s+", " ", text)
    
[NeMo W 2026-02-06 15:31:43 nemo_logging:405] /opt/venv/lib/python3.12/site-packages/lhotse/recipes/iwslt22_ta.py:324: SyntaxWarning: invalid escape sequence '\s'
      text = re.sub("\s+\.\s+", ".", text)
    
INFO:megatron.core.msc_utils:The multistorageclient package is available.
INFO:megatron.core.distributed.fsdp.src.megatron_fsdp.megatron_fsdp:Detected Megatron Core, using Megatron-FSDP with Megatron.
INFO:megatron.core.distributed.fsdp.src.megatron_fsdp.param_and_grad_buffer:Detected Megatron Core, using Megatron-FSDP with Megatron.
WARNING:nv_one_logger.api.config:OneLogger: Setting error_handling_strategy to DISABLE_QUIETLY_AND_REPORT_METRIC_ERROR for rank (rank=0) with OneLogger disabled. To override: explicitly set error_handling_strategy parameter.
INFO:nv_one_logger.exporter.export_config_manager:Final configuration contains 0 exporter(s)
WARNING:nv_one_logger.training_telemetry.api.training_telemetry_provider:No exporters were provided. This means that no telemetry data will be collected.
Multiple distributions found for package modelopt. Picked distribution: nvidia-modelopt
INFO:datasets:PyTorch version 2.9.0a0+50eac811a6.nv25.9 available.
[NeMo I 2026-02-06 15:31:57 nemo_logging:393] Getting HuggingFace AutoTokenizer with pretrained_model_name: /work/m24047/m24047brmn/tokenizers/luciole_50k, vocab_file: None,  merges_files: None, special_tokens_dict: {}, and use_fast: True
INFO:megatron.core.datasets.indexed_dataset:Load the _IndexReader from /tmpdir/m24047brmn/nemo_1b/data_fwe_50k/fineweb_edu_text_document.idx
INFO:megatron.core.datasets.indexed_dataset:	Extract the sequence lengths
INFO:megatron.core.datasets.indexed_dataset:	Extract the sequence pointers
INFO:megatron.core.datasets.indexed_dataset:	Extract the document indices
INFO:megatron.core.datasets.indexed_dataset:> total number of sequences: 957853
INFO:megatron.core.datasets.indexed_dataset:> total number of documents: 957853
INFO:__main__:Dataset loaded: prefix=/tmpdir/m24047brmn/nemo_1b/data_fwe_50k/fineweb_edu_text_document, num_documents=957853
INFO:__main__:Collected 10000 tokens from 11 documents
================================================================================
DETOKENIZED TEXT (first 10000 tokens from 11 documents):
================================================================================
If "n= 0", then n/(1+b)= 0, not 1, so "n/(1+ b)= 1 is wrong. Going back to your original equation, if n= 0, B= A and b can be any number from 0 to 1.2. Moreover, when n/(1+b) = 1 then b = n - 1
Now if n = 0 then b = -1 (But how this is possible, as b has a minimum value of 0).
You say that b cannot be less than 0 so I guess 0 is a "boundary value" for b but I don't know what other boundary values you are talking about.3. Please check this equation for all boundary values for n and b, and me know if this function is mathematically fine or should I change this. Perovskite solar cell (PSC) shows an outstanding performance growth in the last decade. The high-performing PSC currently is still on a laboratory scale and utilizes a noble metal for its counter electrode. The use of noble metal will later become an issue if PSC wants to enter commercialization. Carbon is a material that has a promising characteristic to replace noble metal. It is stable, low-cost, and abundant in nature. Furthermore, various deposition method of carbon layer makes PSC with a monolithic structure can be realized. Monolithic PSC has the advantage of being easy to scale up. This work presents the use of acetylene black, one type of carbon black, as a counter electrode in monolithic PSC. Acetylene black has a higher conductivity than ordinary carbon black sourced from the incomplete combustible petroleum product. A simple deposition technique was used in the making of acetylene black electrodes. The performance of champion devices shows an open-circuit voltage of 0.83 V, short-circuit current density of 14.59 mA/cm2, fill factor of 0.42, and efficiency of 4.99%. The result shows the prospect of acetylene black as a low-cost electrode for monolithic PSC. Older people who sleep fewer than seven hours a night are more prone to cardiovascular disease, scientists warned.
Vital bits of DNA that turn on genes in blood vessels and arteries are lower in those who don’t get enough shut eye, according to the new research.
Known as microRNAs (miRNAs) they help regulate vascular health, including inflammation – shedding light on how a good night’s kip protects against a host of illnesses.
Lead author Dr Jamie Hijmans, a vascular biologist at the University of Colorado, said: “The link between insufficient sleep and cardiovascular disease may be due, in part, to changes in microRNAs.”
The finding published in Experimental Physiology could lead to people who struggle to get the recommended amount being screened with a simple blood test.
This would enable medications to be prescribed or lifestyle changes made to reduce the risk of a heart attack or stroke.
Added Dr Hijmans: “These findings suggest there may be a ‘fingerprint’ associated with a person’s sleep habits, and that fluctuations in miRNA levels may serve as a warning or guide to disease stage and progression.”
Chronic short sleep has been linked to clogged arteries and heart disease for years – increasing the risk of ilnness and premature death.
Britain is among the most sleep deprived nations in the world with four in ten adults admitting they go short.
Dr Hijmans and colleagues believe they may have figured out why it is so dangerous enabling doctors to identify those who might need to change their habits before it is too late.
In the study 24 men and women aged 44 to 62 were analysed, half of whom were normal sleepers in the seven to 8.5 hours a night range and the others short range of five to 6.8 hours.
In the latter group certain microRNAs, molecules that influence whether or not a gene is expressed, were reduced.
The chemicals are now recognised to be sensitive and specific biomarkers of cardiovascular health, inflammation and disease.
In other words, a lowered level of these molecules is associated with heart disease, so they could be used as a biomarker to determine who is more susceptible to disease.
The participants were sedentary, middle-aged adults without heart disease from the local major metropolitan surrounding Denver and Boulder, Colorado.
They were asked to complete a questionnaire designed to accurately estimate average nightly sleep and a small amount of blood was taken from each individual after an overnight fast.
Specific miRNAs related to cardiovascular disease known as miR‐125a, miR‐126 and miR‐146a were extracted and measured.
Explained Dr Hijmans: “The key finding of the present study is that habitual insufficient sleep – less than 7 hours a night – is associated with disruption in circulating levels of miR‐125a, miR‐126 and miR‐146a.
“Altered circulating profiles of these vascular‐related miRNAs have been linked to vascular dysfunction and increased cardiovascular disease risk and events.”
He added: “To our knowledge, this the first study to determine the influence of short sleep duration on circulating miRNA signatures.”
By Ben Gelblum and Mark Waghorn Today you can find one on pants and dresses, even boots and backpacks. But when Gideon Sundback introduced his zipper in 1914, people didn’t get it—or want any part of it. After all, they had buttons, hooks and clasps.
Earlier versions proved to be part of the problem; they jammed and pulled apart too easily. That’s why Sundback gets credit as the inventor of the zipper, because his device was practical and reliable.
The U.S. Army used Sundback’s zipper for gear and clothing in World War I. It became a mainstay in civilian clothing in 1923 when B.F. Goodrich Company updated the standard boot, calling it the “zipper boot.” The name stuck—and so did the idea of zippers for fashion.Not every idea is perfect at the start. But collaboration in thought and deed can help sew up success in the long run.
Take delight in the Lord, and He will give you the
desires of your heart. (Psalm 37:4)
Give me strength, Lord, to pursue my dreams. This passage is taken from the printed version of a sermon given by Hugh Latimer (c. 1485 – university divine and bishop under Henry VIII, court preacher under Edward VI, executed as a heretic under Mary I – in 1549. This autobiographical anecdote, dating from just a few years before the period the ‘Middling Cultures’ project investigates, highlights many of the themes and concepts that will be central in our research. It emphasises the role of identity and self-perception even as it also shows the ways in which these interacted with and were shaped by external and variable economic and social forces. It reminds us that middling status could be precarious and fleeting as individuals, across just one or two generations or even across a lifetime, might rise and fall beyond it. Latimer’s invocation of contemporary anger at a divide between rich and the ordinary – and the exploitation of the latter by the former – provides an important and central context for the lives of those trying to carve out a space in the middle of a hierarchy that to some felt increasingly hostile. It also resonates with many modern concerns about a world with a rising super-rich and a middle who wonder if they will ever have the economic security that an older generation enjoyed.
As Latimer delineates his father’s status, the intermingling of social, economic, political, moral and cultural capital is clear. His father’s position, in Latimer’s retelling, rested not just on his modest wealth, but on his charity and hospitality, his ability to serve the king (including at Blackheath: here Latimer is describing his father fighting for the king against a Cornish rebellion in 1497), and his ability to raise his children ‘in godliness’. He also provided Latimer with the means of social advancement: he was able to ‘put him to school’, the first step on a dizzying rise that saw him preach before the king. His trajectory may have been extraordinary, but many of Latimer’s contemporaries also used education to rise beyond middling origins. The contemporary social commentator Sir Thomas Smith wrote in 1583 that the universities were one of the ways that gentlemen ‘be made good cheape’ in Tudor England. But while his father’s comfortable, though not extravagant, life had given Latimer the opportunity for a life among the elite, his self-conscious, deliberate and very public evocation of it shows that his middling origins remained both important and useful to Latimer. Used here as a rhetorical tool to help spur the king to action, invoking and appropriating an ‘ordinary’ identity allowed him both to speak on behalf of the people, and to align himself with a group that he presents as the moral and social core of their communities, and the nation.
Latimer is describing, and bemoaning, a world in flux. His father’s way of living has already gone and his (perhaps hypothetical) successor at the farm lived a much more marginal and straitened life: he had slipped beyond the relative comfort and safety of the middling. The decades that followed Latimer’s sermon would see the pace of this change not slow, as he had hoped, but accelerate. It was in this crucible of economic and social change that the cultural identities of the middling were forged, contested and asserted. An IoT Based Efficient Waste Collection System with Smart Bins
preprintposted on 12.06.2020, 22:54 by Khandaker Foysal HaqueKhandaker Foysal Haque, Rifat Zabin, Kumar Yelamarthi, Prasanth Yanambaka, Ahmed Abdelgawad
Waste collection and management is an integrated
part of both city and village life. Lack of optimized and efficient waste collection system vastly affect public health and costs more. The prevailing traditional waste collection system is neither optimized nor efficient. Internet of Things (IoT) has been playing a great role in making human life easier by making systems smart, adequate and self sufficient. Thus, this paper proposes an IoT based efficient waste collection system with smart bins. It does real-time monitoring of the waste bins and determines which bins are to emptied in every cycle of waste collection. The system
also presents an enhanced navigation system that shows the best route to collect wastes from the selected bins. Four waste bins are assumed in the city of Mount Pleasant, Michigan at random location. The proposed system decreases the travel distance by 30.76% on an average in the assumed scenario, compared to the traditional waste collection system. Thus it reduces the fuel cost and human labor making the system optimized and efficient by enabling real-time monitoring and enhanced navigation. 188.8.131.52. Deformation zone
To reduce damage of salon, forward and back frames which are deformed at blow are developed and effectively absorb/disseminate energy of collision.
At moderate head-on collisions in a zone of the amplifier of a bumper the blow dissipates to forward side frames and elements of a forward suspension bracket.
|Fig. 8.2. Zones of deformation of a body: 1 – energy of collision; 2 – forward amplifier of a bumper; 3 – forward side frame; 4 – forward cross-piece; 5 – caisson; 6 – side longitudinal beam; 7 – forward In-shaped frame
If collision happens close to salon, energy of blow dissipates side longitudinal beams and forward B-shaped frames through a caisson, reducing blow to salon. In Part 2 of this blog series on Y+, we saw how the front wing flaps were not prone to separation under the given flow conditions. In Figure 14, the geometry was adjusted, and the flow was solved using meshes with y+ ~ 1 (above) and y+ ~ 30 (below). The velocity contours below show the first flap separating for the y+ ~ 1 case, changing the flow structure.
Figure 14 – Velocity distribution on the symmetry plane
The static pressure is lower for the y+ ~ 1 case around the main section, as shown in Figure 15.
Figure 15 – Static pressure on the symmetry plane
This can also be seen in the static pressure plot for the main section in Figure 16.
Figure 16 – Static pressure on the main section
The lift coefficient normalised using the y+ ~ 1 results given in Table 2 shows a 9% difference.
Table 2 – Lift coefficient normalised by y+ ~ 1 results.
This case shows that sensitivity is case dependent. It is therefore important to test each case for sensitivity.
Number of prism layers required to resolve the boundary layer
With a better understanding of the boundary layer in Part 1 and the effect of y^+ in Parts 2 and 3, the next question is how many prism layers are required to resolve the boundary layer?
One of the methods to evaluate if the boundary layer profile has been captured is to display the turbulent viscosity ratio: read more about it: Click Me
For problems with complex geometries and multiple surfaces growing different sized boundary layers, it may be required to run multiple simulations and vary the number of layers. In Part 4 we will look at applying the first layer sizing to fit a y+ ~ 1 near-wall layer and then vary the number of prism layers, monitoring forces.
Figure 17 shows different meshes created with different numbers of layers: 15 layers (top left), 20 layers (top right), 25 layers (bottom left) and 30 layers (bottom right).
Figure 17 – Meshes with 15 layers (top left), 20 layers (top right), 25 layers (bottom left) and 30 layers (bottom right).
Figure 18 shows the corresponding plots of the turbulent viscosity ratio (TVR) for each of the meshes shown above. To properly resolve the boundary layer, the results should show that the ratio transitions from a low to high value and back again inside the prism layers. In this case, it can be observed by transitioning from blue to red and then green. The 25 and 30-layer plots show a clear transition, indicating the local boundary layer profile has been resolved. It is important to note this is not all that matters. In a real case, the number of layers that may resolve a front wing may not resolve the rear end of the diffuser that has seen 2 m of boundary layer growth.
Figure 18 – The TVR distribution across the boundary layer for the four different mesh types
Figure 19 shows the turbulent viscosity ratio overlayed with velocity vectors, showing the different regions and how they are resolved.
Figure 19 – TVR contours overlaid with velocity vectors on the different meshes
The boundary layer profile, towards the trailing edge of the main section, along the red line, is shown in Figure 20. The 25- and 30-layer cases are very similar with deviation shown in the other two. This shows that even with the first cell height being the same, without resolving the full boundary layer, the effect of the adverse pressure gradient changes the velocity profile.
Figure 20 – Velocity profile on a line normal to the surface at the back of the main profile
Looking at wall shear stress distribution, shown in Figure 21, and zooming in on the end of the wing in Figure 22, the 20, 25 and 30 layer meshes separate around the same location, with 15-layer mesh deviating in the separation point by 30 mm.
Figure 21 – Wall shear stress distribution on the main section
Figure 21 – Wall shear stress distribution on the main section
Static pressure around the main section is similar between the 25- and 30-layer cases, as seen in Figure 23. As the other cases are not accurately capturing the full boundary layer profile, they are not able to predict the effect of the adverse pressure gradient showing deviation.
Figure 23 – Static pressure distribution on the main section
The lift (Cl) and drag (Cd) coefficient, normalised by the results obtained using 30-layers are shown in Table 3. There is a large variation of the forces if enough layers are not used to resolve the boundary layer. 25-layers show similar values, whereas the 20 and 15-layers show differences of 14% and 9% respectively in Cl.
Table 3 – Lift and drag coefficients normalised by the 30-layers results
The question this four-part blog wanted to answer using a case study is: What value should I use in my simulations?
In Part 1, we looked at the underlying physics of the boundary layer and how it is modelled in CFD.
Part 2, used a 2D multi-section wing in ground effect mode to demonstrate the impact of using different values on the flow field, pressure distribution and wall shear stress around the main section, velocity profile on a line towards the trailing edge of the main section and force coefficients normalised to results. This demonstrated using a larger value large than 1 introduced modelling errors.
Part 3 showed what happened when the first flap was sensitive to flow separation. This demonstrated wall functions, under certain conditions, can underpredict flow separation, highlighting the importance of mesh sensitivity testing. We also examined the number of prism layers used to resolve the boundary layer for a case. Demonstrating how the flow field, pressure distribution and wall shear stress around the main section, velocity profile on a line towards the trailing edge of the main section and force coefficients normalised to the 30-layers case deviated. This highlighted why it is crucial to ensure enough layers are used to capture the boundary layer.
With all this information, you are probably thinking, “How can I apply this to my simulation?”
This is what I would recommend:
- Start with a 2D geometry of a component like the front wing
- 2D simulations are a great starting place, simulation run times are low, allowing for lots of testing, but flow features are inherently 3D, so force coefficients are not accurate.
- Run test cases for different values and prism layers. Reading about it is essential, but always test on your component.
- You can also use the 2D case to understand the effect of varying surface and volume mesh densities.
- As this blog has demonstrated, create a clear plan, change one variable at a time and review the results.
- The 2D results should give you an idea about the trade-off between accuracy (values, number of layers, force coefficients), and computational resources (simulation run times and RAM requirements).
- Create a simplified front wing in 3D in different conditions, i.e. straight line, pitch, roll and yaw
- Test different values and number of layers recording force coefficients, computational resources and review the results for each condition.
- cases resolve the viscous sub-layer, requiring a fine mesh, leading to longer run times which means fewer designs tested within a year.
- cases use wall functions, allowing for a coarser mesh, leading to shorter run times which means more designs tested within a year.
- After you are happy testing on a simplified model, apply your mesh settings to your full car in different conditions
- You may need to tweak your mesh settings as the number of prism layers required to resolve the boundary layers of a front wing and diffuser are different!
This concludes Part 3 in our series on 'What Y+ should I use?', you can refer back to the other parts in this series below:
- Part 1 – Understanding the physics of boundary layers
- Part 2 – Resolving each region of the boundary layer
Thank you for taking the time to read through this blog. If you have any comments or questions, please leave them in the comment section. Types of Banks- Banking Awareness:
A brief notes about the types of banks in India was given here below, which was important banking awareness topic for the upcoming banking exams. Candidates those who are preparing for those exams can use this.
There are seven types of Banks in India, and they are given below.
A savings bank is a financial institution whose primary purpose is to accept savings deposits. It may also perform some other functions. These banks are helpful for salaried people and low income groups. The deposits collected from the customers are invested in bonds, securities etc,. At present, most of the commercial banks carry out the functions of Savings Banks; Postal Department also performs the functions of savings bank.
A Commercial Bank is an institution which accepts deposits, makes business loans and offers related services. Commercial Banks also allow for a variety of deposit accounts, such as current, savings and time deposit. These institutions are run to make profit. Commercial Banks provide various services like collection cheques, bills of exchange, remitting money from one place to another place. In India, Commercial Banks have been established under Companies Act, 1956. In 1969, 14 Commercial Banks were nationalized by the Government of India.
3.)Industrial Banks/ Development Banks:
Development Banks are those financial institutions engaged in the promotion and development of industry, agriculture and other key sectors. These banks react to the socio-economic needs. They satisfy the developmental needs of the economy and their success is linked to the satisfactory growth of the economy. The main objective of these banks is to provide long term loans for expansion and modernization of industries. In India, such banks were established o a large scale after independence. They are Industrial Finance Corporation of India (IFCI), Industrial Credit and Investment Corporation of India (ICICI) and Industrial Development Bank of India (IDBI).
4.)Land Development Banks:
The Long term credit needs of the agricultural sector are met by another type of Cooperative institution called as Land Development Banks. The structure of these banks is a two-tier one-at the state level there are Central Land Development Banks and at the district or taluka level, there are primary Land Development Banks. In a few States, e.g Gujarat, Jammu and Kashmir and UP, the structure is unitary i.e., there are Apex Land Development Banks which operate directly through their own branches at the district level.
Indigenous Banks means money lenders and sahukars. They collect deposits from general public and grant loans to the needy persons out of their own funds as well as from deposits. These indigenous banks are popular in villages and small towns. They perform combined functions of trading and banking activities. Certain well-known Indian communities like Marwaries and Multanis even today run specialized indigenous banks.
Every country of the world has a Central Bank. In India, Reserve Bank of India; in USA Federal Reserve and in UK, Bank of England are example of the Central Banks. These Central Banks are the bankers of the other banks. They perform specialized functions, i.e., issue of paper currency, work as bankers to governments, supervise and control foreign exchange. A Central Bank is a non-profit making institution. It does not deal with the public but it deals with the other banks. The principal responsibility of the Central Bank is thorough control on currency of a country.
In India, Cooperative Banks are registered under the Cooperative Societies Act 1912. They generally give credit facilities to small farmers, salaried employees, small scale industries, etc. Cooperative banks are in rural as well as in urban areas. The functions of these banks are just similar to that of Commercial Banks.
Standard Chartered Banks, City Bank, HSBC are the examples of Foreign Banks working in India. These banks are mainly concerned with financial foreign trade. Following are the various functions of Exchange Banks.
· Remitting money from one country to another country
· Discounting of foreign bills.
· Buying and selling gold and silver.
· Helping import and export trade.
People Also Visited: (NEXSTAR) — It’s a name no one is going to brag about, but Amarillo residents can claim to live in the coldest big city in Texas, according to the National Oceanic and Atmospheric Administration.
This difference does not mean that everything is so cold in Amarillo compared to other cities in the US. In fact, NOAA data compiled by Stacker identified the coldest cities in all 50 states and found that Texas isn’t even among the 150 coldest cities in America. Of the 266 studied, 171 people have a lower average temperature.
However, with a 30-year average of 57.3 degrees, the High Plains can be slightly colder than other parts of Texas. The average temperature in Houston last year was 70.5 degrees, according to federal data. The Dallas area averaged 68.2 degrees last year, according to NOAA.
“Amarillo is undoubtedly the coldest (big) city in Texas. The lowest temperature on record was -12 degrees in 1986. However, just two years ago, we were close to tying this dubious record to a low of -11 degrees on February 15, 2021,” said KAMR Chief Meteorologist John Harris.
Geography, and by extension climate, is what sets Amarillo apart.
“We are north of any other city in Texas. We see all 4 seasons here in the Panhandle,” said Harris, who points to low humidity lowering nighttime temperatures, especially in winter.
This low humidity can be a real advantage during the warmer months.
“Less humidity makes the 90s more bearable since we don’t usually have a heat index per se,” he said. “We see beautiful sunrises and sunsets almost all year round due to less clouds.”
According to data compiled by Stacker, Amarillo’s average daily high is 70.9 degrees and the average daily low is 43.8 degrees. It’s wider and warmer than the coldest city in other major states like California, Illinois and New York.
Although it wasn’t included in the study, Harris said the title of “the coldest city in Texas” likely belongs to Dalhart, about 80 miles northwest of Amarillo. On January 4, 1959, a low temperature of -21 degrees was recorded in the city.
According to a Stacker report, the coldest city in the US is Utqiagvik (formerly known as Barrow) in Alaska. The average daily temperature here is 11.7 degrees. In conjunction with Foresight Update 33
Recent Progress: Steps Toward Nanotechnology
By Jeffrey Soreff
Valuable new components extend the range of accessible molecular systems we have available. Particularly useful components are those that are stiff (and therefore can be used as structural elements in systems resistant to errors from thermal vibrations), and those which can be produced without requiring scanning probe methods to build them one molecule at a time. The three papers in this section describe advances in this direction.
In the first paper summarized in this section J. Liu et. al., writing in [Science 280:1253-1256 22May98] describe a new technique for cutting large numbers of nanotubes into segments with controllable lengths. Nanotubes are stiff tubes made of graphite sheets rolled into cylinders. Some types are also electrically conducting. The new process is “prolonged [approx 24 hr] sonification of the nitric acid purified SWNT [single walled nanotube] rope material in a mixture of concentrated sulfuric and nitric acids (3:1, 98% and 70%, respectively) at 40°C.” This is a bulk process, cutting multimilligram quantities of nanotubes in one step, in contrast to scanning probe techniques, where tubes have been cut one by one. With the new process, SWNT “ropes were cut into 100- to 300- nanometer lengths.”
The process relies on the stability of nanotubes to allow clean cuts. The authors purified their crude nanotube samples by refluxing them in 2.6 M nitric acid for 45 hours. The survival of the nanotubes under these conditions shows how stable unmarred nanotube surfaces are to oxidation. Other forms of carbon in their initial, impure, samples do not survive this treatment. During sonification the nanotubes are subjected to conditions which are locally sufficient to disrupt them. The collapse of bubbles during sonification can generate local temperatures of thousands of degrees, which is sufficient to attack even perfect fullerenes. In a less aggressive environment (CH2Cl2) sonification was shown to damage the walls of multi-walled nanotubes. In an oxidizing acid environment, the damaged wall is attacked (essentially burned away), leading to a clean cut.
The authors were able to chemically modify the ends of their tubes. Many organic compounds form carboxylic acid groups (-CO2H) after partial oxidation. The oxidatively cut nanotubes appear to possess them as well. The authors were able to join a thiol-containing linker molecule to these groups, then bind the thiol groups to gold particles, which were imaged in an AFM. They write that “attachment of such strategically designed binding groups may be very useful in directing assembly of fullerene tubes into molecular devices.”
The cut ropes have a wide distribution of lengths, with a width comparable to the average length. The authors were able to separate groups of cut tubes with field flow fractionation, reducing the dispersion in the lengths by perhaps a factor of 3-4 (as measured by AFM measurements of tubes deposited from separated fractions). The authors also found that in non-sonificated oxidizing reagents, the nanotubes shortened over time. One could potentially improve the yield of tubes in a narrow range of lengths by separating the initial distribution and trimming the longer fractions with oxidizing reagents.
This work is a major advance towards using nanotubes as atomically precise
components. It adds substantial control over nanotube length and nanotube
end chemistry to the control over nanotube diameter and helicity that has
been achieved over the last few years.
In the second paper summarized in this section T. Douglas and M. Young, writing in [Nature 393:152-155 14May98], describe how they assembled inorganic particles in empty virus shells.
They used cowpea chlorotic mottle virions (the protein coat of the virus) as their containers. This virion has an external diameter of 28 nm and an internal cavity diameter of 18 nm. It is composed of “180 identical coat protein subunits arranged on an icosahedral lattice.” The electrical environments are different inside and outside the viroid: “…each coat protein subunit presents at least nine basic residues (arginine and lysine) to the interior of the cavity. This creates a positively charged interior cavity surface, which provides an interface for inorganic crystal nucleation and growth. … the outer surface of the protein shell is not highly charged.”
The authors soaked the virions in tungstate WO42- and vanadate VO31- ions at pH 6.5. Both the virions and the metal ions have pH dependent behaviors. The virions have two states, one at pH > 6.5 where pores open in the protein coat, and another at pH < 6.5 where the pores close. The metal ions condense to polyoxometallate ions at low pH, H2W12O4210- and V10O286- for tungsten and vanadium respectively. The authors found that the virions formed polyoxometallate crystal cores, and that these ions didn’t crystallize outside the virions under these conditions. The crystal cores filled the interior space of the virions. TEM images show single crystals with clear lattice planes. The authors write: “Therefore, we suggest that the protein shell acts as a spatially selective nucleation catalyst in the paratungstate mineralization, in addition to its role as a size- and shape-constrained reaction vessel.” The low pH behavior of the virions was exploited to purify the crystal-filled virions by washing them at low pH.
The authors suggest that this approach can be extended to other materials and other viroids, writing: “The range of viral morphology and size allow great flexibility for adapting this methodology to control the size and shape of the entrapped material, which is limited only by access to the protein interior and could include inorganic and organic species. The electrostatic environment within the cavity could be altered by site-directed mutagenesis to induce additional specific interactions…”
Since this technique starts with an atomically precise volume defined by the viroid interior, it suggests the possibility of growing inorganic crystals with atomically precise boundaries. Inorganic crystals can be stiffer than typical biopolymers, suggesting that this may be a route to some useful machine components.
In the third paper summarized in this section S. Borman, writing in [C&EN: 47-67 6Apr98], summarizes a wide variety of work in combinatorial chemistry. Combinatorial chemistry is “a technology for creating molecules en masse and testing them rapidly for desirable properties.” A number of properties would be desirable for nanotechnology:
- specific geometrical shapes, such as Kaehler brackets
- affinity for specific complementary structures for the purpose of self-assembly
- presentation of functional groups at specific locations and angles, or catalysis of specific reactions for tool tips
The ability to explore a large design space by repeating a standard set of reactions which can add many different side groups at several steps in the process is not new. R.B. Merrifield’s method for building up peptides in this way goes back to 1963, and makes roughly 2050 accessible. What seems to be new is that the rate of invention of new methods has gotten higher. According to A.M.M. Mjalli of Helios, one of their researchers “optimized the chemistry on solid support for the production of 15 individual libraries – each consisting of eight to 10 chemical steps and based on a different scaffold – in 15 weeks.”
This area has become sufficiently productive that four new journals
either have been are are about to be introduced:
- Molecular Diversity from Kluwer Acedemic Publishers, since 1995
- Combinatorial Chemistry & High Throughput Screening from
Bentham Science Publishers, starting April 1998
- Combinatorial Chemistry from
John Wiley & Sons, starting April 1998 and
- Journal of Combinatorial Chemistry from
the American Chemical Society, starting January 1999
Another change in this field is the focus on small molecule libraries. For peptide or oligonucleotide libraries the basic molecular structure is linear, and increased length increases design options. In small molecule libraries there is typically a core “scaffold”, and a fixed number of positions at which side groups can be added to it. From the perspective of nanotechnology these molecules don’t suffer from the ever increasing flexibility that longer peptides do (and the consequent need to control folding), but they also don’t extend as naturally to large structures.
Not all reactions can be exploited in combinatorial chemistry today. A.W. Czarnik of Irori Quantum Microchemistry says: “In a combinational scheme, every reaction must work in high yield and with a variety of reagents. That’s an onus only the peptide and oligonucleotide chemists had to face previously. The oligosaccharide crowd is facing it now. Literally, all of organic chemistry can be reworked with this goal in mind.”
One major open question for the utility of these methods to nanotechnology is how versatile they will be in generating molecules with stable three dimensional structures. Building blocks or subassemblies for nanomachines can’t be too floppy or thermal vibrations will cause too many errors. Peptides have a broad design space, but they need to fold into 3D structures before we can use them as parts. The folding is difficult to predict and control, and relies on weak forces which give much less stiffness than covalent networks do. The new combinatorial chemistries that I’ve seen incorporate single bonds with torsional degrees of freedom into their libraries, so similar problems remain. The ideal combinatorial library for nanotechnology would generate rigid fused ring systems. So many new chemistries are being introduced that I don’t know if one with this feature now exists, or if the constraints required for high yield and reagent flexibility make it unlikely.
While biopolymers and foldamers aren’t as stiff as some of the systems in the previous section, they can provide great specificity for self-assembly, many degrees of freedom in designs, and some existing functional pieces from biological systems such as motors.
In the first paper summarized in this section, S. Wilkinson, writing in [C&EN :18 23Feb98] reports on work by Y. Eichen, U. Sivan, and E. Braun at the Technion-Israel Institute of Technology at Haifa. The professors were able to grow conductive silver wires along DNA. DNA is an acid, with negative phosphate groups along its backbone in neutral or alkaline solution. In an electrically neutral structure, there are always positive counterions present to balance this charge. In this advance,
- the initial counterions were replaced with silver ions
- the silver ions were reduced to metallic silver
- the metallic silver agregates were “developed”, enlarged by depositing more silver from a solution of silver ions and hydroquinone
The result is a conductive wire.
Currently the smallest wire that has been grown this way is 100 nm in
diameter, too large to be useful in nanotechnology, but the research team
expects to be able to reduce the diameter to a few nm.
In the experiment that demonstrated the conductivity of the wires, the
researchers bound DNA oligomers to two gold electrodes, then hybridized a
bridging strand of DNA between them before forming the silver wire on the
hybrid DNA. In addition to showing the conductivity of the wire, this also
showed that binding between DNA strands was compatible with the technique for
depositing the wire.
DNA hybridization is a very powerful technique for constructing nanostructures, as shown, for instance, by N. Seeman’s DNA polyhedra. It allows great specificity in connecting structures together. In addition, a wide variety of small structures can be covalently bound to DNA oligomers. This new technique allows all of these connections to carry electrical signals.
In the second paper summarized in this section, S. Borman, writing in [C&EN :56-57 4May98], reports on some recent work on peptoids. Peptoids are polymers of N-substituted glycine. They have the general structure (-(C=O)-CH2-NR-)n, where R is a side chain. Like peptides, (-(C=O)-CHR-NH-)n, peptoids have a great deal of design freedom. Each additional residue in an oligomer allows a choice of many possible side chains.
The length that can be reached with a peptoid chain is now comparable to peptides. Borman quotes UCSF’s F.E. Cohen: “we’re making what we jokingly call ‘protoids’ – structures of 40 to 50 residues that should have defined three-dimensional structures – and we’re screening for the best sequences to do that. …the compounds are extraordinarily stable. Unlike peptides, which can be degraded in a large number of ways, these things are like rocks.”
As in the case of peptides, control of the side chain sequence gives only indirect control of the 3D shape. Peptoids are a type of “foldamer”, and predicting and designing the fold is difficult. Unlike peptides, peptoids don’t have hydrogen bond donors in their backbone, so they don’t form secondary structures (such as proteins’ alpha helices) in the same way.
Peptoids can still form helices without hydrogen bonding. Peptoids with as few as five residues have been shown to form stable helices in solution. This required fewer residues that in the shortest analogous peptide case, which requires roughly ten residues. Helix formation is particularly surprising because helices are chiral, they come in right-handed and left-handed versions. Peptides have chirality built into the backbone, with a chiral center at each alpha carbon. In peptoids, on the other hand, none of the backbone atoms is chiral. Admittedly, getting the five residue peptoid to form a stable helix required putting bulky, asymmetrical side chains in the peptoid.
From a nanotechnological perspective, peptoids, like other foldamers, provide a route towards atomically precise 3D structures. Work that extends the maximum size of these structures or our ability to predict and control their folding into 3D structures increases the range of building blocks available to nanotechnology.
In the third paper summarized in this section, R. Sakowicz et. al., writing in [Science 280:292-295 10Apr98], describe the mode of action of a new type of kinesin inhibitor that they have isolated. The inhibitor is adociasulfate-2, which they isolated from a marine sponge. Normally, kinesin binds to a microtubule and crawls along it, deriving power by hydrolyzing ATP. Adociasulfate-2 mimics the binding site of the microtubule, preventing kinesin from binding to the microtubule when the inhibitor is present.
The authors established Adociasulfate-2’s mechanism of action with a number of kinetics experiments. Amongst other properties, they found that it increased kinesin’s rate of ATP hydrolysis, unlike other known inhibitors, which interfere with kinesin’s binding to and hydrolysis of ATP.
Kinesin, like other natural molecular motors, could be useful as an atomically precise actuator if we are able to control its states with sufficient precision. Ideally, it would be useful to have substances which could stop it at several points in its motion cycle, so the sequential addition and removal of these materials would single step it along a workpiece. The new inhibitor acts like a clutch, decoupling it from microtubules. This could be useful in resetting unidirectional motion from a kinesin motor.
In the fourth paper summarized in this section, C. Wu, writing in [Science News 153:296-298 9May98], summarizes a good deal of recent work on “thermophylic, or heat-loving” enzymes. Normally, an enzyme, like other proteins, denatures when it is heated, literally scrambling its 3D structure, and losing its ability to catalyze the reaction of its substrate(s). There has been considerable success recently in modifying existing enzymes to make them retain their structure at higher temperatures.
Wu describes the approaches of three groups:
- B. Van den Burg’s group at U. of Groningen in the Netherlands, which modified an enzyme from Bacillus stearothermophilus by changing 8 of its amino acids to their counterparts in a known thermophylic enzyme called thermolysin. They were able to raise its heat tolerance from 86 C to 100 C, while retaining its enzymatic activity.
- F.H. Arnold’s group at Caltech, which is using directed evolution to improve the heat tolerance of enzymes. They put the enzyme subtilisin through 5 rounds of modification and screening for thermal stability, increasing it by 18 C. They put an esterase through 6 rounds and raised its heat tolerance by 15 C.
- R.S. Farid’s group at Rutgers, which also uses an evolutionary approach, but who screen their mutation computationally, in a program called CORE. The criterion that CORE uses is suprisingly simple. It just examines “how tightly the hydrophobic, or water-avoiding, amino acids in the interior of the enzyme pack together.”
In general, raising an enzyme’s thermal stability requires making it energetically more stable, making it harder to break its structure apart. This generally makes it more stable to a variety of perturbations: to changes in salt concentration, to changes in pH, even to reactions that make it degrade over time and limit its shelf life.
From the perspective of nanotechnology, an enzyme may be useful as a tool in an early assembler. Additional stability may be useful in helping it tolerate mechanical forces used to bring it to a workpiece, or in tolerating operation in local environments quite different from the aqueous solution in which it evolved.
In the fifth paper summarized in this section G. MacBeath, P. Kast & D. Hilvert, writing in [Science 279:1958-1961 20Mar98], describe the redesign of an enzyme which changed its topology and tertiary structure (the packing of its alpha helices and turns in space), while retaining its catalytic activity.
The authors started with an enzyme called a chorismate mutase (CM), which catalyzes a step in the synthesis of two amino acids: tyrosine and phenylalanine. The natural enzyme consists of two identical protein molecules. Each molecule contains three alpha helices, separated by turns. The active site of the enzyme is surrounded by three helices from one molecule and a fourth from the second protein. The active site depends on the tertiary structure of the protein to bring its amino acids together.
The authors’ strategy was to gather the four helices surrounding the active site into one protein, cutting two of the neighboring helices in the dimer short and connecting them with a turn. Their original attempts to do this were unsuccessful, prompting them to find a more thermodynamically stable version of this enzyme in a thermophilic organism.
The authors used genetic engineering techniques to make their modified protein. More precisely, they made roughly 108 variations on it, with random selection of the amino acids in the new, 6 amino acid long, turn sequence. Because the dimerization of the natural protein is no longer present in the new protein, the redesign exposes some hydrophobic surface that must bind to the new turn in order to yield a stable protein. Together with the need to avoid distorting the active site, this imposes severe constraints on the structure of the new turn. The authors located successful turn sequences by growing E. coli containing genes for their new proteins (and lacking the gene for the normal CM enzyme) on culture media lacking tyrosine and phenylalanine. Only E. coli with active enzymes could grow, thus isolating the successful turn sequences.
An active site in an enzyme is like a tool tip, and an active site assembled
by an enzyme’s tertiary structure is like a specialized (and rather delicate)
tool tip assembled from parts held by different jigs. The ability to take
such a structure and reuse it in a different global structure than its original
one is a valuable option. As this work showed, this is now possible, though

================================================================================
==========================================
Detokenization finished with status 0
==========================================
