==========================================
Preprocessing text to indexed dataset
Input:      /tmpdir/m24047brmn/nemo_1b/data/train_data.txt
Tokenizer:  /work/m24047/m24047brmn/tokenizers/minitron-4b
Output:     /tmpdir/m24047brmn/nemo_1b/data/train_text_document.{bin,idx}
Max tokens: 1000000
==========================================
Traceback (most recent call last):
  File "/work/m24047/m24047brmn/nemo/OpenLLM-BPI-Training/training/train/test/preprocess_mock.py", line 68, in <module>
    main()
  File "/work/m24047/m24047brmn/nemo/OpenLLM-BPI-Training/training/train/test/preprocess_mock.py", line 64, in main
    build_indexed_dataset(args.input_txt, args.tokenizer, args.output_prefix, args.max_tokens)
  File "/work/m24047/m24047brmn/nemo/OpenLLM-BPI-Training/training/train/test/preprocess_mock.py", line 17, in build_indexed_dataset
    from nemo.collections.nlp.modules.common.tokenizer_utils import get_tokenizer
  File "/opt/NeMo/nemo/collections/nlp/__init__.py", line 17, in <module>
    from nemo.collections.nlp import modules
  File "/opt/NeMo/nemo/collections/nlp/modules/__init__.py", line 16, in <module>
    from nemo.collections.nlp.modules.common import AlbertEncoder  # noqa: F401
    ^^^^^^^^^^^^^^^^^^^^^^^^^^^^^^^^^^^^^^^^^^^^^^^^^^^^^^^^^^^^^
  File "/opt/NeMo/nemo/collections/nlp/modules/common/__init__.py", line 17, in <module>
    from nemo.collections.nlp.modules.common.bert_module import BertModule
  File "/opt/NeMo/nemo/collections/nlp/modules/common/bert_module.py", line 19, in <module>
    import torch
ModuleNotFoundError: No module named 'torch'
==========================================
Preprocessing finished with status 1
==========================================
