==========================================
SSA Triton vs Original Parity Check
Arch:        baby_luciole
Layers:      1,12
Seq/Bs:      128/2
Dtype:       bf16
Seed:        1234
Force QK layer scaling: <recipe-default>
Script:      /work/m24047/m24047brmn/nemo/OpenLLM-BPI-Training/training/train/test/check_ssa_triton_vs_original.py
==========================================

[1/2] Current Triton scaling behavior
INFO:numexpr.utils:Note: detected 80 virtual cores but NumExpr set to maximum of 64, check "NUMEXPR_MAX_THREADS" environment variable.
INFO:numexpr.utils:Note: NumExpr detected 80 cores but "NUMEXPR_MAX_THREADS" not set, so enforcing safe limit of 16.
INFO:numexpr.utils:NumExpr defaulting to 16 threads.
INFO:faiss.loader:Loading faiss.
INFO:faiss.loader:Successfully loaded faiss.
[NeMo W 2026-02-11 08:28:37 nemo_logging:405] /usr/local/lib/python3.12/dist-packages/pydub/utils.py:170: RuntimeWarning: Couldn't find ffmpeg or avconv - defaulting to ffmpeg, but may not work
      warn("Couldn't find ffmpeg or avconv - defaulting to ffmpeg, but may not work", RuntimeWarning)
    
INFO:datasets:PyTorch version 2.7.0a0+7c8ec84dab.nv25.3 available.
INFO:datasets:Polars version 1.21.0 available.
=== Run Setup ===
arch: baby_luciole
layers: [1, 12]
batch_size: 2
seq_length: 128
dtype: bf16
num_attention_heads: 24
num_query_groups: 8
head_dim: 32
apply_query_key_layer_scaling: False
compensate_triton_scaling: False

Traceback (most recent call last):
  File "/work/m24047/m24047brmn/nemo/OpenLLM-BPI-Training/training/train/test/check_ssa_triton_vs_original.py", line 286, in <module>
    main()
  File "/work/m24047/m24047brmn/nemo/OpenLLM-BPI-Training/training/train/test/check_ssa_triton_vs_original.py", line 232, in main
    result = _run_one_layer(
             ^^^^^^^^^^^^^^^
  File "/work/m24047/m24047brmn/nemo/OpenLLM-BPI-Training/training/train/test/check_ssa_triton_vs_original.py", line 73, in _run_one_layer
    original = SSADotProductAttention(
               ^^^^^^^^^^^^^^^^^^^^^^^
  File "/work/m24047/m24047brmn/nemo/OpenLLM-BPI-Training/training/train/test/SSA/ssa_attention.py", line 208, in __init__
    world_size = parallel_state.get_tensor_model_parallel_world_size()
                 ^^^^^^^^^^^^^^^^^^^^^^^^^^^^^^^^^^^^^^^^^^^^^^^^^^^^^
  File "/opt/megatron-lm/megatron/core/parallel_state.py", line 1416, in get_tensor_model_parallel_world_size
    return torch.distributed.get_world_size(group=get_tensor_model_parallel_group())
                                                  ^^^^^^^^^^^^^^^^^^^^^^^^^^^^^^^^^
  File "/opt/megatron-lm/megatron/core/parallel_state.py", line 1253, in get_tensor_model_parallel_group
    _TENSOR_MODEL_PARALLEL_GROUP is not None
AssertionError: tensor model parallel group is not initialized
srun: error: turpancomp10: task 0: Exited with exit code 1
