==========================================
SSA Triton Kernel Mode Parity Matrix
Arch:        baby_luciole
Layers:      1,12
Seq lengths: 1024
Batch size:  2
Dtype:       bf16
Seed:        1234
Force QK layer scaling: <recipe-default>
MASTER_ADDR: 10.158.1.110
MASTER_PORT: 36780
Script:      /work/m24047/m24047brmn/nemo/OpenLLM-BPI-Training/training/train/test/check_ssa_triton_vs_original.py
==========================================

[Mode=optimized] [Seq=1024]
INFO:load_model:Initialized parallel state with backend nccl
INFO:numexpr.utils:Note: detected 80 virtual cores but NumExpr set to maximum of 64, check "NUMEXPR_MAX_THREADS" environment variable.
INFO:numexpr.utils:Note: NumExpr detected 80 cores but "NUMEXPR_MAX_THREADS" not set, so enforcing safe limit of 16.
INFO:numexpr.utils:NumExpr defaulting to 16 threads.
INFO:faiss.loader:Loading faiss.
INFO:faiss.loader:Successfully loaded faiss.
[NeMo W 2026-02-11 09:03:42 nemo_logging:405] /usr/local/lib/python3.12/dist-packages/pydub/utils.py:170: RuntimeWarning: Couldn't find ffmpeg or avconv - defaulting to ffmpeg, but may not work
      warn("Couldn't find ffmpeg or avconv - defaulting to ffmpeg, but may not work", RuntimeWarning)
    
INFO:datasets:PyTorch version 2.7.0a0+7c8ec84dab.nv25.3 available.
INFO:datasets:Polars version 1.21.0 available.
INFO:load_model:Destroyed Megatron model parallel state
INFO:load_model:Destroyed process group
=== Run Setup ===
arch: baby_luciole
layers: [1, 12]
batch_size: 2
seq_length: 1024
dtype: bf16
num_attention_heads: 24
num_query_groups: 8
head_dim: 32
apply_query_key_layer_scaling: False
compensate_triton_scaling: False
ssa_use_optimized_kernel: True

[rank0]: Traceback (most recent call last):
[rank0]:   File "/work/m24047/m24047brmn/nemo/OpenLLM-BPI-Training/training/train/test/check_ssa_triton_vs_original.py", line 295, in <module>
[rank0]:     main()
[rank0]:   File "/work/m24047/m24047brmn/nemo/OpenLLM-BPI-Training/training/train/test/check_ssa_triton_vs_original.py", line 239, in main
[rank0]:     result = _run_one_layer(
[rank0]:              ^^^^^^^^^^^^^^^
[rank0]:   File "/work/m24047/m24047brmn/nemo/OpenLLM-BPI-Training/training/train/test/check_ssa_triton_vs_original.py", line 128, in _run_one_layer
[rank0]:     loss_t.backward()
[rank0]:   File "/usr/local/lib/python3.12/dist-packages/torch/_tensor.py", line 648, in backward
[rank0]:     torch.autograd.backward(
[rank0]:   File "/usr/local/lib/python3.12/dist-packages/torch/autograd/__init__.py", line 353, in backward
[rank0]:     _engine_run_backward(
[rank0]:   File "/usr/local/lib/python3.12/dist-packages/torch/autograd/graph.py", line 824, in _engine_run_backward
[rank0]:     return Variable._execution_engine.run_backward(  # Calls into the C++ engine to run the backward pass
[rank0]:            ^^^^^^^^^^^^^^^^^^^^^^^^^^^^^^^^^^^^^^^^^^^^^^^^^^^^^^^^^^^^^^^^^^^^^^^^^^^^^^^^^^^^^^^^^^^^^^
[rank0]:   File "/usr/local/lib/python3.12/dist-packages/torch/autograd/function.py", line 307, in apply
[rank0]:     return user_fn(self, *args)
[rank0]:            ^^^^^^^^^^^^^^^^^^^^
[rank0]:   File "/work/m24047/m24047brmn/nemo/OpenLLM-BPI-Training/training/train/test/SSA/ssa_flash_attention.py", line 76, in backward
[rank0]:     dq, dk, dv, dn, db = ssa_flash_attn_backward(
[rank0]:                          ^^^^^^^^^^^^^^^^^^^^^^^^
[rank0]:   File "/work/m24047/m24047brmn/nemo/OpenLLM-BPI-Training/training/train/test/SSA/ssa_triton_kernel_optimized.py", line 555, in ssa_flash_attn_backward
[rank0]:     _ssa_attn_bwd_dq_kernel[grid_dq](
[rank0]:   File "/usr/local/lib/python3.12/dist-packages/triton/runtime/jit.py", line 330, in <lambda>
[rank0]:     return lambda *args, **kwargs: self.run(grid=grid, warmup=False, *args, **kwargs)
[rank0]:                                    ^^^^^^^^^^^^^^^^^^^^^^^^^^^^^^^^^^^^^^^^^^^^^^^^^^
[rank0]:   File "/usr/local/lib/python3.12/dist-packages/triton/runtime/autotuner.py", line 189, in run
[rank0]:     timings = {config: self._bench(*args, config=config, **kwargs) for config in pruned_configs}
[rank0]:                        ^^^^^^^^^^^^^^^^^^^^^^^^^^^^^^^^^^^^^^^^^^^
[rank0]:   File "/usr/local/lib/python3.12/dist-packages/triton/runtime/autotuner.py", line 169, in _bench
[rank0]:     return self.do_bench(kernel_call, quantiles=(0.5, 0.2, 0.8))
[rank0]:            ^^^^^^^^^^^^^^^^^^^^^^^^^^^^^^^^^^^^^^^^^^^^^^^^^^^^^
[rank0]:   File "/usr/local/lib/python3.12/dist-packages/triton/testing.py", line 117, in do_bench
[rank0]:     fn()
[rank0]:   File "/usr/local/lib/python3.12/dist-packages/triton/runtime/autotuner.py", line 155, in kernel_call
[rank0]:     self.fn.run(
[rank0]:   File "/usr/local/lib/python3.12/dist-packages/triton/runtime/jit.py", line 623, in run
[rank0]:     kernel = self.compile(
[rank0]:              ^^^^^^^^^^^^^
[rank0]:   File "/usr/local/lib/python3.12/dist-packages/triton/compiler/compiler.py", line 284, in compile
[rank0]:     metadata_group[ir_filename] = fn_cache_manager.put(next_module, ir_filename)
[rank0]:                                   ^^^^^^^^^^^^^^^^^^^^^^^^^^^^^^^^^^^^^^^^^^^^^^
[rank0]:   File "/usr/local/lib/python3.12/dist-packages/triton/runtime/cache.py", line 130, in put
[rank0]:     with open(temp_path, mode) as f:
[rank0]: OSError: [Errno 122] Disk quota exceeded
srun: error: turpancomp10: task 0: Exited with exit code 1
