============================================================
FORWARD COMPARISON
============================================================
out_orig shape: torch.Size([1, 3, 64, 32])
lse_orig shape: torch.Size([1, 3, 64])
out max diff: 0.000000
lse max diff: 0.000000

============================================================
BACKWARD COMPARISON (identical inputs)
============================================================
dQ max diff: 0.0
dK max diff: 0.0
dV max diff: 0.0

dn_orig = 5.580616
dn_opt  = 5.040655
dn diff = 0.539961

db_orig = 6.804033
db_opt  = 6.073003
db diff = 0.731030

============================================================
NON-CAUSAL test
============================================================
NON-CAUSAL dn_orig = 5.093313
NON-CAUSAL dn_opt  = 9.037595
NON-CAUSAL dn diff = 3.944282

NON-CAUSAL db_orig = 4.121789
NON-CAUSAL db_opt  = 9.401546
NON-CAUSAL db diff = 5.279757
