==========================================
Starting SSA Triton Training
Datamix:     /tmpdir/m24047brmn/nemo_1b/data_fwe_50k/datamix_fineweb_edu_50k.json
Output:      /tmpdir/m24047brmn/nemo_1b/output
Name:        baby_luciole-ssa-triton
Nodes:       6
Duration:    00:24:00:00
SSA n:       1.5
SSA b:       0.8
==========================================
W0209 16:43:57.005000 2323502 torch/distributed/run.py:763] 
W0209 16:43:57.005000 2323502 torch/distributed/run.py:763] *****************************************
W0209 16:43:57.005000 2323502 torch/distributed/run.py:763] Setting OMP_NUM_THREADS environment variable for each process to be 1 in default, to avoid your system being overloaded, please further tune the variable for optimal performance in your application as needed. 
W0209 16:43:57.005000 2323502 torch/distributed/run.py:763] *****************************************
W0209 16:43:57.014000 3111430 torch/distributed/run.py:763] 
W0209 16:43:57.014000 3111430 torch/distributed/run.py:763] *****************************************
W0209 16:43:57.014000 3111430 torch/distributed/run.py:763] Setting OMP_NUM_THREADS environment variable for each process to be 1 in default, to avoid your system being overloaded, please further tune the variable for optimal performance in your application as needed. 
W0209 16:43:57.014000 3111430 torch/distributed/run.py:763] *****************************************
W0209 16:43:57.026000 2717437 torch/distributed/run.py:763] 
W0209 16:43:57.026000 2717437 torch/distributed/run.py:763] *****************************************
W0209 16:43:57.026000 2717437 torch/distributed/run.py:763] Setting OMP_NUM_THREADS environment variable for each process to be 1 in default, to avoid your system being overloaded, please further tune the variable for optimal performance in your application as needed. 
W0209 16:43:57.026000 2717437 torch/distributed/run.py:763] *****************************************
W0209 16:43:57.065000 944257 torch/distributed/run.py:763] 
W0209 16:43:57.065000 944257 torch/distributed/run.py:763] *****************************************
W0209 16:43:57.065000 944257 torch/distributed/run.py:763] Setting OMP_NUM_THREADS environment variable for each process to be 1 in default, to avoid your system being overloaded, please further tune the variable for optimal performance in your application as needed. 
W0209 16:43:57.065000 944257 torch/distributed/run.py:763] *****************************************
W0209 16:43:57.102000 3233549 torch/distributed/run.py:763] 
W0209 16:43:57.102000 3233549 torch/distributed/run.py:763] *****************************************
W0209 16:43:57.102000 3233549 torch/distributed/run.py:763] Setting OMP_NUM_THREADS environment variable for each process to be 1 in default, to avoid your system being overloaded, please further tune the variable for optimal performance in your application as needed. 
W0209 16:43:57.102000 3233549 torch/distributed/run.py:763] *****************************************
W0209 16:43:57.143000 1521320 torch/distributed/run.py:763] 
W0209 16:43:57.143000 1521320 torch/distributed/run.py:763] *****************************************
W0209 16:43:57.143000 1521320 torch/distributed/run.py:763] Setting OMP_NUM_THREADS environment variable for each process to be 1 in default, to avoid your system being overloaded, please further tune the variable for optimal performance in your application as needed. 
W0209 16:43:57.143000 1521320 torch/distributed/run.py:763] *****************************************
[rank: 2] Seed set to 1234
[rank: 3] Seed set to 1234
[rank: 8] Seed set to 1234
[rank: 9] Seed set to 1234
[rank: 4] Seed set to 1234
[rank: 5] Seed set to 1234
[rank: 10] Seed set to 1234
[rank: 0] Seed set to 1234
[rank: 6] Seed set to 1234
[rank: 11] Seed set to 1234
[rank: 1] Seed set to 1234
[rank: 7] Seed set to 1234
INFO:faiss.loader:Loading faiss.
INFO:faiss.loader:Loading faiss.
INFO:faiss.loader:Loading faiss.
INFO:faiss.loader:Loading faiss.
INFO:faiss.loader:Loading faiss.
INFO:faiss.loader:Loading faiss.
INFO:faiss.loader:Loading faiss.
INFO:faiss.loader:Loading faiss.
INFO:faiss.loader:Loading faiss.
INFO:faiss.loader:Loading faiss.
INFO:faiss.loader:Loading faiss.
INFO:faiss.loader:Loading faiss.
INFO:faiss.loader:Successfully loaded faiss.
INFO:faiss.loader:Successfully loaded faiss.
INFO:faiss.loader:Successfully loaded faiss.
INFO:faiss.loader:Successfully loaded faiss.
INFO:faiss.loader:Successfully loaded faiss.
INFO:faiss.loader:Successfully loaded faiss.
INFO:faiss.loader:Successfully loaded faiss.
INFO:faiss.loader:Successfully loaded faiss.
INFO:faiss.loader:Successfully loaded faiss.
INFO:faiss.loader:Successfully loaded faiss.
INFO:faiss.loader:Successfully loaded faiss.
INFO:faiss.loader:Successfully loaded faiss.
[NeMo W 2026-02-09 16:44:31 nemo_logging:405] /usr/local/lib/python3.12/dist-packages/pydub/utils.py:170: RuntimeWarning: Couldn't find ffmpeg or avconv - defaulting to ffmpeg, but may not work
      warn("Couldn't find ffmpeg or avconv - defaulting to ffmpeg, but may not work", RuntimeWarning)
    
INFO:datasets:PyTorch version 2.7.0a0+7c8ec84dab.nv25.3 available.
INFO:datasets:Polars version 1.21.0 available.
INFO:datasets:PyTorch version 2.7.0a0+7c8ec84dab.nv25.3 available.
INFO:datasets:Polars version 1.21.0 available.
INFO:datasets:PyTorch version 2.7.0a0+7c8ec84dab.nv25.3 available.
INFO:datasets:Polars version 1.21.0 available.
INFO:datasets:PyTorch version 2.7.0a0+7c8ec84dab.nv25.3 available.
INFO:datasets:Polars version 1.21.0 available.
INFO:datasets:PyTorch version 2.7.0a0+7c8ec84dab.nv25.3 available.
INFO:datasets:Polars version 1.21.0 available.
INFO:datasets:PyTorch version 2.7.0a0+7c8ec84dab.nv25.3 available.
INFO:datasets:Polars version 1.21.0 available.
INFO:datasets:PyTorch version 2.7.0a0+7c8ec84dab.nv25.3 available.
INFO:datasets:Polars version 1.21.0 available.
INFO:datasets:PyTorch version 2.7.0a0+7c8ec84dab.nv25.3 available.
INFO:datasets:Polars version 1.21.0 available.
INFO:datasets:PyTorch version 2.7.0a0+7c8ec84dab.nv25.3 available.
INFO:datasets:Polars version 1.21.0 available.
INFO:datasets:PyTorch version 2.7.0a0+7c8ec84dab.nv25.3 available.
INFO:datasets:Polars version 1.21.0 available.
INFO:datasets:PyTorch version 2.7.0a0+7c8ec84dab.nv25.3 available.
INFO:datasets:Polars version 1.21.0 available.
INFO:datasets:PyTorch version 2.7.0a0+7c8ec84dab.nv25.3 available.
INFO:datasets:Polars version 1.21.0 available.
INFO:utils:{'tokenizer': '/work/m24047/m24047brmn/tokenizers/luciole_50k', 'data_path': '/tmpdir/m24047brmn/nemo_1b/data_fwe_50k', 'total_tokens': 10000000000, 'train': [{'name': 'fineweb_edu_text_document', 'weight': 1.0}]}
INFO:utils:{'tokenizer': '/work/m24047/m24047brmn/tokenizers/luciole_50k', 'data_path': '/tmpdir/m24047brmn/nemo_1b/data_fwe_50k', 'total_tokens': 10000000000, 'train': [{'name': 'fineweb_edu_text_document', 'weight': 1.0}]}
INFO:utils:Find tokenizer: /work/m24047/m24047brmn/tokenizers/luciole_50k
INFO:__main__:Global batch size: 768
INFO:__main__:Sequence length: 1024
INFO:__main__:Tokens per batch: 786432
INFO:__main__:Total tokens in datamix: 10000000000
INFO:__main__:Using provided global_max_steps: 60000
INFO:__main__:Patched megatron.core.optimizer (accepted params: {'scale_lr_cond', 'no_weight_decay_cond', 'use_gloo_process_groups', 'model_chunks', 'lr_mult', 'config'})
INFO:utils:Find tokenizer: /work/m24047/m24047brmn/tokenizers/luciole_50k
INFO:__main__:Global batch size: 768
INFO:__main__:Sequence length: 1024
INFO:__main__:Tokens per batch: 786432
INFO:__main__:Total tokens in datamix: 10000000000
INFO:__main__:Using provided global_max_steps: 60000
INFO:__main__:Patched megatron.core.optimizer (accepted params: {'no_weight_decay_cond', 'scale_lr_cond', 'model_chunks', 'lr_mult', 'use_gloo_process_groups', 'config'})
INFO:utils:{'tokenizer': '/work/m24047/m24047brmn/tokenizers/luciole_50k', 'data_path': '/tmpdir/m24047brmn/nemo_1b/data_fwe_50k', 'total_tokens': 10000000000, 'train': [{'name': 'fineweb_edu_text_document', 'weight': 1.0}]}
INFO:utils:{'tokenizer': '/work/m24047/m24047brmn/tokenizers/luciole_50k', 'data_path': '/tmpdir/m24047brmn/nemo_1b/data_fwe_50k', 'total_tokens': 10000000000, 'train': [{'name': 'fineweb_edu_text_document', 'weight': 1.0}]}
INFO:utils:Find tokenizer: /work/m24047/m24047brmn/tokenizers/luciole_50k
INFO:__main__:Global batch size: 768
INFO:__main__:Sequence length: 1024
INFO:__main__:Tokens per batch: 786432
INFO:__main__:Total tokens in datamix: 10000000000
INFO:__main__:Using provided global_max_steps: 60000
INFO:utils:{'tokenizer': '/work/m24047/m24047brmn/tokenizers/luciole_50k', 'data_path': '/tmpdir/m24047brmn/nemo_1b/data_fwe_50k', 'total_tokens': 10000000000, 'train': [{'name': 'fineweb_edu_text_document', 'weight': 1.0}]}
INFO:__main__:Patched megatron.core.optimizer (accepted params: {'config', 'model_chunks', 'scale_lr_cond', 'use_gloo_process_groups', 'lr_mult', 'no_weight_decay_cond'})
INFO:utils:{'tokenizer': '/work/m24047/m24047brmn/tokenizers/luciole_50k', 'data_path': '/tmpdir/m24047brmn/nemo_1b/data_fwe_50k', 'total_tokens': 10000000000, 'train': [{'name': 'fineweb_edu_text_document', 'weight': 1.0}]}
INFO:utils:Find tokenizer: /work/m24047/m24047brmn/tokenizers/luciole_50k
INFO:utils:Find tokenizer: /work/m24047/m24047brmn/tokenizers/luciole_50k
INFO:__main__:Global batch size: 768
INFO:__main__:Sequence length: 1024
INFO:__main__:Tokens per batch: 786432
INFO:__main__:Total tokens in datamix: 10000000000
INFO:__main__:Using provided global_max_steps: 60000
INFO:__main__:Global batch size: 768
INFO:__main__:Sequence length: 1024
INFO:__main__:Tokens per batch: 786432
INFO:__main__:Total tokens in datamix: 10000000000
INFO:__main__:Using provided global_max_steps: 60000
INFO:__main__:Patched megatron.core.optimizer (accepted params: {'no_weight_decay_cond', 'model_chunks', 'scale_lr_cond', 'config', 'use_gloo_process_groups', 'lr_mult'})
INFO:__main__:Patched megatron.core.optimizer (accepted params: {'model_chunks', 'lr_mult', 'scale_lr_cond', 'config', 'no_weight_decay_cond', 'use_gloo_process_groups'})
INFO:utils:Find tokenizer: /work/m24047/m24047brmn/tokenizers/luciole_50k
INFO:__main__:Global batch size: 768
INFO:__main__:Sequence length: 1024
INFO:__main__:Tokens per batch: 786432
INFO:__main__:Total tokens in datamix: 10000000000
INFO:__main__:Using provided global_max_steps: 60000
INFO:__main__:Patched megatron.core.optimizer (accepted params: {'no_weight_decay_cond', 'config', 'scale_lr_cond', 'use_gloo_process_groups', 'model_chunks', 'lr_mult'})
INFO:utils:{'tokenizer': '/work/m24047/m24047brmn/tokenizers/luciole_50k', 'data_path': '/tmpdir/m24047brmn/nemo_1b/data_fwe_50k', 'total_tokens': 10000000000, 'train': [{'name': 'fineweb_edu_text_document', 'weight': 1.0}]}
INFO:utils:{'tokenizer': '/work/m24047/m24047brmn/tokenizers/luciole_50k', 'data_path': '/tmpdir/m24047brmn/nemo_1b/data_fwe_50k', 'total_tokens': 10000000000, 'train': [{'name': 'fineweb_edu_text_document', 'weight': 1.0}]}
INFO:utils:Find tokenizer: /work/m24047/m24047brmn/tokenizers/luciole_50k
INFO:__main__:Global batch size: 768
INFO:__main__:Sequence length: 1024
INFO:__main__:Tokens per batch: 786432
INFO:__main__:Total tokens in datamix: 10000000000
INFO:__main__:Using provided global_max_steps: 60000
INFO:__main__:Patched megatron.core.optimizer (accepted params: {'scale_lr_cond', 'config', 'no_weight_decay_cond', 'lr_mult', 'model_chunks', 'use_gloo_process_groups'})
INFO:utils:Find tokenizer: /work/m24047/m24047brmn/tokenizers/luciole_50k
INFO:__main__:Global batch size: 768
INFO:__main__:Sequence length: 1024
INFO:__main__:Tokens per batch: 786432
INFO:__main__:Total tokens in datamix: 10000000000
INFO:__main__:Using provided global_max_steps: 60000
INFO:__main__:Patched megatron.core.optimizer (accepted params: {'lr_mult', 'model_chunks', 'scale_lr_cond', 'use_gloo_process_groups', 'no_weight_decay_cond', 'config'})
INFO:utils:{'tokenizer': '/work/m24047/m24047brmn/tokenizers/luciole_50k', 'data_path': '/tmpdir/m24047brmn/nemo_1b/data_fwe_50k', 'total_tokens': 10000000000, 'train': [{'name': 'fineweb_edu_text_document', 'weight': 1.0}]}
INFO:utils:{'tokenizer': '/work/m24047/m24047brmn/tokenizers/luciole_50k', 'data_path': '/tmpdir/m24047brmn/nemo_1b/data_fwe_50k', 'total_tokens': 10000000000, 'train': [{'name': 'fineweb_edu_text_document', 'weight': 1.0}]}
INFO:utils:Find tokenizer: /work/m24047/m24047brmn/tokenizers/luciole_50k
INFO:__main__:Global batch size: 768
INFO:__main__:Sequence length: 1024
INFO:__main__:Tokens per batch: 786432
INFO:__main__:Total tokens in datamix: 10000000000
INFO:__main__:Using provided global_max_steps: 60000
INFO:__main__:Patched megatron.core.optimizer (accepted params: {'scale_lr_cond', 'no_weight_decay_cond', 'lr_mult', 'use_gloo_process_groups', 'model_chunks', 'config'})
INFO:utils:Find tokenizer: /work/m24047/m24047brmn/tokenizers/luciole_50k
INFO:__main__:Global batch size: 768
INFO:__main__:Sequence length: 1024
INFO:__main__:Tokens per batch: 786432
INFO:__main__:Total tokens in datamix: 10000000000
INFO:__main__:Using provided global_max_steps: 60000
INFO:__main__:Patched megatron.core.optimizer (accepted params: {'config', 'model_chunks', 'lr_mult', 'use_gloo_process_groups', 'no_weight_decay_cond', 'scale_lr_cond'})
[NeMo I 2026-02-09 16:44:40 nemo_logging:393] Getting HuggingFace AutoTokenizer with pretrained_model_name: /work/m24047/m24047brmn/tokenizers/luciole_50k, vocab_file: None, merges_files: None, special_tokens_dict: {}, and use_fast: True
INFO:utils:{'tokenizer': '/work/m24047/m24047brmn/tokenizers/luciole_50k', 'data_path': '/tmpdir/m24047brmn/nemo_1b/data_fwe_50k', 'total_tokens': 10000000000, 'train': [{'name': 'fineweb_edu_text_document', 'weight': 1.0}]}
INFO:utils:{'tokenizer': '/work/m24047/m24047brmn/tokenizers/luciole_50k', 'data_path': '/tmpdir/m24047brmn/nemo_1b/data_fwe_50k', 'total_tokens': 10000000000, 'train': [{'name': 'fineweb_edu_text_document', 'weight': 1.0}]}
INFO:utils:Find tokenizer: /work/m24047/m24047brmn/tokenizers/luciole_50k
INFO:__main__:Global batch size: 768
INFO:__main__:Sequence length: 1024
INFO:__main__:Tokens per batch: 786432
INFO:__main__:Total tokens in datamix: 10000000000
INFO:__main__:Using provided global_max_steps: 60000
INFO:__main__:Patched megatron.core.optimizer (accepted params: {'model_chunks', 'scale_lr_cond', 'lr_mult', 'no_weight_decay_cond', 'use_gloo_process_groups', 'config'})
INFO:utils:Find tokenizer: /work/m24047/m24047brmn/tokenizers/luciole_50k
INFO:__main__:Global batch size: 768
INFO:__main__:Sequence length: 1024
INFO:__main__:Tokens per batch: 786432
INFO:__main__:Total tokens in datamix: 10000000000
INFO:__main__:Using provided global_max_steps: 60000
INFO:__main__:Patched megatron.core.optimizer (accepted params: {'lr_mult', 'model_chunks', 'no_weight_decay_cond', 'scale_lr_cond', 'config', 'use_gloo_process_groups'})
INFO:__main__:SSA Triton: Using fused Triton SSA FlashAttention (n=1.50, b=0.80)
INFO:__main__:SSA Triton: Using fused Triton SSA FlashAttention (n=1.50, b=0.80)
INFO:__main__:Detected checkpoint at step 9
INFO:__main__:trainer.max_steps = 9 + 100 = 109
INFO:__main__:Detected checkpoint at step 9
INFO:__main__:trainer.max_steps = 9 + 100 = 109
INFO:__main__:LR scheduler max_steps = 60000
INFO:__main__:LR scheduler max_steps = 60000
INFO:utils:Config saved to /tmpdir/m24047brmn/nemo_1b/output/job_76602/config_baby_luciole-ssa-triton.json
INFO:utils:Config saved to /tmpdir/m24047brmn/nemo_1b/output/job_76602/config_baby_luciole-ssa-triton.json
INFO:__main__:SSA Triton: Using fused Triton SSA FlashAttention (n=1.50, b=0.80)
INFO:__main__:SSA Triton: Using fused Triton SSA FlashAttention (n=1.50, b=0.80)
INFO:__main__:SSA Triton: Using fused Triton SSA FlashAttention (n=1.50, b=0.80)
INFO:__main__:Detected checkpoint at step 9
INFO:__main__:trainer.max_steps = 9 + 100 = 109
INFO:__main__:Detected checkpoint at step 9
INFO:__main__:trainer.max_steps = 9 + 100 = 109
INFO:__main__:LR scheduler max_steps = 60000
INFO:__main__:SSA Triton: Using fused Triton SSA FlashAttention (n=1.50, b=0.80)
INFO:__main__:LR scheduler max_steps = 60000
INFO:__main__:Detected checkpoint at step 9
INFO:__main__:trainer.max_steps = 9 + 100 = 109
INFO:__main__:Detected checkpoint at step 9
INFO:__main__:trainer.max_steps = 9 + 100 = 109
INFO:__main__:LR scheduler max_steps = 60000
INFO:__main__:LR scheduler max_steps = 60000
INFO:__main__:SSA Triton: Using fused Triton SSA FlashAttention (n=1.50, b=0.80)
INFO:__main__:SSA Triton: Using fused Triton SSA FlashAttention (n=1.50, b=0.80)
INFO:__main__:Detected checkpoint at step 9
INFO:__main__:trainer.max_steps = 9 + 100 = 109
INFO:__main__:Detected checkpoint at step 9
INFO:__main__:trainer.max_steps = 9 + 100 = 109
INFO:__main__:LR scheduler max_steps = 60000
INFO:nemo.lightning.pytorch.strategies.megatron_strategy:Initializing distributed: GLOBAL_RANK: 2, MEMBER: 3/12
INFO:__main__:LR scheduler max_steps = 60000
INFO:utils:Config saved to /tmpdir/m24047brmn/nemo_1b/output/job_76602/config_baby_luciole-ssa-triton.json
INFO:utils:Config saved to /tmpdir/m24047brmn/nemo_1b/output/job_76602/config_baby_luciole-ssa-triton.json
INFO:utils:Config saved to /tmpdir/m24047brmn/nemo_1b/output/job_76602/config_baby_luciole-ssa-triton.json
INFO:utils:Config saved to /tmpdir/m24047brmn/nemo_1b/output/job_76602/config_baby_luciole-ssa-triton.json
INFO:__main__:SSA Triton: Using fused Triton SSA FlashAttention (n=1.50, b=0.80)
INFO:__main__:SSA Triton: Using fused Triton SSA FlashAttention (n=1.50, b=0.80)
INFO:__main__:Detected checkpoint at step 9
INFO:__main__:trainer.max_steps = 9 + 100 = 109
INFO:__main__:Detected checkpoint at step 9
INFO:__main__:trainer.max_steps = 9 + 100 = 109
INFO:__main__:LR scheduler max_steps = 60000
INFO:__main__:LR scheduler max_steps = 60000
INFO:nemo.lightning.pytorch.strategies.megatron_strategy:Initializing distributed: GLOBAL_RANK: 3, MEMBER: 4/12
INFO:utils:Config saved to /tmpdir/m24047brmn/nemo_1b/output/job_76602/config_baby_luciole-ssa-triton.json
INFO:utils:Config saved to /tmpdir/m24047brmn/nemo_1b/output/job_76602/config_baby_luciole-ssa-triton.json
INFO:__main__:SSA Triton: Using fused Triton SSA FlashAttention (n=1.50, b=0.80)
INFO:__main__:SSA Triton: Using fused Triton SSA FlashAttention (n=1.50, b=0.80)
INFO:__main__:Detected checkpoint at step 9
INFO:__main__:trainer.max_steps = 9 + 100 = 109
INFO:__main__:Detected checkpoint at step 9
INFO:__main__:trainer.max_steps = 9 + 100 = 109
INFO:__main__:LR scheduler max_steps = 60000
INFO:__main__:LR scheduler max_steps = 60000
INFO:nemo.lightning.pytorch.strategies.megatron_strategy:Initializing distributed: GLOBAL_RANK: 8, MEMBER: 9/12
INFO:nemo.lightning.pytorch.strategies.megatron_strategy:Initializing distributed: GLOBAL_RANK: 4, MEMBER: 5/12
INFO:utils:Config saved to /tmpdir/m24047brmn/nemo_1b/output/job_76602/config_baby_luciole-ssa-triton.json
INFO:utils:Config saved to /tmpdir/m24047brmn/nemo_1b/output/job_76602/config_baby_luciole-ssa-triton.json
INFO:nemo.lightning.pytorch.strategies.megatron_strategy:Initializing distributed: GLOBAL_RANK: 6, MEMBER: 7/12
INFO:utils:Config saved to /tmpdir/m24047brmn/nemo_1b/output/job_76602/config_baby_luciole-ssa-triton.json
INFO:utils:Config saved to /tmpdir/m24047brmn/nemo_1b/output/job_76602/config_baby_luciole-ssa-triton.json
INFO:nemo.lightning.pytorch.strategies.megatron_strategy:Initializing distributed: GLOBAL_RANK: 9, MEMBER: 10/12
INFO:nemo.lightning.pytorch.strategies.megatron_strategy:Initializing distributed: GLOBAL_RANK: 5, MEMBER: 6/12
INFO: GPU available: True (cuda), used: True
INFO:lightning.pytorch.utilities.rank_zero:GPU available: True (cuda), used: True
INFO: TPU available: False, using: 0 TPU cores
INFO:lightning.pytorch.utilities.rank_zero:TPU available: False, using: 0 TPU cores
INFO: HPU available: False, using: 0 HPUs
INFO:lightning.pytorch.utilities.rank_zero:HPU available: False, using: 0 HPUs
[NeMo W 2026-02-09 16:44:44 nemo_logging:405] No version folders would be created under the log folder as 'resume_if_exists' is enabled.
[NeMo I 2026-02-09 16:44:44 nemo_logging:393] Experiments will be logged at /tmpdir/m24047brmn/nemo_1b/output/baby_luciole-ssa-triton
[NeMo W 2026-02-09 16:44:44 nemo_logging:405] "update_logger_directory" is True. Overwriting tensorboard logger "save_dir" to /tmpdir/m24047brmn/nemo_1b/output/tb_logs
[NeMo W 2026-02-09 16:44:44 nemo_logging:405] The Trainer already contains a ModelCheckpoint callback. This will be overwritten.
[NeMo I 2026-02-09 16:44:44 nemo_logging:393] Fixing mis-match between ddp-config & mcore-optimizer config
[NeMo I 2026-02-09 16:44:44 nemo_logging:393] Rank 0 has data parallel group : [0, 1, 2, 3, 4, 5, 6, 7, 8, 9, 10, 11]
[NeMo I 2026-02-09 16:44:44 nemo_logging:393] Rank 0 has combined group of data parallel and context parallel : [0, 1, 2, 3, 4, 5, 6, 7, 8, 9, 10, 11]
[NeMo I 2026-02-09 16:44:44 nemo_logging:393] All data parallel group ranks with context parallel combined: [[0, 1, 2, 3, 4, 5, 6, 7, 8, 9, 10, 11]]
[NeMo I 2026-02-09 16:44:44 nemo_logging:393] Ranks 0 has data parallel rank: 0
[NeMo I 2026-02-09 16:44:44 nemo_logging:393] Rank 0 has context parallel group: [0]
[NeMo I 2026-02-09 16:44:44 nemo_logging:393] All context parallel group ranks: [[0], [1], [2], [3], [4], [5], [6], [7], [8], [9], [10], [11]]
[NeMo I 2026-02-09 16:44:44 nemo_logging:393] Ranks 0 has context parallel rank: 0
[NeMo I 2026-02-09 16:44:44 nemo_logging:393] Rank 0 has model parallel group: [0]
[NeMo I 2026-02-09 16:44:44 nemo_logging:393] All model parallel group ranks: [[0], [1], [2], [3], [4], [5], [6], [7], [8], [9], [10], [11]]
[NeMo I 2026-02-09 16:44:44 nemo_logging:393] Rank 0 has tensor model parallel group: [0]
[NeMo I 2026-02-09 16:44:44 nemo_logging:393] All tensor model parallel group ranks: [[0], [1], [2], [3], [4], [5], [6], [7], [8], [9], [10], [11]]
[NeMo I 2026-02-09 16:44:44 nemo_logging:393] Rank 0 has tensor model parallel rank: 0
[NeMo I 2026-02-09 16:44:44 nemo_logging:393] Rank 0 has pipeline model parallel group: [0]
[NeMo I 2026-02-09 16:44:44 nemo_logging:393] Rank 0 has embedding group: [0]
[NeMo I 2026-02-09 16:44:44 nemo_logging:393] All pipeline model parallel group ranks: [[0], [1], [2], [3], [4], [5], [6], [7], [8], [9], [10], [11]]
[NeMo I 2026-02-09 16:44:44 nemo_logging:393] Rank 0 has pipeline model parallel rank 0
[NeMo I 2026-02-09 16:44:44 nemo_logging:393] All embedding group ranks: [[0], [1], [2], [3], [4], [5], [6], [7], [8], [9], [10], [11]]
[NeMo I 2026-02-09 16:44:44 nemo_logging:393] Rank 0 has embedding rank: 0
INFO:nemo.lightning.pytorch.strategies.megatron_strategy:Initializing distributed: GLOBAL_RANK: 0, MEMBER: 1/12
INFO: ----------------------------------------------------------------------------------------------------
distributed_backend=nccl
All distributed processes registered. Starting with 12 processes
----------------------------------------------------------------------------------------------------

INFO:lightning.pytorch.utilities.rank_zero:----------------------------------------------------------------------------------------------------
distributed_backend=nccl
All distributed processes registered. Starting with 12 processes
----------------------------------------------------------------------------------------------------

INFO:nemo.lightning.pytorch.strategies.megatron_strategy:Initializing distributed: GLOBAL_RANK: 7, MEMBER: 8/12
INFO:nemo.lightning.pytorch.strategies.megatron_strategy:Initializing distributed: GLOBAL_RANK: 10, MEMBER: 11/12
INFO:nemo.lightning.pytorch.strategies.megatron_strategy:Initializing distributed: GLOBAL_RANK: 1, MEMBER: 2/12
INFO:nemo.lightning.pytorch.strategies.megatron_strategy:Initializing distributed: GLOBAL_RANK: 11, MEMBER: 12/12
[NeMo I 2026-02-09 16:44:48 utils:532] Let split_matrix = [(0, 1.0), None, None]
[NeMo I 2026-02-09 16:44:48 utils:532] Building GPTDataset splits with sizes=[83712, 0, 24576] and config=GPTDatasetConfig(random_seed=1234, sequence_length=1024, blend=[['/tmpdir/m24047brmn/nemo_1b/data_fwe_50k/fineweb_edu_text_document'], None], blend_per_split=None, split='1,0,0', split_matrix=[(0, 1.0), None, None], num_dataset_builder_threads=1, path_to_cache='/tmpdir/m24047brmn/nemo_1b/output/index_mapping', mmap_bin_files=True, mock=False, tokenizer=<nemo.collections.common.tokenizers.huggingface.auto_tokenizer.AutoTokenizer object at 0x400241a23170>, reset_position_ids=False, reset_attention_mask=False, eod_mask_loss=False, create_attention_mask=False, drop_last_partial_validation_sequence=True, add_extra_token_to_sequence=True, s3_cache_path=None)
[NeMo I 2026-02-09 16:44:48 utils:532] Load the _IndexReader from /tmpdir/m24047brmn/nemo_1b/data_fwe_50k/fineweb_edu_text_document.idx
[NeMo I 2026-02-09 16:44:48 utils:532] 	Extract the sequence lengths
[NeMo I 2026-02-09 16:44:48 utils:532] 	Extract the sequence pointers
[NeMo I 2026-02-09 16:44:48 utils:532] 	Extract the document indices
[NeMo I 2026-02-09 16:44:48 utils:532] > total number of sequences: 9564453
[NeMo I 2026-02-09 16:44:48 utils:532] > total number of documents: 9564453
[NeMo I 2026-02-09 16:44:48 utils:532] Build and save the GPTDataset train indices
[NeMo I 2026-02-09 16:44:55 utils:532] > total number of samples: 9765624
[NeMo I 2026-02-09 16:44:55 utils:532] > total number of epochs: 1
[NeMo I 2026-02-09 16:44:55 nemo_logging:393] Use preset vocab_size: 50256, original vocab_size: 50256, dummy tokens: 0.
INFO: LOCAL_RANK: 0 - CUDA_VISIBLE_DEVICES: [0,1]
INFO:lightning.pytorch.accelerators.cuda:LOCAL_RANK: 0 - CUDA_VISIBLE_DEVICES: [0,1]
INFO: LOCAL_RANK: 1 - CUDA_VISIBLE_DEVICES: [0,1]
INFO:lightning.pytorch.accelerators.cuda:LOCAL_RANK: 1 - CUDA_VISIBLE_DEVICES: [0,1]
INFO: LOCAL_RANK: 0 - CUDA_VISIBLE_DEVICES: [0,1]
INFO:lightning.pytorch.accelerators.cuda:LOCAL_RANK: 0 - CUDA_VISIBLE_DEVICES: [0,1]
INFO: LOCAL_RANK: 1 - CUDA_VISIBLE_DEVICES: [0,1]
INFO:lightning.pytorch.accelerators.cuda:LOCAL_RANK: 1 - CUDA_VISIBLE_DEVICES: [0,1]
INFO: LOCAL_RANK: 0 - CUDA_VISIBLE_DEVICES: [0,1]
INFO:lightning.pytorch.accelerators.cuda:LOCAL_RANK: 0 - CUDA_VISIBLE_DEVICES: [0,1]
INFO: LOCAL_RANK: 1 - CUDA_VISIBLE_DEVICES: [0,1]
INFO:lightning.pytorch.accelerators.cuda:LOCAL_RANK: 1 - CUDA_VISIBLE_DEVICES: [0,1]
INFO: LOCAL_RANK: 0 - CUDA_VISIBLE_DEVICES: [0,1]
INFO:lightning.pytorch.accelerators.cuda:LOCAL_RANK: 0 - CUDA_VISIBLE_DEVICES: [0,1]
INFO: LOCAL_RANK: 1 - CUDA_VISIBLE_DEVICES: [0,1]
INFO:lightning.pytorch.accelerators.cuda:LOCAL_RANK: 1 - CUDA_VISIBLE_DEVICES: [0,1]
INFO: LOCAL_RANK: 1 - CUDA_VISIBLE_DEVICES: [0,1]
INFO:lightning.pytorch.accelerators.cuda:LOCAL_RANK: 1 - CUDA_VISIBLE_DEVICES: [0,1]
INFO: LOCAL_RANK: 0 - CUDA_VISIBLE_DEVICES: [0,1]
INFO:lightning.pytorch.accelerators.cuda:LOCAL_RANK: 0 - CUDA_VISIBLE_DEVICES: [0,1]
INFO: LOCAL_RANK: 0 - CUDA_VISIBLE_DEVICES: [0,1]
INFO:lightning.pytorch.accelerators.cuda:LOCAL_RANK: 0 - CUDA_VISIBLE_DEVICES: [0,1]
[NeMo I 2026-02-09 16:44:56 nemo_logging:393] Copying Trainer's 'max_steps' (109) to LR scheduler's 'max_steps'.
[NeMo I 2026-02-09 16:44:56 num_microbatches_calculator:228] setting number of microbatches to constant 8
INFO: LOCAL_RANK: 1 - CUDA_VISIBLE_DEVICES: [0,1]
INFO:lightning.pytorch.accelerators.cuda:LOCAL_RANK: 1 - CUDA_VISIBLE_DEVICES: [0,1]
[NeMo I 2026-02-09 16:44:56 nemo_logging:393]  > number of parameters on (tensor, pipeline) model parallel rank (0 ,0): 114132492
[NeMo I 2026-02-09 16:44:56 utils:532] Setting up DistributedDataParallel with config DistributedDataParallelConfig(grad_reduce_in_fp32=True, overlap_grad_reduce=True, overlap_param_gather=True, align_param_gather=False, use_distributed_optimizer=True, num_distributed_optimizer_instances=1, check_for_nan_in_grad=True, check_for_large_grads=False, bucket_size=40000000, pad_buckets_for_high_nccl_busbw=False, average_in_collective=True, fp8_param_gather=False, use_custom_fsdp=False, data_parallel_sharding_strategy='no_shard', gradient_reduce_div_fusion=True, suggested_communication_unit_size=None, preserve_fp32_weights=True, keep_fp8_transpose_cache_when_using_custom_fsdp=False)
[NeMo I 2026-02-09 16:44:56 utils:553] Number of buckets for gradient all-reduce / reduce-scatter: 2
    Params for bucket 1 (40128006 elements, 40128384 padded size):
    	module.decoder.layers.11.self_attention.linear_proj.weight
    	module.decoder.layers.10.mlp.linear_fc1.weight
    	module.decoder.layers.9.self_attention.linear_qkv.weight
    	module.decoder.layers.8.mlp.linear_fc1.weight
    	module.decoder.layers.7.self_attention.linear_qkv.weight
    	module.decoder.layers.6.mlp.linear_fc1.weight
    	module.decoder.layers.11.self_attention.core_attention.ssa_n_raw
    	module.decoder.layers.10.self_attention.linear_proj.weight
    	module.decoder.layers.10.input_layernorm.bias
    	module.decoder.layers.9.pre_mlp_layernorm.bias
    	module.decoder.layers.8.self_attention.linear_proj.weight
    	module.decoder.layers.8.input_layernorm.bias
    	module.decoder.layers.7.pre_mlp_layernorm.bias
    	module.decoder.layers.6.self_attention.linear_proj.weight
    	module.decoder.layers.6.input_layernorm.bias
    	module.decoder.final_layernorm.bias
    	module.decoder.layers.11.mlp.linear_fc2.weight
    	module.decoder.layers.10.mlp.linear_fc2.weight
    	module.decoder.layers.10.self_attention.core_attention.ssa_n_raw
    	module.decoder.layers.9.pre_mlp_layernorm.weight
    	module.decoder.layers.9.input_layernorm.weight
    	module.decoder.layers.8.self_attention.core_attention.ssa_n_raw
    	module.decoder.layers.7.pre_mlp_layernorm.weight
    	module.decoder.layers.7.input_layernorm.weight
    	module.decoder.layers.6.self_attention.core_attention.ssa_n_raw
    	module.decoder.layers.11.self_attention.linear_qkv.weight
    	module.decoder.layers.8.mlp.linear_fc2.weight
    	module.decoder.layers.6.mlp.linear_fc2.weight
    	module.decoder.final_layernorm.weight
    	module.decoder.layers.10.self_attention.linear_qkv.weight
    	module.decoder.layers.9.mlp.linear_fc1.weight
    	module.decoder.layers.8.self_attention.linear_qkv.weight
    	module.decoder.layers.7.mlp.linear_fc1.weight
    	module.decoder.layers.6.self_attention.linear_qkv.weight
    	module.decoder.layers.11.pre_mlp_layernorm.bias
    	module.decoder.layers.11.pre_mlp_layernorm.weight
    	module.decoder.layers.10.pre_mlp_layernorm.bias
    	module.decoder.layers.9.self_attention.linear_proj.weight
    	module.decoder.layers.9.input_layernorm.bias
    	module.decoder.layers.8.pre_mlp_layernorm.bias
    	module.decoder.layers.7.self_attention.linear_proj.weight
    	module.decoder.layers.7.input_layernorm.bias
    	module.decoder.layers.6.pre_mlp_layernorm.bias
    	module.decoder.layers.11.input_layernorm.weight
    	module.decoder.layers.10.pre_mlp_layernorm.weight
    	module.decoder.layers.10.input_layernorm.weight
    	module.decoder.layers.9.self_attention.core_attention.ssa_n_raw
    	module.decoder.layers.8.pre_mlp_layernorm.weight
    	module.decoder.layers.8.input_layernorm.weight
    	module.decoder.layers.7.self_attention.core_attention.ssa_n_raw
    	module.decoder.layers.6.pre_mlp_layernorm.weight
    	module.decoder.layers.6.input_layernorm.weight
    	module.decoder.layers.11.mlp.linear_fc1.weight
    	module.decoder.layers.11.input_layernorm.bias
    	module.decoder.layers.9.mlp.linear_fc2.weight
    	module.decoder.layers.7.mlp.linear_fc2.weight
    	module.decoder.layers.5.mlp.linear_fc2.weight
    Params for bucket 2 (74004486 elements, 74004864 padded size):
    	module.decoder.layers.5.self_attention.linear_qkv.weight
    	module.decoder.layers.4.mlp.linear_fc1.weight
    	module.decoder.layers.3.self_attention.linear_qkv.weight
    	module.decoder.layers.2.mlp.linear_fc1.weight
    	module.decoder.layers.0.self_attention.linear_qkv.weight
    	module.decoder.layers.5.pre_mlp_layernorm.bias
    	module.decoder.layers.4.self_attention.linear_proj.weight
    	module.decoder.layers.4.input_layernorm.bias
    	module.decoder.layers.3.pre_mlp_layernorm.bias
    	module.decoder.layers.2.self_attention.linear_proj.weight
    	module.decoder.layers.2.input_layernorm.weight
    	module.decoder.layers.1.mlp.linear_fc2.weight
    	module.decoder.layers.5.pre_mlp_layernorm.weight
    	module.decoder.layers.5.input_layernorm.weight
    	module.decoder.layers.4.self_attention.core_attention.ssa_n_raw
    	module.decoder.layers.3.pre_mlp_layernorm.weight
    	module.decoder.layers.3.input_layernorm.weight
    	module.decoder.layers.2.self_attention.core_attention.ssa_n_raw
    	module.decoder.layers.1.pre_mlp_layernorm.weight
    	module.decoder.layers.1.self_attention.linear_proj.weight
    	module.decoder.layers.0.mlp.linear_fc1.weight
    	module.embedding.word_embeddings.weight
    	module.decoder.layers.4.mlp.linear_fc2.weight
    	module.decoder.layers.2.mlp.linear_fc2.weight
    	module.decoder.layers.1.self_attention.core_attention.ssa_n_raw
    	module.decoder.layers.0.self_attention.linear_proj.weight
    	module.decoder.layers.0.input_layernorm.weight
    	module.decoder.layers.5.mlp.linear_fc1.weight
    	module.decoder.layers.4.self_attention.linear_qkv.weight
    	module.decoder.layers.3.mlp.linear_fc1.weight
    	module.decoder.layers.2.self_attention.linear_qkv.weight
    	module.decoder.layers.0.self_attention.core_attention.ssa_n_raw
    	module.decoder.layers.5.self_attention.linear_proj.weight
    	module.decoder.layers.5.input_layernorm.bias
    	module.decoder.layers.4.pre_mlp_layernorm.bias
    	module.decoder.layers.3.self_attention.linear_proj.weight
    	module.decoder.layers.3.input_layernorm.bias
    	module.decoder.layers.2.pre_mlp_layernorm.bias
    	module.decoder.layers.1.pre_mlp_layernorm.bias
    	module.decoder.layers.1.self_attention.linear_qkv.weight
    	module.decoder.layers.0.pre_mlp_layernorm.bias
    	module.decoder.layers.5.self_attention.core_attention.ssa_n_raw
    	module.decoder.layers.4.pre_mlp_layernorm.weight
    	module.decoder.layers.4.input_layernorm.weight
    	module.decoder.layers.3.self_attention.core_attention.ssa_n_raw
    	module.decoder.layers.2.pre_mlp_layernorm.weight
    	module.decoder.layers.2.input_layernorm.bias
    	module.decoder.layers.1.mlp.linear_fc1.weight
    	module.decoder.layers.0.mlp.linear_fc2.weight
    	module.decoder.layers.3.mlp.linear_fc2.weight
    	module.decoder.layers.1.input_layernorm.bias
    	module.decoder.layers.1.input_layernorm.weight
    	module.decoder.layers.0.pre_mlp_layernorm.weight
    	module.decoder.layers.0.input_layernorm.bias
[NeMo I 2026-02-09 16:44:56 utils:532] Setting up optimizer with config OptimizerConfig(optimizer='adam', lr=0.0003, min_lr=None, decoupled_lr=None, decoupled_min_lr=None, weight_decay=0.1, fp16=False, bf16=True, params_dtype=torch.bfloat16, use_precision_aware_optimizer=False, main_grads_dtype=torch.float32, main_params_dtype=torch.float32, exp_avg_dtype=torch.float32, exp_avg_sq_dtype=torch.float32, loss_scale=None, initial_loss_scale=4294967296, min_loss_scale=1.0, loss_scale_window=1000, hysteresis=2, adam_beta1=0.9, adam_beta2=0.95, adam_eps=1e-05, sgd_momentum=0.9, use_distributed_optimizer=True, overlap_param_gather_with_optimizer_step=False, optimizer_cpu_offload=False, optimizer_offload_fraction=0.0, use_torch_optimizer_for_cpu_offload=False, overlap_cpu_optimizer_d2h_h2d=False, pin_cpu_grads=True, pin_cpu_params=True, clip_grad=1.0, log_num_zeros_in_grad=False, barrier_with_L1_time=False, timers=None, config_logger_dir='')
INFO: 
  | Name   | Type | Params | Mode 
----------------------------------------
0 | module | DDP  | 114 M  | train
----------------------------------------
114 M     Trainable params
0         Non-trainable params
114 M     Total params
456.530   Total estimated model params size (MB)
203       Modules in train mode
0         Modules in eval mode
INFO:lightning.pytorch.callbacks.model_summary:
  | Name   | Type | Params | Mode 
----------------------------------------
0 | module | DDP  | 114 M  | train
----------------------------------------
114 M     Trainable params
0         Non-trainable params
114 M     Total params
456.530   Total estimated model params size (MB)
203       Modules in train mode
0         Modules in eval mode
INFO: Restoring states from the checkpoint path at /tmpdir/m24047brmn/nemo_1b/output/baby_luciole-ssa-triton/checkpoints/baby_luciole-ssa-triton-step=0000009-last/weights
INFO:lightning.pytorch.utilities.rank_zero:Restoring states from the checkpoint path at /tmpdir/m24047brmn/nemo_1b/output/baby_luciole-ssa-triton/checkpoints/baby_luciole-ssa-triton-step=0000009-last/weights
[NeMo I 2026-02-09 16:44:56 nemo_logging:393] Using <megatron.core.dist_checkpointing.strategies.fully_parallel.FullyParallelLoadStrategyWrapper object at 0x4002447b6ab0> dist-ckpt load strategy.
[NeMo I 2026-02-09 16:45:01 nemo_logging:393] Global Checkpoint Load : Rank : 0 : Start time : 1770651896.202s : Time spent in load_checkpoint: 5.395s
INFO: *** Loaded DataModule state dict successfully. IGNORE PTL's warning below about the dataloader not being resumable. This is warning is expected because we are handling dataloader resumption manually in NeMo. ***
INFO:lightning.pytorch.utilities.rank_zero:*** Loaded DataModule state dict successfully. IGNORE PTL's warning below about the dataloader not being resumable. This is warning is expected because we are handling dataloader resumption manually in NeMo. ***
[NeMo I 2026-02-09 16:45:01 distrib_optimizer:784] Loading distributed optimizer sharded state of type fully_sharded_model_space
INFO: Restored all states from the checkpoint at /tmpdir/m24047brmn/nemo_1b/output/baby_luciole-ssa-triton/checkpoints/baby_luciole-ssa-triton-step=0000009-last/weights
INFO:lightning.pytorch.utilities.rank_zero:Restored all states from the checkpoint at /tmpdir/m24047brmn/nemo_1b/output/baby_luciole-ssa-triton/checkpoints/baby_luciole-ssa-triton-step=0000009-last/weights
INFO:root:Instantiating MegatronPretrainingSampler with total_samples: 9765624 and consumed_samples: 7680
INFO:root:Instantiating MegatronPretrainingSampler with total_samples: 9765624 and consumed_samples: 7680
INFO:root:Instantiating MegatronPretrainingSampler with total_samples: 9765624 and consumed_samples: 7680
INFO:root:Instantiating MegatronPretrainingSampler with total_samples: 9765624 and consumed_samples: 7680
INFO:root:Instantiating MegatronPretrainingSampler with total_samples: 9765624 and consumed_samples: 7680
INFO:root:Instantiating MegatronPretrainingSampler with total_samples: 9765624 and consumed_samples: 7680
INFO:root:Instantiating MegatronPretrainingSampler with total_samples: 9765624 and consumed_samples: 7680
INFO:root:Instantiating MegatronPretrainingSampler with total_samples: 9765624 and consumed_samples: 7680
INFO:root:Instantiating MegatronPretrainingSampler with total_samples: 9765624 and consumed_samples: 7680
INFO:root:Instantiating MegatronPretrainingSampler with total_samples: 9765624 and consumed_samples: 7680
INFO:root:Instantiating MegatronPretrainingSampler with total_samples: 9765624 and consumed_samples: 7680
INFO:root:Instantiating MegatronPretrainingSampler with total_samples: 9765624 and consumed_samples: 7680
[NeMo W 2026-02-09 16:45:02 nemo_logging:405] /usr/local/lib/python3.12/dist-packages/lightning/pytorch/loops/training_epoch_loop.py:161: You're resuming from a checkpoint that ended before the epoch ended and your dataloader is not resumable. This can cause unreliable results if further training is done. Consider using an end-of-epoch checkpoint or make your dataloader resumable by implementing the `state_dict` / `load_state_dict` interface.
    
[NeMo W 2026-02-09 16:45:19 rerun_state_machine:1264] Implicit initialization of Rerun State Machine!
[NeMo W 2026-02-09 16:45:19 rerun_state_machine:239] RerunStateMachine initialized in mode RerunMode.DISABLED
Training epoch 0, iteration 10/108 | lr: 6.587e-06 | consumed_samples: 8448 | global_batch_size: 768 | global_step: 10 | reduced_train_loss: 10.24
Training epoch 0, iteration 11/108 | lr: 7.186e-06 | consumed_samples: 9216 | global_batch_size: 768 | global_step: 11 | reduced_train_loss: 10.19
Training epoch 0, iteration 12/108 | lr: 7.784e-06 | consumed_samples: 9984 | global_batch_size: 768 | global_step: 12 | reduced_train_loss: 10.14
Training epoch 0, iteration 13/108 | lr: 8.383e-06 | consumed_samples: 10752 | global_batch_size: 768 | global_step: 13 | reduced_train_loss: 10.1
Training epoch 0, iteration 14/108 | lr: 8.982e-06 | consumed_samples: 11520 | global_batch_size: 768 | global_step: 14 | reduced_train_loss: 10.07
Training epoch 0, iteration 15/108 | lr: 9.581e-06 | consumed_samples: 12288 | global_batch_size: 768 | global_step: 15 | reduced_train_loss: 10.04
Training epoch 0, iteration 16/108 | lr: 1.018e-05 | consumed_samples: 13056 | global_batch_size: 768 | global_step: 16 | reduced_train_loss: 10.01
Training epoch 0, iteration 17/108 | lr: 1.078e-05 | consumed_samples: 13824 | global_batch_size: 768 | global_step: 17 | reduced_train_loss: 9.993
Training epoch 0, iteration 18/108 | lr: 1.138e-05 | consumed_samples: 14592 | global_batch_size: 768 | global_step: 18 | reduced_train_loss: 9.98
Training epoch 0, iteration 19/108 | lr: 1.198e-05 | consumed_samples: 15360 | global_batch_size: 768 | global_step: 19 | reduced_train_loss: 9.959
Training epoch 0, iteration 20/108 | lr: 1.257e-05 | consumed_samples: 16128 | global_batch_size: 768 | global_step: 20 | reduced_train_loss: 9.948
Training epoch 0, iteration 21/108 | lr: 1.317e-05 | consumed_samples: 16896 | global_batch_size: 768 | global_step: 21 | reduced_train_loss: 9.937
Training epoch 0, iteration 22/108 | lr: 1.377e-05 | consumed_samples: 17664 | global_batch_size: 768 | global_step: 22 | reduced_train_loss: 9.922
Training epoch 0, iteration 23/108 | lr: 1.437e-05 | consumed_samples: 18432 | global_batch_size: 768 | global_step: 23 | reduced_train_loss: 9.907
Training epoch 0, iteration 24/108 | lr: 1.497e-05 | consumed_samples: 19200 | global_batch_size: 768 | global_step: 24 | reduced_train_loss: 9.888
Training epoch 0, iteration 25/108 | lr: 1.557e-05 | consumed_samples: 19968 | global_batch_size: 768 | global_step: 25 | reduced_train_loss: 9.865
Training epoch 0, iteration 26/108 | lr: 1.617e-05 | consumed_samples: 20736 | global_batch_size: 768 | global_step: 26 | reduced_train_loss: 9.847
Training epoch 0, iteration 27/108 | lr: 1.677e-05 | consumed_samples: 21504 | global_batch_size: 768 | global_step: 27 | reduced_train_loss: 9.818
Training epoch 0, iteration 28/108 | lr: 1.737e-05 | consumed_samples: 22272 | global_batch_size: 768 | global_step: 28 | reduced_train_loss: 9.794
Training epoch 0, iteration 29/108 | lr: 1.796e-05 | consumed_samples: 23040 | global_batch_size: 768 | global_step: 29 | reduced_train_loss: 9.754
Training epoch 0, iteration 30/108 | lr: 1.856e-05 | consumed_samples: 23808 | global_batch_size: 768 | global_step: 30 | reduced_train_loss: 9.722
Training epoch 0, iteration 31/108 | lr: 1.916e-05 | consumed_samples: 24576 | global_batch_size: 768 | global_step: 31 | reduced_train_loss: 9.703
Training epoch 0, iteration 32/108 | lr: 1.976e-05 | consumed_samples: 25344 | global_batch_size: 768 | global_step: 32 | reduced_train_loss: 9.659
Training epoch 0, iteration 33/108 | lr: 2.036e-05 | consumed_samples: 26112 | global_batch_size: 768 | global_step: 33 | reduced_train_loss: 9.62
Training epoch 0, iteration 34/108 | lr: 2.096e-05 | consumed_samples: 26880 | global_batch_size: 768 | global_step: 34 | reduced_train_loss: 9.586
Training epoch 0, iteration 35/108 | lr: 2.156e-05 | consumed_samples: 27648 | global_batch_size: 768 | global_step: 35 | reduced_train_loss: 9.56
Training epoch 0, iteration 36/108 | lr: 2.216e-05 | consumed_samples: 28416 | global_batch_size: 768 | global_step: 36 | reduced_train_loss: 9.53
Training epoch 0, iteration 37/108 | lr: 2.275e-05 | consumed_samples: 29184 | global_batch_size: 768 | global_step: 37 | reduced_train_loss: 9.5
Training epoch 0, iteration 38/108 | lr: 2.335e-05 | consumed_samples: 29952 | global_batch_size: 768 | global_step: 38 | reduced_train_loss: 9.453
Training epoch 0, iteration 39/108 | lr: 2.395e-05 | consumed_samples: 30720 | global_batch_size: 768 | global_step: 39 | reduced_train_loss: 9.438
Training epoch 0, iteration 40/108 | lr: 2.455e-05 | consumed_samples: 31488 | global_batch_size: 768 | global_step: 40 | reduced_train_loss: 9.405
Training epoch 0, iteration 41/108 | lr: 2.515e-05 | consumed_samples: 32256 | global_batch_size: 768 | global_step: 41 | reduced_train_loss: 9.391
Training epoch 0, iteration 42/108 | lr: 2.575e-05 | consumed_samples: 33024 | global_batch_size: 768 | global_step: 42 | reduced_train_loss: 9.357
Training epoch 0, iteration 43/108 | lr: 2.635e-05 | consumed_samples: 33792 | global_batch_size: 768 | global_step: 43 | reduced_train_loss: 9.327
Training epoch 0, iteration 44/108 | lr: 2.695e-05 | consumed_samples: 34560 | global_batch_size: 768 | global_step: 44 | reduced_train_loss: 9.312
Training epoch 0, iteration 45/108 | lr: 2.754e-05 | consumed_samples: 35328 | global_batch_size: 768 | global_step: 45 | reduced_train_loss: 9.273
Training epoch 0, iteration 46/108 | lr: 2.814e-05 | consumed_samples: 36096 | global_batch_size: 768 | global_step: 46 | reduced_train_loss: 9.264
Training epoch 0, iteration 47/108 | lr: 2.874e-05 | consumed_samples: 36864 | global_batch_size: 768 | global_step: 47 | reduced_train_loss: 9.226
Training epoch 0, iteration 48/108 | lr: 2.934e-05 | consumed_samples: 37632 | global_batch_size: 768 | global_step: 48 | reduced_train_loss: 9.218
Training epoch 0, iteration 49/108 | lr: 2.994e-05 | consumed_samples: 38400 | global_batch_size: 768 | global_step: 49 | reduced_train_loss: 9.194
Training epoch 0, iteration 50/108 | lr: 3.054e-05 | consumed_samples: 39168 | global_batch_size: 768 | global_step: 50 | reduced_train_loss: 9.167
Training epoch 0, iteration 51/108 | lr: 3.114e-05 | consumed_samples: 39936 | global_batch_size: 768 | global_step: 51 | reduced_train_loss: 9.151
Training epoch 0, iteration 52/108 | lr: 3.174e-05 | consumed_samples: 40704 | global_batch_size: 768 | global_step: 52 | reduced_train_loss: 9.121
Training epoch 0, iteration 53/108 | lr: 3.234e-05 | consumed_samples: 41472 | global_batch_size: 768 | global_step: 53 | reduced_train_loss: 9.114
Training epoch 0, iteration 54/108 | lr: 3.293e-05 | consumed_samples: 42240 | global_batch_size: 768 | global_step: 54 | reduced_train_loss: 9.084
Training epoch 0, iteration 55/108 | lr: 3.353e-05 | consumed_samples: 43008 | global_batch_size: 768 | global_step: 55 | reduced_train_loss: 9.056
Training epoch 0, iteration 56/108 | lr: 3.413e-05 | consumed_samples: 43776 | global_batch_size: 768 | global_step: 56 | reduced_train_loss: 9.045
Training epoch 0, iteration 57/108 | lr: 3.473e-05 | consumed_samples: 44544 | global_batch_size: 768 | global_step: 57 | reduced_train_loss: 8.998
Training epoch 0, iteration 58/108 | lr: 3.533e-05 | consumed_samples: 45312 | global_batch_size: 768 | global_step: 58 | reduced_train_loss: 8.988
Training epoch 0, iteration 59/108 | lr: 3.593e-05 | consumed_samples: 46080 | global_batch_size: 768 | global_step: 59 | reduced_train_loss: 8.944
Training epoch 0, iteration 60/108 | lr: 3.653e-05 | consumed_samples: 46848 | global_batch_size: 768 | global_step: 60 | reduced_train_loss: 8.924
Training epoch 0, iteration 61/108 | lr: 3.713e-05 | consumed_samples: 47616 | global_batch_size: 768 | global_step: 61 | reduced_train_loss: 8.908
Training epoch 0, iteration 62/108 | lr: 3.772e-05 | consumed_samples: 48384 | global_batch_size: 768 | global_step: 62 | reduced_train_loss: 8.898
Training epoch 0, iteration 63/108 | lr: 3.832e-05 | consumed_samples: 49152 | global_batch_size: 768 | global_step: 63 | reduced_train_loss: 8.862
Training epoch 0, iteration 64/108 | lr: 3.892e-05 | consumed_samples: 49920 | global_batch_size: 768 | global_step: 64 | reduced_train_loss: 8.846
Training epoch 0, iteration 65/108 | lr: 3.952e-05 | consumed_samples: 50688 | global_batch_size: 768 | global_step: 65 | reduced_train_loss: 8.813
Training epoch 0, iteration 66/108 | lr: 4.012e-05 | consumed_samples: 51456 | global_batch_size: 768 | global_step: 66 | reduced_train_loss: 8.798
Training epoch 0, iteration 67/108 | lr: 4.072e-05 | consumed_samples: 52224 | global_batch_size: 768 | global_step: 67 | reduced_train_loss: 8.769
Training epoch 0, iteration 68/108 | lr: 4.132e-05 | consumed_samples: 52992 | global_batch_size: 768 | global_step: 68 | reduced_train_loss: 8.732
Training epoch 0, iteration 69/108 | lr: 4.192e-05 | consumed_samples: 53760 | global_batch_size: 768 | global_step: 69 | reduced_train_loss: 8.716
Training epoch 0, iteration 70/108 | lr: 4.251e-05 | consumed_samples: 54528 | global_batch_size: 768 | global_step: 70 | reduced_train_loss: 8.687
Training epoch 0, iteration 71/108 | lr: 4.311e-05 | consumed_samples: 55296 | global_batch_size: 768 | global_step: 71 | reduced_train_loss: 8.645
Training epoch 0, iteration 72/108 | lr: 4.371e-05 | consumed_samples: 56064 | global_batch_size: 768 | global_step: 72 | reduced_train_loss: 8.634
Training epoch 0, iteration 73/108 | lr: 4.431e-05 | consumed_samples: 56832 | global_batch_size: 768 | global_step: 73 | reduced_train_loss: 8.621
Training epoch 0, iteration 74/108 | lr: 4.491e-05 | consumed_samples: 57600 | global_batch_size: 768 | global_step: 74 | reduced_train_loss: 8.593
Training epoch 0, iteration 75/108 | lr: 4.551e-05 | consumed_samples: 58368 | global_batch_size: 768 | global_step: 75 | reduced_train_loss: 8.572
Training epoch 0, iteration 76/108 | lr: 4.611e-05 | consumed_samples: 59136 | global_batch_size: 768 | global_step: 76 | reduced_train_loss: 8.535
Training epoch 0, iteration 77/108 | lr: 4.671e-05 | consumed_samples: 59904 | global_batch_size: 768 | global_step: 77 | reduced_train_loss: 8.501
Training epoch 0, iteration 78/108 | lr: 4.731e-05 | consumed_samples: 60672 | global_batch_size: 768 | global_step: 78 | reduced_train_loss: 8.481
Training epoch 0, iteration 79/108 | lr: 4.79e-05 | consumed_samples: 61440 | global_batch_size: 768 | global_step: 79 | reduced_train_loss: 8.444
Training epoch 0, iteration 80/108 | lr: 4.85e-05 | consumed_samples: 62208 | global_batch_size: 768 | global_step: 80 | reduced_train_loss: 8.419
Training epoch 0, iteration 81/108 | lr: 4.91e-05 | consumed_samples: 62976 | global_batch_size: 768 | global_step: 81 | reduced_train_loss: 8.403
Training epoch 0, iteration 82/108 | lr: 4.97e-05 | consumed_samples: 63744 | global_batch_size: 768 | global_step: 82 | reduced_train_loss: 8.37
Training epoch 0, iteration 83/108 | lr: 5.03e-05 | consumed_samples: 64512 | global_batch_size: 768 | global_step: 83 | reduced_train_loss: 8.345
Training epoch 0, iteration 84/108 | lr: 5.09e-05 | consumed_samples: 65280 | global_batch_size: 768 | global_step: 84 | reduced_train_loss: 8.319
Training epoch 0, iteration 85/108 | lr: 5.15e-05 | consumed_samples: 66048 | global_batch_size: 768 | global_step: 85 | reduced_train_loss: 8.279
Training epoch 0, iteration 86/108 | lr: 5.21e-05 | consumed_samples: 66816 | global_batch_size: 768 | global_step: 86 | reduced_train_loss: 8.27
Training epoch 0, iteration 87/108 | lr: 5.269e-05 | consumed_samples: 67584 | global_batch_size: 768 | global_step: 87 | reduced_train_loss: 8.234
Training epoch 0, iteration 88/108 | lr: 5.329e-05 | consumed_samples: 68352 | global_batch_size: 768 | global_step: 88 | reduced_train_loss: 8.203
Training epoch 0, iteration 89/108 | lr: 5.389e-05 | consumed_samples: 69120 | global_batch_size: 768 | global_step: 89 | reduced_train_loss: 8.181
Training epoch 0, iteration 90/108 | lr: 5.449e-05 | consumed_samples: 69888 | global_batch_size: 768 | global_step: 90 | reduced_train_loss: 8.153
Training epoch 0, iteration 91/108 | lr: 5.509e-05 | consumed_samples: 70656 | global_batch_size: 768 | global_step: 91 | reduced_train_loss: 8.128
Training epoch 0, iteration 92/108 | lr: 5.569e-05 | consumed_samples: 71424 | global_batch_size: 768 | global_step: 92 | reduced_train_loss: 8.097
Training epoch 0, iteration 93/108 | lr: 5.629e-05 | consumed_samples: 72192 | global_batch_size: 768 | global_step: 93 | reduced_train_loss: 8.066
Training epoch 0, iteration 94/108 | lr: 5.689e-05 | consumed_samples: 72960 | global_batch_size: 768 | global_step: 94 | reduced_train_loss: 8.04
Training epoch 0, iteration 95/108 | lr: 5.749e-05 | consumed_samples: 73728 | global_batch_size: 768 | global_step: 95 | reduced_train_loss: 8.005
Training epoch 0, iteration 96/108 | lr: 5.808e-05 | consumed_samples: 74496 | global_batch_size: 768 | global_step: 96 | reduced_train_loss: 7.987
Training epoch 0, iteration 97/108 | lr: 5.868e-05 | consumed_samples: 75264 | global_batch_size: 768 | global_step: 97 | reduced_train_loss: 7.961
Training epoch 0, iteration 98/108 | lr: 5.928e-05 | consumed_samples: 76032 | global_batch_size: 768 | global_step: 98 | reduced_train_loss: 7.929
[NeMo I 2026-02-09 16:59:26 nemo_logging:393] Running garbage collection at train global_step: 100
[NeMo I 2026-02-09 16:59:28 nemo_logging:393] Step 100 - SSA n values:
[NeMo I 2026-02-09 16:59:28 nemo_logging:393]   Layer 0: n = 1.500000
[NeMo I 2026-02-09 16:59:28 nemo_logging:393]   Layer 1: n = 1.500000
[NeMo I 2026-02-09 16:59:28 nemo_logging:393]   Layer 2: n = 1.500000
[NeMo I 2026-02-09 16:59:28 nemo_logging:393]   Layer 3: n = 1.500000
[NeMo I 2026-02-09 16:59:28 nemo_logging:393]   Layer 4: n = 1.500000
[NeMo I 2026-02-09 16:59:28 nemo_logging:393]   Layer 5: n = 1.500000
[NeMo I 2026-02-09 16:59:28 nemo_logging:393]   Layer 6: n = 1.500000
[NeMo I 2026-02-09 16:59:28 nemo_logging:393]   Layer 7: n = 1.500000
[NeMo I 2026-02-09 16:59:28 nemo_logging:393]   Layer 8: n = 1.500000
[NeMo I 2026-02-09 16:59:28 nemo_logging:393]   Layer 9: n = 1.500000
[NeMo I 2026-02-09 16:59:28 nemo_logging:393]   Layer 10: n = 1.500000
[NeMo I 2026-02-09 16:59:28 nemo_logging:393]   Layer 11: n = 1.500000
Training epoch 0, iteration 99/108 | lr: 5.988e-05 | consumed_samples: 76800 | global_batch_size: 768 | global_step: 99 | reduced_train_loss: 7.915
INFO: Epoch 0, global step 99: 'step' reached 99.00000 (best 99.00000), saving model to '/tmpdir/m24047brmn/nemo_1b/output/baby_luciole-ssa-triton/checkpoints/baby_luciole-ssa-triton-step=0000099.ckpt' as top 1
INFO:lightning.pytorch.utilities.rank_zero:Epoch 0, global step 99: 'step' reached 99.00000 (best 99.00000), saving model to '/tmpdir/m24047brmn/nemo_1b/output/baby_luciole-ssa-triton/checkpoints/baby_luciole-ssa-triton-step=0000099.ckpt' as top 1
[NeMo I 2026-02-09 16:59:28 nemo_logging:393] Using FullyParallelSaveStrategyWrapper(torch_dist, 1) dist-ckpt save strategy.
[NeMo W 2026-02-09 16:59:29 validation:389] There is difference in the common state dict in different ranks. The differences are {6: ([], [], [(('optimizer', 0, 'optimizer', 'param_groups', 1, 'step'), <class 'int'>, <class 'int'>)])}
[NeMo I 2026-02-09 16:59:47 nemo_logging:393] Global Checkpoint Save : Rank: 0 : Iteration: 98 : Start time: 1770652768.412s : Save duration: 18.702s
[NeMo I 2026-02-09 16:59:47 nemo_logging:393] Scheduled async checkpoint save for /tmpdir/m24047brmn/nemo_1b/output/baby_luciole-ssa-triton/checkpoints/baby_luciole-ssa-triton-step=0000099.ckpt
[NeMo W 2026-02-09 16:59:48 validation:389] There is difference in the common state dict in different ranks. The differences are {6: ([], [], [(('optimizer', 0, 'optimizer', 'param_groups', 1, 'step'), <class 'int'>, <class 'int'>)])}
[NeMo I 2026-02-09 16:59:48 nemo_logging:393] Global Checkpoint Save : Rank: 0 : Iteration: 98 : Start time: 1770652788.012s : Save duration: 0.540s
[NeMo I 2026-02-09 16:59:48 nemo_logging:393] Scheduled async checkpoint save for /tmpdir/m24047brmn/nemo_1b/output/baby_luciole-ssa-triton/checkpoints/baby_luciole-ssa-triton-step=0000099-last.ckpt
[NeMo I 2026-02-09 16:59:49 nemo_logging:393] Successfully saved checkpoint from iteration      98 to /tmpdir/m24047brmn/nemo_1b/output/baby_luciole-ssa-triton/checkpoints/baby_luciole-ssa-triton-step=0000099.ckpt
[NeMo I 2026-02-09 16:59:49 nemo_logging:393] Async checkpoint save for step 100 (/tmpdir/m24047brmn/nemo_1b/output/baby_luciole-ssa-triton/checkpoints/baby_luciole-ssa-triton-step=0000099.ckpt) finalized successfully.
[NeMo I 2026-02-09 16:59:49 nemo_logging:393] Successfully saved checkpoint from iteration      98 to /tmpdir/m24047brmn/nemo_1b/output/baby_luciole-ssa-triton/checkpoints/baby_luciole-ssa-triton-step=0000099-last.ckpt
[NeMo I 2026-02-09 16:59:49 nemo_logging:393] Async checkpoint save for step 100 (/tmpdir/m24047brmn/nemo_1b/output/baby_luciole-ssa-triton/checkpoints/baby_luciole-ssa-triton-step=0000099-last.ckpt) finalized successfully.
[NeMo I 2026-02-09 16:59:49 nemo_logging:393] Async finalization time took 0.784 s
Training epoch 0, iteration 100/108 | lr: 6.048e-05 | consumed_samples: 77568 | global_batch_size: 768 | global_step: 100 | reduced_train_loss: 7.868
Training epoch 0, iteration 101/108 | lr: 6.108e-05 | consumed_samples: 78336 | global_batch_size: 768 | global_step: 101 | reduced_train_loss: 7.85
Training epoch 0, iteration 102/108 | lr: 6.168e-05 | consumed_samples: 79104 | global_batch_size: 768 | global_step: 102 | reduced_train_loss: 7.825
Training epoch 0, iteration 103/108 | lr: 6.228e-05 | consumed_samples: 79872 | global_batch_size: 768 | global_step: 103 | reduced_train_loss: 7.78
Training epoch 0, iteration 104/108 | lr: 6.287e-05 | consumed_samples: 80640 | global_batch_size: 768 | global_step: 104 | reduced_train_loss: 7.755
Training epoch 0, iteration 105/108 | lr: 6.347e-05 | consumed_samples: 81408 | global_batch_size: 768 | global_step: 105 | reduced_train_loss: 7.734
Training epoch 0, iteration 106/108 | lr: 6.407e-05 | consumed_samples: 82176 | global_batch_size: 768 | global_step: 106 | reduced_train_loss: 7.702
Training epoch 0, iteration 107/108 | lr: 6.467e-05 | consumed_samples: 82944 | global_batch_size: 768 | global_step: 107 | reduced_train_loss: 7.68
Training epoch 0, iteration 108/108 | lr: 6.527e-05 | consumed_samples: 83712 | global_batch_size: 768 | global_step: 108 | reduced_train_loss: 7.655
INFO: Epoch 0, global step 108: 'step' reached 108.00000 (best 108.00000), saving model to '/tmpdir/m24047brmn/nemo_1b/output/baby_luciole-ssa-triton/checkpoints/baby_luciole-ssa-triton-step=0000108.ckpt' as top 2
INFO:lightning.pytorch.utilities.rank_zero:Epoch 0, global step 108: 'step' reached 108.00000 (best 108.00000), saving model to '/tmpdir/m24047brmn/nemo_1b/output/baby_luciole-ssa-triton/checkpoints/baby_luciole-ssa-triton-step=0000108.ckpt' as top 2
[NeMo W 2026-02-09 17:01:24 validation:389] There is difference in the common state dict in different ranks. The differences are {6: ([], [], [(('optimizer', 0, 'optimizer', 'param_groups', 1, 'step'), <class 'int'>, <class 'int'>)])}
[NeMo I 2026-02-09 17:01:25 nemo_logging:393] Global Checkpoint Save : Rank: 0 : Iteration: 107 : Start time: 1770652884.395s : Save duration: 0.719s
[NeMo I 2026-02-09 17:01:25 nemo_logging:393] Scheduled async checkpoint save for /tmpdir/m24047brmn/nemo_1b/output/baby_luciole-ssa-triton/checkpoints/baby_luciole-ssa-triton-step=0000108.ckpt
[NeMo W 2026-02-09 17:01:26 validation:389] There is difference in the common state dict in different ranks. The differences are {6: ([], [], [(('optimizer', 0, 'optimizer', 'param_groups', 1, 'step'), <class 'int'>, <class 'int'>)])}
[NeMo I 2026-02-09 17:01:26 nemo_logging:393] Global Checkpoint Save : Rank: 0 : Iteration: 107 : Start time: 1770652886.012s : Save duration: 0.661s
[NeMo I 2026-02-09 17:01:26 nemo_logging:393] Scheduled async checkpoint save for /tmpdir/m24047brmn/nemo_1b/output/baby_luciole-ssa-triton/checkpoints/baby_luciole-ssa-triton-step=0000108-last.ckpt
[NeMo I 2026-02-09 17:01:27 nemo_logging:393] Successfully saved checkpoint from iteration     107 to /tmpdir/m24047brmn/nemo_1b/output/baby_luciole-ssa-triton/checkpoints/baby_luciole-ssa-triton-step=0000108.ckpt
[NeMo I 2026-02-09 17:01:27 nemo_logging:393] Async checkpoint save for step 109 (/tmpdir/m24047brmn/nemo_1b/output/baby_luciole-ssa-triton/checkpoints/baby_luciole-ssa-triton-step=0000108.ckpt) finalized successfully.
[NeMo I 2026-02-09 17:01:27 nemo_logging:393] Successfully saved checkpoint from iteration     107 to /tmpdir/m24047brmn/nemo_1b/output/baby_luciole-ssa-triton/checkpoints/baby_luciole-ssa-triton-step=0000108-last.ckpt
[NeMo I 2026-02-09 17:01:27 nemo_logging:393] Async checkpoint save for step 109 (/tmpdir/m24047brmn/nemo_1b/output/baby_luciole-ssa-triton/checkpoints/baby_luciole-ssa-triton-step=0000108-last.ckpt) finalized successfully.
[NeMo I 2026-02-09 17:01:28 nemo_logging:393] Async finalization time took 1.638 s
INFO:__main__:Finished SSA Triton training run.
INFO: `Trainer.fit` stopped: `max_steps=109` reached.
INFO:lightning.pytorch.utilities.rank_zero:`Trainer.fit` stopped: `max_steps=109` reached.
INFO:__main__:Finished SSA Triton training run.
INFO:__main__:Finished SSA Triton training run.
INFO:__main__:Finished SSA Triton training run.
INFO:__main__:Finished SSA Triton training run.
INFO:__main__:Finished SSA Triton training run.
INFO:__main__:Finished SSA Triton training run.
INFO:__main__:Finished SSA Triton training run.
INFO:__main__:Finished SSA Triton training run.
INFO:__main__:Finished SSA Triton training run.
INFO:__main__:Finished SSA Triton training run.
INFO:__main__:Finished SSA Triton training run.
[W209 17:01:38.355319296 TCPStore.cpp:115] [c10d] recvVector failed on SocketImpl(fd=3, addr=[turpancomp6]:52288, remote=[turpancomp2]:36603): failed to recv, got 0 bytes
Exception raised from recvBytes at /opt/pytorch/pytorch/torch/csrc/distributed/c10d/Utils.hpp:671 (most recent call first):
frame #0: c10::Error::Error(c10::SourceLocation, std::__cxx11::basic_string<char, std::char_traits<char>, std::allocator<char> >) + 0xd4 (0x4000776c3cc4 in /usr/local/lib/python3.12/dist-packages/torch/lib/libc10.so)
frame #1: <unknown function> + 0x5a291f0 (0x40002d3d91f0 in /usr/local/lib/python3.12/dist-packages/torch/lib/libtorch_cpu.so)
frame #2: <unknown function> + 0x5a2ae44 (0x40002d3dae44 in /usr/local/lib/python3.12/dist-packages/torch/lib/libtorch_cpu.so)
frame #3: <unknown function> + 0x5a2b878 (0x40002d3db878 in /usr/local/lib/python3.12/dist-packages/torch/lib/libtorch_cpu.so)
frame #4: <unknown function> + 0x5a2d0b4 (0x40002d3dd0b4 in /usr/local/lib/python3.12/dist-packages/torch/lib/libtorch_cpu.so)
frame #5: c10d::TCPStore::compareSet(std::__cxx11::basic_string<char, std::char_traits<char>, std::allocator<char> > const&, std::vector<unsigned char, std::allocator<unsigned char> > const&, std::vector<unsigned char, std::allocator<unsigned char> > const&) + 0x1bc (0x40002d3de41c in /usr/local/lib/python3.12/dist-packages/torch/lib/libtorch_cpu.so)
frame #6: <unknown function> + 0xf50c90 (0x400027870c90 in /usr/local/lib/python3.12/dist-packages/torch/lib/libtorch_python.so)
frame #7: <unknown function> + 0x594060 (0x400026eb4060 in /usr/local/lib/python3.12/dist-packages/torch/lib/libtorch_python.so)
frame #8: /usr/bin/python() [0x5036b4]
frame #9: _PyObject_MakeTpCall + 0x78 (0x4c2c98 in /usr/bin/python)
frame #10: /usr/bin/python() [0x4c6f6c]
frame #11: _PyEval_EvalFrameDefault + 0x3cf4 (0x567308 in /usr/bin/python)
frame #12: _PyObject_Call_Prepend + 0xc4 (0x4c4774 in /usr/bin/python)
frame #13: /usr/bin/python() [0x528ba0]
frame #14: PyObject_Call + 0x6c (0x4c517c in /usr/bin/python)
frame #15: _PyEval_EvalFrameDefault + 0x3cf4 (0x567308 in /usr/bin/python)
frame #16: PyEval_EvalCode + 0x130 (0x562204 in /usr/bin/python)
frame #17: /usr/bin/python() [0x59c3c4]
frame #18: /usr/bin/python() [0x680e94]
frame #19: _PyRun_SimpleFileObject + 0x194 (0x680a68 in /usr/bin/python)
frame #20: _PyRun_AnyFileObject + 0x54 (0x680834 in /usr/bin/python)
frame #21: Py_RunMain + 0x2dc (0x68b83c in /usr/bin/python)
frame #22: Py_BytesMain + 0x28 (0x68b3f8 in /usr/bin/python)
frame #23: <unknown function> + 0x284c4 (0x400025c384c4 in /lib/aarch64-linux-gnu/libc.so.6)
frame #24: __libc_start_main + 0x98 (0x400025c38598 in /lib/aarch64-linux-gnu/libc.so.6)
frame #25: _start + 0x30 (0x5f6df0 in /usr/bin/python)

[W209 17:01:38.695179649 TCPStore.cpp:115] [c10d] recvVector failed on SocketImpl(fd=3, addr=[turpancomp4]:41960, remote=[turpancomp2]:36603): failed to recv, got 0 bytes
Exception raised from recvBytes at /opt/pytorch/pytorch/torch/csrc/distributed/c10d/Utils.hpp:671 (most recent call first):
frame #0: c10::Error::Error(c10::SourceLocation, std::__cxx11::basic_string<char, std::char_traits<char>, std::allocator<char> >) + 0xd4 (0x4000613f3cc4 in /usr/local/lib/python3.12/dist-packages/torch/lib/libc10.so)
frame #1: <unknown function> + 0x5a291f0 (0x4000171091f0 in /usr/local/lib/python3.12/dist-packages/torch/lib/libtorch_cpu.so)
frame #2: <unknown function> + 0x5a2ae44 (0x40001710ae44 in /usr/local/lib/python3.12/dist-packages/torch/lib/libtorch_cpu.so)
frame #3: <unknown function> + 0x5a2b878 (0x40001710b878 in /usr/local/lib/python3.12/dist-packages/torch/lib/libtorch_cpu.so)
frame #4: <unknown function> + 0x5a2d0b4 (0x40001710d0b4 in /usr/local/lib/python3.12/dist-packages/torch/lib/libtorch_cpu.so)
frame #5: c10d::TCPStore::compareSet(std::__cxx11::basic_string<char, std::char_traits<char>, std::allocator<char> > const&, std::vector<unsigned char, std::allocator<unsigned char> > const&, std::vector<unsigned char, std::allocator<unsigned char> > const&) + 0x1bc (0x40001710e41c in /usr/local/lib/python3.12/dist-packages/torch/lib/libtorch_cpu.so)
frame #6: <unknown function> + 0xf50c90 (0x4000115a0c90 in /usr/local/lib/python3.12/dist-packages/torch/lib/libtorch_python.so)
frame #7: <unknown function> + 0x594060 (0x400010be4060 in /usr/local/lib/python3.12/dist-packages/torch/lib/libtorch_python.so)
frame #8: /usr/bin/python() [0x5036b4]
frame #9: _PyObject_MakeTpCall + 0x78 (0x4c2c98 in /usr/bin/python)
frame #10: /usr/bin/python() [0x4c6f6c]
frame #11: _PyEval_EvalFrameDefault + 0x3cf4 (0x567308 in /usr/bin/python)
frame #12: _PyObject_Call_Prepend + 0xc4 (0x4c4774 in /usr/bin/python)
frame #13: /usr/bin/python() [0x528ba0]
frame #14: PyObject_Call + 0x6c (0x4c517c in /usr/bin/python)
frame #15: _PyEval_EvalFrameDefault + 0x3cf4 (0x567308 in /usr/bin/python)
frame #16: PyEval_EvalCode + 0x130 (0x562204 in /usr/bin/python)
frame #17: /usr/bin/python() [0x59c3c4]
frame #18: /usr/bin/python() [0x680e94]
frame #19: _PyRun_SimpleFileObject + 0x194 (0x680a68 in /usr/bin/python)
frame #20: _PyRun_AnyFileObject + 0x54 (0x680834 in /usr/bin/python)
frame #21: Py_RunMain + 0x2dc (0x68b83c in /usr/bin/python)
frame #22: Py_BytesMain + 0x28 (0x68b3f8 in /usr/bin/python)
frame #23: <unknown function> + 0x284c4 (0x40000f9684c4 in /lib/aarch64-linux-gnu/libc.so.6)
frame #24: __libc_start_main + 0x98 (0x40000f968598 in /lib/aarch64-linux-gnu/libc.so.6)
frame #25: _start + 0x30 (0x5f6df0 in /usr/bin/python)

W0209 17:01:38.193000 2717437 torch/distributed/elastic/rendezvous/dynamic_rendezvous.py:1284] The node 'turpancomp6.calmip.local_2717437_0' has failed to shutdown the rendezvous '76602' due to an error of type RendezvousConnectionError.
W0209 17:01:38.193000 944257 torch/distributed/elastic/rendezvous/dynamic_rendezvous.py:1284] The node 'turpancomp4.calmip.local_944257_0' has failed to shutdown the rendezvous '76602' due to an error of type RendezvousConnectionError.
[W209 17:01:38.361417305 TCPStore.cpp:106] [c10d] sendBytes failed on SocketImpl(fd=3, addr=[turpancomp6]:52288, remote=[turpancomp2]:36603): Broken pipe
Exception raised from sendBytes at /opt/pytorch/pytorch/torch/csrc/distributed/c10d/Utils.hpp:646 (most recent call first):
frame #0: c10::Error::Error(c10::SourceLocation, std::__cxx11::basic_string<char, std::char_traits<char>, std::allocator<char> >) + 0xd4 (0x4000776c3cc4 in /usr/local/lib/python3.12/dist-packages/torch/lib/libc10.so)
frame #1: <unknown function> + 0x5a291f0 (0x40002d3d91f0 in /usr/local/lib/python3.12/dist-packages/torch/lib/libtorch_cpu.so)
frame #2: <unknown function> + 0x5a2b0fc (0x40002d3db0fc in /usr/local/lib/python3.12/dist-packages/torch/lib/libtorch_cpu.so)
frame #3: <unknown function> + 0x5a2d704 (0x40002d3dd704 in /usr/local/lib/python3.12/dist-packages/torch/lib/libtorch_cpu.so)
frame #4: c10d::TCPStore::compareSet(std::__cxx11::basic_string<char, std::char_traits<char>, std::allocator<char> > const&, std::vector<unsigned char, std::allocator<unsigned char> > const&, std::vector<unsigned char, std::allocator<unsigned char> > const&) + 0x1ac (0x40002d3de40c in /usr/local/lib/python3.12/dist-packages/torch/lib/libtorch_cpu.so)
frame #5: <unknown function> + 0xf50c90 (0x400027870c90 in /usr/local/lib/python3.12/dist-packages/torch/lib/libtorch_python.so)
frame #6: <unknown function> + 0x594060 (0x400026eb4060 in /usr/local/lib/python3.12/dist-packages/torch/lib/libtorch_python.so)
frame #7: /usr/bin/python() [0x5036b4]
frame #8: _PyObject_MakeTpCall + 0x78 (0x4c2c98 in /usr/bin/python)
frame #9: /usr/bin/python() [0x4c6f6c]
frame #10: _PyEval_EvalFrameDefault + 0x3cf4 (0x567308 in /usr/bin/python)
frame #11: _PyObject_Call_Prepend + 0xc4 (0x4c4774 in /usr/bin/python)
frame #12: /usr/bin/python() [0x528ba0]
frame #13: PyObject_Call + 0x6c (0x4c517c in /usr/bin/python)
frame #14: _PyEval_EvalFrameDefault + 0x3cf4 (0x567308 in /usr/bin/python)
frame #15: PyEval_EvalCode + 0x130 (0x562204 in /usr/bin/python)
frame #16: /usr/bin/python() [0x59c3c4]
frame #17: /usr/bin/python() [0x680e94]
frame #18: _PyRun_SimpleFileObject + 0x194 (0x680a68 in /usr/bin/python)
frame #19: _PyRun_AnyFileObject + 0x54 (0x680834 in /usr/bin/python)
frame #20: Py_RunMain + 0x2dc (0x68b83c in /usr/bin/python)
frame #21: Py_BytesMain + 0x28 (0x68b3f8 in /usr/bin/python)
frame #22: <unknown function> + 0x284c4 (0x400025c384c4 in /lib/aarch64-linux-gnu/libc.so.6)
frame #23: __libc_start_main + 0x98 (0x400025c38598 in /lib/aarch64-linux-gnu/libc.so.6)
frame #24: _start + 0x30 (0x5f6df0 in /usr/bin/python)

[W209 17:01:38.701121246 TCPStore.cpp:106] [c10d] sendBytes failed on SocketImpl(fd=3, addr=[turpancomp4]:41960, remote=[turpancomp2]:36603): Broken pipe
Exception raised from sendBytes at /opt/pytorch/pytorch/torch/csrc/distributed/c10d/Utils.hpp:646 (most recent call first):
frame #0: c10::Error::Error(c10::SourceLocation, std::__cxx11::basic_string<char, std::char_traits<char>, std::allocator<char> >) + 0xd4 (0x4000613f3cc4 in /usr/local/lib/python3.12/dist-packages/torch/lib/libc10.so)
frame #1: <unknown function> + 0x5a291f0 (0x4000171091f0 in /usr/local/lib/python3.12/dist-packages/torch/lib/libtorch_cpu.so)
frame #2: <unknown function> + 0x5a2b0fc (0x40001710b0fc in /usr/local/lib/python3.12/dist-packages/torch/lib/libtorch_cpu.so)
frame #3: <unknown function> + 0x5a2d704 (0x40001710d704 in /usr/local/lib/python3.12/dist-packages/torch/lib/libtorch_cpu.so)
frame #4: c10d::TCPStore::compareSet(std::__cxx11::basic_string<char, std::char_traits<char>, std::allocator<char> > const&, std::vector<unsigned char, std::allocator<unsigned char> > const&, std::vector<unsigned char, std::allocator<unsigned char> > const&) + 0x1ac (0x40001710e40c in /usr/local/lib/python3.12/dist-packages/torch/lib/libtorch_cpu.so)
frame #5: <unknown function> + 0xf50c90 (0x4000115a0c90 in /usr/local/lib/python3.12/dist-packages/torch/lib/libtorch_python.so)
frame #6: <unknown function> + 0x594060 (0x400010be4060 in /usr/local/lib/python3.12/dist-packages/torch/lib/libtorch_python.so)
frame #7: /usr/bin/python() [0x5036b4]
frame #8: _PyObject_MakeTpCall + 0x78 (0x4c2c98 in /usr/bin/python)
frame #9: /usr/bin/python() [0x4c6f6c]
frame #10: _PyEval_EvalFrameDefault + 0x3cf4 (0x567308 in /usr/bin/python)
frame #11: _PyObject_Call_Prepend + 0xc4 (0x4c4774 in /usr/bin/python)
frame #12: /usr/bin/python() [0x528ba0]
frame #13: PyObject_Call + 0x6c (0x4c517c in /usr/bin/python)
frame #14: _PyEval_EvalFrameDefault + 0x3cf4 (0x567308 in /usr/bin/python)
frame #15: PyEval_EvalCode + 0x130 (0x562204 in /usr/bin/python)
frame #16: /usr/bin/python() [0x59c3c4]
frame #17: /usr/bin/python() [0x680e94]
frame #18: _PyRun_SimpleFileObject + 0x194 (0x680a68 in /usr/bin/python)
frame #19: _PyRun_AnyFileObject + 0x54 (0x680834 in /usr/bin/python)
frame #20: Py_RunMain + 0x2dc (0x68b83c in /usr/bin/python)
frame #21: Py_BytesMain + 0x28 (0x68b3f8 in /usr/bin/python)
frame #22: <unknown function> + 0x284c4 (0x40000f9684c4 in /lib/aarch64-linux-gnu/libc.so.6)
frame #23: __libc_start_main + 0x98 (0x40000f968598 in /lib/aarch64-linux-gnu/libc.so.6)
frame #24: _start + 0x30 (0x5f6df0 in /usr/bin/python)

W0209 17:01:38.197000 2717437 torch/distributed/elastic/rendezvous/dynamic_rendezvous.py:1284] The node 'turpancomp6.calmip.local_2717437_0' has failed to shutdown the rendezvous '76602' due to an error of type RendezvousConnectionError.
W0209 17:01:38.197000 944257 torch/distributed/elastic/rendezvous/dynamic_rendezvous.py:1284] The node 'turpancomp4.calmip.local_944257_0' has failed to shutdown the rendezvous '76602' due to an error of type RendezvousConnectionError.
==========================================
SSA Triton Training finished with status 0
==========================================
