==========================================
Starting SSA Triton Training
Datamix:     /tmpdir/m24047brmn/nemo_1b/data_fwe_50k/datamix_fineweb_edu_50k.json
Output:      /tmpdir/m24047brmn/nemo_1b/output
Name:        baby_luciole-ssa-triton-v4
Nodes:       6
Duration:    00:24:00:00
SSA n:       1.5
SSA b:       0.8
Kernel ver:  v4
Compile BDA: 1
Warmup step: 500
Skip warmup: 0
Max steps:   200
==========================================
W0212 02:06:09.666000 2664940 torch/distributed/run.py:763] 
W0212 02:06:09.666000 2664940 torch/distributed/run.py:763] *****************************************
W0212 02:06:09.666000 2664940 torch/distributed/run.py:763] Setting OMP_NUM_THREADS environment variable for each process to be 1 in default, to avoid your system being overloaded, please further tune the variable for optimal performance in your application as needed. 
W0212 02:06:09.666000 2664940 torch/distributed/run.py:763] *****************************************
W0212 02:06:09.762000 1392013 torch/distributed/run.py:763] 
W0212 02:06:09.762000 1392013 torch/distributed/run.py:763] *****************************************
W0212 02:06:09.762000 1392013 torch/distributed/run.py:763] Setting OMP_NUM_THREADS environment variable for each process to be 1 in default, to avoid your system being overloaded, please further tune the variable for optimal performance in your application as needed. 
W0212 02:06:09.762000 1392013 torch/distributed/run.py:763] *****************************************
W0212 02:06:09.826000 971292 torch/distributed/run.py:763] 
W0212 02:06:09.826000 971292 torch/distributed/run.py:763] *****************************************
W0212 02:06:09.826000 971292 torch/distributed/run.py:763] Setting OMP_NUM_THREADS environment variable for each process to be 1 in default, to avoid your system being overloaded, please further tune the variable for optimal performance in your application as needed. 
W0212 02:06:09.826000 971292 torch/distributed/run.py:763] *****************************************
W0212 02:06:09.826000 1097847 torch/distributed/run.py:763] 
W0212 02:06:09.826000 1097847 torch/distributed/run.py:763] *****************************************
W0212 02:06:09.826000 1097847 torch/distributed/run.py:763] Setting OMP_NUM_THREADS environment variable for each process to be 1 in default, to avoid your system being overloaded, please further tune the variable for optimal performance in your application as needed. 
W0212 02:06:09.826000 1097847 torch/distributed/run.py:763] *****************************************
W0212 02:06:09.870000 1835973 torch/distributed/run.py:763] 
W0212 02:06:09.870000 1835973 torch/distributed/run.py:763] *****************************************
W0212 02:06:09.870000 1835973 torch/distributed/run.py:763] Setting OMP_NUM_THREADS environment variable for each process to be 1 in default, to avoid your system being overloaded, please further tune the variable for optimal performance in your application as needed. 
W0212 02:06:09.870000 1835973 torch/distributed/run.py:763] *****************************************
W0212 02:06:09.899000 3390171 torch/distributed/run.py:763] 
W0212 02:06:09.899000 3390171 torch/distributed/run.py:763] *****************************************
W0212 02:06:09.899000 3390171 torch/distributed/run.py:763] Setting OMP_NUM_THREADS environment variable for each process to be 1 in default, to avoid your system being overloaded, please further tune the variable for optimal performance in your application as needed. 
W0212 02:06:09.899000 3390171 torch/distributed/run.py:763] *****************************************
[rank: 1] Seed set to 1234
[rank: 0] Seed set to 1234
[rank: 8] Seed set to 1234
[rank: 9] Seed set to 1234
[rank: 6] Seed set to 1234
[rank: 7] Seed set to 1234
[rank: 10] Seed set to 1234
[rank: 11] Seed set to 1234
[rank: 2] Seed set to 1234
[rank: 3] Seed set to 1234
[rank: 4] Seed set to 1234
[rank: 5] Seed set to 1234
INFO:faiss.loader:Loading faiss.
INFO:faiss.loader:Loading faiss.
INFO:faiss.loader:Successfully loaded faiss.
INFO:faiss.loader:Successfully loaded faiss.
INFO:faiss.loader:Loading faiss.
INFO:faiss.loader:Loading faiss.
INFO:faiss.loader:Successfully loaded faiss.
INFO:faiss.loader:Successfully loaded faiss.
INFO:faiss.loader:Loading faiss.
INFO:faiss.loader:Loading faiss.
INFO:faiss.loader:Loading faiss.
INFO:faiss.loader:Loading faiss.
INFO:faiss.loader:Successfully loaded faiss.
INFO:faiss.loader:Successfully loaded faiss.
INFO:faiss.loader:Successfully loaded faiss.
INFO:faiss.loader:Successfully loaded faiss.
INFO:faiss.loader:Loading faiss.
INFO:faiss.loader:Loading faiss.
INFO:faiss.loader:Successfully loaded faiss.
INFO:faiss.loader:Successfully loaded faiss.
INFO:faiss.loader:Loading faiss.
INFO:faiss.loader:Loading faiss.
INFO:faiss.loader:Successfully loaded faiss.
INFO:faiss.loader:Successfully loaded faiss.
[NeMo W 2026-02-12 02:06:44 nemo_logging:405] /usr/local/lib/python3.12/dist-packages/pydub/utils.py:170: RuntimeWarning: Couldn't find ffmpeg or avconv - defaulting to ffmpeg, but may not work
      warn("Couldn't find ffmpeg or avconv - defaulting to ffmpeg, but may not work", RuntimeWarning)
    
INFO:datasets:PyTorch version 2.7.0a0+7c8ec84dab.nv25.3 available.
INFO:datasets:Polars version 1.21.0 available.
INFO:datasets:PyTorch version 2.7.0a0+7c8ec84dab.nv25.3 available.
INFO:datasets:Polars version 1.21.0 available.
INFO:datasets:PyTorch version 2.7.0a0+7c8ec84dab.nv25.3 available.
INFO:datasets:Polars version 1.21.0 available.
INFO:datasets:PyTorch version 2.7.0a0+7c8ec84dab.nv25.3 available.
INFO:datasets:Polars version 1.21.0 available.
INFO:datasets:PyTorch version 2.7.0a0+7c8ec84dab.nv25.3 available.
INFO:datasets:Polars version 1.21.0 available.
INFO:datasets:PyTorch version 2.7.0a0+7c8ec84dab.nv25.3 available.
INFO:datasets:Polars version 1.21.0 available.
INFO:datasets:PyTorch version 2.7.0a0+7c8ec84dab.nv25.3 available.
INFO:datasets:Polars version 1.21.0 available.
INFO:datasets:PyTorch version 2.7.0a0+7c8ec84dab.nv25.3 available.
INFO:datasets:Polars version 1.21.0 available.
INFO:datasets:PyTorch version 2.7.0a0+7c8ec84dab.nv25.3 available.
INFO:datasets:Polars version 1.21.0 available.
INFO:datasets:PyTorch version 2.7.0a0+7c8ec84dab.nv25.3 available.
INFO:datasets:Polars version 1.21.0 available.
INFO:datasets:PyTorch version 2.7.0a0+7c8ec84dab.nv25.3 available.
INFO:datasets:Polars version 1.21.0 available.
INFO:datasets:PyTorch version 2.7.0a0+7c8ec84dab.nv25.3 available.
INFO:datasets:Polars version 1.21.0 available.
INFO:utils:{'tokenizer': '/work/m24047/m24047brmn/tokenizers/luciole_50k', 'data_path': '/tmpdir/m24047brmn/nemo_1b/data_fwe_50k', 'total_tokens': 10000000000, 'train': [{'name': 'fineweb_edu_text_document', 'weight': 1.0}]}
INFO:utils:{'tokenizer': '/work/m24047/m24047brmn/tokenizers/luciole_50k', 'data_path': '/tmpdir/m24047brmn/nemo_1b/data_fwe_50k', 'total_tokens': 10000000000, 'train': [{'name': 'fineweb_edu_text_document', 'weight': 1.0}]}
INFO:utils:Find tokenizer: /work/m24047/m24047brmn/tokenizers/luciole_50k
INFO:__main__:Global batch size: 768
INFO:__main__:Sequence length: 1024
INFO:__main__:Tokens per batch: 786432
INFO:__main__:Total tokens in datamix: 10000000000
INFO:__main__:Using provided global_max_steps: 60000
INFO:__main__:Patched megatron.core.optimizer (accepted params: {'config', 'model_chunks', 'scale_lr_cond', 'lr_mult', 'no_weight_decay_cond', 'use_gloo_process_groups'})
INFO:utils:Find tokenizer: /work/m24047/m24047brmn/tokenizers/luciole_50k
INFO:__main__:Global batch size: 768
INFO:__main__:Sequence length: 1024
INFO:__main__:Tokens per batch: 786432
INFO:__main__:Total tokens in datamix: 10000000000
INFO:__main__:Using provided global_max_steps: 60000
INFO:__main__:Patched megatron.core.optimizer (accepted params: {'model_chunks', 'use_gloo_process_groups', 'lr_mult', 'scale_lr_cond', 'config', 'no_weight_decay_cond'})
[NeMo I 2026-02-12 02:06:52 nemo_logging:393] Getting HuggingFace AutoTokenizer with pretrained_model_name: /work/m24047/m24047brmn/tokenizers/luciole_50k, vocab_file: None, merges_files: None, special_tokens_dict: {}, and use_fast: True
INFO:utils:{'tokenizer': '/work/m24047/m24047brmn/tokenizers/luciole_50k', 'data_path': '/tmpdir/m24047brmn/nemo_1b/data_fwe_50k', 'total_tokens': 10000000000, 'train': [{'name': 'fineweb_edu_text_document', 'weight': 1.0}]}
INFO:utils:{'tokenizer': '/work/m24047/m24047brmn/tokenizers/luciole_50k', 'data_path': '/tmpdir/m24047brmn/nemo_1b/data_fwe_50k', 'total_tokens': 10000000000, 'train': [{'name': 'fineweb_edu_text_document', 'weight': 1.0}]}
INFO:utils:Find tokenizer: /work/m24047/m24047brmn/tokenizers/luciole_50k
INFO:__main__:Global batch size: 768
INFO:__main__:Sequence length: 1024
INFO:__main__:Tokens per batch: 786432
INFO:__main__:Total tokens in datamix: 10000000000
INFO:__main__:Using provided global_max_steps: 60000
INFO:__main__:Patched megatron.core.optimizer (accepted params: {'config', 'use_gloo_process_groups', 'scale_lr_cond', 'no_weight_decay_cond', 'model_chunks', 'lr_mult'})
INFO:utils:Find tokenizer: /work/m24047/m24047brmn/tokenizers/luciole_50k
INFO:__main__:Global batch size: 768
INFO:__main__:Sequence length: 1024
INFO:__main__:Tokens per batch: 786432
INFO:__main__:Total tokens in datamix: 10000000000
INFO:__main__:Using provided global_max_steps: 60000
INFO:__main__:Patched megatron.core.optimizer (accepted params: {'model_chunks', 'use_gloo_process_groups', 'no_weight_decay_cond', 'config', 'scale_lr_cond', 'lr_mult'})
INFO:utils:{'tokenizer': '/work/m24047/m24047brmn/tokenizers/luciole_50k', 'data_path': '/tmpdir/m24047brmn/nemo_1b/data_fwe_50k', 'total_tokens': 10000000000, 'train': [{'name': 'fineweb_edu_text_document', 'weight': 1.0}]}
INFO:utils:{'tokenizer': '/work/m24047/m24047brmn/tokenizers/luciole_50k', 'data_path': '/tmpdir/m24047brmn/nemo_1b/data_fwe_50k', 'total_tokens': 10000000000, 'train': [{'name': 'fineweb_edu_text_document', 'weight': 1.0}]}
INFO:utils:Find tokenizer: /work/m24047/m24047brmn/tokenizers/luciole_50k
INFO:__main__:Global batch size: 768
INFO:__main__:Sequence length: 1024
INFO:__main__:Tokens per batch: 786432
INFO:__main__:Total tokens in datamix: 10000000000
INFO:__main__:Using provided global_max_steps: 60000
INFO:__main__:Patched megatron.core.optimizer (accepted params: {'scale_lr_cond', 'use_gloo_process_groups', 'model_chunks', 'lr_mult', 'config', 'no_weight_decay_cond'})
INFO:utils:Find tokenizer: /work/m24047/m24047brmn/tokenizers/luciole_50k
INFO:__main__:Global batch size: 768
INFO:__main__:Sequence length: 1024
INFO:__main__:Tokens per batch: 786432
INFO:__main__:Total tokens in datamix: 10000000000
INFO:__main__:Using provided global_max_steps: 60000
INFO:__main__:Patched megatron.core.optimizer (accepted params: {'config', 'use_gloo_process_groups', 'lr_mult', 'scale_lr_cond', 'no_weight_decay_cond', 'model_chunks'})
INFO:utils:{'tokenizer': '/work/m24047/m24047brmn/tokenizers/luciole_50k', 'data_path': '/tmpdir/m24047brmn/nemo_1b/data_fwe_50k', 'total_tokens': 10000000000, 'train': [{'name': 'fineweb_edu_text_document', 'weight': 1.0}]}
INFO:utils:{'tokenizer': '/work/m24047/m24047brmn/tokenizers/luciole_50k', 'data_path': '/tmpdir/m24047brmn/nemo_1b/data_fwe_50k', 'total_tokens': 10000000000, 'train': [{'name': 'fineweb_edu_text_document', 'weight': 1.0}]}
INFO:utils:Find tokenizer: /work/m24047/m24047brmn/tokenizers/luciole_50k
INFO:__main__:Global batch size: 768
INFO:__main__:Sequence length: 1024
INFO:__main__:Tokens per batch: 786432
INFO:__main__:Total tokens in datamix: 10000000000
INFO:__main__:Using provided global_max_steps: 60000
INFO:__main__:Patched megatron.core.optimizer (accepted params: {'no_weight_decay_cond', 'config', 'model_chunks', 'lr_mult', 'use_gloo_process_groups', 'scale_lr_cond'})
INFO:utils:Find tokenizer: /work/m24047/m24047brmn/tokenizers/luciole_50k
INFO:__main__:Global batch size: 768
INFO:__main__:Sequence length: 1024
INFO:__main__:Tokens per batch: 786432
INFO:__main__:Total tokens in datamix: 10000000000
INFO:__main__:Using provided global_max_steps: 60000
INFO:__main__:Patched megatron.core.optimizer (accepted params: {'config', 'use_gloo_process_groups', 'scale_lr_cond', 'lr_mult', 'no_weight_decay_cond', 'model_chunks'})
INFO:utils:{'tokenizer': '/work/m24047/m24047brmn/tokenizers/luciole_50k', 'data_path': '/tmpdir/m24047brmn/nemo_1b/data_fwe_50k', 'total_tokens': 10000000000, 'train': [{'name': 'fineweb_edu_text_document', 'weight': 1.0}]}
INFO:utils:{'tokenizer': '/work/m24047/m24047brmn/tokenizers/luciole_50k', 'data_path': '/tmpdir/m24047brmn/nemo_1b/data_fwe_50k', 'total_tokens': 10000000000, 'train': [{'name': 'fineweb_edu_text_document', 'weight': 1.0}]}
INFO:utils:Find tokenizer: /work/m24047/m24047brmn/tokenizers/luciole_50k
INFO:__main__:Global batch size: 768
INFO:__main__:Sequence length: 1024
INFO:__main__:Tokens per batch: 786432
INFO:__main__:Total tokens in datamix: 10000000000
INFO:__main__:Using provided global_max_steps: 60000
INFO:__main__:Patched megatron.core.optimizer (accepted params: {'use_gloo_process_groups', 'lr_mult', 'scale_lr_cond', 'model_chunks', 'config', 'no_weight_decay_cond'})
INFO:utils:Find tokenizer: /work/m24047/m24047brmn/tokenizers/luciole_50k
INFO:__main__:Global batch size: 768
INFO:__main__:Sequence length: 1024
INFO:__main__:Tokens per batch: 786432
INFO:__main__:Total tokens in datamix: 10000000000
INFO:__main__:Using provided global_max_steps: 60000
INFO:__main__:Patched megatron.core.optimizer (accepted params: {'use_gloo_process_groups', 'model_chunks', 'scale_lr_cond', 'config', 'no_weight_decay_cond', 'lr_mult'})
INFO:utils:{'tokenizer': '/work/m24047/m24047brmn/tokenizers/luciole_50k', 'data_path': '/tmpdir/m24047brmn/nemo_1b/data_fwe_50k', 'total_tokens': 10000000000, 'train': [{'name': 'fineweb_edu_text_document', 'weight': 1.0}]}
INFO:utils:{'tokenizer': '/work/m24047/m24047brmn/tokenizers/luciole_50k', 'data_path': '/tmpdir/m24047brmn/nemo_1b/data_fwe_50k', 'total_tokens': 10000000000, 'train': [{'name': 'fineweb_edu_text_document', 'weight': 1.0}]}
INFO:utils:Find tokenizer: /work/m24047/m24047brmn/tokenizers/luciole_50k
INFO:__main__:Global batch size: 768
INFO:__main__:Sequence length: 1024
INFO:__main__:Tokens per batch: 786432
INFO:__main__:Total tokens in datamix: 10000000000
INFO:__main__:Using provided global_max_steps: 60000
INFO:__main__:Patched megatron.core.optimizer (accepted params: {'scale_lr_cond', 'lr_mult', 'config', 'use_gloo_process_groups', 'no_weight_decay_cond', 'model_chunks'})
INFO:utils:Find tokenizer: /work/m24047/m24047brmn/tokenizers/luciole_50k
INFO:__main__:Global batch size: 768
INFO:__main__:Sequence length: 1024
INFO:__main__:Tokens per batch: 786432
INFO:__main__:Total tokens in datamix: 10000000000
INFO:__main__:Using provided global_max_steps: 60000
INFO:__main__:Patched megatron.core.optimizer (accepted params: {'use_gloo_process_groups', 'config', 'model_chunks', 'no_weight_decay_cond', 'lr_mult', 'scale_lr_cond'})
INFO:__main__:SSA Triton: Using fused Triton SSA FlashAttention v4 (n=1.50, b=0.80, compiled_bda=True)
INFO:__main__:SSA Triton: Using fused Triton SSA FlashAttention v4 (n=1.50, b=0.80, compiled_bda=True)
INFO:__main__:Training from scratch, trainer.max_steps = 200
INFO:__main__:Training from scratch, trainer.max_steps = 200
INFO:__main__:LR scheduler max_steps = 60000, warmup_steps = 500
INFO:__main__:LR scheduler max_steps = 60000, warmup_steps = 500
INFO:utils:Config saved to /tmpdir/m24047brmn/nemo_1b/output/job_76893/config_baby_luciole-ssa-triton-v4.json
INFO:__main__:SSA Triton: Using fused Triton SSA FlashAttention v4 (n=1.50, b=0.80, compiled_bda=True)
INFO:utils:Config saved to /tmpdir/m24047brmn/nemo_1b/output/job_76893/config_baby_luciole-ssa-triton-v4.json
INFO:__main__:Warming up Triton kernels on cuda:0 (Hq=24, Hkv=8, D=32)...
INFO:__main__:SSA Triton: Using fused Triton SSA FlashAttention v4 (n=1.50, b=0.80, compiled_bda=True)
INFO:__main__:Training from scratch, trainer.max_steps = 200
INFO:__main__:Training from scratch, trainer.max_steps = 200
INFO:__main__:LR scheduler max_steps = 60000, warmup_steps = 500
INFO:__main__:LR scheduler max_steps = 60000, warmup_steps = 500
INFO:__main__:SSA Triton: Using fused Triton SSA FlashAttention v4 (n=1.50, b=0.80, compiled_bda=True)
INFO:__main__:SSA Triton: Using fused Triton SSA FlashAttention v4 (n=1.50, b=0.80, compiled_bda=True)
INFO:__main__:SSA Triton: Using fused Triton SSA FlashAttention v4 (n=1.50, b=0.80, compiled_bda=True)
INFO:__main__:Training from scratch, trainer.max_steps = 200
INFO:__main__:Training from scratch, trainer.max_steps = 200
INFO:__main__:LR scheduler max_steps = 60000, warmup_steps = 500
INFO:__main__:SSA Triton: Using fused Triton SSA FlashAttention v4 (n=1.50, b=0.80, compiled_bda=True)
INFO:__main__:LR scheduler max_steps = 60000, warmup_steps = 500
INFO:__main__:Training from scratch, trainer.max_steps = 200
INFO:__main__:Training from scratch, trainer.max_steps = 200
INFO:__main__:LR scheduler max_steps = 60000, warmup_steps = 500
INFO:__main__:LR scheduler max_steps = 60000, warmup_steps = 500
INFO:utils:Config saved to /tmpdir/m24047brmn/nemo_1b/output/job_76893/config_baby_luciole-ssa-triton-v4.json
INFO:__main__:Warming up Triton kernels on cuda:0 (Hq=24, Hkv=8, D=32)...
INFO:utils:Config saved to /tmpdir/m24047brmn/nemo_1b/output/job_76893/config_baby_luciole-ssa-triton-v4.json
INFO:utils:Config saved to /tmpdir/m24047brmn/nemo_1b/output/job_76893/config_baby_luciole-ssa-triton-v4.json
INFO:utils:Config saved to /tmpdir/m24047brmn/nemo_1b/output/job_76893/config_baby_luciole-ssa-triton-v4.json
INFO:__main__:Warming up Triton kernels on cuda:0 (Hq=24, Hkv=8, D=32)...
INFO:__main__:Warming up Triton kernels on cuda:1 (Hq=24, Hkv=8, D=32)...
INFO:__main__:SSA Triton: Using fused Triton SSA FlashAttention v4 (n=1.50, b=0.80, compiled_bda=True)
INFO:__main__:SSA Triton: Using fused Triton SSA FlashAttention v4 (n=1.50, b=0.80, compiled_bda=True)
INFO:__main__:Training from scratch, trainer.max_steps = 200
INFO:__main__:Training from scratch, trainer.max_steps = 200
INFO:__main__:LR scheduler max_steps = 60000, warmup_steps = 500
INFO:__main__:LR scheduler max_steps = 60000, warmup_steps = 500
INFO:utils:Config saved to /tmpdir/m24047brmn/nemo_1b/output/job_76893/config_baby_luciole-ssa-triton-v4.json
INFO:__main__:Warming up Triton kernels on cuda:0 (Hq=24, Hkv=8, D=32)...
INFO:utils:Config saved to /tmpdir/m24047brmn/nemo_1b/output/job_76893/config_baby_luciole-ssa-triton-v4.json
INFO:__main__:SSA Triton: Using fused Triton SSA FlashAttention v4 (n=1.50, b=0.80, compiled_bda=True)
INFO:__main__:SSA Triton: Using fused Triton SSA FlashAttention v4 (n=1.50, b=0.80, compiled_bda=True)
INFO:__main__:Training from scratch, trainer.max_steps = 200
INFO:__main__:Training from scratch, trainer.max_steps = 200
INFO:__main__:LR scheduler max_steps = 60000, warmup_steps = 500
INFO:__main__:LR scheduler max_steps = 60000, warmup_steps = 500
INFO:utils:Config saved to /tmpdir/m24047brmn/nemo_1b/output/job_76893/config_baby_luciole-ssa-triton-v4.json
INFO:__main__:Warming up Triton kernels on cuda:0 (Hq=24, Hkv=8, D=32)...
INFO:utils:Config saved to /tmpdir/m24047brmn/nemo_1b/output/job_76893/config_baby_luciole-ssa-triton-v4.json
INFO:__main__:Warming up Triton kernels on cuda:1 (Hq=24, Hkv=8, D=32)...
INFO:__main__:Warming up Triton kernels on cuda:1 (Hq=24, Hkv=8, D=32)...
INFO:__main__:Warming up Triton kernels on cuda:1 (Hq=24, Hkv=8, D=32)...
INFO:utils:Config saved to /tmpdir/m24047brmn/nemo_1b/output/job_76893/config_baby_luciole-ssa-triton-v4.json
INFO:utils:Config saved to /tmpdir/m24047brmn/nemo_1b/output/job_76893/config_baby_luciole-ssa-triton-v4.json
INFO:__main__:Warming up Triton kernels on cuda:0 (Hq=24, Hkv=8, D=32)...
INFO:__main__:Warming up Triton kernels on cuda:1 (Hq=24, Hkv=8, D=32)...
INFO:__main__:Warming up Triton kernels on cuda:1 (Hq=24, Hkv=8, D=32)...
INFO:__main__:Triton kernel warmup complete.
INFO:__main__:Restored RNG state after Triton warmup.
INFO:__main__:Triton kernel warmup complete.
INFO:__main__:Restored RNG state after Triton warmup.
INFO:__main__:Triton kernel warmup complete.
INFO:__main__:Restored RNG state after Triton warmup.
INFO:__main__:Triton kernel warmup complete.
INFO:__main__:Restored RNG state after Triton warmup.
INFO: GPU available: True (cuda), used: True
INFO:lightning.pytorch.utilities.rank_zero:GPU available: True (cuda), used: True
INFO: TPU available: False, using: 0 TPU cores
INFO:lightning.pytorch.utilities.rank_zero:TPU available: False, using: 0 TPU cores
INFO: HPU available: False, using: 0 HPUs
INFO:lightning.pytorch.utilities.rank_zero:HPU available: False, using: 0 HPUs
[NeMo W 2026-02-12 02:07:03 nemo_logging:405] No version folders would be created under the log folder as 'resume_if_exists' is enabled.
[NeMo I 2026-02-12 02:07:03 nemo_logging:393] Experiments will be logged at /tmpdir/m24047brmn/nemo_1b/output/baby_luciole-ssa-triton-v4
[NeMo W 2026-02-12 02:07:03 nemo_logging:405] "update_logger_directory" is True. Overwriting tensorboard logger "save_dir" to /tmpdir/m24047brmn/nemo_1b/output/tb_logs
[NeMo W 2026-02-12 02:07:03 nemo_logging:405] The Trainer already contains a ModelCheckpoint callback. This will be overwritten.
INFO:__main__:Triton kernel warmup complete.
INFO:__main__:Restored RNG state after Triton warmup.
INFO:nemo.lightning.pytorch.strategies.megatron_strategy:Initializing distributed: GLOBAL_RANK: 1, MEMBER: 2/12
[NeMo W 2026-02-12 02:07:03 nemo_logging:405] There were no checkpoints found in checkpoint_dir or no checkpoint folder at checkpoint_dir :/tmpdir/m24047brmn/nemo_1b/output/baby_luciole-ssa-triton-v4/checkpoints. Training from scratch.
INFO:__main__:Triton kernel warmup complete.
INFO:__main__:Restored RNG state after Triton warmup.
[NeMo I 2026-02-12 02:07:03 nemo_logging:393] Fixing mis-match between ddp-config & mcore-optimizer config
[NeMo I 2026-02-12 02:07:03 nemo_logging:393] Rank 0 has data parallel group : [0, 1, 2, 3, 4, 5, 6, 7, 8, 9, 10, 11]
[NeMo I 2026-02-12 02:07:03 nemo_logging:393] Rank 0 has combined group of data parallel and context parallel : [0, 1, 2, 3, 4, 5, 6, 7, 8, 9, 10, 11]
[NeMo I 2026-02-12 02:07:03 nemo_logging:393] All data parallel group ranks with context parallel combined: [[0, 1, 2, 3, 4, 5, 6, 7, 8, 9, 10, 11]]
[NeMo I 2026-02-12 02:07:03 nemo_logging:393] Ranks 0 has data parallel rank: 0
[NeMo I 2026-02-12 02:07:03 nemo_logging:393] Rank 0 has context parallel group: [0]
[NeMo I 2026-02-12 02:07:03 nemo_logging:393] All context parallel group ranks: [[0], [1], [2], [3], [4], [5], [6], [7], [8], [9], [10], [11]]
[NeMo I 2026-02-12 02:07:03 nemo_logging:393] Ranks 0 has context parallel rank: 0
[NeMo I 2026-02-12 02:07:03 nemo_logging:393] Rank 0 has model parallel group: [0]
[NeMo I 2026-02-12 02:07:03 nemo_logging:393] All model parallel group ranks: [[0], [1], [2], [3], [4], [5], [6], [7], [8], [9], [10], [11]]
[NeMo I 2026-02-12 02:07:03 nemo_logging:393] Rank 0 has tensor model parallel group: [0]
[NeMo I 2026-02-12 02:07:03 nemo_logging:393] All tensor model parallel group ranks: [[0], [1], [2], [3], [4], [5], [6], [7], [8], [9], [10], [11]]
[NeMo I 2026-02-12 02:07:03 nemo_logging:393] Rank 0 has tensor model parallel rank: 0
[NeMo I 2026-02-12 02:07:03 nemo_logging:393] Rank 0 has pipeline model parallel group: [0]
[NeMo I 2026-02-12 02:07:03 nemo_logging:393] Rank 0 has embedding group: [0]
[NeMo I 2026-02-12 02:07:03 nemo_logging:393] All pipeline model parallel group ranks: [[0], [1], [2], [3], [4], [5], [6], [7], [8], [9], [10], [11]]
[NeMo I 2026-02-12 02:07:03 nemo_logging:393] Rank 0 has pipeline model parallel rank 0
[NeMo I 2026-02-12 02:07:03 nemo_logging:393] All embedding group ranks: [[0], [1], [2], [3], [4], [5], [6], [7], [8], [9], [10], [11]]
[NeMo I 2026-02-12 02:07:03 nemo_logging:393] Rank 0 has embedding rank: 0
INFO:nemo.lightning.pytorch.strategies.megatron_strategy:Initializing distributed: GLOBAL_RANK: 0, MEMBER: 1/12
INFO: ----------------------------------------------------------------------------------------------------
distributed_backend=nccl
All distributed processes registered. Starting with 12 processes
----------------------------------------------------------------------------------------------------

INFO:lightning.pytorch.utilities.rank_zero:----------------------------------------------------------------------------------------------------
distributed_backend=nccl
All distributed processes registered. Starting with 12 processes
----------------------------------------------------------------------------------------------------

INFO:__main__:Triton kernel warmup complete.
INFO:__main__:Restored RNG state after Triton warmup.
INFO:__main__:Triton kernel warmup complete.
INFO:__main__:Restored RNG state after Triton warmup.
INFO:nemo.lightning.pytorch.strategies.megatron_strategy:Initializing distributed: GLOBAL_RANK: 8, MEMBER: 9/12
INFO:nemo.lightning.pytorch.strategies.megatron_strategy:Initializing distributed: GLOBAL_RANK: 9, MEMBER: 10/12
INFO:nemo.lightning.pytorch.strategies.megatron_strategy:Initializing distributed: GLOBAL_RANK: 10, MEMBER: 11/12
INFO:nemo.lightning.pytorch.strategies.megatron_strategy:Initializing distributed: GLOBAL_RANK: 11, MEMBER: 12/12
INFO:nemo.lightning.pytorch.strategies.megatron_strategy:Initializing distributed: GLOBAL_RANK: 6, MEMBER: 7/12
INFO:nemo.lightning.pytorch.strategies.megatron_strategy:Initializing distributed: GLOBAL_RANK: 7, MEMBER: 8/12
INFO:__main__:Triton kernel warmup complete.
INFO:__main__:Restored RNG state after Triton warmup.
INFO:__main__:Triton kernel warmup complete.
INFO:__main__:Restored RNG state after Triton warmup.
INFO:__main__:Triton kernel warmup complete.
INFO:__main__:Restored RNG state after Triton warmup.
INFO:__main__:Triton kernel warmup complete.
INFO:__main__:Restored RNG state after Triton warmup.
INFO:nemo.lightning.pytorch.strategies.megatron_strategy:Initializing distributed: GLOBAL_RANK: 3, MEMBER: 4/12
INFO:nemo.lightning.pytorch.strategies.megatron_strategy:Initializing distributed: GLOBAL_RANK: 2, MEMBER: 3/12
INFO:nemo.lightning.pytorch.strategies.megatron_strategy:Initializing distributed: GLOBAL_RANK: 5, MEMBER: 6/12
INFO:nemo.lightning.pytorch.strategies.megatron_strategy:Initializing distributed: GLOBAL_RANK: 4, MEMBER: 5/12
[NeMo I 2026-02-12 02:07:07 utils:532] Let split_matrix = [(0, 1.0), None, None]
[NeMo I 2026-02-12 02:07:07 utils:532] Building GPTDataset splits with sizes=[153600, 0, 24576] and config=GPTDatasetConfig(random_seed=1234, sequence_length=1024, blend=[['/tmpdir/m24047brmn/nemo_1b/data_fwe_50k/fineweb_edu_text_document'], None], blend_per_split=None, split='1,0,0', split_matrix=[(0, 1.0), None, None], num_dataset_builder_threads=1, path_to_cache='/tmpdir/m24047brmn/nemo_1b/output/index_mapping', mmap_bin_files=True, mock=False, tokenizer=<nemo.collections.common.tokenizers.huggingface.auto_tokenizer.AutoTokenizer object at 0x400245023530>, reset_position_ids=False, reset_attention_mask=False, eod_mask_loss=False, create_attention_mask=False, drop_last_partial_validation_sequence=True, add_extra_token_to_sequence=True, s3_cache_path=None)
[NeMo I 2026-02-12 02:07:07 utils:532] Load the _IndexReader from /tmpdir/m24047brmn/nemo_1b/data_fwe_50k/fineweb_edu_text_document.idx
[NeMo I 2026-02-12 02:07:07 utils:532] 	Extract the sequence lengths
[NeMo I 2026-02-12 02:07:07 utils:532] 	Extract the sequence pointers
[NeMo I 2026-02-12 02:07:07 utils:532] 	Extract the document indices
[NeMo I 2026-02-12 02:07:07 utils:532] > total number of sequences: 9564453
[NeMo I 2026-02-12 02:07:07 utils:532] > total number of documents: 9564453
[NeMo I 2026-02-12 02:07:07 utils:532] Build and save the GPTDataset train indices
[NeMo I 2026-02-12 02:07:15 utils:532] > total number of samples: 9765624
[NeMo I 2026-02-12 02:07:15 utils:532] > total number of epochs: 1
[NeMo I 2026-02-12 02:07:15 nemo_logging:393] Use preset vocab_size: 50256, original vocab_size: 50256, dummy tokens: 0.
INFO: LOCAL_RANK: 0 - CUDA_VISIBLE_DEVICES: [0,1]
INFO:lightning.pytorch.accelerators.cuda:LOCAL_RANK: 0 - CUDA_VISIBLE_DEVICES: [0,1]
INFO: LOCAL_RANK: 1 - CUDA_VISIBLE_DEVICES: [0,1]
INFO:lightning.pytorch.accelerators.cuda:LOCAL_RANK: 1 - CUDA_VISIBLE_DEVICES: [0,1]
INFO: LOCAL_RANK: 0 - CUDA_VISIBLE_DEVICES: [0,1]
INFO:lightning.pytorch.accelerators.cuda:LOCAL_RANK: 0 - CUDA_VISIBLE_DEVICES: [0,1]
INFO: LOCAL_RANK: 1 - CUDA_VISIBLE_DEVICES: [0,1]
INFO:lightning.pytorch.accelerators.cuda:LOCAL_RANK: 1 - CUDA_VISIBLE_DEVICES: [0,1]
INFO: LOCAL_RANK: 0 - CUDA_VISIBLE_DEVICES: [0,1]
INFO:lightning.pytorch.accelerators.cuda:LOCAL_RANK: 0 - CUDA_VISIBLE_DEVICES: [0,1]
INFO: LOCAL_RANK: 0 - CUDA_VISIBLE_DEVICES: [0,1]
INFO:lightning.pytorch.accelerators.cuda:LOCAL_RANK: 0 - CUDA_VISIBLE_DEVICES: [0,1]
INFO: LOCAL_RANK: 1 - CUDA_VISIBLE_DEVICES: [0,1]
INFO:lightning.pytorch.accelerators.cuda:LOCAL_RANK: 1 - CUDA_VISIBLE_DEVICES: [0,1]
INFO: LOCAL_RANK: 1 - CUDA_VISIBLE_DEVICES: [0,1]
INFO: LOCAL_RANK: 0 - CUDA_VISIBLE_DEVICES: [0,1]
INFO:lightning.pytorch.accelerators.cuda:LOCAL_RANK: 1 - CUDA_VISIBLE_DEVICES: [0,1]
INFO:lightning.pytorch.accelerators.cuda:LOCAL_RANK: 0 - CUDA_VISIBLE_DEVICES: [0,1]
INFO: LOCAL_RANK: 1 - CUDA_VISIBLE_DEVICES: [0,1]
INFO:lightning.pytorch.accelerators.cuda:LOCAL_RANK: 1 - CUDA_VISIBLE_DEVICES: [0,1]
INFO: LOCAL_RANK: 1 - CUDA_VISIBLE_DEVICES: [0,1]
INFO:lightning.pytorch.accelerators.cuda:LOCAL_RANK: 1 - CUDA_VISIBLE_DEVICES: [0,1]
INFO: LOCAL_RANK: 0 - CUDA_VISIBLE_DEVICES: [0,1]
INFO:lightning.pytorch.accelerators.cuda:LOCAL_RANK: 0 - CUDA_VISIBLE_DEVICES: [0,1]
[NeMo I 2026-02-12 02:07:15 nemo_logging:393] Copying Trainer's 'max_steps' (200) to LR scheduler's 'max_steps'.
[NeMo I 2026-02-12 02:07:15 num_microbatches_calculator:228] setting number of microbatches to constant 8
[NeMo I 2026-02-12 02:07:15 nemo_logging:393]  > number of parameters on (tensor, pipeline) model parallel rank (0 ,0): 114132492
[NeMo I 2026-02-12 02:07:15 utils:532] Setting up DistributedDataParallel with config DistributedDataParallelConfig(grad_reduce_in_fp32=True, overlap_grad_reduce=True, overlap_param_gather=True, align_param_gather=False, use_distributed_optimizer=True, num_distributed_optimizer_instances=1, check_for_nan_in_grad=True, check_for_large_grads=False, bucket_size=40000000, pad_buckets_for_high_nccl_busbw=False, average_in_collective=True, fp8_param_gather=False, use_custom_fsdp=False, data_parallel_sharding_strategy='no_shard', gradient_reduce_div_fusion=True, suggested_communication_unit_size=None, preserve_fp32_weights=True, keep_fp8_transpose_cache_when_using_custom_fsdp=False)
[NeMo I 2026-02-12 02:07:15 utils:553] Number of buckets for gradient all-reduce / reduce-scatter: 2
    Params for bucket 1 (40128006 elements, 40128384 padded size):
    	module.decoder.layers.11.mlp.linear_fc1.weight
    	module.decoder.layers.9.self_attention.linear_proj.weight
    	module.decoder.layers.9.input_layernorm.bias
    	module.decoder.layers.8.input_layernorm.weight
    	module.decoder.layers.7.self_attention.core_attention.ssa_n_raw
    	module.decoder.layers.6.self_attention.linear_proj.weight
    	module.decoder.layers.11.self_attention.linear_proj.weight
    	module.decoder.layers.10.mlp.linear_fc1.weight
    	module.decoder.layers.10.self_attention.linear_qkv.weight
    	module.decoder.layers.9.self_attention.core_attention.ssa_n_raw
    	module.decoder.layers.8.pre_mlp_layernorm.bias
    	module.decoder.layers.7.pre_mlp_layernorm.bias
    	module.decoder.layers.7.input_layernorm.weight
    	module.decoder.layers.6.self_attention.core_attention.ssa_n_raw
    	module.decoder.final_layernorm.bias
    	module.decoder.layers.11.self_attention.core_attention.ssa_n_raw
    	module.decoder.layers.10.self_attention.linear_proj.weight
    	module.decoder.layers.10.input_layernorm.bias
    	module.decoder.layers.9.input_layernorm.weight
    	module.decoder.layers.8.mlp.linear_fc2.weight
    	module.decoder.layers.7.pre_mlp_layernorm.weight
    	module.decoder.layers.6.pre_mlp_layernorm.bias
    	module.decoder.layers.6.input_layernorm.weight
    	module.decoder.layers.11.mlp.linear_fc2.weight
    	module.decoder.layers.10.self_attention.core_attention.ssa_n_raw
    	module.decoder.layers.9.pre_mlp_layernorm.bias
    	module.decoder.layers.8.self_attention.linear_qkv.weight
    	module.decoder.layers.8.input_layernorm.bias
    	module.decoder.layers.7.mlp.linear_fc2.weight
    	module.decoder.layers.6.pre_mlp_layernorm.weight
    	module.decoder.final_layernorm.weight
    	module.decoder.layers.11.self_attention.linear_qkv.weight
    	module.decoder.layers.10.pre_mlp_layernorm.bias
    	module.decoder.layers.10.input_layernorm.weight
    	module.decoder.layers.9.mlp.linear_fc2.weight
    	module.decoder.layers.7.self_attention.linear_qkv.weight
    	module.decoder.layers.7.input_layernorm.bias
    	module.decoder.layers.6.mlp.linear_fc2.weight
    	module.decoder.layers.11.pre_mlp_layernorm.bias
    	module.decoder.layers.10.mlp.linear_fc2.weight
    	module.decoder.layers.9.pre_mlp_layernorm.weight
    	module.decoder.layers.8.mlp.linear_fc1.weight
    	module.decoder.layers.8.pre_mlp_layernorm.weight
    	module.decoder.layers.6.self_attention.linear_qkv.weight
    	module.decoder.layers.6.input_layernorm.bias
    	module.decoder.layers.5.mlp.linear_fc2.weight
    	module.decoder.layers.11.pre_mlp_layernorm.weight
    	module.decoder.layers.11.input_layernorm.bias
    	module.decoder.layers.11.input_layernorm.weight
    	module.decoder.layers.8.self_attention.linear_proj.weight
    	module.decoder.layers.7.mlp.linear_fc1.weight
    	module.decoder.layers.10.pre_mlp_layernorm.weight
    	module.decoder.layers.9.mlp.linear_fc1.weight
    	module.decoder.layers.9.self_attention.linear_qkv.weight
    	module.decoder.layers.8.self_attention.core_attention.ssa_n_raw
    	module.decoder.layers.7.self_attention.linear_proj.weight
    	module.decoder.layers.6.mlp.linear_fc1.weight
    Params for bucket 2 (74004486 elements, 74004864 padded size):
    	module.decoder.layers.5.mlp.linear_fc1.weight
    	module.decoder.layers.3.pre_mlp_layernorm.bias
    	module.decoder.layers.1.mlp.linear_fc2.weight
    	module.embedding.word_embeddings.weight
    	module.decoder.layers.5.self_attention.linear_proj.weight
    	module.decoder.layers.4.mlp.linear_fc1.weight
    	module.decoder.layers.3.pre_mlp_layernorm.weight
    	module.decoder.layers.2.mlp.linear_fc2.weight
    	module.decoder.layers.2.input_layernorm.weight
    	module.decoder.layers.1.self_attention.core_attention.ssa_n_raw
    	module.decoder.layers.0.pre_mlp_layernorm.weight
    	module.decoder.layers.5.self_attention.core_attention.ssa_n_raw
    	module.decoder.layers.4.self_attention.linear_proj.weight
    	module.decoder.layers.4.input_layernorm.bias
    	module.decoder.layers.2.pre_mlp_layernorm.bias
    	module.decoder.layers.1.self_attention.linear_proj.weight
    	module.decoder.layers.1.input_layernorm.bias
    	module.decoder.layers.5.pre_mlp_layernorm.bias
    	module.decoder.layers.5.input_layernorm.weight
    	module.decoder.layers.4.self_attention.core_attention.ssa_n_raw
    	module.decoder.layers.3.self_attention.linear_qkv.weight
    	module.decoder.layers.2.pre_mlp_layernorm.weight
    	module.decoder.layers.1.mlp.linear_fc1.weight
    	module.decoder.layers.0.pre_mlp_layernorm.bias
    	module.decoder.layers.0.self_attention.linear_qkv.weight
    	module.decoder.layers.5.pre_mlp_layernorm.weight
    	module.decoder.layers.4.pre_mlp_layernorm.bias
    	module.decoder.layers.4.input_layernorm.weight
    	module.decoder.layers.2.mlp.linear_fc1.weight
    	module.decoder.layers.0.mlp.linear_fc2.weight
    	module.decoder.layers.0.input_layernorm.weight
    	module.decoder.layers.4.pre_mlp_layernorm.weight
    	module.decoder.layers.3.mlp.linear_fc1.weight
    	module.decoder.layers.3.input_layernorm.bias
    	module.decoder.layers.3.input_layernorm.weight
    	module.decoder.layers.2.self_attention.core_attention.ssa_n_raw
    	module.decoder.layers.1.pre_mlp_layernorm.weight
    	module.decoder.layers.1.input_layernorm.weight
    	module.decoder.layers.0.self_attention.core_attention.ssa_n_raw
    	module.decoder.layers.5.self_attention.linear_qkv.weight
    	module.decoder.layers.5.input_layernorm.bias
    	module.decoder.layers.4.mlp.linear_fc2.weight
    	module.decoder.layers.3.self_attention.linear_proj.weight
    	module.decoder.layers.2.self_attention.linear_proj.weight
    	module.decoder.layers.2.input_layernorm.bias
    	module.decoder.layers.1.pre_mlp_layernorm.bias
    	module.decoder.layers.0.self_attention.linear_proj.weight
    	module.decoder.layers.4.self_attention.linear_qkv.weight
    	module.decoder.layers.3.mlp.linear_fc2.weight
    	module.decoder.layers.3.self_attention.core_attention.ssa_n_raw
    	module.decoder.layers.2.self_attention.linear_qkv.weight
    	module.decoder.layers.1.self_attention.linear_qkv.weight
    	module.decoder.layers.0.mlp.linear_fc1.weight
    	module.decoder.layers.0.input_layernorm.bias
[NeMo I 2026-02-12 02:07:15 utils:532] Setting up optimizer with config OptimizerConfig(optimizer='adam', lr=0.0003, min_lr=None, decoupled_lr=None, decoupled_min_lr=None, weight_decay=0.1, fp16=False, bf16=True, params_dtype=torch.bfloat16, use_precision_aware_optimizer=False, main_grads_dtype=torch.float32, main_params_dtype=torch.float32, exp_avg_dtype=torch.float32, exp_avg_sq_dtype=torch.float32, loss_scale=None, initial_loss_scale=4294967296, min_loss_scale=1.0, loss_scale_window=1000, hysteresis=2, adam_beta1=0.9, adam_beta2=0.95, adam_eps=1e-05, sgd_momentum=0.9, use_distributed_optimizer=True, overlap_param_gather_with_optimizer_step=False, optimizer_cpu_offload=False, optimizer_offload_fraction=0.0, use_torch_optimizer_for_cpu_offload=False, overlap_cpu_optimizer_d2h_h2d=False, pin_cpu_grads=True, pin_cpu_params=True, clip_grad=1.0, log_num_zeros_in_grad=False, barrier_with_L1_time=False, timers=None, config_logger_dir='')
INFO: 
  | Name   | Type | Params | Mode 
----------------------------------------
0 | module | DDP  | 114 M  | train
----------------------------------------
114 M     Trainable params
0         Non-trainable params
114 M     Total params
456.530   Total estimated model params size (MB)
203       Modules in train mode
0         Modules in eval mode
INFO:lightning.pytorch.callbacks.model_summary:
  | Name   | Type | Params | Mode 
----------------------------------------
0 | module | DDP  | 114 M  | train
----------------------------------------
114 M     Trainable params
0         Non-trainable params
114 M     Total params
456.530   Total estimated model params size (MB)
203       Modules in train mode
0         Modules in eval mode
INFO:root:Instantiating MegatronPretrainingSampler with total_samples: 9765624 and consumed_samples: 0
INFO:root:Instantiating MegatronPretrainingSampler with total_samples: 9765624 and consumed_samples: 0
INFO:root:Instantiating MegatronPretrainingSampler with total_samples: 9765624 and consumed_samples: 0
INFO:root:Instantiating MegatronPretrainingSampler with total_samples: 9765624 and consumed_samples: 0
INFO:root:Instantiating MegatronPretrainingSampler with total_samples: 9765624 and consumed_samples: 0
INFO:root:Instantiating MegatronPretrainingSampler with total_samples: 9765624 and consumed_samples: 0
INFO:root:Instantiating MegatronPretrainingSampler with total_samples: 9765624 and consumed_samples: 0
INFO:root:Instantiating MegatronPretrainingSampler with total_samples: 9765624 and consumed_samples: 0
INFO:root:Instantiating MegatronPretrainingSampler with total_samples: 9765624 and consumed_samples: 0
INFO:root:Instantiating MegatronPretrainingSampler with total_samples: 9765624 and consumed_samples: 0
INFO:root:Instantiating MegatronPretrainingSampler with total_samples: 9765624 and consumed_samples: 0
INFO:root:Instantiating MegatronPretrainingSampler with total_samples: 9765624 and consumed_samples: 0
[NeMo W 2026-02-12 02:08:00 rerun_state_machine:1264] Implicit initialization of Rerun State Machine!
[NeMo W 2026-02-12 02:08:00 rerun_state_machine:239] RerunStateMachine initialized in mode RerunMode.DISABLED
Training epoch 0, iteration 0/199 | lr: 5.988e-07 | global_batch_size: 768 | global_step: 0 | reduced_train_loss: 10.89
Training epoch 0, iteration 1/199 | lr: 1.198e-06 | global_batch_size: 768 | global_step: 1 | reduced_train_loss: 10.89 | consumed_samples: 1536
Training epoch 0, iteration 2/199 | lr: 1.796e-06 | global_batch_size: 768 | global_step: 2 | reduced_train_loss: 10.88 | consumed_samples: 2304
Training epoch 0, iteration 3/199 | lr: 2.395e-06 | global_batch_size: 768 | global_step: 3 | reduced_train_loss: 10.84 | consumed_samples: 3072
Training epoch 0, iteration 4/199 | lr: 2.994e-06 | global_batch_size: 768 | global_step: 4 | reduced_train_loss: 10.73 | consumed_samples: 3840
Training epoch 0, iteration 5/199 | lr: 3.593e-06 | global_batch_size: 768 | global_step: 5 | reduced_train_loss: 10.57 | consumed_samples: 4608
Training epoch 0, iteration 6/199 | lr: 4.192e-06 | global_batch_size: 768 | global_step: 6 | reduced_train_loss: 10.5 | consumed_samples: 5376
Training epoch 0, iteration 7/199 | lr: 4.79e-06 | global_batch_size: 768 | global_step: 7 | reduced_train_loss: 10.42 | consumed_samples: 6144
Training epoch 0, iteration 8/199 | lr: 5.389e-06 | global_batch_size: 768 | global_step: 8 | reduced_train_loss: 10.35 | consumed_samples: 6912
Training epoch 0, iteration 9/199 | lr: 5.988e-06 | global_batch_size: 768 | global_step: 9 | reduced_train_loss: 10.29 | consumed_samples: 7680
Training epoch 0, iteration 10/199 | lr: 6.587e-06 | global_batch_size: 768 | global_step: 10 | reduced_train_loss: 10.24 | consumed_samples: 8448
Training epoch 0, iteration 11/199 | lr: 7.186e-06 | global_batch_size: 768 | global_step: 11 | reduced_train_loss: 10.19 | consumed_samples: 9216
Training epoch 0, iteration 12/199 | lr: 7.784e-06 | global_batch_size: 768 | global_step: 12 | reduced_train_loss: 10.14 | consumed_samples: 9984
Training epoch 0, iteration 13/199 | lr: 8.383e-06 | global_batch_size: 768 | global_step: 13 | reduced_train_loss: 10.1 | consumed_samples: 10752
Training epoch 0, iteration 14/199 | lr: 8.982e-06 | global_batch_size: 768 | global_step: 14 | reduced_train_loss: 10.07 | consumed_samples: 11520
Training epoch 0, iteration 15/199 | lr: 9.581e-06 | global_batch_size: 768 | global_step: 15 | reduced_train_loss: 10.04 | consumed_samples: 12288
Training epoch 0, iteration 16/199 | lr: 1.018e-05 | global_batch_size: 768 | global_step: 16 | reduced_train_loss: 10.01 | consumed_samples: 13056
Training epoch 0, iteration 17/199 | lr: 1.078e-05 | global_batch_size: 768 | global_step: 17 | reduced_train_loss: 9.993 | consumed_samples: 13824
Training epoch 0, iteration 18/199 | lr: 1.138e-05 | global_batch_size: 768 | global_step: 18 | reduced_train_loss: 9.98 | consumed_samples: 14592
Training epoch 0, iteration 19/199 | lr: 1.198e-05 | global_batch_size: 768 | global_step: 19 | reduced_train_loss: 9.959 | consumed_samples: 15360
Training epoch 0, iteration 20/199 | lr: 1.257e-05 | global_batch_size: 768 | global_step: 20 | reduced_train_loss: 9.948 | consumed_samples: 16128
Training epoch 0, iteration 21/199 | lr: 1.317e-05 | global_batch_size: 768 | global_step: 21 | reduced_train_loss: 9.937 | consumed_samples: 16896
Training epoch 0, iteration 22/199 | lr: 1.377e-05 | global_batch_size: 768 | global_step: 22 | reduced_train_loss: 9.922 | consumed_samples: 17664
Training epoch 0, iteration 23/199 | lr: 1.437e-05 | global_batch_size: 768 | global_step: 23 | reduced_train_loss: 9.907 | consumed_samples: 18432
Training epoch 0, iteration 24/199 | lr: 1.497e-05 | global_batch_size: 768 | global_step: 24 | reduced_train_loss: 9.888 | consumed_samples: 19200
Training epoch 0, iteration 25/199 | lr: 1.557e-05 | global_batch_size: 768 | global_step: 25 | reduced_train_loss: 9.865 | consumed_samples: 19968
Training epoch 0, iteration 26/199 | lr: 1.617e-05 | global_batch_size: 768 | global_step: 26 | reduced_train_loss: 9.847 | consumed_samples: 20736
Training epoch 0, iteration 27/199 | lr: 1.677e-05 | global_batch_size: 768 | global_step: 27 | reduced_train_loss: 9.818 | consumed_samples: 21504
Training epoch 0, iteration 28/199 | lr: 1.737e-05 | global_batch_size: 768 | global_step: 28 | reduced_train_loss: 9.794 | consumed_samples: 22272
Training epoch 0, iteration 29/199 | lr: 1.796e-05 | global_batch_size: 768 | global_step: 29 | reduced_train_loss: 9.753 | consumed_samples: 23040
Training epoch 0, iteration 30/199 | lr: 1.856e-05 | global_batch_size: 768 | global_step: 30 | reduced_train_loss: 9.722 | consumed_samples: 23808
Training epoch 0, iteration 31/199 | lr: 1.916e-05 | global_batch_size: 768 | global_step: 31 | reduced_train_loss: 9.703 | consumed_samples: 24576
Training epoch 0, iteration 32/199 | lr: 1.976e-05 | global_batch_size: 768 | global_step: 32 | reduced_train_loss: 9.659 | consumed_samples: 25344
Training epoch 0, iteration 33/199 | lr: 2.036e-05 | global_batch_size: 768 | global_step: 33 | reduced_train_loss: 9.619 | consumed_samples: 26112
Training epoch 0, iteration 34/199 | lr: 2.096e-05 | global_batch_size: 768 | global_step: 34 | reduced_train_loss: 9.585 | consumed_samples: 26880
Training epoch 0, iteration 35/199 | lr: 2.156e-05 | global_batch_size: 768 | global_step: 35 | reduced_train_loss: 9.56 | consumed_samples: 27648
Training epoch 0, iteration 36/199 | lr: 2.216e-05 | global_batch_size: 768 | global_step: 36 | reduced_train_loss: 9.53 | consumed_samples: 28416
Training epoch 0, iteration 37/199 | lr: 2.275e-05 | global_batch_size: 768 | global_step: 37 | reduced_train_loss: 9.5 | consumed_samples: 29184
Training epoch 0, iteration 38/199 | lr: 2.335e-05 | global_batch_size: 768 | global_step: 38 | reduced_train_loss: 9.453 | consumed_samples: 29952
Training epoch 0, iteration 39/199 | lr: 2.395e-05 | global_batch_size: 768 | global_step: 39 | reduced_train_loss: 9.438 | consumed_samples: 30720
Training epoch 0, iteration 40/199 | lr: 2.455e-05 | global_batch_size: 768 | global_step: 40 | reduced_train_loss: 9.405 | consumed_samples: 31488
Training epoch 0, iteration 41/199 | lr: 2.515e-05 | global_batch_size: 768 | global_step: 41 | reduced_train_loss: 9.391 | consumed_samples: 32256
Training epoch 0, iteration 42/199 | lr: 2.575e-05 | global_batch_size: 768 | global_step: 42 | reduced_train_loss: 9.357 | consumed_samples: 33024
Training epoch 0, iteration 43/199 | lr: 2.635e-05 | global_batch_size: 768 | global_step: 43 | reduced_train_loss: 9.327 | consumed_samples: 33792
Training epoch 0, iteration 44/199 | lr: 2.695e-05 | global_batch_size: 768 | global_step: 44 | reduced_train_loss: 9.312 | consumed_samples: 34560
Training epoch 0, iteration 45/199 | lr: 2.754e-05 | global_batch_size: 768 | global_step: 45 | reduced_train_loss: 9.273 | consumed_samples: 35328
Training epoch 0, iteration 46/199 | lr: 2.814e-05 | global_batch_size: 768 | global_step: 46 | reduced_train_loss: 9.264 | consumed_samples: 36096
Training epoch 0, iteration 47/199 | lr: 2.874e-05 | global_batch_size: 768 | global_step: 47 | reduced_train_loss: 9.225 | consumed_samples: 36864
Training epoch 0, iteration 48/199 | lr: 2.934e-05 | global_batch_size: 768 | global_step: 48 | reduced_train_loss: 9.217 | consumed_samples: 37632
Training epoch 0, iteration 49/199 | lr: 2.994e-05 | global_batch_size: 768 | global_step: 49 | reduced_train_loss: 9.194 | consumed_samples: 38400
Training epoch 0, iteration 50/199 | lr: 3.054e-05 | global_batch_size: 768 | global_step: 50 | reduced_train_loss: 9.167 | consumed_samples: 39168
Training epoch 0, iteration 51/199 | lr: 3.114e-05 | global_batch_size: 768 | global_step: 51 | reduced_train_loss: 9.153 | consumed_samples: 39936
Training epoch 0, iteration 52/199 | lr: 3.174e-05 | global_batch_size: 768 | global_step: 52 | reduced_train_loss: 9.122 | consumed_samples: 40704
Training epoch 0, iteration 53/199 | lr: 3.234e-05 | global_batch_size: 768 | global_step: 53 | reduced_train_loss: 9.113 | consumed_samples: 41472
Training epoch 0, iteration 54/199 | lr: 3.293e-05 | global_batch_size: 768 | global_step: 54 | reduced_train_loss: 9.084 | consumed_samples: 42240
Training epoch 0, iteration 55/199 | lr: 3.353e-05 | global_batch_size: 768 | global_step: 55 | reduced_train_loss: 9.056 | consumed_samples: 43008
Training epoch 0, iteration 56/199 | lr: 3.413e-05 | global_batch_size: 768 | global_step: 56 | reduced_train_loss: 9.045 | consumed_samples: 43776
Training epoch 0, iteration 57/199 | lr: 3.473e-05 | global_batch_size: 768 | global_step: 57 | reduced_train_loss: 8.998 | consumed_samples: 44544
Training epoch 0, iteration 58/199 | lr: 3.533e-05 | global_batch_size: 768 | global_step: 58 | reduced_train_loss: 8.99 | consumed_samples: 45312
Training epoch 0, iteration 59/199 | lr: 3.593e-05 | global_batch_size: 768 | global_step: 59 | reduced_train_loss: 8.946 | consumed_samples: 46080
Training epoch 0, iteration 60/199 | lr: 3.653e-05 | global_batch_size: 768 | global_step: 60 | reduced_train_loss: 8.925 | consumed_samples: 46848
Training epoch 0, iteration 61/199 | lr: 3.713e-05 | global_batch_size: 768 | global_step: 61 | reduced_train_loss: 8.908 | consumed_samples: 47616
Training epoch 0, iteration 62/199 | lr: 3.772e-05 | global_batch_size: 768 | global_step: 62 | reduced_train_loss: 8.895 | consumed_samples: 48384
Training epoch 0, iteration 63/199 | lr: 3.832e-05 | global_batch_size: 768 | global_step: 63 | reduced_train_loss: 8.863 | consumed_samples: 49152
Training epoch 0, iteration 64/199 | lr: 3.892e-05 | global_batch_size: 768 | global_step: 64 | reduced_train_loss: 8.844 | consumed_samples: 49920
Training epoch 0, iteration 65/199 | lr: 3.952e-05 | global_batch_size: 768 | global_step: 65 | reduced_train_loss: 8.813 | consumed_samples: 50688
Training epoch 0, iteration 66/199 | lr: 4.012e-05 | global_batch_size: 768 | global_step: 66 | reduced_train_loss: 8.801 | consumed_samples: 51456
Training epoch 0, iteration 67/199 | lr: 4.072e-05 | global_batch_size: 768 | global_step: 67 | reduced_train_loss: 8.767 | consumed_samples: 52224
Training epoch 0, iteration 68/199 | lr: 4.132e-05 | global_batch_size: 768 | global_step: 68 | reduced_train_loss: 8.732 | consumed_samples: 52992
Training epoch 0, iteration 69/199 | lr: 4.192e-05 | global_batch_size: 768 | global_step: 69 | reduced_train_loss: 8.714 | consumed_samples: 53760
Training epoch 0, iteration 70/199 | lr: 4.251e-05 | global_batch_size: 768 | global_step: 70 | reduced_train_loss: 8.686 | consumed_samples: 54528
Training epoch 0, iteration 71/199 | lr: 4.311e-05 | global_batch_size: 768 | global_step: 71 | reduced_train_loss: 8.649 | consumed_samples: 55296
Training epoch 0, iteration 72/199 | lr: 4.371e-05 | global_batch_size: 768 | global_step: 72 | reduced_train_loss: 8.631 | consumed_samples: 56064
Training epoch 0, iteration 73/199 | lr: 4.431e-05 | global_batch_size: 768 | global_step: 73 | reduced_train_loss: 8.618 | consumed_samples: 56832
Training epoch 0, iteration 74/199 | lr: 4.491e-05 | global_batch_size: 768 | global_step: 74 | reduced_train_loss: 8.592 | consumed_samples: 57600
Training epoch 0, iteration 75/199 | lr: 4.551e-05 | global_batch_size: 768 | global_step: 75 | reduced_train_loss: 8.572 | consumed_samples: 58368
Training epoch 0, iteration 76/199 | lr: 4.611e-05 | global_batch_size: 768 | global_step: 76 | reduced_train_loss: 8.53 | consumed_samples: 59136
Training epoch 0, iteration 77/199 | lr: 4.671e-05 | global_batch_size: 768 | global_step: 77 | reduced_train_loss: 8.498 | consumed_samples: 59904
Training epoch 0, iteration 78/199 | lr: 4.731e-05 | global_batch_size: 768 | global_step: 78 | reduced_train_loss: 8.477 | consumed_samples: 60672
Training epoch 0, iteration 79/199 | lr: 4.79e-05 | global_batch_size: 768 | global_step: 79 | reduced_train_loss: 8.44 | consumed_samples: 61440
Training epoch 0, iteration 80/199 | lr: 4.85e-05 | global_batch_size: 768 | global_step: 80 | reduced_train_loss: 8.415 | consumed_samples: 62208
Training epoch 0, iteration 81/199 | lr: 4.91e-05 | global_batch_size: 768 | global_step: 81 | reduced_train_loss: 8.399 | consumed_samples: 62976
Training epoch 0, iteration 82/199 | lr: 4.97e-05 | global_batch_size: 768 | global_step: 82 | reduced_train_loss: 8.365 | consumed_samples: 63744
Training epoch 0, iteration 83/199 | lr: 5.03e-05 | global_batch_size: 768 | global_step: 83 | reduced_train_loss: 8.344 | consumed_samples: 64512
Training epoch 0, iteration 84/199 | lr: 5.09e-05 | global_batch_size: 768 | global_step: 84 | reduced_train_loss: 8.316 | consumed_samples: 65280
Training epoch 0, iteration 85/199 | lr: 5.15e-05 | global_batch_size: 768 | global_step: 85 | reduced_train_loss: 8.279 | consumed_samples: 66048
Training epoch 0, iteration 86/199 | lr: 5.21e-05 | global_batch_size: 768 | global_step: 86 | reduced_train_loss: 8.267 | consumed_samples: 66816
Training epoch 0, iteration 87/199 | lr: 5.269e-05 | global_batch_size: 768 | global_step: 87 | reduced_train_loss: 8.232 | consumed_samples: 67584
Training epoch 0, iteration 88/199 | lr: 5.329e-05 | global_batch_size: 768 | global_step: 88 | reduced_train_loss: 8.2 | consumed_samples: 68352
Training epoch 0, iteration 89/199 | lr: 5.389e-05 | global_batch_size: 768 | global_step: 89 | reduced_train_loss: 8.181 | consumed_samples: 69120
Training epoch 0, iteration 90/199 | lr: 5.449e-05 | global_batch_size: 768 | global_step: 90 | reduced_train_loss: 8.15 | consumed_samples: 69888
Training epoch 0, iteration 91/199 | lr: 5.509e-05 | global_batch_size: 768 | global_step: 91 | reduced_train_loss: 8.126 | consumed_samples: 70656
Training epoch 0, iteration 92/199 | lr: 5.569e-05 | global_batch_size: 768 | global_step: 92 | reduced_train_loss: 8.097 | consumed_samples: 71424
Training epoch 0, iteration 93/199 | lr: 5.629e-05 | global_batch_size: 768 | global_step: 93 | reduced_train_loss: 8.065 | consumed_samples: 72192
Training epoch 0, iteration 94/199 | lr: 5.689e-05 | global_batch_size: 768 | global_step: 94 | reduced_train_loss: 8.042 | consumed_samples: 72960
Training epoch 0, iteration 95/199 | lr: 5.749e-05 | global_batch_size: 768 | global_step: 95 | reduced_train_loss: 8.006 | consumed_samples: 73728
Training epoch 0, iteration 96/199 | lr: 5.808e-05 | global_batch_size: 768 | global_step: 96 | reduced_train_loss: 7.989 | consumed_samples: 74496
Training epoch 0, iteration 97/199 | lr: 5.868e-05 | global_batch_size: 768 | global_step: 97 | reduced_train_loss: 7.964 | consumed_samples: 75264
Training epoch 0, iteration 98/199 | lr: 5.928e-05 | global_batch_size: 768 | global_step: 98 | reduced_train_loss: 7.927 | consumed_samples: 76032
[NeMo I 2026-02-12 02:13:26 nemo_logging:393] Running garbage collection at train global_step: 100
Training epoch 0, iteration 99/199 | lr: 5.988e-05 | global_batch_size: 768 | global_step: 99 | reduced_train_loss: 7.916 | consumed_samples: 76800
Training epoch 0, iteration 100/199 | lr: 6.048e-05 | global_batch_size: 768 | global_step: 100 | reduced_train_loss: 7.868 | consumed_samples: 77568
Training epoch 0, iteration 101/199 | lr: 6.108e-05 | global_batch_size: 768 | global_step: 101 | reduced_train_loss: 7.847 | consumed_samples: 78336
Training epoch 0, iteration 102/199 | lr: 6.168e-05 | global_batch_size: 768 | global_step: 102 | reduced_train_loss: 7.825 | consumed_samples: 79104
Training epoch 0, iteration 103/199 | lr: 6.228e-05 | global_batch_size: 768 | global_step: 103 | reduced_train_loss: 7.777 | consumed_samples: 79872
Training epoch 0, iteration 104/199 | lr: 6.287e-05 | global_batch_size: 768 | global_step: 104 | reduced_train_loss: 7.755 | consumed_samples: 80640
Training epoch 0, iteration 105/199 | lr: 6.347e-05 | global_batch_size: 768 | global_step: 105 | reduced_train_loss: 7.737 | consumed_samples: 81408
Training epoch 0, iteration 106/199 | lr: 6.407e-05 | global_batch_size: 768 | global_step: 106 | reduced_train_loss: 7.699 | consumed_samples: 82176
Training epoch 0, iteration 107/199 | lr: 6.467e-05 | global_batch_size: 768 | global_step: 107 | reduced_train_loss: 7.686 | consumed_samples: 82944
Training epoch 0, iteration 108/199 | lr: 6.527e-05 | global_batch_size: 768 | global_step: 108 | reduced_train_loss: 7.659 | consumed_samples: 83712
Training epoch 0, iteration 109/199 | lr: 6.587e-05 | global_batch_size: 768 | global_step: 109 | reduced_train_loss: 7.639 | consumed_samples: 84480
Training epoch 0, iteration 110/199 | lr: 6.647e-05 | global_batch_size: 768 | global_step: 110 | reduced_train_loss: 7.61 | consumed_samples: 85248
Training epoch 0, iteration 111/199 | lr: 6.707e-05 | global_batch_size: 768 | global_step: 111 | reduced_train_loss: 7.592 | consumed_samples: 86016
Training epoch 0, iteration 112/199 | lr: 6.766e-05 | global_batch_size: 768 | global_step: 112 | reduced_train_loss: 7.553 | consumed_samples: 86784
Training epoch 0, iteration 113/199 | lr: 6.826e-05 | global_batch_size: 768 | global_step: 113 | reduced_train_loss: 7.541 | consumed_samples: 87552
Training epoch 0, iteration 114/199 | lr: 6.886e-05 | global_batch_size: 768 | global_step: 114 | reduced_train_loss: 7.503 | consumed_samples: 88320
Training epoch 0, iteration 115/199 | lr: 6.946e-05 | global_batch_size: 768 | global_step: 115 | reduced_train_loss: 7.484 | consumed_samples: 89088
Training epoch 0, iteration 116/199 | lr: 7.006e-05 | global_batch_size: 768 | global_step: 116 | reduced_train_loss: 7.447 | consumed_samples: 89856
Training epoch 0, iteration 117/199 | lr: 7.066e-05 | global_batch_size: 768 | global_step: 117 | reduced_train_loss: 7.437 | consumed_samples: 90624
Training epoch 0, iteration 118/199 | lr: 7.126e-05 | global_batch_size: 768 | global_step: 118 | reduced_train_loss: 7.411 | consumed_samples: 91392
Training epoch 0, iteration 119/199 | lr: 7.186e-05 | global_batch_size: 768 | global_step: 119 | reduced_train_loss: 7.385 | consumed_samples: 92160
Training epoch 0, iteration 120/199 | lr: 7.246e-05 | global_batch_size: 768 | global_step: 120 | reduced_train_loss: 7.363 | consumed_samples: 92928
Training epoch 0, iteration 121/199 | lr: 7.305e-05 | global_batch_size: 768 | global_step: 121 | reduced_train_loss: 7.342 | consumed_samples: 93696
Training epoch 0, iteration 122/199 | lr: 7.365e-05 | global_batch_size: 768 | global_step: 122 | reduced_train_loss: 7.333 | consumed_samples: 94464
Training epoch 0, iteration 123/199 | lr: 7.425e-05 | global_batch_size: 768 | global_step: 123 | reduced_train_loss: 7.279 | consumed_samples: 95232
Training epoch 0, iteration 124/199 | lr: 7.485e-05 | global_batch_size: 768 | global_step: 124 | reduced_train_loss: 7.293 | consumed_samples: 96000
Training epoch 0, iteration 125/199 | lr: 7.545e-05 | global_batch_size: 768 | global_step: 125 | reduced_train_loss: 7.255 | consumed_samples: 96768
Training epoch 0, iteration 126/199 | lr: 7.605e-05 | global_batch_size: 768 | global_step: 126 | reduced_train_loss: 7.229 | consumed_samples: 97536
Training epoch 0, iteration 127/199 | lr: 7.665e-05 | global_batch_size: 768 | global_step: 127 | reduced_train_loss: 7.201 | consumed_samples: 98304
Training epoch 0, iteration 128/199 | lr: 7.725e-05 | global_batch_size: 768 | global_step: 128 | reduced_train_loss: 7.18 | consumed_samples: 99072
Training epoch 0, iteration 129/199 | lr: 7.784e-05 | global_batch_size: 768 | global_step: 129 | reduced_train_loss: 7.151 | consumed_samples: 99840
Training epoch 0, iteration 130/199 | lr: 7.844e-05 | global_batch_size: 768 | global_step: 130 | reduced_train_loss: 7.135 | consumed_samples: 100608
Training epoch 0, iteration 131/199 | lr: 7.904e-05 | global_batch_size: 768 | global_step: 131 | reduced_train_loss: 7.142 | consumed_samples: 101376
Training epoch 0, iteration 132/199 | lr: 7.964e-05 | global_batch_size: 768 | global_step: 132 | reduced_train_loss: 7.095 | consumed_samples: 102144
Training epoch 0, iteration 133/199 | lr: 8.024e-05 | global_batch_size: 768 | global_step: 133 | reduced_train_loss: 7.09 | consumed_samples: 102912
Training epoch 0, iteration 134/199 | lr: 8.084e-05 | global_batch_size: 768 | global_step: 134 | reduced_train_loss: 7.065 | consumed_samples: 103680
Training epoch 0, iteration 135/199 | lr: 8.144e-05 | global_batch_size: 768 | global_step: 135 | reduced_train_loss: 7.051 | consumed_samples: 104448
Training epoch 0, iteration 136/199 | lr: 8.204e-05 | global_batch_size: 768 | global_step: 136 | reduced_train_loss: 7.049 | consumed_samples: 105216
Training epoch 0, iteration 137/199 | lr: 8.263e-05 | global_batch_size: 768 | global_step: 137 | reduced_train_loss: 7.011 | consumed_samples: 105984
Training epoch 0, iteration 138/199 | lr: 8.323e-05 | global_batch_size: 768 | global_step: 138 | reduced_train_loss: 7.011 | consumed_samples: 106752
Training epoch 0, iteration 139/199 | lr: 8.383e-05 | global_batch_size: 768 | global_step: 139 | reduced_train_loss: 6.967 | consumed_samples: 107520
Training epoch 0, iteration 140/199 | lr: 8.443e-05 | global_batch_size: 768 | global_step: 140 | reduced_train_loss: 6.964 | consumed_samples: 108288
Training epoch 0, iteration 141/199 | lr: 8.503e-05 | global_batch_size: 768 | global_step: 141 | reduced_train_loss: 6.965 | consumed_samples: 109056
Training epoch 0, iteration 142/199 | lr: 8.563e-05 | global_batch_size: 768 | global_step: 142 | reduced_train_loss: 6.95 | consumed_samples: 109824
Training epoch 0, iteration 143/199 | lr: 8.623e-05 | global_batch_size: 768 | global_step: 143 | reduced_train_loss: 6.933 | consumed_samples: 110592
Training epoch 0, iteration 144/199 | lr: 8.683e-05 | global_batch_size: 768 | global_step: 144 | reduced_train_loss: 6.916 | consumed_samples: 111360
Training epoch 0, iteration 145/199 | lr: 8.743e-05 | global_batch_size: 768 | global_step: 145 | reduced_train_loss: 6.901 | consumed_samples: 112128
Training epoch 0, iteration 146/199 | lr: 8.802e-05 | global_batch_size: 768 | global_step: 146 | reduced_train_loss: 6.879 | consumed_samples: 112896
Training epoch 0, iteration 147/199 | lr: 8.862e-05 | global_batch_size: 768 | global_step: 147 | reduced_train_loss: 6.843 | consumed_samples: 113664
Training epoch 0, iteration 148/199 | lr: 8.922e-05 | global_batch_size: 768 | global_step: 148 | reduced_train_loss: 6.872 | consumed_samples: 114432
Training epoch 0, iteration 149/199 | lr: 8.982e-05 | global_batch_size: 768 | global_step: 149 | reduced_train_loss: 6.836 | consumed_samples: 115200
Training epoch 0, iteration 150/199 | lr: 9.042e-05 | global_batch_size: 768 | global_step: 150 | reduced_train_loss: 6.833 | consumed_samples: 115968
Training epoch 0, iteration 151/199 | lr: 9.102e-05 | global_batch_size: 768 | global_step: 151 | reduced_train_loss: 6.837 | consumed_samples: 116736
Training epoch 0, iteration 152/199 | lr: 9.162e-05 | global_batch_size: 768 | global_step: 152 | reduced_train_loss: 6.796 | consumed_samples: 117504
Training epoch 0, iteration 153/199 | lr: 9.222e-05 | global_batch_size: 768 | global_step: 153 | reduced_train_loss: 6.787 | consumed_samples: 118272
Training epoch 0, iteration 154/199 | lr: 9.281e-05 | global_batch_size: 768 | global_step: 154 | reduced_train_loss: 6.788 | consumed_samples: 119040
Training epoch 0, iteration 155/199 | lr: 9.341e-05 | global_batch_size: 768 | global_step: 155 | reduced_train_loss: 6.778 | consumed_samples: 119808
Training epoch 0, iteration 156/199 | lr: 9.401e-05 | global_batch_size: 768 | global_step: 156 | reduced_train_loss: 6.772 | consumed_samples: 120576
Training epoch 0, iteration 157/199 | lr: 9.461e-05 | global_batch_size: 768 | global_step: 157 | reduced_train_loss: 6.755 | consumed_samples: 121344
Training epoch 0, iteration 158/199 | lr: 9.521e-05 | global_batch_size: 768 | global_step: 158 | reduced_train_loss: 6.755 | consumed_samples: 122112
Training epoch 0, iteration 159/199 | lr: 9.581e-05 | global_batch_size: 768 | global_step: 159 | reduced_train_loss: 6.719 | consumed_samples: 122880
Training epoch 0, iteration 160/199 | lr: 9.641e-05 | global_batch_size: 768 | global_step: 160 | reduced_train_loss: 6.729 | consumed_samples: 123648
Training epoch 0, iteration 161/199 | lr: 9.701e-05 | global_batch_size: 768 | global_step: 161 | reduced_train_loss: 6.707 | consumed_samples: 124416
Training epoch 0, iteration 162/199 | lr: 9.76e-05 | global_batch_size: 768 | global_step: 162 | reduced_train_loss: 6.679 | consumed_samples: 125184
Training epoch 0, iteration 163/199 | lr: 9.82e-05 | global_batch_size: 768 | global_step: 163 | reduced_train_loss: 6.68 | consumed_samples: 125952
Training epoch 0, iteration 164/199 | lr: 9.88e-05 | global_batch_size: 768 | global_step: 164 | reduced_train_loss: 6.684 | consumed_samples: 126720
Training epoch 0, iteration 165/199 | lr: 9.94e-05 | global_batch_size: 768 | global_step: 165 | reduced_train_loss: 6.692 | consumed_samples: 127488
Training epoch 0, iteration 166/199 | lr: 0.0001 | global_batch_size: 768 | global_step: 166 | reduced_train_loss: 6.63 | consumed_samples: 128256
Training epoch 0, iteration 167/199 | lr: 0.0001006 | global_batch_size: 768 | global_step: 167 | reduced_train_loss: 6.641 | consumed_samples: 129024
Training epoch 0, iteration 168/199 | lr: 0.0001012 | global_batch_size: 768 | global_step: 168 | reduced_train_loss: 6.652 | consumed_samples: 129792
Training epoch 0, iteration 169/199 | lr: 0.0001018 | global_batch_size: 768 | global_step: 169 | reduced_train_loss: 6.619 | consumed_samples: 130560
Training epoch 0, iteration 170/199 | lr: 0.0001024 | global_batch_size: 768 | global_step: 170 | reduced_train_loss: 6.628 | consumed_samples: 131328
Training epoch 0, iteration 171/199 | lr: 0.000103 | global_batch_size: 768 | global_step: 171 | reduced_train_loss: 6.612 | consumed_samples: 132096
Training epoch 0, iteration 172/199 | lr: 0.0001036 | global_batch_size: 768 | global_step: 172 | reduced_train_loss: 6.6 | consumed_samples: 132864
Training epoch 0, iteration 173/199 | lr: 0.0001042 | global_batch_size: 768 | global_step: 173 | reduced_train_loss: 6.622 | consumed_samples: 133632
Training epoch 0, iteration 174/199 | lr: 0.0001048 | global_batch_size: 768 | global_step: 174 | reduced_train_loss: 6.579 | consumed_samples: 134400
Training epoch 0, iteration 175/199 | lr: 0.0001054 | global_batch_size: 768 | global_step: 175 | reduced_train_loss: 6.554 | consumed_samples: 135168
Training epoch 0, iteration 176/199 | lr: 0.000106 | global_batch_size: 768 | global_step: 176 | reduced_train_loss: 6.589 | consumed_samples: 135936
Training epoch 0, iteration 177/199 | lr: 0.0001066 | global_batch_size: 768 | global_step: 177 | reduced_train_loss: 6.575 | consumed_samples: 136704
Training epoch 0, iteration 178/199 | lr: 0.0001072 | global_batch_size: 768 | global_step: 178 | reduced_train_loss: 6.565 | consumed_samples: 137472
Training epoch 0, iteration 179/199 | lr: 0.0001078 | global_batch_size: 768 | global_step: 179 | reduced_train_loss: 6.551 | consumed_samples: 138240
Training epoch 0, iteration 180/199 | lr: 0.0001084 | global_batch_size: 768 | global_step: 180 | reduced_train_loss: 6.529 | consumed_samples: 139008
Training epoch 0, iteration 181/199 | lr: 0.000109 | global_batch_size: 768 | global_step: 181 | reduced_train_loss: 6.532 | consumed_samples: 139776
Training epoch 0, iteration 182/199 | lr: 0.0001096 | global_batch_size: 768 | global_step: 182 | reduced_train_loss: 6.519 | consumed_samples: 140544
Training epoch 0, iteration 183/199 | lr: 0.0001102 | global_batch_size: 768 | global_step: 183 | reduced_train_loss: 6.543 | consumed_samples: 141312
Training epoch 0, iteration 184/199 | lr: 0.0001108 | global_batch_size: 768 | global_step: 184 | reduced_train_loss: 6.511 | consumed_samples: 142080
Training epoch 0, iteration 185/199 | lr: 0.0001114 | global_batch_size: 768 | global_step: 185 | reduced_train_loss: 6.515 | consumed_samples: 142848
Training epoch 0, iteration 186/199 | lr: 0.000112 | global_batch_size: 768 | global_step: 186 | reduced_train_loss: 6.506 | consumed_samples: 143616
Training epoch 0, iteration 187/199 | lr: 0.0001126 | global_batch_size: 768 | global_step: 187 | reduced_train_loss: 6.481 | consumed_samples: 144384
Training epoch 0, iteration 188/199 | lr: 0.0001132 | global_batch_size: 768 | global_step: 188 | reduced_train_loss: 6.481 | consumed_samples: 145152
Training epoch 0, iteration 189/199 | lr: 0.0001138 | global_batch_size: 768 | global_step: 189 | reduced_train_loss: 6.508 | consumed_samples: 145920
Training epoch 0, iteration 190/199 | lr: 0.0001144 | global_batch_size: 768 | global_step: 190 | reduced_train_loss: 6.483 | consumed_samples: 146688
Training epoch 0, iteration 191/199 | lr: 0.000115 | global_batch_size: 768 | global_step: 191 | reduced_train_loss: 6.474 | consumed_samples: 147456
Training epoch 0, iteration 192/199 | lr: 0.0001156 | global_batch_size: 768 | global_step: 192 | reduced_train_loss: 6.453 | consumed_samples: 148224
Training epoch 0, iteration 193/199 | lr: 0.0001162 | global_batch_size: 768 | global_step: 193 | reduced_train_loss: 6.474 | consumed_samples: 148992
Training epoch 0, iteration 194/199 | lr: 0.0001168 | global_batch_size: 768 | global_step: 194 | reduced_train_loss: 6.441 | consumed_samples: 149760
Training epoch 0, iteration 195/199 | lr: 0.0001174 | global_batch_size: 768 | global_step: 195 | reduced_train_loss: 6.457 | consumed_samples: 150528
Training epoch 0, iteration 196/199 | lr: 0.000118 | global_batch_size: 768 | global_step: 196 | reduced_train_loss: 6.43 | consumed_samples: 151296
Training epoch 0, iteration 197/199 | lr: 0.0001186 | global_batch_size: 768 | global_step: 197 | reduced_train_loss: 6.431 | consumed_samples: 152064
Training epoch 0, iteration 198/199 | lr: 0.0001192 | global_batch_size: 768 | global_step: 198 | reduced_train_loss: 6.442 | consumed_samples: 152832
[NeMo I 2026-02-12 02:18:58 nemo_logging:393] Running garbage collection at train global_step: 200
Training epoch 0, iteration 199/199 | lr: 0.0001198 | global_batch_size: 768 | global_step: 199 | reduced_train_loss: 6.415 | consumed_samples: 153600
INFO: Epoch 0, global step 199: 'step' reached 199.00000 (best 199.00000), saving model to '/tmpdir/m24047brmn/nemo_1b/output/baby_luciole-ssa-triton-v4/checkpoints/baby_luciole-ssa-triton-v4-step=0000199.ckpt' as top 1
INFO:lightning.pytorch.utilities.rank_zero:Epoch 0, global step 199: 'step' reached 199.00000 (best 199.00000), saving model to '/tmpdir/m24047brmn/nemo_1b/output/baby_luciole-ssa-triton-v4/checkpoints/baby_luciole-ssa-triton-v4-step=0000199.ckpt' as top 1
[NeMo I 2026-02-12 02:18:59 nemo_logging:393] Using FullyParallelSaveStrategyWrapper(torch_dist, 1) dist-ckpt save strategy.
[NeMo W 2026-02-12 02:19:01 validation:389] There is difference in the common state dict in different ranks. The differences are {6: ([('optimizer', 0, 'optimizer', 'param_groups', 1, 'step')], [], [])}
[NeMo I 2026-02-12 02:19:19 nemo_logging:393] Global Checkpoint Save : Rank: 0 : Iteration: 199 : Start time: 1770859139.949s : Save duration: 19.465s
[NeMo I 2026-02-12 02:19:19 nemo_logging:393] Scheduled async checkpoint save for /tmpdir/m24047brmn/nemo_1b/output/baby_luciole-ssa-triton-v4/checkpoints/baby_luciole-ssa-triton-v4-step=0000199.ckpt
[NeMo W 2026-02-12 02:19:20 validation:389] There is difference in the common state dict in different ranks. The differences are {6: ([('optimizer', 0, 'optimizer', 'param_groups', 1, 'step')], [], [])}
[NeMo I 2026-02-12 02:19:20 nemo_logging:393] Global Checkpoint Save : Rank: 0 : Iteration: 199 : Start time: 1770859160.328s : Save duration: 0.608s
[NeMo I 2026-02-12 02:19:21 nemo_logging:393] Scheduled async checkpoint save for /tmpdir/m24047brmn/nemo_1b/output/baby_luciole-ssa-triton-v4/checkpoints/baby_luciole-ssa-triton-v4-step=0000199-last.ckpt
[NeMo I 2026-02-12 02:19:21 nemo_logging:393] Successfully saved checkpoint from iteration     199 to /tmpdir/m24047brmn/nemo_1b/output/baby_luciole-ssa-triton-v4/checkpoints/baby_luciole-ssa-triton-v4-step=0000199.ckpt
[NeMo I 2026-02-12 02:19:22 nemo_logging:393] Async checkpoint save for step 200 (/tmpdir/m24047brmn/nemo_1b/output/baby_luciole-ssa-triton-v4/checkpoints/baby_luciole-ssa-triton-v4-step=0000199.ckpt) finalized successfully.
[NeMo I 2026-02-12 02:19:22 nemo_logging:393] Successfully saved checkpoint from iteration     199 to /tmpdir/m24047brmn/nemo_1b/output/baby_luciole-ssa-triton-v4/checkpoints/baby_luciole-ssa-triton-v4-step=0000199-last.ckpt
[NeMo I 2026-02-12 02:19:22 nemo_logging:393] Async checkpoint save for step 200 (/tmpdir/m24047brmn/nemo_1b/output/baby_luciole-ssa-triton-v4/checkpoints/baby_luciole-ssa-triton-v4-step=0000199-last.ckpt) finalized successfully.
[NeMo I 2026-02-12 02:19:22 nemo_logging:393] Async finalization time took 1.158 s
INFO:__main__:Finished SSA Triton training run in 739.0 seconds.
INFO: `Trainer.fit` stopped: `max_steps=200` reached.
INFO:lightning.pytorch.utilities.rank_zero:`Trainer.fit` stopped: `max_steps=200` reached.
INFO:__main__:Finished SSA Triton training run in 738.9 seconds.
INFO:__main__:Finished SSA Triton training run in 739.0 seconds.
INFO:__main__:Finished SSA Triton training run in 738.7 seconds.
INFO:__main__:Finished SSA Triton training run in 738.9 seconds.
INFO:__main__:Finished SSA Triton training run in 738.7 seconds.
INFO:__main__:Finished SSA Triton training run in 739.0 seconds.
INFO:__main__:Finished SSA Triton training run in 739.1 seconds.
INFO:__main__:Finished SSA Triton training run in 738.7 seconds.
INFO:__main__:Finished SSA Triton training run in 739.0 seconds.
INFO:__main__:Finished SSA Triton training run in 738.8 seconds.
INFO:__main__:Finished SSA Triton training run in 739.1 seconds.
[W212 02:19:32.229979052 TCPStore.cpp:115] [c10d] recvVector failed on SocketImpl(fd=3, addr=[turpancomp5]:47052, remote=[turpancomp0]:36894): failed to recv, got 0 bytes
Exception raised from recvBytes at /opt/pytorch/pytorch/torch/csrc/distributed/c10d/Utils.hpp:671 (most recent call first):
frame #0: c10::Error::Error(c10::SourceLocation, std::__cxx11::basic_string<char, std::char_traits<char>, std::allocator<char> >) + 0xd4 (0x400068243cc4 in /usr/local/lib/python3.12/dist-packages/torch/lib/libc10.so)
frame #1: <unknown function> + 0x5a291f0 (0x40001df591f0 in /usr/local/lib/python3.12/dist-packages/torch/lib/libtorch_cpu.so)
frame #2: <unknown function> + 0x5a2ae44 (0x40001df5ae44 in /usr/local/lib/python3.12/dist-packages/torch/lib/libtorch_cpu.so)
frame #3: <unknown function> + 0x5a2b878 (0x40001df5b878 in /usr/local/lib/python3.12/dist-packages/torch/lib/libtorch_cpu.so)
frame #4: <unknown function> + 0x5a2d0b4 (0x40001df5d0b4 in /usr/local/lib/python3.12/dist-packages/torch/lib/libtorch_cpu.so)
frame #5: c10d::TCPStore::compareSet(std::__cxx11::basic_string<char, std::char_traits<char>, std::allocator<char> > const&, std::vector<unsigned char, std::allocator<unsigned char> > const&, std::vector<unsigned char, std::allocator<unsigned char> > const&) + 0x1bc (0x40001df5e41c in /usr/local/lib/python3.12/dist-packages/torch/lib/libtorch_cpu.so)
frame #6: <unknown function> + 0xf50c90 (0x4000183f0c90 in /usr/local/lib/python3.12/dist-packages/torch/lib/libtorch_python.so)
frame #7: <unknown function> + 0x594060 (0x400017a34060 in /usr/local/lib/python3.12/dist-packages/torch/lib/libtorch_python.so)
frame #8: /usr/bin/python() [0x5036b4]
frame #9: _PyObject_MakeTpCall + 0x78 (0x4c2c98 in /usr/bin/python)
frame #10: /usr/bin/python() [0x4c6f6c]
frame #11: _PyEval_EvalFrameDefault + 0x3cf4 (0x567308 in /usr/bin/python)
frame #12: /usr/bin/python() [0x4c6e34]
frame #13: /usr/bin/python() [0x6e5290]
frame #14: /usr/bin/python() [0x686e70]
frame #15: <unknown function> + 0x8595c (0x40001681595c in /lib/aarch64-linux-gnu/libc.so.6)
frame #16: <unknown function> + 0xeb7dc (0x40001687b7dc in /lib/aarch64-linux-gnu/libc.so.6)

W0212 02:19:32.191000 3390171 torch/distributed/elastic/rendezvous/dynamic_rendezvous.py:1333] The node 'turpancomp5.calmip.local_3390171_0' has failed to send a keep-alive heartbeat to the rendezvous '76893' due to an error of type RendezvousConnectionError.
[W212 02:19:32.234945712 TCPStore.cpp:106] [c10d] sendBytes failed on SocketImpl(fd=3, addr=[turpancomp5]:47052, remote=[turpancomp0]:36894): Broken pipe
Exception raised from sendBytes at /opt/pytorch/pytorch/torch/csrc/distributed/c10d/Utils.hpp:646 (most recent call first):
frame #0: c10::Error::Error(c10::SourceLocation, std::__cxx11::basic_string<char, std::char_traits<char>, std::allocator<char> >) + 0xd4 (0x400068243cc4 in /usr/local/lib/python3.12/dist-packages/torch/lib/libc10.so)
frame #1: <unknown function> + 0x5a291f0 (0x40001df591f0 in /usr/local/lib/python3.12/dist-packages/torch/lib/libtorch_cpu.so)
frame #2: <unknown function> + 0x5a2b0fc (0x40001df5b0fc in /usr/local/lib/python3.12/dist-packages/torch/lib/libtorch_cpu.so)
frame #3: <unknown function> + 0x5a2d704 (0x40001df5d704 in /usr/local/lib/python3.12/dist-packages/torch/lib/libtorch_cpu.so)
frame #4: c10d::TCPStore::compareSet(std::__cxx11::basic_string<char, std::char_traits<char>, std::allocator<char> > const&, std::vector<unsigned char, std::allocator<unsigned char> > const&, std::vector<unsigned char, std::allocator<unsigned char> > const&) + 0x1ac (0x40001df5e40c in /usr/local/lib/python3.12/dist-packages/torch/lib/libtorch_cpu.so)
frame #5: <unknown function> + 0xf50c90 (0x4000183f0c90 in /usr/local/lib/python3.12/dist-packages/torch/lib/libtorch_python.so)
frame #6: <unknown function> + 0x594060 (0x400017a34060 in /usr/local/lib/python3.12/dist-packages/torch/lib/libtorch_python.so)
frame #7: /usr/bin/python() [0x5036b4]
frame #8: _PyObject_MakeTpCall + 0x78 (0x4c2c98 in /usr/bin/python)
frame #9: /usr/bin/python() [0x4c6f6c]
frame #10: _PyEval_EvalFrameDefault + 0x3cf4 (0x567308 in /usr/bin/python)
frame #11: _PyObject_Call_Prepend + 0xc4 (0x4c4774 in /usr/bin/python)
frame #12: /usr/bin/python() [0x528ba0]
frame #13: PyObject_Call + 0x6c (0x4c517c in /usr/bin/python)
frame #14: _PyEval_EvalFrameDefault + 0x3cf4 (0x567308 in /usr/bin/python)
frame #15: PyEval_EvalCode + 0x130 (0x562204 in /usr/bin/python)
frame #16: /usr/bin/python() [0x59c3c4]
frame #17: /usr/bin/python() [0x680e94]
frame #18: _PyRun_SimpleFileObject + 0x194 (0x680a68 in /usr/bin/python)
frame #19: _PyRun_AnyFileObject + 0x54 (0x680834 in /usr/bin/python)
frame #20: Py_RunMain + 0x2dc (0x68b83c in /usr/bin/python)
frame #21: Py_BytesMain + 0x28 (0x68b3f8 in /usr/bin/python)
frame #22: <unknown function> + 0x284c4 (0x4000167b84c4 in /lib/aarch64-linux-gnu/libc.so.6)
frame #23: __libc_start_main + 0x98 (0x4000167b8598 in /lib/aarch64-linux-gnu/libc.so.6)
frame #24: _start + 0x30 (0x5f6df0 in /usr/bin/python)

W0212 02:19:32.195000 3390171 torch/distributed/elastic/rendezvous/dynamic_rendezvous.py:1284] The node 'turpancomp5.calmip.local_3390171_0' has failed to shutdown the rendezvous '76893' due to an error of type RendezvousConnectionError.
[W212 02:19:32.239217089 TCPStore.cpp:106] [c10d] sendBytes failed on SocketImpl(fd=3, addr=[turpancomp5]:47052, remote=[turpancomp0]:36894): Broken pipe
Exception raised from sendBytes at /opt/pytorch/pytorch/torch/csrc/distributed/c10d/Utils.hpp:646 (most recent call first):
frame #0: c10::Error::Error(c10::SourceLocation, std::__cxx11::basic_string<char, std::char_traits<char>, std::allocator<char> >) + 0xd4 (0x400068243cc4 in /usr/local/lib/python3.12/dist-packages/torch/lib/libc10.so)
frame #1: <unknown function> + 0x5a291f0 (0x40001df591f0 in /usr/local/lib/python3.12/dist-packages/torch/lib/libtorch_cpu.so)
frame #2: <unknown function> + 0x5a2b0fc (0x40001df5b0fc in /usr/local/lib/python3.12/dist-packages/torch/lib/libtorch_cpu.so)
frame #3: <unknown function> + 0x5a2d704 (0x40001df5d704 in /usr/local/lib/python3.12/dist-packages/torch/lib/libtorch_cpu.so)
frame #4: c10d::TCPStore::compareSet(std::__cxx11::basic_string<char, std::char_traits<char>, std::allocator<char> > const&, std::vector<unsigned char, std::allocator<unsigned char> > const&, std::vector<unsigned char, std::allocator<unsigned char> > const&) + 0x1ac (0x40001df5e40c in /usr/local/lib/python3.12/dist-packages/torch/lib/libtorch_cpu.so)
frame #5: <unknown function> + 0xf50c90 (0x4000183f0c90 in /usr/local/lib/python3.12/dist-packages/torch/lib/libtorch_python.so)
frame #6: <unknown function> + 0x594060 (0x400017a34060 in /usr/local/lib/python3.12/dist-packages/torch/lib/libtorch_python.so)
frame #7: /usr/bin/python() [0x5036b4]
frame #8: _PyObject_MakeTpCall + 0x78 (0x4c2c98 in /usr/bin/python)
frame #9: /usr/bin/python() [0x4c6f6c]
frame #10: _PyEval_EvalFrameDefault + 0x3cf4 (0x567308 in /usr/bin/python)
frame #11: _PyObject_Call_Prepend + 0xc4 (0x4c4774 in /usr/bin/python)
frame #12: /usr/bin/python() [0x528ba0]
frame #13: PyObject_Call + 0x6c (0x4c517c in /usr/bin/python)
frame #14: _PyEval_EvalFrameDefault + 0x3cf4 (0x567308 in /usr/bin/python)
frame #15: PyEval_EvalCode + 0x130 (0x562204 in /usr/bin/python)
frame #16: /usr/bin/python() [0x59c3c4]
frame #17: /usr/bin/python() [0x680e94]
frame #18: _PyRun_SimpleFileObject + 0x194 (0x680a68 in /usr/bin/python)
frame #19: _PyRun_AnyFileObject + 0x54 (0x680834 in /usr/bin/python)
frame #20: Py_RunMain + 0x2dc (0x68b83c in /usr/bin/python)
frame #21: Py_BytesMain + 0x28 (0x68b3f8 in /usr/bin/python)
frame #22: <unknown function> + 0x284c4 (0x4000167b84c4 in /lib/aarch64-linux-gnu/libc.so.6)
frame #23: __libc_start_main + 0x98 (0x4000167b8598 in /lib/aarch64-linux-gnu/libc.so.6)
frame #24: _start + 0x30 (0x5f6df0 in /usr/bin/python)

W0212 02:19:32.199000 3390171 torch/distributed/elastic/rendezvous/dynamic_rendezvous.py:1284] The node 'turpancomp5.calmip.local_3390171_0' has failed to shutdown the rendezvous '76893' due to an error of type RendezvousConnectionError.
==========================================
SSA Triton Training finished with status 0
==========================================
