==========================================
Starting Nemotron training (5 nodes x 2 GPUs)
Datamix:     /tmpdir/m24047brmn/nemo_1b/data/nemo1b_mock_datamix.json
Output:      /tmpdir/m24047brmn/nemo_1b/output
Nodes:       5
Resume Ckpt: <training from scratch>
Duration:    00:24:00:00
MASTER_ADDR: 10.158.1.107
MASTER_PORT: 35552
==========================================
W0128 23:40:02.823000 78104 torch/distributed/run.py:763] 
W0128 23:40:02.823000 78104 torch/distributed/run.py:763] *****************************************
W0128 23:40:02.823000 78104 torch/distributed/run.py:763] Setting OMP_NUM_THREADS environment variable for each process to be 1 in default, to avoid your system being overloaded, please further tune the variable for optimal performance in your application as needed. 
W0128 23:40:02.823000 78104 torch/distributed/run.py:763] *****************************************
W0128 23:40:02.838000 259966 torch/distributed/run.py:763] 
W0128 23:40:02.838000 259966 torch/distributed/run.py:763] *****************************************
W0128 23:40:02.838000 259966 torch/distributed/run.py:763] Setting OMP_NUM_THREADS environment variable for each process to be 1 in default, to avoid your system being overloaded, please further tune the variable for optimal performance in your application as needed. 
W0128 23:40:02.838000 259966 torch/distributed/run.py:763] *****************************************
W0128 23:40:02.888000 3548996 torch/distributed/run.py:763] 
W0128 23:40:02.888000 3548996 torch/distributed/run.py:763] *****************************************
W0128 23:40:02.888000 3548996 torch/distributed/run.py:763] Setting OMP_NUM_THREADS environment variable for each process to be 1 in default, to avoid your system being overloaded, please further tune the variable for optimal performance in your application as needed. 
W0128 23:40:02.888000 3548996 torch/distributed/run.py:763] *****************************************
W0128 23:40:02.908000 2859652 torch/distributed/run.py:763] 
W0128 23:40:02.908000 2859652 torch/distributed/run.py:763] *****************************************
W0128 23:40:02.908000 2859652 torch/distributed/run.py:763] Setting OMP_NUM_THREADS environment variable for each process to be 1 in default, to avoid your system being overloaded, please further tune the variable for optimal performance in your application as needed. 
W0128 23:40:02.908000 2859652 torch/distributed/run.py:763] *****************************************
W0128 23:40:02.915000 59218 torch/distributed/run.py:763] 
W0128 23:40:02.915000 59218 torch/distributed/run.py:763] *****************************************
W0128 23:40:02.915000 59218 torch/distributed/run.py:763] Setting OMP_NUM_THREADS environment variable for each process to be 1 in default, to avoid your system being overloaded, please further tune the variable for optimal performance in your application as needed. 
W0128 23:40:02.915000 59218 torch/distributed/run.py:763] *****************************************
[rank: 2] Seed set to 1234
[rank: 3] Seed set to 1234
[rank: 6] Seed set to 1234
[rank: 7] Seed set to 1234
[rank: 5] Seed set to 1234
[rank: 4] Seed set to 1234
[rank: 8] Seed set to 1234
[rank: 9] Seed set to 1234
[rank: 1] Seed set to 1234
[rank: 0] Seed set to 1234
INFO:faiss.loader:Loading faiss.
INFO:faiss.loader:Loading faiss.
INFO:faiss.loader:Loading faiss.
INFO:faiss.loader:Loading faiss.
INFO:faiss.loader:Successfully loaded faiss.
INFO:faiss.loader:Loading faiss.
INFO:faiss.loader:Loading faiss.
INFO:faiss.loader:Successfully loaded faiss.
INFO:faiss.loader:Successfully loaded faiss.
INFO:faiss.loader:Successfully loaded faiss.
INFO:faiss.loader:Successfully loaded faiss.
INFO:faiss.loader:Loading faiss.
INFO:faiss.loader:Loading faiss.
INFO:faiss.loader:Successfully loaded faiss.
INFO:faiss.loader:Successfully loaded faiss.
INFO:faiss.loader:Successfully loaded faiss.
INFO:faiss.loader:Loading faiss.
INFO:faiss.loader:Loading faiss.
INFO:faiss.loader:Successfully loaded faiss.
INFO:faiss.loader:Successfully loaded faiss.
[NeMo W 2026-01-28 23:40:37 nemo_logging:405] /usr/local/lib/python3.12/dist-packages/pydub/utils.py:170: RuntimeWarning: Couldn't find ffmpeg or avconv - defaulting to ffmpeg, but may not work
      warn("Couldn't find ffmpeg or avconv - defaulting to ffmpeg, but may not work", RuntimeWarning)
    
INFO:datasets:PyTorch version 2.7.0a0+7c8ec84dab.nv25.3 available.
INFO:datasets:Polars version 1.21.0 available.
INFO:datasets:PyTorch version 2.7.0a0+7c8ec84dab.nv25.3 available.
INFO:datasets:PyTorch version 2.7.0a0+7c8ec84dab.nv25.3 available.
INFO:datasets:Polars version 1.21.0 available.
INFO:datasets:Polars version 1.21.0 available.
INFO:datasets:PyTorch version 2.7.0a0+7c8ec84dab.nv25.3 available.
INFO:datasets:Polars version 1.21.0 available.
INFO:datasets:PyTorch version 2.7.0a0+7c8ec84dab.nv25.3 available.
INFO:datasets:Polars version 1.21.0 available.
INFO:datasets:PyTorch version 2.7.0a0+7c8ec84dab.nv25.3 available.
INFO:datasets:Polars version 1.21.0 available.
INFO:datasets:PyTorch version 2.7.0a0+7c8ec84dab.nv25.3 available.
INFO:datasets:Polars version 1.21.0 available.
INFO:datasets:PyTorch version 2.7.0a0+7c8ec84dab.nv25.3 available.
INFO:datasets:Polars version 1.21.0 available.
INFO:datasets:PyTorch version 2.7.0a0+7c8ec84dab.nv25.3 available.
INFO:datasets:Polars version 1.21.0 available.
INFO:datasets:PyTorch version 2.7.0a0+7c8ec84dab.nv25.3 available.
INFO:datasets:Polars version 1.21.0 available.
INFO:utils:{'data_path': '/tmpdir/m24047brmn/nemo_1b/data', 'train': [{'name': 'train_text_document', 'weight': 1.0}], 'total_tokens': 1000000}
INFO:utils:{'data_path': '/tmpdir/m24047brmn/nemo_1b/data', 'train': [{'name': 'train_text_document', 'weight': 1.0}], 'total_tokens': 1000000}
INFO:utils:Find tokenizer: /work/m24047/m24047brmn/tokenizers/minitron-4b
INFO:__main__:Global batch size: 1280
INFO:__main__:Sequence length: 1024
INFO:__main__:Tokens per batch: 1310720
INFO:__main__:Total tokens in datamix: 1000000
INFO:__main__:Patched megatron.core.optimizer.get_megatron_optimizer (accepted params: {'use_gloo_process_groups', 'lr_mult', 'model_chunks', 'scale_lr_cond', 'no_weight_decay_cond', 'config'})
INFO:utils:Find tokenizer: /work/m24047/m24047brmn/tokenizers/minitron-4b
INFO:__main__:Global batch size: 1280
INFO:__main__:Sequence length: 1024
INFO:__main__:Tokens per batch: 1310720
INFO:__main__:Total tokens in datamix: 1000000
INFO:__main__:Patched megatron.core.optimizer.get_megatron_optimizer (accepted params: {'scale_lr_cond', 'model_chunks', 'config', 'use_gloo_process_groups', 'lr_mult', 'no_weight_decay_cond'})
INFO:utils:{'data_path': '/tmpdir/m24047brmn/nemo_1b/data', 'train': [{'name': 'train_text_document', 'weight': 1.0}], 'total_tokens': 1000000}
INFO:utils:{'data_path': '/tmpdir/m24047brmn/nemo_1b/data', 'train': [{'name': 'train_text_document', 'weight': 1.0}], 'total_tokens': 1000000}
INFO:utils:Find tokenizer: /work/m24047/m24047brmn/tokenizers/minitron-4b
INFO:__main__:Global batch size: 1280
INFO:__main__:Sequence length: 1024
INFO:__main__:Tokens per batch: 1310720
INFO:__main__:Total tokens in datamix: 1000000
INFO:__main__:Patched megatron.core.optimizer.get_megatron_optimizer (accepted params: {'lr_mult', 'config', 'use_gloo_process_groups', 'no_weight_decay_cond', 'scale_lr_cond', 'model_chunks'})
INFO:utils:Find tokenizer: /work/m24047/m24047brmn/tokenizers/minitron-4b
INFO:__main__:Global batch size: 1280
INFO:__main__:Sequence length: 1024
INFO:__main__:Tokens per batch: 1310720
INFO:__main__:Total tokens in datamix: 1000000
INFO:__main__:Patched megatron.core.optimizer.get_megatron_optimizer (accepted params: {'no_weight_decay_cond', 'model_chunks', 'lr_mult', 'scale_lr_cond', 'config', 'use_gloo_process_groups'})
INFO:utils:{'data_path': '/tmpdir/m24047brmn/nemo_1b/data', 'train': [{'name': 'train_text_document', 'weight': 1.0}], 'total_tokens': 1000000}
INFO:utils:{'data_path': '/tmpdir/m24047brmn/nemo_1b/data', 'train': [{'name': 'train_text_document', 'weight': 1.0}], 'total_tokens': 1000000}
INFO:utils:Find tokenizer: /work/m24047/m24047brmn/tokenizers/minitron-4b
INFO:__main__:Global batch size: 1280
INFO:__main__:Sequence length: 1024
INFO:__main__:Tokens per batch: 1310720
INFO:__main__:Total tokens in datamix: 1000000
INFO:__main__:Patched megatron.core.optimizer.get_megatron_optimizer (accepted params: {'use_gloo_process_groups', 'config', 'scale_lr_cond', 'no_weight_decay_cond', 'model_chunks', 'lr_mult'})
INFO:utils:Find tokenizer: /work/m24047/m24047brmn/tokenizers/minitron-4b
INFO:__main__:Global batch size: 1280
INFO:__main__:Sequence length: 1024
INFO:__main__:Tokens per batch: 1310720
INFO:__main__:Total tokens in datamix: 1000000
INFO:__main__:Patched megatron.core.optimizer.get_megatron_optimizer (accepted params: {'lr_mult', 'use_gloo_process_groups', 'config', 'no_weight_decay_cond', 'model_chunks', 'scale_lr_cond'})
INFO:utils:{'data_path': '/tmpdir/m24047brmn/nemo_1b/data', 'train': [{'name': 'train_text_document', 'weight': 1.0}], 'total_tokens': 1000000}
INFO:utils:{'data_path': '/tmpdir/m24047brmn/nemo_1b/data', 'train': [{'name': 'train_text_document', 'weight': 1.0}], 'total_tokens': 1000000}
INFO:utils:Find tokenizer: /work/m24047/m24047brmn/tokenizers/minitron-4b
INFO:__main__:Global batch size: 1280
INFO:__main__:Sequence length: 1024
INFO:__main__:Tokens per batch: 1310720
INFO:__main__:Total tokens in datamix: 1000000
INFO:__main__:Patched megatron.core.optimizer.get_megatron_optimizer (accepted params: {'no_weight_decay_cond', 'lr_mult', 'model_chunks', 'use_gloo_process_groups', 'config', 'scale_lr_cond'})
INFO:utils:Find tokenizer: /work/m24047/m24047brmn/tokenizers/minitron-4b
INFO:__main__:Global batch size: 1280
INFO:__main__:Sequence length: 1024
INFO:__main__:Tokens per batch: 1310720
INFO:__main__:Total tokens in datamix: 1000000
INFO:__main__:Patched megatron.core.optimizer.get_megatron_optimizer (accepted params: {'lr_mult', 'config', 'model_chunks', 'scale_lr_cond', 'use_gloo_process_groups', 'no_weight_decay_cond'})
INFO:utils:{'data_path': '/tmpdir/m24047brmn/nemo_1b/data', 'train': [{'name': 'train_text_document', 'weight': 1.0}], 'total_tokens': 1000000}
INFO:utils:{'data_path': '/tmpdir/m24047brmn/nemo_1b/data', 'train': [{'name': 'train_text_document', 'weight': 1.0}], 'total_tokens': 1000000}
INFO:utils:Find tokenizer: /work/m24047/m24047brmn/tokenizers/minitron-4b
INFO:__main__:Global batch size: 1280
INFO:__main__:Sequence length: 1024
INFO:__main__:Tokens per batch: 1310720
INFO:__main__:Total tokens in datamix: 1000000
INFO:__main__:Patched megatron.core.optimizer.get_megatron_optimizer (accepted params: {'lr_mult', 'scale_lr_cond', 'use_gloo_process_groups', 'config', 'no_weight_decay_cond', 'model_chunks'})
INFO:utils:Find tokenizer: /work/m24047/m24047brmn/tokenizers/minitron-4b
INFO:__main__:Global batch size: 1280
INFO:__main__:Sequence length: 1024
INFO:__main__:Tokens per batch: 1310720
INFO:__main__:Total tokens in datamix: 1000000
INFO:__main__:Patched megatron.core.optimizer.get_megatron_optimizer (accepted params: {'config', 'use_gloo_process_groups', 'lr_mult', 'scale_lr_cond', 'no_weight_decay_cond', 'model_chunks'})
[NeMo I 2026-01-28 23:40:46 nemo_logging:393] Getting HuggingFace AutoTokenizer with pretrained_model_name: /work/m24047/m24047brmn/tokenizers/minitron-4b, vocab_file: None, merges_files: None, special_tokens_dict: {}, and use_fast: True
INFO:__main__:Training from scratch (no checkpoint)
INFO:__main__:Training from scratch (no checkpoint)
INFO:__main__:Training from scratch (no checkpoint)
INFO:__main__:Training from scratch (no checkpoint)
INFO:__main__:Training from scratch (no checkpoint)
INFO:__main__:Training from scratch (no checkpoint)
INFO:utils:Config saved to /tmpdir/m24047brmn/nemo_1b/output/job_75551/config_nemotron1b-1layer-test.json
INFO:__main__:Training from scratch (no checkpoint)
INFO:__main__:Training from scratch (no checkpoint)
INFO:utils:Config saved to /tmpdir/m24047brmn/nemo_1b/output/job_75551/config_nemotron1b-1layer-test.json
Traceback (most recent call last):
  File "/work/m24047/m24047brmn/nemo/OpenLLM-BPI-Training/training/train/test/train_model_1L.py", line 242, in <module>
Traceback (most recent call last):
  File "/work/m24047/m24047brmn/nemo/OpenLLM-BPI-Training/training/train/test/train_model_1L.py", line 242, in <module>
    main()
  File "/work/m24047/m24047brmn/nemo/OpenLLM-BPI-Training/training/train/test/train_model_1L.py", line 235, in main
    main()
  File "/work/m24047/m24047brmn/nemo/OpenLLM-BPI-Training/training/train/test/train_model_1L.py", line 235, in main
    recipe_obj = fiddle.build(recipe)
                 ^^^^^^^^^^^^^^^^^^^^
  File "/usr/local/lib/python3.12/dist-packages/fiddle/_src/building.py", line 185, in build
    result = daglish.MemoizedTraversal.run(_build, buildable)
             ^^^^^^^^^^^^^^^^^^^^^^^^^^^^^^^^^^^^^^^^^^^^^^^^
  File "/usr/local/lib/python3.12/dist-packages/fiddle/_src/daglish.py", line 477, in run
    recipe_obj = fiddle.build(recipe)
                 ^^^^^^^^^^^^^^^^^^^^
  File "/usr/local/lib/python3.12/dist-packages/fiddle/_src/building.py", line 185, in build
    result = daglish.MemoizedTraversal.run(_build, buildable)
             ^^^^^^^^^^^^^^^^^^^^^^^^^^^^^^^^^^^^^^^^^^^^^^^^
  File "/usr/local/lib/python3.12/dist-packages/fiddle/_src/daglish.py", line 477, in run
    return fn(root_obj, state)
           ^^^^^^^^^^^^^^^^^^^
  File "/usr/local/lib/python3.12/dist-packages/fiddle/_src/building.py", line 176, in _build
    sub_traversal = state.flattened_map_children(value)
                    ^^^^^^^^^^^^^^^^^^^^^^^^^^^^^^^^^^^
  File "/usr/local/lib/python3.12/dist-packages/fiddle/_src/daglish.py", line 631, in flattened_map_children
    return fn(root_obj, state)
           ^^^^^^^^^^^^^^^^^^^
  File "/usr/local/lib/python3.12/dist-packages/fiddle/_src/building.py", line 176, in _build
    return self._flattened_map_children(value, node_traverser)
           ^^^^^^^^^^^^^^^^^^^^^^^^^^^^^^^^^^^^^^^^^^^^^^^^^^^
  File "/usr/local/lib/python3.12/dist-packages/fiddle/_src/daglish.py", line 580, in _flattened_map_children
    sub_traversal = state.flattened_map_children(value)
                    ^^^^^^^^^^^^^^^^^^^^^^^^^^^^^^^^^^^
  File "/usr/local/lib/python3.12/dist-packages/fiddle/_src/daglish.py", line 631, in flattened_map_children
    self.call(subvalue, path_element)
  File "/usr/local/lib/python3.12/dist-packages/fiddle/_src/daglish.py", line 694, in call
    return self._flattened_map_children(value, node_traverser)
           ^^^^^^^^^^^^^^^^^^^^^^^^^^^^^^^^^^^^^^^^^^^^^^^^^^^
  File "/usr/local/lib/python3.12/dist-packages/fiddle/_src/daglish.py", line 580, in _flattened_map_children
    return self.traversal.apply(value, new_state)
           ^^^^^^^^^^^^^^^^^^^^^^^^^^^^^^^^^^^^^^
  File "/usr/local/lib/python3.12/dist-packages/fiddle/_src/daglish.py", line 786, in apply
    self.call(subvalue, path_element)
  File "/usr/local/lib/python3.12/dist-packages/fiddle/_src/daglish.py", line 694, in call
    result = self.traversal_fn(value, state)
             ^^^^^^^^^^^^^^^^^^^^^^^^^^^^^^^
  File "/usr/local/lib/python3.12/dist-packages/fiddle/_src/building.py", line 176, in _build
    return self.traversal.apply(value, new_state)
           ^^^^^^^^^^^^^^^^^^^^^^^^^^^^^^^^^^^^^^
  File "/usr/local/lib/python3.12/dist-packages/fiddle/_src/daglish.py", line 786, in apply
    sub_traversal = state.flattened_map_children(value)
                    ^^^^^^^^^^^^^^^^^^^^^^^^^^^^^^^^^^^
  File "/usr/local/lib/python3.12/dist-packages/fiddle/_src/daglish.py", line 631, in flattened_map_children
    result = self.traversal_fn(value, state)
             ^^^^^^^^^^^^^^^^^^^^^^^^^^^^^^^
  File "/usr/local/lib/python3.12/dist-packages/fiddle/_src/building.py", line 176, in _build
    return self._flattened_map_children(value, node_traverser)
           ^^^^^^^^^^^^^^^^^^^^^^^^^^^^^^^^^^^^^^^^^^^^^^^^^^^
  File "/usr/local/lib/python3.12/dist-packages/fiddle/_src/daglish.py", line 580, in _flattened_map_children
    sub_traversal = state.flattened_map_children(value)
                    ^^^^^^^^^^^^^^^^^^^^^^^^^^^^^^^^^^^
  File "/usr/local/lib/python3.12/dist-packages/fiddle/_src/daglish.py", line 631, in flattened_map_children
    self.call(subvalue, path_element)
  File "/usr/local/lib/python3.12/dist-packages/fiddle/_src/daglish.py", line 694, in call
    return self._flattened_map_children(value, node_traverser)
           ^^^^^^^^^^^^^^^^^^^^^^^^^^^^^^^^^^^^^^^^^^^^^^^^^^^
  File "/usr/local/lib/python3.12/dist-packages/fiddle/_src/daglish.py", line 580, in _flattened_map_children
    return self.traversal.apply(value, new_state)
           ^^^^^^^^^^^^^^^^^^^^^^^^^^^^^^^^^^^^^^
  File "/usr/local/lib/python3.12/dist-packages/fiddle/_src/daglish.py", line 786, in apply
    self.call(subvalue, path_element)
  File "/usr/local/lib/python3.12/dist-packages/fiddle/_src/daglish.py", line 694, in call
    result = self.traversal_fn(value, state)
             ^^^^^^^^^^^^^^^^^^^^^^^^^^^^^^^
  File "/usr/local/lib/python3.12/dist-packages/fiddle/_src/building.py", line 182, in _build
    return self.traversal.apply(value, new_state)
           ^^^^^^^^^^^^^^^^^^^^^^^^^^^^^^^^^^^^^^
  File "/usr/local/lib/python3.12/dist-packages/fiddle/_src/daglish.py", line 786, in apply
    return state.map_children(value)
           ^^^^^^^^^^^^^^^^^^^^^^^^^
  File "/usr/local/lib/python3.12/dist-packages/fiddle/_src/daglish.py", line 601, in map_children
    result = self.traversal_fn(value, state)
             ^^^^^^^^^^^^^^^^^^^^^^^^^^^^^^^
  File "/usr/local/lib/python3.12/dist-packages/fiddle/_src/building.py", line 182, in _build
    result = self._flattened_map_children(value, node_traverser)
             ^^^^^^^^^^^^^^^^^^^^^^^^^^^^^^^^^^^^^^^^^^^^^^^^^^^
  File "/usr/local/lib/python3.12/dist-packages/fiddle/_src/daglish.py", line 580, in _flattened_map_children
    return state.map_children(value)
           ^^^^^^^^^^^^^^^^^^^^^^^^^
  File "/usr/local/lib/python3.12/dist-packages/fiddle/_src/daglish.py", line 601, in map_children
    self.call(subvalue, path_element)
  File "/usr/local/lib/python3.12/dist-packages/fiddle/_src/daglish.py", line 694, in call
    result = self._flattened_map_children(value, node_traverser)
             ^^^^^^^^^^^^^^^^^^^^^^^^^^^^^^^^^^^^^^^^^^^^^^^^^^^
  File "/usr/local/lib/python3.12/dist-packages/fiddle/_src/daglish.py", line 580, in _flattened_map_children
    return self.traversal.apply(value, new_state)
           ^^^^^^^^^^^^^^^^^^^^^^^^^^^^^^^^^^^^^^
  File "/usr/local/lib/python3.12/dist-packages/fiddle/_src/daglish.py", line 786, in apply
    self.call(subvalue, path_element)
  File "/usr/local/lib/python3.12/dist-packages/fiddle/_src/daglish.py", line 694, in call
    result = self.traversal_fn(value, state)
             ^^^^^^^^^^^^^^^^^^^^^^^^^^^^^^^
  File "/usr/local/lib/python3.12/dist-packages/fiddle/_src/building.py", line 180, in _build
    return self.traversal.apply(value, new_state)
           ^^^^^^^^^^^^^^^^^^^^^^^^^^^^^^^^^^^^^^
  File "/usr/local/lib/python3.12/dist-packages/fiddle/_src/daglish.py", line 786, in apply
    return call_buildable(value, arguments, current_path=state.current_path)
           ^^^^^^^^^^^^^^^^^^^^^^^^^^^^^^^^^^^^^^^^^^^^^^^^^^^^^^^^^^^^^^^^^
  File "/usr/local/lib/python3.12/dist-packages/fiddle/_src/building.py", line 119, in call_buildable
    result = self.traversal_fn(value, state)
             ^^^^^^^^^^^^^^^^^^^^^^^^^^^^^^^
  File "/usr/local/lib/python3.12/dist-packages/fiddle/_src/building.py", line 180, in _build
    with reraised_exception.try_with_lazy_message(make_message):
  File "/usr/lib/python3.12/contextlib.py", line 158, in __exit__
    return call_buildable(value, arguments, current_path=state.current_path)
           ^^^^^^^^^^^^^^^^^^^^^^^^^^^^^^^^^^^^^^^^^^^^^^^^^^^^^^^^^^^^^^^^^
  File "/usr/local/lib/python3.12/dist-packages/fiddle/_src/building.py", line 119, in call_buildable
    self.gen.throw(value)
  File "/usr/local/lib/python3.12/dist-packages/fiddle/_src/reraised_exception.py", line 82, in try_with_lazy_message
    raise decorate_exception(exc, message) from None
  File "/usr/local/lib/python3.12/dist-packages/fiddle/_src/reraised_exception.py", line 74, in try_with_lazy_message
    with reraised_exception.try_with_lazy_message(make_message):
  File "/usr/lib/python3.12/contextlib.py", line 158, in __exit__
    self.gen.throw(value)
  File "/usr/local/lib/python3.12/dist-packages/fiddle/_src/reraised_exception.py", line 82, in try_with_lazy_message
    yield
  File "/usr/local/lib/python3.12/dist-packages/fiddle/_src/building.py", line 120, in call_buildable
    raise decorate_exception(exc, message) from None
  File "/usr/local/lib/python3.12/dist-packages/fiddle/_src/reraised_exception.py", line 74, in try_with_lazy_message
    return buildable.__build__(*args, **kwargs)
           ^^^^^^^^^^^^^^^^^^^^^^^^^^^^^^^^^^^^
  File "/usr/local/lib/python3.12/dist-packages/fiddle/_src/config.py", line 783, in __build__
    yield
  File "/usr/local/lib/python3.12/dist-packages/fiddle/_src/building.py", line 120, in call_buildable
    return self.__fn_or_cls__(*args, **kwargs)
           ^^^^^^^^^^^^^^^^^^^^^^^^^^^^^^^^^^^
  File "/opt/NeMo/nemo/lightning/pytorch/callbacks/model_checkpoint.py", line 110, in __init__
    return buildable.__build__(*args, **kwargs)
           ^^^^^^^^^^^^^^^^^^^^^^^^^^^^^^^^^^^^
  File "/usr/local/lib/python3.12/dist-packages/fiddle/_src/config.py", line 783, in __build__
    return self.__fn_or_cls__(*args, **kwargs)
           ^^^^^^^^^^^^^^^^^^^^^^^^^^^^^^^^^^^
  File "/opt/NeMo/nemo/lightning/pytorch/callbacks/model_checkpoint.py", line 110, in __init__
    super().__init__(
  File "/usr/local/lib/python3.12/dist-packages/lightning/pytorch/callbacks/model_checkpoint.py", line 256, in __init__
    self.__validate_init_configuration()
  File "/usr/local/lib/python3.12/dist-packages/lightning/pytorch/callbacks/model_checkpoint.py", line 467, in __validate_init_configuration
    super().__init__(
  File "/usr/local/lib/python3.12/dist-packages/lightning/pytorch/callbacks/model_checkpoint.py", line 256, in __init__
    self.__validate_init_configuration()
  File "/usr/local/lib/python3.12/dist-packages/lightning/pytorch/callbacks/model_checkpoint.py", line 467, in __validate_init_configuration
    raise MisconfigurationException(
lightning.fabric.utilities.exceptions.MisconfigurationException: ModelCheckpoint(save_top_k=3, monitor=None) is not a valid configuration. No quantity for top_k to track.

Fiddle context: failed to construct or call ModelCheckpoint at <root>.trainer.callbacks[2] with positional arguments: (), keyword arguments: (monitor=None, verbose=True, save_last=True, every_n_train_steps=5, save_on_train_epoch_end=True, dirpath='/tmpdir/m24047brmn/nemo_1b/output/checkpoints', filename='{model_name}--step={step}-consumed={consumed_samples:.0f}').
    raise MisconfigurationException(
lightning.fabric.utilities.exceptions.MisconfigurationException: ModelCheckpoint(save_top_k=3, monitor=None) is not a valid configuration. No quantity for top_k to track.

Fiddle context: failed to construct or call ModelCheckpoint at <root>.trainer.callbacks[2] with positional arguments: (), keyword arguments: (monitor=None, verbose=True, save_last=True, every_n_train_steps=5, save_on_train_epoch_end=True, dirpath='/tmpdir/m24047brmn/nemo_1b/output/checkpoints', filename='{model_name}--step={step}-consumed={consumed_samples:.0f}').
INFO:utils:Config saved to /tmpdir/m24047brmn/nemo_1b/output/job_75551/config_nemotron1b-1layer-test.json
INFO:utils:Config saved to /tmpdir/m24047brmn/nemo_1b/output/job_75551/config_nemotron1b-1layer-test.json
Traceback (most recent call last):
  File "/work/m24047/m24047brmn/nemo/OpenLLM-BPI-Training/training/train/test/train_model_1L.py", line 242, in <module>
Traceback (most recent call last):
  File "/work/m24047/m24047brmn/nemo/OpenLLM-BPI-Training/training/train/test/train_model_1L.py", line 242, in <module>
    main()
  File "/work/m24047/m24047brmn/nemo/OpenLLM-BPI-Training/training/train/test/train_model_1L.py", line 235, in main
    main()
  File "/work/m24047/m24047brmn/nemo/OpenLLM-BPI-Training/training/train/test/train_model_1L.py", line 235, in main
    recipe_obj = fiddle.build(recipe)
                 ^^^^^^^^^^^^^^^^^^^^
  File "/usr/local/lib/python3.12/dist-packages/fiddle/_src/building.py", line 185, in build
    result = daglish.MemoizedTraversal.run(_build, buildable)
             ^^^^^^^^^^^^^^^^^^^^^^^^^^^^^^^^^^^^^^^^^^^^^^^^
  File "/usr/local/lib/python3.12/dist-packages/fiddle/_src/daglish.py", line 477, in run
    recipe_obj = fiddle.build(recipe)
                 ^^^^^^^^^^^^^^^^^^^^
  File "/usr/local/lib/python3.12/dist-packages/fiddle/_src/building.py", line 185, in build
    result = daglish.MemoizedTraversal.run(_build, buildable)
             ^^^^^^^^^^^^^^^^^^^^^^^^^^^^^^^^^^^^^^^^^^^^^^^^
  File "/usr/local/lib/python3.12/dist-packages/fiddle/_src/daglish.py", line 477, in run
    return fn(root_obj, state)
           ^^^^^^^^^^^^^^^^^^^
  File "/usr/local/lib/python3.12/dist-packages/fiddle/_src/building.py", line 176, in _build
    sub_traversal = state.flattened_map_children(value)
                    ^^^^^^^^^^^^^^^^^^^^^^^^^^^^^^^^^^^
  File "/usr/local/lib/python3.12/dist-packages/fiddle/_src/daglish.py", line 631, in flattened_map_children
    return fn(root_obj, state)
           ^^^^^^^^^^^^^^^^^^^
  File "/usr/local/lib/python3.12/dist-packages/fiddle/_src/building.py", line 176, in _build
    return self._flattened_map_children(value, node_traverser)
           ^^^^^^^^^^^^^^^^^^^^^^^^^^^^^^^^^^^^^^^^^^^^^^^^^^^
  File "/usr/local/lib/python3.12/dist-packages/fiddle/_src/daglish.py", line 580, in _flattened_map_children
    sub_traversal = state.flattened_map_children(value)
                    ^^^^^^^^^^^^^^^^^^^^^^^^^^^^^^^^^^^
  File "/usr/local/lib/python3.12/dist-packages/fiddle/_src/daglish.py", line 631, in flattened_map_children
    self.call(subvalue, path_element)
  File "/usr/local/lib/python3.12/dist-packages/fiddle/_src/daglish.py", line 694, in call
    return self._flattened_map_children(value, node_traverser)
           ^^^^^^^^^^^^^^^^^^^^^^^^^^^^^^^^^^^^^^^^^^^^^^^^^^^
  File "/usr/local/lib/python3.12/dist-packages/fiddle/_src/daglish.py", line 580, in _flattened_map_children
    return self.traversal.apply(value, new_state)
           ^^^^^^^^^^^^^^^^^^^^^^^^^^^^^^^^^^^^^^
  File "/usr/local/lib/python3.12/dist-packages/fiddle/_src/daglish.py", line 786, in apply
    self.call(subvalue, path_element)
  File "/usr/local/lib/python3.12/dist-packages/fiddle/_src/daglish.py", line 694, in call
    result = self.traversal_fn(value, state)
             ^^^^^^^^^^^^^^^^^^^^^^^^^^^^^^^
  File "/usr/local/lib/python3.12/dist-packages/fiddle/_src/building.py", line 176, in _build
    return self.traversal.apply(value, new_state)
           ^^^^^^^^^^^^^^^^^^^^^^^^^^^^^^^^^^^^^^
  File "/usr/local/lib/python3.12/dist-packages/fiddle/_src/daglish.py", line 786, in apply
    sub_traversal = state.flattened_map_children(value)
                    ^^^^^^^^^^^^^^^^^^^^^^^^^^^^^^^^^^^
  File "/usr/local/lib/python3.12/dist-packages/fiddle/_src/daglish.py", line 631, in flattened_map_children
    result = self.traversal_fn(value, state)
             ^^^^^^^^^^^^^^^^^^^^^^^^^^^^^^^
  File "/usr/local/lib/python3.12/dist-packages/fiddle/_src/building.py", line 176, in _build
    return self._flattened_map_children(value, node_traverser)
           ^^^^^^^^^^^^^^^^^^^^^^^^^^^^^^^^^^^^^^^^^^^^^^^^^^^
  File "/usr/local/lib/python3.12/dist-packages/fiddle/_src/daglish.py", line 580, in _flattened_map_children
    sub_traversal = state.flattened_map_children(value)
                    ^^^^^^^^^^^^^^^^^^^^^^^^^^^^^^^^^^^
  File "/usr/local/lib/python3.12/dist-packages/fiddle/_src/daglish.py", line 631, in flattened_map_children
    self.call(subvalue, path_element)
  File "/usr/local/lib/python3.12/dist-packages/fiddle/_src/daglish.py", line 694, in call
    return self._flattened_map_children(value, node_traverser)
           ^^^^^^^^^^^^^^^^^^^^^^^^^^^^^^^^^^^^^^^^^^^^^^^^^^^
  File "/usr/local/lib/python3.12/dist-packages/fiddle/_src/daglish.py", line 580, in _flattened_map_children
    return self.traversal.apply(value, new_state)
           ^^^^^^^^^^^^^^^^^^^^^^^^^^^^^^^^^^^^^^
  File "/usr/local/lib/python3.12/dist-packages/fiddle/_src/daglish.py", line 786, in apply
    self.call(subvalue, path_element)
  File "/usr/local/lib/python3.12/dist-packages/fiddle/_src/daglish.py", line 694, in call
    result = self.traversal_fn(value, state)
             ^^^^^^^^^^^^^^^^^^^^^^^^^^^^^^^
  File "/usr/local/lib/python3.12/dist-packages/fiddle/_src/building.py", line 182, in _build
    return self.traversal.apply(value, new_state)
           ^^^^^^^^^^^^^^^^^^^^^^^^^^^^^^^^^^^^^^
  File "/usr/local/lib/python3.12/dist-packages/fiddle/_src/daglish.py", line 786, in apply
    return state.map_children(value)
           ^^^^^^^^^^^^^^^^^^^^^^^^^
  File "/usr/local/lib/python3.12/dist-packages/fiddle/_src/daglish.py", line 601, in map_children
    result = self.traversal_fn(value, state)
             ^^^^^^^^^^^^^^^^^^^^^^^^^^^^^^^
  File "/usr/local/lib/python3.12/dist-packages/fiddle/_src/building.py", line 182, in _build
    result = self._flattened_map_children(value, node_traverser)
             ^^^^^^^^^^^^^^^^^^^^^^^^^^^^^^^^^^^^^^^^^^^^^^^^^^^
  File "/usr/local/lib/python3.12/dist-packages/fiddle/_src/daglish.py", line 580, in _flattened_map_children
    return state.map_children(value)
           ^^^^^^^^^^^^^^^^^^^^^^^^^
  File "/usr/local/lib/python3.12/dist-packages/fiddle/_src/daglish.py", line 601, in map_children
    self.call(subvalue, path_element)
  File "/usr/local/lib/python3.12/dist-packages/fiddle/_src/daglish.py", line 694, in call
    result = self._flattened_map_children(value, node_traverser)
             ^^^^^^^^^^^^^^^^^^^^^^^^^^^^^^^^^^^^^^^^^^^^^^^^^^^
  File "/usr/local/lib/python3.12/dist-packages/fiddle/_src/daglish.py", line 580, in _flattened_map_children
    return self.traversal.apply(value, new_state)
           ^^^^^^^^^^^^^^^^^^^^^^^^^^^^^^^^^^^^^^
  File "/usr/local/lib/python3.12/dist-packages/fiddle/_src/daglish.py", line 786, in apply
    self.call(subvalue, path_element)
  File "/usr/local/lib/python3.12/dist-packages/fiddle/_src/daglish.py", line 694, in call
    result = self.traversal_fn(value, state)
             ^^^^^^^^^^^^^^^^^^^^^^^^^^^^^^^
  File "/usr/local/lib/python3.12/dist-packages/fiddle/_src/building.py", line 180, in _build
    return self.traversal.apply(value, new_state)
           ^^^^^^^^^^^^^^^^^^^^^^^^^^^^^^^^^^^^^^
  File "/usr/local/lib/python3.12/dist-packages/fiddle/_src/daglish.py", line 786, in apply
    return call_buildable(value, arguments, current_path=state.current_path)
           ^^^^^^^^^^^^^^^^^^^^^^^^^^^^^^^^^^^^^^^^^^^^^^^^^^^^^^^^^^^^^^^^^
  File "/usr/local/lib/python3.12/dist-packages/fiddle/_src/building.py", line 119, in call_buildable
    result = self.traversal_fn(value, state)
             ^^^^^^^^^^^^^^^^^^^^^^^^^^^^^^^
  File "/usr/local/lib/python3.12/dist-packages/fiddle/_src/building.py", line 180, in _build
    with reraised_exception.try_with_lazy_message(make_message):
  File "/usr/lib/python3.12/contextlib.py", line 158, in __exit__
    self.gen.throw(value)
  File "/usr/local/lib/python3.12/dist-packages/fiddle/_src/reraised_exception.py", line 82, in try_with_lazy_message
    return call_buildable(value, arguments, current_path=state.current_path)
           ^^^^^^^^^^^^^^^^^^^^^^^^^^^^^^^^^^^^^^^^^^^^^^^^^^^^^^^^^^^^^^^^^
  File "/usr/local/lib/python3.12/dist-packages/fiddle/_src/building.py", line 119, in call_buildable
    raise decorate_exception(exc, message) from None
  File "/usr/local/lib/python3.12/dist-packages/fiddle/_src/reraised_exception.py", line 74, in try_with_lazy_message
    with reraised_exception.try_with_lazy_message(make_message):
  File "/usr/lib/python3.12/contextlib.py", line 158, in __exit__
    yield
  File "/usr/local/lib/python3.12/dist-packages/fiddle/_src/building.py", line 120, in call_buildable
    self.gen.throw(value)
  File "/usr/local/lib/python3.12/dist-packages/fiddle/_src/reraised_exception.py", line 82, in try_with_lazy_message
    return buildable.__build__(*args, **kwargs)
           ^^^^^^^^^^^^^^^^^^^^^^^^^^^^^^^^^^^^
  File "/usr/local/lib/python3.12/dist-packages/fiddle/_src/config.py", line 783, in __build__
    raise decorate_exception(exc, message) from None
  File "/usr/local/lib/python3.12/dist-packages/fiddle/_src/reraised_exception.py", line 74, in try_with_lazy_message
    return self.__fn_or_cls__(*args, **kwargs)
           ^^^^^^^^^^^^^^^^^^^^^^^^^^^^^^^^^^^
  File "/opt/NeMo/nemo/lightning/pytorch/callbacks/model_checkpoint.py", line 110, in __init__
    yield
  File "/usr/local/lib/python3.12/dist-packages/fiddle/_src/building.py", line 120, in call_buildable
    return buildable.__build__(*args, **kwargs)
           ^^^^^^^^^^^^^^^^^^^^^^^^^^^^^^^^^^^^
  File "/usr/local/lib/python3.12/dist-packages/fiddle/_src/config.py", line 783, in __build__
    super().__init__(
  File "/usr/local/lib/python3.12/dist-packages/lightning/pytorch/callbacks/model_checkpoint.py", line 256, in __init__
    return self.__fn_or_cls__(*args, **kwargs)
           ^^^^^^^^^^^^^^^^^^^^^^^^^^^^^^^^^^^
  File "/opt/NeMo/nemo/lightning/pytorch/callbacks/model_checkpoint.py", line 110, in __init__
    self.__validate_init_configuration()
  File "/usr/local/lib/python3.12/dist-packages/lightning/pytorch/callbacks/model_checkpoint.py", line 467, in __validate_init_configuration
    raise MisconfigurationException(
lightning.fabric.utilities.exceptions.MisconfigurationException: ModelCheckpoint(save_top_k=3, monitor=None) is not a valid configuration. No quantity for top_k to track.

Fiddle context: failed to construct or call ModelCheckpoint at <root>.trainer.callbacks[2] with positional arguments: (), keyword arguments: (monitor=None, verbose=True, save_last=True, every_n_train_steps=5, save_on_train_epoch_end=True, dirpath='/tmpdir/m24047brmn/nemo_1b/output/checkpoints', filename='{model_name}--step={step}-consumed={consumed_samples:.0f}').
    super().__init__(
  File "/usr/local/lib/python3.12/dist-packages/lightning/pytorch/callbacks/model_checkpoint.py", line 256, in __init__
    self.__validate_init_configuration()
  File "/usr/local/lib/python3.12/dist-packages/lightning/pytorch/callbacks/model_checkpoint.py", line 467, in __validate_init_configuration
    raise MisconfigurationException(
lightning.fabric.utilities.exceptions.MisconfigurationException: ModelCheckpoint(save_top_k=3, monitor=None) is not a valid configuration. No quantity for top_k to track.

Fiddle context: failed to construct or call ModelCheckpoint at <root>.trainer.callbacks[2] with positional arguments: (), keyword arguments: (monitor=None, verbose=True, save_last=True, every_n_train_steps=5, save_on_train_epoch_end=True, dirpath='/tmpdir/m24047brmn/nemo_1b/output/checkpoints', filename='{model_name}--step={step}-consumed={consumed_samples:.0f}').
INFO:utils:Config saved to /tmpdir/m24047brmn/nemo_1b/output/job_75551/config_nemotron1b-1layer-test.json
INFO:utils:Config saved to /tmpdir/m24047brmn/nemo_1b/output/job_75551/config_nemotron1b-1layer-test.json
INFO:utils:Config saved to /tmpdir/m24047brmn/nemo_1b/output/job_75551/config_nemotron1b-1layer-test.json
INFO:utils:Config saved to /tmpdir/m24047brmn/nemo_1b/output/job_75551/config_nemotron1b-1layer-test.json
Traceback (most recent call last):
  File "/work/m24047/m24047brmn/nemo/OpenLLM-BPI-Training/training/train/test/train_model_1L.py", line 242, in <module>
Traceback (most recent call last):
  File "/work/m24047/m24047brmn/nemo/OpenLLM-BPI-Training/training/train/test/train_model_1L.py", line 242, in <module>
Traceback (most recent call last):
  File "/work/m24047/m24047brmn/nemo/OpenLLM-BPI-Training/training/train/test/train_model_1L.py", line 242, in <module>
    main()
  File "/work/m24047/m24047brmn/nemo/OpenLLM-BPI-Training/training/train/test/train_model_1L.py", line 235, in main
    main()
  File "/work/m24047/m24047brmn/nemo/OpenLLM-BPI-Training/training/train/test/train_model_1L.py", line 235, in main
    recipe_obj = fiddle.build(recipe)
                 ^^^^^^^^^^^^^^^^^^^^
  File "/usr/local/lib/python3.12/dist-packages/fiddle/_src/building.py", line 185, in build
    recipe_obj = fiddle.build(recipe)
                 ^^^^^^^^^^^^^^^^^^^^
  File "/usr/local/lib/python3.12/dist-packages/fiddle/_src/building.py", line 185, in build
    result = daglish.MemoizedTraversal.run(_build, buildable)
             ^^^^^^^^^^^^^^^^^^^^^^^^^^^^^^^^^^^^^^^^^^^^^^^^
  File "/usr/local/lib/python3.12/dist-packages/fiddle/_src/daglish.py", line 477, in run
    result = daglish.MemoizedTraversal.run(_build, buildable)
             ^^^^^^^^^^^^^^^^^^^^^^^^^^^^^^^^^^^^^^^^^^^^^^^^
  File "/usr/local/lib/python3.12/dist-packages/fiddle/_src/daglish.py", line 477, in run
    return fn(root_obj, state)
           ^^^^^^^^^^^^^^^^^^^
  File "/usr/local/lib/python3.12/dist-packages/fiddle/_src/building.py", line 176, in _build
    return fn(root_obj, state)
           ^^^^^^^^^^^^^^^^^^^
  File "/usr/local/lib/python3.12/dist-packages/fiddle/_src/building.py", line 176, in _build
    sub_traversal = state.flattened_map_children(value)
                    ^^^^^^^^^^^^^^^^^^^^^^^^^^^^^^^^^^^
  File "/usr/local/lib/python3.12/dist-packages/fiddle/_src/daglish.py", line 631, in flattened_map_children
    sub_traversal = state.flattened_map_children(value)
                    ^^^^^^^^^^^^^^^^^^^^^^^^^^^^^^^^^^^
  File "/usr/local/lib/python3.12/dist-packages/fiddle/_src/daglish.py", line 631, in flattened_map_children
    return self._flattened_map_children(value, node_traverser)
           ^^^^^^^^^^^^^^^^^^^^^^^^^^^^^^^^^^^^^^^^^^^^^^^^^^^
  File "/usr/local/lib/python3.12/dist-packages/fiddle/_src/daglish.py", line 580, in _flattened_map_children
    return self._flattened_map_children(value, node_traverser)
           ^^^^^^^^^^^^^^^^^^^^^^^^^^^^^^^^^^^^^^^^^^^^^^^^^^^
  File "/usr/local/lib/python3.12/dist-packages/fiddle/_src/daglish.py", line 580, in _flattened_map_children
    self.call(subvalue, path_element)
  File "/usr/local/lib/python3.12/dist-packages/fiddle/_src/daglish.py", line 694, in call
    self.call(subvalue, path_element)
  File "/usr/local/lib/python3.12/dist-packages/fiddle/_src/daglish.py", line 694, in call
    return self.traversal.apply(value, new_state)
           ^^^^^^^^^^^^^^^^^^^^^^^^^^^^^^^^^^^^^^
  File "/usr/local/lib/python3.12/dist-packages/fiddle/_src/daglish.py", line 786, in apply
    return self.traversal.apply(value, new_state)
           ^^^^^^^^^^^^^^^^^^^^^^^^^^^^^^^^^^^^^^
  File "/usr/local/lib/python3.12/dist-packages/fiddle/_src/daglish.py", line 786, in apply
    result = self.traversal_fn(value, state)
             ^^^^^^^^^^^^^^^^^^^^^^^^^^^^^^^
  File "/usr/local/lib/python3.12/dist-packages/fiddle/_src/building.py", line 176, in _build
Traceback (most recent call last):
  File "/work/m24047/m24047brmn/nemo/OpenLLM-BPI-Training/training/train/test/train_model_1L.py", line 242, in <module>
    result = self.traversal_fn(value, state)
    main()
             ^^^^^^^^^^^^^^^^^^^^^^^^^^^^^^^
  File "/work/m24047/m24047brmn/nemo/OpenLLM-BPI-Training/training/train/test/train_model_1L.py", line 235, in main
  File "/usr/local/lib/python3.12/dist-packages/fiddle/_src/building.py", line 176, in _build
    sub_traversal = state.flattened_map_children(value)
    main()
  File "/work/m24047/m24047brmn/nemo/OpenLLM-BPI-Training/training/train/test/train_model_1L.py", line 235, in main
                    ^^^^^^^^^^^^^^^^^^^^^^^^^^^^^^^^^^^
  File "/usr/local/lib/python3.12/dist-packages/fiddle/_src/daglish.py", line 631, in flattened_map_children
    recipe_obj = fiddle.build(recipe)
    sub_traversal = state.flattened_map_children(value)
                 ^^^^^^^^^^^^^^^^^^^^
  File "/usr/local/lib/python3.12/dist-packages/fiddle/_src/building.py", line 185, in build
                    ^^^^^^^^^^^^^^^^^^^^^^^^^^^^^^^^^^^
  File "/usr/local/lib/python3.12/dist-packages/fiddle/_src/daglish.py", line 631, in flattened_map_children
    return self._flattened_map_children(value, node_traverser)
           ^^^^^^^^^^^^^^^^^^^^^^^^^^^^^^^^^^^^^^^^^^^^^^^^^^^
  File "/usr/local/lib/python3.12/dist-packages/fiddle/_src/daglish.py", line 580, in _flattened_map_children
    return self._flattened_map_children(value, node_traverser)
           ^^^^^^^^^^^^^^^^^^^^^^^^^^^^^^^^^^^^^^^^^^^^^^^^^^^
  File "/usr/local/lib/python3.12/dist-packages/fiddle/_src/daglish.py", line 580, in _flattened_map_children
    result = daglish.MemoizedTraversal.run(_build, buildable)
    self.call(subvalue, path_element)
             ^^^^^^^^^^^^^^^^^^^^^^^^^^^^^^^^^^^^^^^^^^^^^^^^
  File "/usr/local/lib/python3.12/dist-packages/fiddle/_src/daglish.py", line 477, in run
  File "/usr/local/lib/python3.12/dist-packages/fiddle/_src/daglish.py", line 694, in call
    recipe_obj = fiddle.build(recipe)
                 ^^^^^^^^^^^^^^^^^^^^
    self.call(subvalue, path_element)
  File "/usr/local/lib/python3.12/dist-packages/fiddle/_src/building.py", line 185, in build
  File "/usr/local/lib/python3.12/dist-packages/fiddle/_src/daglish.py", line 694, in call
    result = daglish.MemoizedTraversal.run(_build, buildable)
    return self.traversal.apply(value, new_state)
             ^^^^^^^^^^^^^^^^^^^^^^^^^^^^^^^^^^^^^^^^^^^^^^^^
  File "/usr/local/lib/python3.12/dist-packages/fiddle/_src/daglish.py", line 477, in run
           ^^^^^^^^^^^^^^^^^^^^^^^^^^^^^^^^^^^^^^
  File "/usr/local/lib/python3.12/dist-packages/fiddle/_src/daglish.py", line 786, in apply
    return self.traversal.apply(value, new_state)
           ^^^^^^^^^^^^^^^^^^^^^^^^^^^^^^^^^^^^^^
  File "/usr/local/lib/python3.12/dist-packages/fiddle/_src/daglish.py", line 786, in apply
    result = self.traversal_fn(value, state)
    return fn(root_obj, state)
             ^^^^^^^^^^^^^^^^^^^^^^^^^^^^^^^
           ^^^^^^^^^^^^^^^^^^^
  File "/usr/local/lib/python3.12/dist-packages/fiddle/_src/building.py", line 176, in _build
  File "/usr/local/lib/python3.12/dist-packages/fiddle/_src/building.py", line 182, in _build
    sub_traversal = state.flattened_map_children(value)
                    ^^^^^^^^^^^^^^^^^^^^^^^^^^^^^^^^^^^
    result = self.traversal_fn(value, state)
  File "/usr/local/lib/python3.12/dist-packages/fiddle/_src/daglish.py", line 631, in flattened_map_children
             ^^^^^^^^^^^^^^^^^^^^^^^^^^^^^^^
  File "/usr/local/lib/python3.12/dist-packages/fiddle/_src/building.py", line 182, in _build
    return fn(root_obj, state)
    return state.map_children(value)
           ^^^^^^^^^^^^^^^^^^^
  File "/usr/local/lib/python3.12/dist-packages/fiddle/_src/building.py", line 176, in _build
           ^^^^^^^^^^^^^^^^^^^^^^^^^
  File "/usr/local/lib/python3.12/dist-packages/fiddle/_src/daglish.py", line 601, in map_children
    return state.map_children(value)
    return self._flattened_map_children(value, node_traverser)
           ^^^^^^^^^^^^^^^^^^^^^^^^^
  File "/usr/local/lib/python3.12/dist-packages/fiddle/_src/daglish.py", line 601, in map_children
           ^^^^^^^^^^^^^^^^^^^^^^^^^^^^^^^^^^^^^^^^^^^^^^^^^^^
  File "/usr/local/lib/python3.12/dist-packages/fiddle/_src/daglish.py", line 580, in _flattened_map_children
    result = self._flattened_map_children(value, node_traverser)
    sub_traversal = state.flattened_map_children(value)
                    ^^^^^^^^^^^^^^^^^^^^^^^^^^^^^^^^^^^
             ^^^^^^^^^^^^^^^^^^^^^^^^^^^^^^^^^^^^^^^^^^^^^^^^^^^
  File "/usr/local/lib/python3.12/dist-packages/fiddle/_src/daglish.py", line 631, in flattened_map_children
  File "/usr/local/lib/python3.12/dist-packages/fiddle/_src/daglish.py", line 580, in _flattened_map_children
    self.call(subvalue, path_element)
    result = self._flattened_map_children(value, node_traverser)
  File "/usr/local/lib/python3.12/dist-packages/fiddle/_src/daglish.py", line 694, in call
             ^^^^^^^^^^^^^^^^^^^^^^^^^^^^^^^^^^^^^^^^^^^^^^^^^^^
  File "/usr/local/lib/python3.12/dist-packages/fiddle/_src/daglish.py", line 580, in _flattened_map_children
    return self._flattened_map_children(value, node_traverser)
    self.call(subvalue, path_element)
           ^^^^^^^^^^^^^^^^^^^^^^^^^^^^^^^^^^^^^^^^^^^^^^^^^^^
  File "/usr/local/lib/python3.12/dist-packages/fiddle/_src/daglish.py", line 580, in _flattened_map_children
  File "/usr/local/lib/python3.12/dist-packages/fiddle/_src/daglish.py", line 694, in call
    self.call(subvalue, path_element)
    return self.traversal.apply(value, new_state)
  File "/usr/local/lib/python3.12/dist-packages/fiddle/_src/daglish.py", line 694, in call
           ^^^^^^^^^^^^^^^^^^^^^^^^^^^^^^^^^^^^^^
  File "/usr/local/lib/python3.12/dist-packages/fiddle/_src/daglish.py", line 786, in apply
    return self.traversal.apply(value, new_state)
    self.call(subvalue, path_element)
           ^^^^^^^^^^^^^^^^^^^^^^^^^^^^^^^^^^^^^^
  File "/usr/local/lib/python3.12/dist-packages/fiddle/_src/daglish.py", line 694, in call
  File "/usr/local/lib/python3.12/dist-packages/fiddle/_src/daglish.py", line 786, in apply
    return self.traversal.apply(value, new_state)
    result = self.traversal_fn(value, state)
             ^^^^^^^^^^^^^^^^^^^^^^^^^^^^^^^
           ^^^^^^^^^^^^^^^^^^^^^^^^^^^^^^^^^^^^^^
  File "/usr/local/lib/python3.12/dist-packages/fiddle/_src/building.py", line 176, in _build
  File "/usr/local/lib/python3.12/dist-packages/fiddle/_src/daglish.py", line 786, in apply
    return self.traversal.apply(value, new_state)
    result = self.traversal_fn(value, state)
             ^^^^^^^^^^^^^^^^^^^^^^^^^^^^^^^
           ^^^^^^^^^^^^^^^^^^^^^^^^^^^^^^^^^^^^^^
  File "/usr/local/lib/python3.12/dist-packages/fiddle/_src/daglish.py", line 786, in apply
  File "/usr/local/lib/python3.12/dist-packages/fiddle/_src/building.py", line 180, in _build
    sub_traversal = state.flattened_map_children(value)
    result = self.traversal_fn(value, state)
                    ^^^^^^^^^^^^^^^^^^^^^^^^^^^^^^^^^^^
  File "/usr/local/lib/python3.12/dist-packages/fiddle/_src/daglish.py", line 631, in flattened_map_children
             ^^^^^^^^^^^^^^^^^^^^^^^^^^^^^^^
  File "/usr/local/lib/python3.12/dist-packages/fiddle/_src/building.py", line 180, in _build
    return call_buildable(value, arguments, current_path=state.current_path)
    result = self.traversal_fn(value, state)
           ^^^^^^^^^^^^^^^^^^^^^^^^^^^^^^^^^^^^^^^^^^^^^^^^^^^^^^^^^^^^^^^^^
  File "/usr/local/lib/python3.12/dist-packages/fiddle/_src/building.py", line 119, in call_buildable
             ^^^^^^^^^^^^^^^^^^^^^^^^^^^^^^^
  File "/usr/local/lib/python3.12/dist-packages/fiddle/_src/building.py", line 176, in _build
    return call_buildable(value, arguments, current_path=state.current_path)
    return self._flattened_map_children(value, node_traverser)
           ^^^^^^^^^^^^^^^^^^^^^^^^^^^^^^^^^^^^^^^^^^^^^^^^^^^^^^^^^^^^^^^^^
  File "/usr/local/lib/python3.12/dist-packages/fiddle/_src/building.py", line 119, in call_buildable
           ^^^^^^^^^^^^^^^^^^^^^^^^^^^^^^^^^^^^^^^^^^^^^^^^^^^
  File "/usr/local/lib/python3.12/dist-packages/fiddle/_src/daglish.py", line 580, in _flattened_map_children
    with reraised_exception.try_with_lazy_message(make_message):
  File "/usr/lib/python3.12/contextlib.py", line 158, in __exit__
    sub_traversal = state.flattened_map_children(value)
                    ^^^^^^^^^^^^^^^^^^^^^^^^^^^^^^^^^^^
  File "/usr/local/lib/python3.12/dist-packages/fiddle/_src/daglish.py", line 631, in flattened_map_children
    with reraised_exception.try_with_lazy_message(make_message):
  File "/usr/lib/python3.12/contextlib.py", line 158, in __exit__
    self.call(subvalue, path_element)
  File "/usr/local/lib/python3.12/dist-packages/fiddle/_src/daglish.py", line 694, in call
    return self._flattened_map_children(value, node_traverser)
           ^^^^^^^^^^^^^^^^^^^^^^^^^^^^^^^^^^^^^^^^^^^^^^^^^^^
  File "/usr/local/lib/python3.12/dist-packages/fiddle/_src/daglish.py", line 580, in _flattened_map_children
    self.gen.throw(value)
  File "/usr/local/lib/python3.12/dist-packages/fiddle/_src/reraised_exception.py", line 82, in try_with_lazy_message
    return self.traversal.apply(value, new_state)
    self.gen.throw(value)
           ^^^^^^^^^^^^^^^^^^^^^^^^^^^^^^^^^^^^^^
  File "/usr/local/lib/python3.12/dist-packages/fiddle/_src/daglish.py", line 786, in apply
  File "/usr/local/lib/python3.12/dist-packages/fiddle/_src/reraised_exception.py", line 82, in try_with_lazy_message
    self.call(subvalue, path_element)
  File "/usr/local/lib/python3.12/dist-packages/fiddle/_src/daglish.py", line 694, in call
    result = self.traversal_fn(value, state)
             ^^^^^^^^^^^^^^^^^^^^^^^^^^^^^^^
    raise decorate_exception(exc, message) from None
  File "/usr/local/lib/python3.12/dist-packages/fiddle/_src/building.py", line 182, in _build
  File "/usr/local/lib/python3.12/dist-packages/fiddle/_src/reraised_exception.py", line 74, in try_with_lazy_message
    raise decorate_exception(exc, message) from None
    return self.traversal.apply(value, new_state)
  File "/usr/local/lib/python3.12/dist-packages/fiddle/_src/reraised_exception.py", line 74, in try_with_lazy_message
    yield
           ^^^^^^^^^^^^^^^^^^^^^^^^^^^^^^^^^^^^^^
  File "/usr/local/lib/python3.12/dist-packages/fiddle/_src/daglish.py", line 786, in apply
  File "/usr/local/lib/python3.12/dist-packages/fiddle/_src/building.py", line 120, in call_buildable
    yield
    return state.map_children(value)
  File "/usr/local/lib/python3.12/dist-packages/fiddle/_src/building.py", line 120, in call_buildable
           ^^^^^^^^^^^^^^^^^^^^^^^^^
  File "/usr/local/lib/python3.12/dist-packages/fiddle/_src/daglish.py", line 601, in map_children
    return buildable.__build__(*args, **kwargs)
           ^^^^^^^^^^^^^^^^^^^^^^^^^^^^^^^^^^^^
    result = self._flattened_map_children(value, node_traverser)
  File "/usr/local/lib/python3.12/dist-packages/fiddle/_src/config.py", line 783, in __build__
    return buildable.__build__(*args, **kwargs)
             ^^^^^^^^^^^^^^^^^^^^^^^^^^^^^^^^^^^^^^^^^^^^^^^^^^^
  File "/usr/local/lib/python3.12/dist-packages/fiddle/_src/daglish.py", line 580, in _flattened_map_children
           ^^^^^^^^^^^^^^^^^^^^^^^^^^^^^^^^^^^^
  File "/usr/local/lib/python3.12/dist-packages/fiddle/_src/config.py", line 783, in __build__
    result = self.traversal_fn(value, state)
             ^^^^^^^^^^^^^^^^^^^^^^^^^^^^^^^
  File "/usr/local/lib/python3.12/dist-packages/fiddle/_src/building.py", line 182, in _build
    self.call(subvalue, path_element)
  File "/usr/local/lib/python3.12/dist-packages/fiddle/_src/daglish.py", line 694, in call
    return state.map_children(value)
    return self.__fn_or_cls__(*args, **kwargs)
           ^^^^^^^^^^^^^^^^^^^^^^^^^
  File "/usr/local/lib/python3.12/dist-packages/fiddle/_src/daglish.py", line 601, in map_children
           ^^^^^^^^^^^^^^^^^^^^^^^^^^^^^^^^^^^
  File "/opt/NeMo/nemo/lightning/pytorch/callbacks/model_checkpoint.py", line 110, in __init__
    return self.traversal.apply(value, new_state)
           ^^^^^^^^^^^^^^^^^^^^^^^^^^^^^^^^^^^^^^
  File "/usr/local/lib/python3.12/dist-packages/fiddle/_src/daglish.py", line 786, in apply
    return self.__fn_or_cls__(*args, **kwargs)
           ^^^^^^^^^^^^^^^^^^^^^^^^^^^^^^^^^^^
    result = self._flattened_map_children(value, node_traverser)
  File "/opt/NeMo/nemo/lightning/pytorch/callbacks/model_checkpoint.py", line 110, in __init__
    super().__init__(
  File "/usr/local/lib/python3.12/dist-packages/lightning/pytorch/callbacks/model_checkpoint.py", line 256, in __init__
             ^^^^^^^^^^^^^^^^^^^^^^^^^^^^^^^^^^^^^^^^^^^^^^^^^^^
  File "/usr/local/lib/python3.12/dist-packages/fiddle/_src/daglish.py", line 580, in _flattened_map_children
    super().__init__(
  File "/usr/local/lib/python3.12/dist-packages/lightning/pytorch/callbacks/model_checkpoint.py", line 256, in __init__
    result = self.traversal_fn(value, state)
             ^^^^^^^^^^^^^^^^^^^^^^^^^^^^^^^
  File "/usr/local/lib/python3.12/dist-packages/fiddle/_src/building.py", line 180, in _build
    self.call(subvalue, path_element)
  File "/usr/local/lib/python3.12/dist-packages/fiddle/_src/daglish.py", line 694, in call
    return self.traversal.apply(value, new_state)
    self.__validate_init_configuration()
           ^^^^^^^^^^^^^^^^^^^^^^^^^^^^^^^^^^^^^^
  File "/usr/local/lib/python3.12/dist-packages/fiddle/_src/daglish.py", line 786, in apply
  File "/usr/local/lib/python3.12/dist-packages/lightning/pytorch/callbacks/model_checkpoint.py", line 467, in __validate_init_configuration
    return call_buildable(value, arguments, current_path=state.current_path)
    self.__validate_init_configuration()
           ^^^^^^^^^^^^^^^^^^^^^^^^^^^^^^^^^^^^^^^^^^^^^^^^^^^^^^^^^^^^^^^^^
  File "/usr/local/lib/python3.12/dist-packages/lightning/pytorch/callbacks/model_checkpoint.py", line 467, in __validate_init_configuration
  File "/usr/local/lib/python3.12/dist-packages/fiddle/_src/building.py", line 119, in call_buildable
    raise MisconfigurationException(
lightning.fabric.utilities.exceptions.MisconfigurationException: ModelCheckpoint(save_top_k=3, monitor=None) is not a valid configuration. No quantity for top_k to track.

Fiddle context: failed to construct or call ModelCheckpoint at <root>.trainer.callbacks[2] with positional arguments: (), keyword arguments: (monitor=None, verbose=True, save_last=True, every_n_train_steps=5, save_on_train_epoch_end=True, dirpath='/tmpdir/m24047brmn/nemo_1b/output/checkpoints', filename='{model_name}--step={step}-consumed={consumed_samples:.0f}').
    result = self.traversal_fn(value, state)
             ^^^^^^^^^^^^^^^^^^^^^^^^^^^^^^^
  File "/usr/local/lib/python3.12/dist-packages/fiddle/_src/building.py", line 180, in _build
    with reraised_exception.try_with_lazy_message(make_message):
  File "/usr/lib/python3.12/contextlib.py", line 158, in __exit__
    self.gen.throw(value)
  File "/usr/local/lib/python3.12/dist-packages/fiddle/_src/reraised_exception.py", line 82, in try_with_lazy_message
    return call_buildable(value, arguments, current_path=state.current_path)
           ^^^^^^^^^^^^^^^^^^^^^^^^^^^^^^^^^^^^^^^^^^^^^^^^^^^^^^^^^^^^^^^^^
  File "/usr/local/lib/python3.12/dist-packages/fiddle/_src/building.py", line 119, in call_buildable
    raise decorate_exception(exc, message) from None
  File "/usr/local/lib/python3.12/dist-packages/fiddle/_src/reraised_exception.py", line 74, in try_with_lazy_message
    yield
  File "/usr/local/lib/python3.12/dist-packages/fiddle/_src/building.py", line 120, in call_buildable
    with reraised_exception.try_with_lazy_message(make_message):
  File "/usr/lib/python3.12/contextlib.py", line 158, in __exit__
    return buildable.__build__(*args, **kwargs)
           ^^^^^^^^^^^^^^^^^^^^^^^^^^^^^^^^^^^^
  File "/usr/local/lib/python3.12/dist-packages/fiddle/_src/config.py", line 783, in __build__
    self.gen.throw(value)
  File "/usr/local/lib/python3.12/dist-packages/fiddle/_src/reraised_exception.py", line 82, in try_with_lazy_message
    return self.__fn_or_cls__(*args, **kwargs)
           ^^^^^^^^^^^^^^^^^^^^^^^^^^^^^^^^^^^
  File "/opt/NeMo/nemo/lightning/pytorch/callbacks/model_checkpoint.py", line 110, in __init__
    raise decorate_exception(exc, message) from None
  File "/usr/local/lib/python3.12/dist-packages/fiddle/_src/reraised_exception.py", line 74, in try_with_lazy_message
    yield
  File "/usr/local/lib/python3.12/dist-packages/fiddle/_src/building.py", line 120, in call_buildable
    return buildable.__build__(*args, **kwargs)
           ^^^^^^^^^^^^^^^^^^^^^^^^^^^^^^^^^^^^
  File "/usr/local/lib/python3.12/dist-packages/fiddle/_src/config.py", line 783, in __build__
    super().__init__(
  File "/usr/local/lib/python3.12/dist-packages/lightning/pytorch/callbacks/model_checkpoint.py", line 256, in __init__
    return self.__fn_or_cls__(*args, **kwargs)
           ^^^^^^^^^^^^^^^^^^^^^^^^^^^^^^^^^^^
  File "/opt/NeMo/nemo/lightning/pytorch/callbacks/model_checkpoint.py", line 110, in __init__
    self.__validate_init_configuration()
  File "/usr/local/lib/python3.12/dist-packages/lightning/pytorch/callbacks/model_checkpoint.py", line 467, in __validate_init_configuration
    raise MisconfigurationException(
lightning.fabric.utilities.exceptions.MisconfigurationException: ModelCheckpoint(save_top_k=3, monitor=None) is not a valid configuration. No quantity for top_k to track.

Fiddle context: failed to construct or call ModelCheckpoint at <root>.trainer.callbacks[2] with positional arguments: (), keyword arguments: (monitor=None, verbose=True, save_last=True, every_n_train_steps=5, save_on_train_epoch_end=True, dirpath='/tmpdir/m24047brmn/nemo_1b/output/checkpoints', filename='{model_name}--step={step}-consumed={consumed_samples:.0f}').
    raise MisconfigurationException(
lightning.fabric.utilities.exceptions.MisconfigurationException: ModelCheckpoint(save_top_k=3, monitor=None) is not a valid configuration. No quantity for top_k to track.

Fiddle context: failed to construct or call ModelCheckpoint at <root>.trainer.callbacks[2] with positional arguments: (), keyword arguments: (monitor=None, verbose=True, save_last=True, every_n_train_steps=5, save_on_train_epoch_end=True, dirpath='/tmpdir/m24047brmn/nemo_1b/output/checkpoints', filename='{model_name}--step={step}-consumed={consumed_samples:.0f}').
    super().__init__(
  File "/usr/local/lib/python3.12/dist-packages/lightning/pytorch/callbacks/model_checkpoint.py", line 256, in __init__
    self.__validate_init_configuration()
  File "/usr/local/lib/python3.12/dist-packages/lightning/pytorch/callbacks/model_checkpoint.py", line 467, in __validate_init_configuration
    raise MisconfigurationException(
lightning.fabric.utilities.exceptions.MisconfigurationException: ModelCheckpoint(save_top_k=3, monitor=None) is not a valid configuration. No quantity for top_k to track.

Fiddle context: failed to construct or call ModelCheckpoint at <root>.trainer.callbacks[2] with positional arguments: (), keyword arguments: (monitor=None, verbose=True, save_last=True, every_n_train_steps=5, save_on_train_epoch_end=True, dirpath='/tmpdir/m24047brmn/nemo_1b/output/checkpoints', filename='{model_name}--step={step}-consumed={consumed_samples:.0f}').
INFO:__main__:Training from scratch (no checkpoint)
INFO:__main__:Training from scratch (no checkpoint)
INFO:utils:Config saved to /tmpdir/m24047brmn/nemo_1b/output/job_75551/config_nemotron1b-1layer-test.json
INFO:utils:Config saved to /tmpdir/m24047brmn/nemo_1b/output/job_75551/config_nemotron1b-1layer-test.json
Traceback (most recent call last):
  File "/work/m24047/m24047brmn/nemo/OpenLLM-BPI-Training/training/train/test/train_model_1L.py", line 242, in <module>
Traceback (most recent call last):
  File "/work/m24047/m24047brmn/nemo/OpenLLM-BPI-Training/training/train/test/train_model_1L.py", line 242, in <module>
    main()
  File "/work/m24047/m24047brmn/nemo/OpenLLM-BPI-Training/training/train/test/train_model_1L.py", line 235, in main
    main()
  File "/work/m24047/m24047brmn/nemo/OpenLLM-BPI-Training/training/train/test/train_model_1L.py", line 235, in main
    recipe_obj = fiddle.build(recipe)
                 ^^^^^^^^^^^^^^^^^^^^
  File "/usr/local/lib/python3.12/dist-packages/fiddle/_src/building.py", line 185, in build
    recipe_obj = fiddle.build(recipe)
                 ^^^^^^^^^^^^^^^^^^^^
  File "/usr/local/lib/python3.12/dist-packages/fiddle/_src/building.py", line 185, in build
    result = daglish.MemoizedTraversal.run(_build, buildable)
             ^^^^^^^^^^^^^^^^^^^^^^^^^^^^^^^^^^^^^^^^^^^^^^^^
  File "/usr/local/lib/python3.12/dist-packages/fiddle/_src/daglish.py", line 477, in run
    result = daglish.MemoizedTraversal.run(_build, buildable)
             ^^^^^^^^^^^^^^^^^^^^^^^^^^^^^^^^^^^^^^^^^^^^^^^^
  File "/usr/local/lib/python3.12/dist-packages/fiddle/_src/daglish.py", line 477, in run
    return fn(root_obj, state)
           ^^^^^^^^^^^^^^^^^^^
  File "/usr/local/lib/python3.12/dist-packages/fiddle/_src/building.py", line 176, in _build
    return fn(root_obj, state)
           ^^^^^^^^^^^^^^^^^^^
  File "/usr/local/lib/python3.12/dist-packages/fiddle/_src/building.py", line 176, in _build
    sub_traversal = state.flattened_map_children(value)
                    ^^^^^^^^^^^^^^^^^^^^^^^^^^^^^^^^^^^
  File "/usr/local/lib/python3.12/dist-packages/fiddle/_src/daglish.py", line 631, in flattened_map_children
    sub_traversal = state.flattened_map_children(value)
                    ^^^^^^^^^^^^^^^^^^^^^^^^^^^^^^^^^^^
  File "/usr/local/lib/python3.12/dist-packages/fiddle/_src/daglish.py", line 631, in flattened_map_children
    return self._flattened_map_children(value, node_traverser)
           ^^^^^^^^^^^^^^^^^^^^^^^^^^^^^^^^^^^^^^^^^^^^^^^^^^^
  File "/usr/local/lib/python3.12/dist-packages/fiddle/_src/daglish.py", line 580, in _flattened_map_children
    return self._flattened_map_children(value, node_traverser)
           ^^^^^^^^^^^^^^^^^^^^^^^^^^^^^^^^^^^^^^^^^^^^^^^^^^^
  File "/usr/local/lib/python3.12/dist-packages/fiddle/_src/daglish.py", line 580, in _flattened_map_children
    self.call(subvalue, path_element)
  File "/usr/local/lib/python3.12/dist-packages/fiddle/_src/daglish.py", line 694, in call
    self.call(subvalue, path_element)
  File "/usr/local/lib/python3.12/dist-packages/fiddle/_src/daglish.py", line 694, in call
    return self.traversal.apply(value, new_state)
           ^^^^^^^^^^^^^^^^^^^^^^^^^^^^^^^^^^^^^^
  File "/usr/local/lib/python3.12/dist-packages/fiddle/_src/daglish.py", line 786, in apply
    return self.traversal.apply(value, new_state)
           ^^^^^^^^^^^^^^^^^^^^^^^^^^^^^^^^^^^^^^
  File "/usr/local/lib/python3.12/dist-packages/fiddle/_src/daglish.py", line 786, in apply
    result = self.traversal_fn(value, state)
             ^^^^^^^^^^^^^^^^^^^^^^^^^^^^^^^
  File "/usr/local/lib/python3.12/dist-packages/fiddle/_src/building.py", line 176, in _build
    result = self.traversal_fn(value, state)
             ^^^^^^^^^^^^^^^^^^^^^^^^^^^^^^^
  File "/usr/local/lib/python3.12/dist-packages/fiddle/_src/building.py", line 176, in _build
    sub_traversal = state.flattened_map_children(value)
                    ^^^^^^^^^^^^^^^^^^^^^^^^^^^^^^^^^^^
  File "/usr/local/lib/python3.12/dist-packages/fiddle/_src/daglish.py", line 631, in flattened_map_children
    sub_traversal = state.flattened_map_children(value)
                    ^^^^^^^^^^^^^^^^^^^^^^^^^^^^^^^^^^^
  File "/usr/local/lib/python3.12/dist-packages/fiddle/_src/daglish.py", line 631, in flattened_map_children
    return self._flattened_map_children(value, node_traverser)
           ^^^^^^^^^^^^^^^^^^^^^^^^^^^^^^^^^^^^^^^^^^^^^^^^^^^
  File "/usr/local/lib/python3.12/dist-packages/fiddle/_src/daglish.py", line 580, in _flattened_map_children
    return self._flattened_map_children(value, node_traverser)
           ^^^^^^^^^^^^^^^^^^^^^^^^^^^^^^^^^^^^^^^^^^^^^^^^^^^
  File "/usr/local/lib/python3.12/dist-packages/fiddle/_src/daglish.py", line 580, in _flattened_map_children
    self.call(subvalue, path_element)
  File "/usr/local/lib/python3.12/dist-packages/fiddle/_src/daglish.py", line 694, in call
    self.call(subvalue, path_element)
  File "/usr/local/lib/python3.12/dist-packages/fiddle/_src/daglish.py", line 694, in call
    return self.traversal.apply(value, new_state)
           ^^^^^^^^^^^^^^^^^^^^^^^^^^^^^^^^^^^^^^
  File "/usr/local/lib/python3.12/dist-packages/fiddle/_src/daglish.py", line 786, in apply
    return self.traversal.apply(value, new_state)
           ^^^^^^^^^^^^^^^^^^^^^^^^^^^^^^^^^^^^^^
  File "/usr/local/lib/python3.12/dist-packages/fiddle/_src/daglish.py", line 786, in apply
    result = self.traversal_fn(value, state)
             ^^^^^^^^^^^^^^^^^^^^^^^^^^^^^^^
  File "/usr/local/lib/python3.12/dist-packages/fiddle/_src/building.py", line 182, in _build
    result = self.traversal_fn(value, state)
             ^^^^^^^^^^^^^^^^^^^^^^^^^^^^^^^
  File "/usr/local/lib/python3.12/dist-packages/fiddle/_src/building.py", line 182, in _build
    return state.map_children(value)
           ^^^^^^^^^^^^^^^^^^^^^^^^^
  File "/usr/local/lib/python3.12/dist-packages/fiddle/_src/daglish.py", line 601, in map_children
    return state.map_children(value)
           ^^^^^^^^^^^^^^^^^^^^^^^^^
  File "/usr/local/lib/python3.12/dist-packages/fiddle/_src/daglish.py", line 601, in map_children
    result = self._flattened_map_children(value, node_traverser)
             ^^^^^^^^^^^^^^^^^^^^^^^^^^^^^^^^^^^^^^^^^^^^^^^^^^^
  File "/usr/local/lib/python3.12/dist-packages/fiddle/_src/daglish.py", line 580, in _flattened_map_children
    result = self._flattened_map_children(value, node_traverser)
             ^^^^^^^^^^^^^^^^^^^^^^^^^^^^^^^^^^^^^^^^^^^^^^^^^^^
  File "/usr/local/lib/python3.12/dist-packages/fiddle/_src/daglish.py", line 580, in _flattened_map_children
    self.call(subvalue, path_element)
  File "/usr/local/lib/python3.12/dist-packages/fiddle/_src/daglish.py", line 694, in call
    self.call(subvalue, path_element)
  File "/usr/local/lib/python3.12/dist-packages/fiddle/_src/daglish.py", line 694, in call
    return self.traversal.apply(value, new_state)
           ^^^^^^^^^^^^^^^^^^^^^^^^^^^^^^^^^^^^^^
  File "/usr/local/lib/python3.12/dist-packages/fiddle/_src/daglish.py", line 786, in apply
    return self.traversal.apply(value, new_state)
           ^^^^^^^^^^^^^^^^^^^^^^^^^^^^^^^^^^^^^^
  File "/usr/local/lib/python3.12/dist-packages/fiddle/_src/daglish.py", line 786, in apply
    result = self.traversal_fn(value, state)
             ^^^^^^^^^^^^^^^^^^^^^^^^^^^^^^^
  File "/usr/local/lib/python3.12/dist-packages/fiddle/_src/building.py", line 180, in _build
    result = self.traversal_fn(value, state)
             ^^^^^^^^^^^^^^^^^^^^^^^^^^^^^^^
  File "/usr/local/lib/python3.12/dist-packages/fiddle/_src/building.py", line 180, in _build
    return call_buildable(value, arguments, current_path=state.current_path)
           ^^^^^^^^^^^^^^^^^^^^^^^^^^^^^^^^^^^^^^^^^^^^^^^^^^^^^^^^^^^^^^^^^
  File "/usr/local/lib/python3.12/dist-packages/fiddle/_src/building.py", line 119, in call_buildable
    return call_buildable(value, arguments, current_path=state.current_path)
           ^^^^^^^^^^^^^^^^^^^^^^^^^^^^^^^^^^^^^^^^^^^^^^^^^^^^^^^^^^^^^^^^^
  File "/usr/local/lib/python3.12/dist-packages/fiddle/_src/building.py", line 119, in call_buildable
    with reraised_exception.try_with_lazy_message(make_message):
  File "/usr/lib/python3.12/contextlib.py", line 158, in __exit__
    with reraised_exception.try_with_lazy_message(make_message):
  File "/usr/lib/python3.12/contextlib.py", line 158, in __exit__
    self.gen.throw(value)
  File "/usr/local/lib/python3.12/dist-packages/fiddle/_src/reraised_exception.py", line 82, in try_with_lazy_message
    self.gen.throw(value)
  File "/usr/local/lib/python3.12/dist-packages/fiddle/_src/reraised_exception.py", line 82, in try_with_lazy_message
    raise decorate_exception(exc, message) from None
  File "/usr/local/lib/python3.12/dist-packages/fiddle/_src/reraised_exception.py", line 74, in try_with_lazy_message
    raise decorate_exception(exc, message) from None
  File "/usr/local/lib/python3.12/dist-packages/fiddle/_src/reraised_exception.py", line 74, in try_with_lazy_message
    yield
  File "/usr/local/lib/python3.12/dist-packages/fiddle/_src/building.py", line 120, in call_buildable
    yield
  File "/usr/local/lib/python3.12/dist-packages/fiddle/_src/building.py", line 120, in call_buildable
    return buildable.__build__(*args, **kwargs)
           ^^^^^^^^^^^^^^^^^^^^^^^^^^^^^^^^^^^^
  File "/usr/local/lib/python3.12/dist-packages/fiddle/_src/config.py", line 783, in __build__
    return buildable.__build__(*args, **kwargs)
           ^^^^^^^^^^^^^^^^^^^^^^^^^^^^^^^^^^^^
  File "/usr/local/lib/python3.12/dist-packages/fiddle/_src/config.py", line 783, in __build__
    return self.__fn_or_cls__(*args, **kwargs)
           ^^^^^^^^^^^^^^^^^^^^^^^^^^^^^^^^^^^
  File "/opt/NeMo/nemo/lightning/pytorch/callbacks/model_checkpoint.py", line 110, in __init__
    return self.__fn_or_cls__(*args, **kwargs)
           ^^^^^^^^^^^^^^^^^^^^^^^^^^^^^^^^^^^
  File "/opt/NeMo/nemo/lightning/pytorch/callbacks/model_checkpoint.py", line 110, in __init__
    super().__init__(
  File "/usr/local/lib/python3.12/dist-packages/lightning/pytorch/callbacks/model_checkpoint.py", line 256, in __init__
    super().__init__(
  File "/usr/local/lib/python3.12/dist-packages/lightning/pytorch/callbacks/model_checkpoint.py", line 256, in __init__
    self.__validate_init_configuration()
  File "/usr/local/lib/python3.12/dist-packages/lightning/pytorch/callbacks/model_checkpoint.py", line 467, in __validate_init_configuration
    self.__validate_init_configuration()
  File "/usr/local/lib/python3.12/dist-packages/lightning/pytorch/callbacks/model_checkpoint.py", line 467, in __validate_init_configuration
    raise MisconfigurationException(
lightning.fabric.utilities.exceptions.MisconfigurationException: ModelCheckpoint(save_top_k=3, monitor=None) is not a valid configuration. No quantity for top_k to track.

Fiddle context: failed to construct or call ModelCheckpoint at <root>.trainer.callbacks[2] with positional arguments: (), keyword arguments: (monitor=None, verbose=True, save_last=True, every_n_train_steps=5, save_on_train_epoch_end=True, dirpath='/tmpdir/m24047brmn/nemo_1b/output/checkpoints', filename='{model_name}--step={step}-consumed={consumed_samples:.0f}').
    raise MisconfigurationException(
lightning.fabric.utilities.exceptions.MisconfigurationException: ModelCheckpoint(save_top_k=3, monitor=None) is not a valid configuration. No quantity for top_k to track.

Fiddle context: failed to construct or call ModelCheckpoint at <root>.trainer.callbacks[2] with positional arguments: (), keyword arguments: (monitor=None, verbose=True, save_last=True, every_n_train_steps=5, save_on_train_epoch_end=True, dirpath='/tmpdir/m24047brmn/nemo_1b/output/checkpoints', filename='{model_name}--step={step}-consumed={consumed_samples:.0f}').
E0128 23:40:54.550000 2859652 torch/distributed/elastic/multiprocessing/api.py:870] failed (exitcode: 1) local_rank: 0 (pid: 2859737) of binary: /usr/bin/python
Traceback (most recent call last):
  File "/usr/local/bin/torchrun", line 33, in <module>
    sys.exit(load_entry_point('torch==2.7.0a0+7c8ec84dab.nv25.3', 'console_scripts', 'torchrun')())
             ^^^^^^^^^^^^^^^^^^^^^^^^^^^^^^^^^^^^^^^^^^^^^^^^^^^^^^^^^^^^^^^^^^^^^^^^^^^^^^^^^^^^^
  File "/usr/local/lib/python3.12/dist-packages/torch/distributed/elastic/multiprocessing/errors/__init__.py", line 355, in wrapper
    return f(*args, **kwargs)
           ^^^^^^^^^^^^^^^^^^
  File "/usr/local/lib/python3.12/dist-packages/torch/distributed/run.py", line 889, in main
    run(args)
  File "/usr/local/lib/python3.12/dist-packages/torch/distributed/run.py", line 880, in run
    elastic_launch(
  File "/usr/local/lib/python3.12/dist-packages/torch/distributed/launcher/api.py", line 139, in __call__
    return launch_agent(self._config, self._entrypoint, list(args))
           ^^^^^^^^^^^^^^^^^^^^^^^^^^^^^^^^^^^^^^^^^^^^^^^^^^^^^^^^
  File "/usr/local/lib/python3.12/dist-packages/torch/distributed/launcher/api.py", line 270, in launch_agent
    raise ChildFailedError(
torch.distributed.elastic.multiprocessing.errors.ChildFailedError: 
============================================================
/work/m24047/m24047brmn/nemo/OpenLLM-BPI-Training/training/train/test/train_model_1L.py FAILED
------------------------------------------------------------
Failures:
[1]:
  time      : 2026-01-28_23:40:54
  host      : turpancomp8.calmip.local
  rank      : 7 (local_rank: 1)
  exitcode  : 1 (pid: 2859738)
  error_file: <N/A>
  traceback : To enable traceback see: https://pytorch.org/docs/stable/elastic/errors.html
------------------------------------------------------------
Root Cause (first observed failure):
[0]:
  time      : 2026-01-28_23:40:54
  host      : turpancomp8.calmip.local
  rank      : 6 (local_rank: 0)
  exitcode  : 1 (pid: 2859737)
  error_file: <N/A>
  traceback : To enable traceback see: https://pytorch.org/docs/stable/elastic/errors.html
============================================================
E0128 23:40:54.649000 259966 torch/distributed/elastic/multiprocessing/api.py:870] failed (exitcode: 1) local_rank: 0 (pid: 260054) of binary: /usr/bin/python
Traceback (most recent call last):
  File "/usr/local/bin/torchrun", line 33, in <module>
    sys.exit(load_entry_point('torch==2.7.0a0+7c8ec84dab.nv25.3', 'console_scripts', 'torchrun')())
             ^^^^^^^^^^^^^^^^^^^^^^^^^^^^^^^^^^^^^^^^^^^^^^^^^^^^^^^^^^^^^^^^^^^^^^^^^^^^^^^^^^^^^
  File "/usr/local/lib/python3.12/dist-packages/torch/distributed/elastic/multiprocessing/errors/__init__.py", line 355, in wrapper
    return f(*args, **kwargs)
           ^^^^^^^^^^^^^^^^^^
  File "/usr/local/lib/python3.12/dist-packages/torch/distributed/run.py", line 889, in main
    run(args)
  File "/usr/local/lib/python3.12/dist-packages/torch/distributed/run.py", line 880, in run
    elastic_launch(
  File "/usr/local/lib/python3.12/dist-packages/torch/distributed/launcher/api.py", line 139, in __call__
    return launch_agent(self._config, self._entrypoint, list(args))
           ^^^^^^^^^^^^^^^^^^^^^^^^^^^^^^^^^^^^^^^^^^^^^^^^^^^^^^^^
  File "/usr/local/lib/python3.12/dist-packages/torch/distributed/launcher/api.py", line 270, in launch_agent
    raise ChildFailedError(
torch.distributed.elastic.multiprocessing.errors.ChildFailedError: 
============================================================
/work/m24047/m24047brmn/nemo/OpenLLM-BPI-Training/training/train/test/train_model_1L.py FAILED
------------------------------------------------------------
Failures:
[1]:
  time      : 2026-01-28_23:40:54
  host      : turpancomp7.calmip.local
  rank      : 5 (local_rank: 1)
  exitcode  : 1 (pid: 260055)
  error_file: <N/A>
  traceback : To enable traceback see: https://pytorch.org/docs/stable/elastic/errors.html
------------------------------------------------------------
Root Cause (first observed failure):
[0]:
  time      : 2026-01-28_23:40:54
  host      : turpancomp7.calmip.local
  rank      : 4 (local_rank: 0)
  exitcode  : 1 (pid: 260054)
  error_file: <N/A>
  traceback : To enable traceback see: https://pytorch.org/docs/stable/elastic/errors.html
============================================================
E0128 23:40:54.672000 59218 torch/distributed/elastic/multiprocessing/api.py:870] failed (exitcode: 1) local_rank: 0 (pid: 59309) of binary: /usr/bin/python
Traceback (most recent call last):
  File "/usr/local/bin/torchrun", line 33, in <module>
    sys.exit(load_entry_point('torch==2.7.0a0+7c8ec84dab.nv25.3', 'console_scripts', 'torchrun')())
             ^^^^^^^^^^^^^^^^^^^^^^^^^^^^^^^^^^^^^^^^^^^^^^^^^^^^^^^^^^^^^^^^^^^^^^^^^^^^^^^^^^^^^
  File "/usr/local/lib/python3.12/dist-packages/torch/distributed/elastic/multiprocessing/errors/__init__.py", line 355, in wrapper
    return f(*args, **kwargs)
           ^^^^^^^^^^^^^^^^^^
  File "/usr/local/lib/python3.12/dist-packages/torch/distributed/run.py", line 889, in main
    run(args)
  File "/usr/local/lib/python3.12/dist-packages/torch/distributed/run.py", line 880, in run
    elastic_launch(
  File "/usr/local/lib/python3.12/dist-packages/torch/distributed/launcher/api.py", line 139, in __call__
    return launch_agent(self._config, self._entrypoint, list(args))
           ^^^^^^^^^^^^^^^^^^^^^^^^^^^^^^^^^^^^^^^^^^^^^^^^^^^^^^^^
  File "/usr/local/lib/python3.12/dist-packages/torch/distributed/launcher/api.py", line 270, in launch_agent
    raise ChildFailedError(
torch.distributed.elastic.multiprocessing.errors.ChildFailedError: 
============================================================
/work/m24047/m24047brmn/nemo/OpenLLM-BPI-Training/training/train/test/train_model_1L.py FAILED
------------------------------------------------------------
Failures:
[1]:
  time      : 2026-01-28_23:40:54
  host      : turpancomp9.calmip.local
  rank      : 9 (local_rank: 1)
  exitcode  : 1 (pid: 59310)
  error_file: <N/A>
  traceback : To enable traceback see: https://pytorch.org/docs/stable/elastic/errors.html
------------------------------------------------------------
Root Cause (first observed failure):
[0]:
  time      : 2026-01-28_23:40:54
  host      : turpancomp9.calmip.local
  rank      : 8 (local_rank: 0)
  exitcode  : 1 (pid: 59309)
  error_file: <N/A>
  traceback : To enable traceback see: https://pytorch.org/docs/stable/elastic/errors.html
============================================================
E0128 23:40:54.727000 3548996 torch/distributed/elastic/multiprocessing/api.py:870] failed (exitcode: 1) local_rank: 0 (pid: 3549084) of binary: /usr/bin/python
[W128 23:40:54.513349245 TCPStore.cpp:115] [c10d] recvVector failed on SocketImpl(fd=3, addr=[turpancomp11]:39014, remote=[turpancomp7]:35552): failed to recv, got 0 bytes
Exception raised from recvBytes at /opt/pytorch/pytorch/torch/csrc/distributed/c10d/Utils.hpp:671 (most recent call first):
frame #0: c10::Error::Error(c10::SourceLocation, std::__cxx11::basic_string<char, std::char_traits<char>, std::allocator<char> >) + 0xd4 (0x40005d2d3cc4 in /usr/local/lib/python3.12/dist-packages/torch/lib/libc10.so)
frame #1: <unknown function> + 0x5a291f0 (0x400012fe91f0 in /usr/local/lib/python3.12/dist-packages/torch/lib/libtorch_cpu.so)
frame #2: <unknown function> + 0x5a2ae44 (0x400012feae44 in /usr/local/lib/python3.12/dist-packages/torch/lib/libtorch_cpu.so)
frame #3: <unknown function> + 0x5a2b878 (0x400012feb878 in /usr/local/lib/python3.12/dist-packages/torch/lib/libtorch_cpu.so)
frame #4: <unknown function> + 0x5a2d0b4 (0x400012fed0b4 in /usr/local/lib/python3.12/dist-packages/torch/lib/libtorch_cpu.so)
frame #5: c10d::TCPStore::compareSet(std::__cxx11::basic_string<char, std::char_traits<char>, std::allocator<char> > const&, std::vector<unsigned char, std::allocator<unsigned char> > const&, std::vector<unsigned char, std::allocator<unsigned char> > const&) + 0x1bc (0x400012fee41c in /usr/local/lib/python3.12/dist-packages/torch/lib/libtorch_cpu.so)
frame #6: <unknown function> + 0xf50c90 (0x40000d480c90 in /usr/local/lib/python3.12/dist-packages/torch/lib/libtorch_python.so)
frame #7: <unknown function> + 0x594060 (0x40000cac4060 in /usr/local/lib/python3.12/dist-packages/torch/lib/libtorch_python.so)
frame #8: /usr/bin/python() [0x5036b4]
frame #9: _PyObject_MakeTpCall + 0x78 (0x4c2c98 in /usr/bin/python)
frame #10: /usr/bin/python() [0x4c6f6c]
frame #11: _PyEval_EvalFrameDefault + 0x3cf4 (0x567308 in /usr/bin/python)
frame #12: _PyObject_Call_Prepend + 0xc4 (0x4c4774 in /usr/bin/python)
frame #13: /usr/bin/python() [0x528ba0]
frame #14: PyObject_Call + 0x6c (0x4c517c in /usr/bin/python)
frame #15: _PyEval_EvalFrameDefault + 0x3cf4 (0x567308 in /usr/bin/python)
frame #16: PyEval_EvalCode + 0x130 (0x562204 in /usr/bin/python)
frame #17: /usr/bin/python() [0x59c3c4]
frame #18: /usr/bin/python() [0x680e94]
frame #19: _PyRun_SimpleFileObject + 0x194 (0x680a68 in /usr/bin/python)
frame #20: _PyRun_AnyFileObject + 0x54 (0x680834 in /usr/bin/python)
frame #21: Py_RunMain + 0x2dc (0x68b83c in /usr/bin/python)
frame #22: Py_BytesMain + 0x28 (0x68b3f8 in /usr/bin/python)
frame #23: <unknown function> + 0x284c4 (0x40000b8484c4 in /lib/aarch64-linux-gnu/libc.so.6)
frame #24: __libc_start_main + 0x98 (0x40000b848598 in /lib/aarch64-linux-gnu/libc.so.6)
frame #25: _start + 0x30 (0x5f6df0 in /usr/bin/python)

W0128 23:40:54.746000 3548996 torch/distributed/elastic/rendezvous/dynamic_rendezvous.py:1284] The node 'turpancomp11.calmip.local_3548996_0' has failed to shutdown the rendezvous '75551' due to an error of type RendezvousConnectionError.
[W128 23:40:54.521057556 TCPStore.cpp:106] [c10d] sendBytes failed on SocketImpl(fd=3, addr=[turpancomp11]:39014, remote=[turpancomp7]:35552): Broken pipe
Exception raised from sendBytes at /opt/pytorch/pytorch/torch/csrc/distributed/c10d/Utils.hpp:646 (most recent call first):
frame #0: c10::Error::Error(c10::SourceLocation, std::__cxx11::basic_string<char, std::char_traits<char>, std::allocator<char> >) + 0xd4 (0x40005d2d3cc4 in /usr/local/lib/python3.12/dist-packages/torch/lib/libc10.so)
frame #1: <unknown function> + 0x5a291f0 (0x400012fe91f0 in /usr/local/lib/python3.12/dist-packages/torch/lib/libtorch_cpu.so)
frame #2: <unknown function> + 0x5a2b0fc (0x400012feb0fc in /usr/local/lib/python3.12/dist-packages/torch/lib/libtorch_cpu.so)
frame #3: <unknown function> + 0x5a2d704 (0x400012fed704 in /usr/local/lib/python3.12/dist-packages/torch/lib/libtorch_cpu.so)
frame #4: c10d::TCPStore::compareSet(std::__cxx11::basic_string<char, std::char_traits<char>, std::allocator<char> > const&, std::vector<unsigned char, std::allocator<unsigned char> > const&, std::vector<unsigned char, std::allocator<unsigned char> > const&) + 0x1ac (0x400012fee40c in /usr/local/lib/python3.12/dist-packages/torch/lib/libtorch_cpu.so)
frame #5: <unknown function> + 0xf50c90 (0x40000d480c90 in /usr/local/lib/python3.12/dist-packages/torch/lib/libtorch_python.so)
frame #6: <unknown function> + 0x594060 (0x40000cac4060 in /usr/local/lib/python3.12/dist-packages/torch/lib/libtorch_python.so)
frame #7: /usr/bin/python() [0x5036b4]
frame #8: _PyObject_MakeTpCall + 0x78 (0x4c2c98 in /usr/bin/python)
frame #9: /usr/bin/python() [0x4c6f6c]
frame #10: _PyEval_EvalFrameDefault + 0x3cf4 (0x567308 in /usr/bin/python)
frame #11: _PyObject_Call_Prepend + 0xc4 (0x4c4774 in /usr/bin/python)
frame #12: /usr/bin/python() [0x528ba0]
frame #13: PyObject_Call + 0x6c (0x4c517c in /usr/bin/python)
frame #14: _PyEval_EvalFrameDefault + 0x3cf4 (0x567308 in /usr/bin/python)
frame #15: PyEval_EvalCode + 0x130 (0x562204 in /usr/bin/python)
frame #16: /usr/bin/python() [0x59c3c4]
frame #17: /usr/bin/python() [0x680e94]
frame #18: _PyRun_SimpleFileObject + 0x194 (0x680a68 in /usr/bin/python)
frame #19: _PyRun_AnyFileObject + 0x54 (0x680834 in /usr/bin/python)
frame #20: Py_RunMain + 0x2dc (0x68b83c in /usr/bin/python)
frame #21: Py_BytesMain + 0x28 (0x68b3f8 in /usr/bin/python)
frame #22: <unknown function> + 0x284c4 (0x40000b8484c4 in /lib/aarch64-linux-gnu/libc.so.6)
frame #23: __libc_start_main + 0x98 (0x40000b848598 in /lib/aarch64-linux-gnu/libc.so.6)
frame #24: _start + 0x30 (0x5f6df0 in /usr/bin/python)

W0128 23:40:54.750000 3548996 torch/distributed/elastic/rendezvous/dynamic_rendezvous.py:1284] The node 'turpancomp11.calmip.local_3548996_0' has failed to shutdown the rendezvous '75551' due to an error of type RendezvousConnectionError.
[W128 23:40:54.525126693 TCPStore.cpp:106] [c10d] sendBytes failed on SocketImpl(fd=3, addr=[turpancomp11]:39014, remote=[turpancomp7]:35552): Broken pipe
Exception raised from sendBytes at /opt/pytorch/pytorch/torch/csrc/distributed/c10d/Utils.hpp:646 (most recent call first):
frame #0: c10::Error::Error(c10::SourceLocation, std::__cxx11::basic_string<char, std::char_traits<char>, std::allocator<char> >) + 0xd4 (0x40005d2d3cc4 in /usr/local/lib/python3.12/dist-packages/torch/lib/libc10.so)
frame #1: <unknown function> + 0x5a291f0 (0x400012fe91f0 in /usr/local/lib/python3.12/dist-packages/torch/lib/libtorch_cpu.so)
frame #2: <unknown function> + 0x5a2b0fc (0x400012feb0fc in /usr/local/lib/python3.12/dist-packages/torch/lib/libtorch_cpu.so)
frame #3: <unknown function> + 0x5a2d704 (0x400012fed704 in /usr/local/lib/python3.12/dist-packages/torch/lib/libtorch_cpu.so)
frame #4: c10d::TCPStore::compareSet(std::__cxx11::basic_string<char, std::char_traits<char>, std::allocator<char> > const&, std::vector<unsigned char, std::allocator<unsigned char> > const&, std::vector<unsigned char, std::allocator<unsigned char> > const&) + 0x1ac (0x400012fee40c in /usr/local/lib/python3.12/dist-packages/torch/lib/libtorch_cpu.so)
frame #5: <unknown function> + 0xf50c90 (0x40000d480c90 in /usr/local/lib/python3.12/dist-packages/torch/lib/libtorch_python.so)
frame #6: <unknown function> + 0x594060 (0x40000cac4060 in /usr/local/lib/python3.12/dist-packages/torch/lib/libtorch_python.so)
frame #7: /usr/bin/python() [0x5036b4]
frame #8: _PyObject_MakeTpCall + 0x78 (0x4c2c98 in /usr/bin/python)
frame #9: /usr/bin/python() [0x4c6f6c]
frame #10: _PyEval_EvalFrameDefault + 0x3cf4 (0x567308 in /usr/bin/python)
frame #11: _PyObject_Call_Prepend + 0xc4 (0x4c4774 in /usr/bin/python)
frame #12: /usr/bin/python() [0x528ba0]
frame #13: PyObject_Call + 0x6c (0x4c517c in /usr/bin/python)
frame #14: _PyEval_EvalFrameDefault + 0x3cf4 (0x567308 in /usr/bin/python)
frame #15: PyEval_EvalCode + 0x130 (0x562204 in /usr/bin/python)
frame #16: /usr/bin/python() [0x59c3c4]
frame #17: /usr/bin/python() [0x680e94]
frame #18: _PyRun_SimpleFileObject + 0x194 (0x680a68 in /usr/bin/python)
frame #19: _PyRun_AnyFileObject + 0x54 (0x680834 in /usr/bin/python)
frame #20: Py_RunMain + 0x2dc (0x68b83c in /usr/bin/python)
frame #21: Py_BytesMain + 0x28 (0x68b3f8 in /usr/bin/python)
frame #22: <unknown function> + 0x284c4 (0x40000b8484c4 in /lib/aarch64-linux-gnu/libc.so.6)
frame #23: __libc_start_main + 0x98 (0x40000b848598 in /lib/aarch64-linux-gnu/libc.so.6)
frame #24: _start + 0x30 (0x5f6df0 in /usr/bin/python)

W0128 23:40:54.754000 3548996 torch/distributed/elastic/rendezvous/dynamic_rendezvous.py:1284] The node 'turpancomp11.calmip.local_3548996_0' has failed to shutdown the rendezvous '75551' due to an error of type RendezvousConnectionError.
Traceback (most recent call last):
  File "/usr/local/bin/torchrun", line 33, in <module>
    sys.exit(load_entry_point('torch==2.7.0a0+7c8ec84dab.nv25.3', 'console_scripts', 'torchrun')())
             ^^^^^^^^^^^^^^^^^^^^^^^^^^^^^^^^^^^^^^^^^^^^^^^^^^^^^^^^^^^^^^^^^^^^^^^^^^^^^^^^^^^^^
  File "/usr/local/lib/python3.12/dist-packages/torch/distributed/elastic/multiprocessing/errors/__init__.py", line 355, in wrapper
    return f(*args, **kwargs)
           ^^^^^^^^^^^^^^^^^^
  File "/usr/local/lib/python3.12/dist-packages/torch/distributed/run.py", line 889, in main
    run(args)
  File "/usr/local/lib/python3.12/dist-packages/torch/distributed/run.py", line 880, in run
    elastic_launch(
  File "/usr/local/lib/python3.12/dist-packages/torch/distributed/launcher/api.py", line 139, in __call__
    return launch_agent(self._config, self._entrypoint, list(args))
           ^^^^^^^^^^^^^^^^^^^^^^^^^^^^^^^^^^^^^^^^^^^^^^^^^^^^^^^^
  File "/usr/local/lib/python3.12/dist-packages/torch/distributed/launcher/api.py", line 270, in launch_agent
    raise ChildFailedError(
torch.distributed.elastic.multiprocessing.errors.ChildFailedError: 
============================================================
/work/m24047/m24047brmn/nemo/OpenLLM-BPI-Training/training/train/test/train_model_1L.py FAILED
------------------------------------------------------------
Failures:
[1]:
  time      : 2026-01-28_23:40:54
  host      : turpancomp11.calmip.local
  rank      : 3 (local_rank: 1)
  exitcode  : 1 (pid: 3549085)
  error_file: <N/A>
  traceback : To enable traceback see: https://pytorch.org/docs/stable/elastic/errors.html
------------------------------------------------------------
Root Cause (first observed failure):
[0]:
  time      : 2026-01-28_23:40:54
  host      : turpancomp11.calmip.local
  rank      : 2 (local_rank: 0)
  exitcode  : 1 (pid: 3549084)
  error_file: <N/A>
  traceback : To enable traceback see: https://pytorch.org/docs/stable/elastic/errors.html
============================================================
E0128 23:40:54.866000 78104 torch/distributed/elastic/multiprocessing/api.py:870] failed (exitcode: 1) local_rank: 0 (pid: 78191) of binary: /usr/bin/python
Traceback (most recent call last):
  File "/usr/local/bin/torchrun", line 33, in <module>
    sys.exit(load_entry_point('torch==2.7.0a0+7c8ec84dab.nv25.3', 'console_scripts', 'torchrun')())
             ^^^^^^^^^^^^^^^^^^^^^^^^^^^^^^^^^^^^^^^^^^^^^^^^^^^^^^^^^^^^^^^^^^^^^^^^^^^^^^^^^^^^^
  File "/usr/local/lib/python3.12/dist-packages/torch/distributed/elastic/multiprocessing/errors/__init__.py", line 355, in wrapper
    return f(*args, **kwargs)
           ^^^^^^^^^^^^^^^^^^
  File "/usr/local/lib/python3.12/dist-packages/torch/distributed/run.py", line 889, in main
    run(args)
  File "/usr/local/lib/python3.12/dist-packages/torch/distributed/run.py", line 880, in run
    elastic_launch(
  File "/usr/local/lib/python3.12/dist-packages/torch/distributed/launcher/api.py", line 139, in __call__
    return launch_agent(self._config, self._entrypoint, list(args))
           ^^^^^^^^^^^^^^^^^^^^^^^^^^^^^^^^^^^^^^^^^^^^^^^^^^^^^^^^
  File "/usr/local/lib/python3.12/dist-packages/torch/distributed/launcher/api.py", line 270, in launch_agent
    raise ChildFailedError(
torch.distributed.elastic.multiprocessing.errors.ChildFailedError: 
============================================================
/work/m24047/m24047brmn/nemo/OpenLLM-BPI-Training/training/train/test/train_model_1L.py FAILED
------------------------------------------------------------
Failures:
[1]:
  time      : 2026-01-28_23:40:54
  host      : turpancomp10.calmip.local
  rank      : 1 (local_rank: 1)
  exitcode  : 1 (pid: 78192)
  error_file: <N/A>
  traceback : To enable traceback see: https://pytorch.org/docs/stable/elastic/errors.html
------------------------------------------------------------
Root Cause (first observed failure):
[0]:
  time      : 2026-01-28_23:40:54
  host      : turpancomp10.calmip.local
  rank      : 0 (local_rank: 0)
  exitcode  : 1 (pid: 78191)
  error_file: <N/A>
  traceback : To enable traceback see: https://pytorch.org/docs/stable/elastic/errors.html
============================================================
srun: error: turpancomp8: task 1: Exited with exit code 1
srun: error: turpancomp9: task 2: Exited with exit code 1
srun: error: turpancomp7: task 0: Exited with exit code 1
srun: error: turpancomp11: task 4: Exited with exit code 1
srun: error: turpancomp10: task 3: Exited with exit code 1
==========================================
Training finished with status 1
==========================================
